WARN StatusConsoleListener The use of package scanning to locate plugins is deprecated and will be removed in a future release
WARN StatusConsoleListener The use of package scanning to locate plugins is deprecated and will be removed in a future release
WARN StatusConsoleListener The use of package scanning to locate plugins is deprecated and will be removed in a future release
WARN StatusConsoleListener The use of package scanning to locate plugins is deprecated and will be removed in a future release
Creating summariser <summary>
Created the tree successfully using C:\Users\Administrator\Documents\GitHub\ICT3113_Assignment_1\step5\jmeter\ticket_triage.jmx
Starting standalone test @ 2026 Oct 8 01:47:55 SGT (1791395275147)
Waiting for possible Shutdown/StopTestNow/HeapDump/ThreadDump message on port 4445
summary +      1 in 00:00:07 =    0.2/s Avg:   120 Min:   120 Max:   120 Err:     0 (0.00%) Active: 1 Started: 1 Finished: 0
summary +      5 in 00:01:00 =    0.1/s Avg:   664 Min:    22 Max:  1826 Err:     0 (0.00%) Active: 1 Started: 6 Finished: 5
summary =      6 in 00:01:07 =    0.1/s Avg:   574 Min:    22 Max:  1826 Err:     0 (0.00%)
summary +      4 in 00:00:30 =    0.1/s Avg:   565 Min:    34 Max:  2121 Err:     0 (0.00%) Active: 1 Started: 10 Finished: 9
summary =     10 in 00:01:36 =    0.1/s Avg:   570 Min:    22 Max:  2121 Err:     0 (0.00%)
summary +      5 in 00:00:31 =    0.2/s Avg:   651 Min:    15 Max:  3059 Err:     1 (20.00%) Active: 1 Started: 15 Finished: 14
summary =     15 in 00:02:08 =    0.1/s Avg:   597 Min:    15 Max:  3059 Err:     1 (6.67%)
summary +      3 in 00:00:30 =    0.1/s Avg:    24 Min:    18 Max:    35 Err:     0 (0.00%) Active: 1 Started: 18 Finished: 17
summary =     18 in 00:02:38 =    0.1/s Avg:   501 Min:    15 Max:  3059 Err:     1 (5.56%)
summary +     14 in 00:02:31 =    0.1/s Avg:   583 Min:    23 Max:  2702 Err:     0 (0.00%) Active: 1 Started: 32 Finished: 31
summary =     32 in 00:05:08 =    0.1/s Avg:   537 Min:    15 Max:  3059 Err:     1 (3.12%)
summary +      4 in 00:00:28 =    0.1/s Avg:  1534 Min:    35 Max:  5570 Err:     0 (0.00%) Active: 1 Started: 36 Finished: 35
summary =     36 in 00:05:37 =    0.1/s Avg:   648 Min:    15 Max:  5570 Err:     1 (2.78%)
summary +      1 in 00:00:29 =    0.0/s Avg:    63 Min:    63 Max:    63 Err:     0 (0.00%) Active: 1 Started: 37 Finished: 36
summary =     37 in 00:06:06 =    0.1/s Avg:   632 Min:    15 Max:  5570 Err:     1 (2.70%)
summary +      7 in 00:01:34 =    0.1/s Avg:    30 Min:    17 Max:    53 Err:     0 (0.00%) Active: 1 Started: 44 Finished: 43
summary =     44 in 00:07:40 =    0.1/s Avg:   536 Min:    15 Max:  5570 Err:     1 (2.27%)
summary +      5 in 00:01:00 =    0.1/s Avg:   421 Min:    17 Max:  1952 Err:     1 (20.00%) Active: 1 Started: 49 Finished: 48
summary =     49 in 00:08:40 =    0.1/s Avg:   524 Min:    15 Max:  5570 Err:     2 (4.08%)
summary +     13 in 00:02:55 =    0.1/s Avg:   405 Min:    19 Max:  2357 Err:     1 (7.69%) Active: 1 Started: 62 Finished: 61
summary =     62 in 00:11:35 =    0.1/s Avg:   499 Min:    15 Max:  5570 Err:     3 (4.84%)
summary +     10 in 00:01:02 =    0.2/s Avg:   147 Min:    19 Max:  1150 Err:     0 (0.00%) Active: 1 Started: 72 Finished: 71
summary =     72 in 00:12:37 =    0.1/s Avg:   450 Min:    15 Max:  5570 Err:     3 (4.17%)
summary +      4 in 00:00:31 =    0.1/s Avg:   453 Min:    29 Max:  1705 Err:     0 (0.00%) Active: 1 Started: 76 Finished: 75
summary =     76 in 00:13:08 =    0.1/s Avg:   450 Min:    15 Max:  5570 Err:     3 (3.95%)
summary +      2 in 00:00:27 =    0.1/s Avg:  2068 Min:  1241 Max:  2896 Err:     0 (0.00%) Active: 1 Started: 78 Finished: 77
summary =     78 in 00:13:35 =    0.1/s Avg:   492 Min:    15 Max:  5570 Err:     3 (3.85%)
summary +      2 in 00:00:35 =    0.1/s Avg:    35 Min:    25 Max:    46 Err:     0 (0.00%) Active: 1 Started: 80 Finished: 79
summary =     80 in 00:14:10 =    0.1/s Avg:   481 Min:    15 Max:  5570 Err:     3 (3.75%)
summary +      3 in 00:01:00 =    0.1/s Avg:   403 Min:    25 Max:   688 Err:     0 (0.00%) Active: 2 Started: 84 Finished: 82
summary =     83 in 00:15:10 =    0.1/s Avg:   478 Min:    15 Max:  5570 Err:     3 (3.61%)
summary +      9 in 00:01:31 =    0.1/s Avg:  3812 Min:    28 Max: 13974 Err:     0 (0.00%) Active: 1 Started: 92 Finished: 91
summary =     92 in 00:16:40 =    0.1/s Avg:   804 Min:    15 Max: 13974 Err:     3 (3.26%)
summary +      4 in 00:00:59 =    0.1/s Avg:    50 Min:    22 Max:    80 Err:     0 (0.00%) Active: 1 Started: 96 Finished: 95
summary =     96 in 00:17:39 =    0.1/s Avg:   772 Min:    15 Max: 13974 Err:     3 (3.12%)
summary +      7 in 00:01:29 =    0.1/s Avg:   821 Min:    35 Max:  2948 Err:     0 (0.00%) Active: 1 Started: 103 Finished: 102
summary =    103 in 00:19:09 =    0.1/s Avg:   776 Min:    15 Max: 13974 Err:     3 (2.91%)
summary +      5 in 00:01:28 =    0.1/s Avg:   365 Min:    30 Max:  1622 Err:     0 (0.00%) Active: 1 Started: 108 Finished: 107
summary =    108 in 00:20:36 =    0.1/s Avg:   757 Min:    15 Max: 13974 Err:     3 (2.78%)
summary +     10 in 00:02:24 =    0.1/s Avg:   964 Min:    16 Max:  2822 Err:     1 (10.00%) Active: 0 Started: 118 Finished: 118
summary =    118 in 00:23:00 =    0.1/s Avg:   774 Min:    15 Max: 13974 Err:     4 (3.39%)
Tidying up ...    @ 2026 Oct 8 02:10:55 SGT (1791396655159)
... end of run
