2026-10-08 01:47:54,787 INFO o.a.j.u.JMeterUtils: Setting Locale to en_EN
2026-10-08 01:47:54,822 INFO o.a.j.JMeter: Loading user properties from: C:\tools\apache-jmeter-5.6.3\bin\user.properties
2026-10-08 01:47:54,833 INFO o.a.j.JMeter: Loading system properties from: C:\tools\apache-jmeter-5.6.3\bin\system.properties
2026-10-08 01:47:54,834 INFO o.a.j.JMeter: Loading additional properties from: C:\Users\Administrator\Documents\GitHub\ICT3113_Assignment_1\step5\results\gemma3-1b\peak\run2\run.properties
2026-10-08 01:47:54,842 INFO o.a.j.JMeter: Copyright (c) 1998-2024 The Apache Software Foundation
2026-10-08 01:47:54,843 INFO o.a.j.JMeter: Version 5.6.3
2026-10-08 01:47:54,843 INFO o.a.j.JMeter: java.version=17.0.20.1
2026-10-08 01:47:54,843 INFO o.a.j.JMeter: java.vm.name=OpenJDK 64-Bit Server VM
2026-10-08 01:47:54,843 INFO o.a.j.JMeter: os.name=Windows 10
2026-10-08 01:47:54,843 INFO o.a.j.JMeter: os.arch=amd64
2026-10-08 01:47:54,843 INFO o.a.j.JMeter: os.version=10.0
2026-10-08 01:47:54,843 INFO o.a.j.JMeter: file.encoding=Cp1252
2026-10-08 01:47:54,843 INFO o.a.j.JMeter: java.awt.headless=true
2026-10-08 01:47:54,843 INFO o.a.j.JMeter: Max memory     =1073741824
2026-10-08 01:47:54,843 INFO o.a.j.JMeter: Available Processors =12
2026-10-08 01:47:54,855 INFO o.a.j.JMeter: Default Locale=English (EN)
2026-10-08 01:47:54,855 INFO o.a.j.JMeter: JMeter  Locale=English (EN)
2026-10-08 01:47:54,855 INFO o.a.j.JMeter: JMeterHome=C:\tools\apache-jmeter-5.6.3
2026-10-08 01:47:54,856 INFO o.a.j.JMeter: user.dir  =C:\Users\Administrator\Documents\GitHub\ICT3113_Assignment_1
2026-10-08 01:47:54,856 INFO o.a.j.JMeter: PWD       =C:\Users\Administrator\Documents\GitHub\ICT3113_Assignment_1
2026-10-08 01:47:54,858 INFO o.a.j.JMeter: IP: 100.111.72.66 Name: ITEMERROR-MSI-WISP FullName: itemerror-msi-wisp.taile944e3.ts.net.
2026-10-08 01:47:54,871 INFO o.a.j.s.FileServer: Default base='C:\Users\Administrator\Documents\GitHub\ICT3113_Assignment_1'
2026-10-08 01:47:54,874 INFO o.a.j.s.FileServer: Set new base='C:\Users\Administrator\Documents\GitHub\ICT3113_Assignment_1\step5\jmeter'
2026-10-08 01:47:55,033 INFO o.a.j.s.SaveService: Testplan (JMX) version: 2.2. Testlog (JTL) version: 2.2
2026-10-08 01:47:55,064 INFO o.a.j.s.SaveService: Using SaveService properties version 5.0
2026-10-08 01:47:55,066 INFO o.a.j.s.SaveService: Using SaveService properties file encoding UTF-8
2026-10-08 01:47:55,069 INFO o.a.j.s.SaveService: Loading file: C:\Users\Administrator\Documents\GitHub\ICT3113_Assignment_1\step5\jmeter\ticket_triage.jmx
2026-10-08 01:47:55,123 INFO o.a.j.p.h.s.HTTPSamplerBase: Parser for text/html is org.apache.jmeter.protocol.http.parser.LagartoBasedHtmlParser
2026-10-08 01:47:55,123 INFO o.a.j.p.h.s.HTTPSamplerBase: Parser for application/xhtml+xml is org.apache.jmeter.protocol.http.parser.LagartoBasedHtmlParser
2026-10-08 01:47:55,123 INFO o.a.j.p.h.s.HTTPSamplerBase: Parser for application/xml is org.apache.jmeter.protocol.http.parser.LagartoBasedHtmlParser
2026-10-08 01:47:55,123 INFO o.a.j.p.h.s.HTTPSamplerBase: Parser for text/xml is org.apache.jmeter.protocol.http.parser.LagartoBasedHtmlParser
2026-10-08 01:47:55,123 INFO o.a.j.p.h.s.HTTPSamplerBase: Parser for text/vnd.wap.wml is org.apache.jmeter.protocol.http.parser.RegexpHTMLParser
2026-10-08 01:47:55,123 INFO o.a.j.p.h.s.HTTPSamplerBase: Parser for text/css is org.apache.jmeter.protocol.http.parser.CssParser
2026-10-08 01:47:55,138 INFO o.a.j.JMeter: Creating summariser <summary>
2026-10-08 01:47:55,153 INFO o.a.j.e.StandardJMeterEngine: Running the test!
2026-10-08 01:47:55,154 INFO o.a.j.s.SampleEvent: List of sample_variables: [reqid, row]
2026-10-08 01:47:55,154 INFO o.a.j.s.SampleEvent: List of sample_variables: [reqid, row]
2026-10-08 01:47:55,157 INFO o.a.j.e.u.CompoundVariable: Note: Function class names must contain the string: '.functions.'
2026-10-08 01:47:55,157 INFO o.a.j.e.u.CompoundVariable: Note: Function class names must not contain the string: '.gui.'
2026-10-08 01:47:55,218 INFO o.a.j.JMeter: Running test (1791395275218)
2026-10-08 01:47:55,232 INFO o.a.j.e.StandardJMeterEngine: Starting ThreadGroup: 1 : POST tickets (intake)
2026-10-08 01:47:55,233 INFO o.a.j.e.StandardJMeterEngine: Starting 0 threads for group POST tickets (intake).
2026-10-08 01:47:55,233 INFO o.a.j.e.StandardJMeterEngine: Thread will continue on error
2026-10-08 01:47:55,233 INFO o.a.j.t.o.OpenModelThreadGroup: Starting OpenModelThreadGroup#1 with schedule rate(81/hour) random_arrivals(22 min) pause(1 min)
2026-10-08 01:47:55,264 INFO o.a.j.e.StandardJMeterEngine: Starting ThreadGroup: 2 : GET search (agents)
2026-10-08 01:47:55,264 INFO o.a.j.e.StandardJMeterEngine: Starting 0 threads for group GET search (agents).
2026-10-08 01:47:55,264 INFO o.a.j.e.StandardJMeterEngine: Thread will continue on error
2026-10-08 01:47:55,264 INFO o.a.j.t.o.OpenModelThreadGroup: Starting OpenModelThreadGroup#2 with schedule rate(243/hour) random_arrivals(22 min) pause(1 min)
2026-10-08 01:47:55,264 INFO o.a.j.t.o.OpenModelThreadGroup: Thread starting init
2026-10-08 01:47:55,264 INFO o.a.j.e.StandardJMeterEngine: All thread groups have been started
2026-10-08 01:47:55,264 INFO o.a.j.t.o.OpenModelThreadGroup: Thread starting init
2026-10-08 01:47:55,267 INFO o.a.j.t.o.PoissonArrivalsRamp: Generating 29 events, beginRate = 0.0225 / sec, endRate = 0.0225 / sec, duration = 1320.0 sec
2026-10-08 01:47:55,267 INFO o.a.j.t.o.PoissonArrivalsRamp: Generating 89 events, beginRate = 0.0675 / sec, endRate = 0.0675 / sec, duration = 1320.0 sec
2026-10-08 01:48:01,510 INFO o.a.j.t.JMeterThread: Thread started: GET search (agents) 2-1
2026-10-08 01:48:01,547 INFO o.a.j.s.FileServer: Stored: C:/Users/Administrator/Documents/GitHub/ICT3113_Assignment_1/step5/data/search_terms.csv
2026-10-08 01:48:01,571 INFO o.a.j.p.h.s.HTTPHCAbstractImpl: Local host = ITEMERROR-MSI-WISP
2026-10-08 01:48:01,575 INFO o.a.j.p.h.s.HTTPHC4Impl: HTTP request retry count = 0
2026-10-08 01:48:01,576 INFO o.a.j.s.SampleResult: Note: Sample TimeStamps are START times
2026-10-08 01:48:01,576 INFO o.a.j.s.SampleResult: sampleresult.default.encoding is set to UTF-8
2026-10-08 01:48:01,576 INFO o.a.j.s.SampleResult: sampleresult.useNanoTime=true
2026-10-08 01:48:01,576 INFO o.a.j.s.SampleResult: sampleresult.nanoThreadSleep=5000
2026-10-08 01:48:01,750 INFO o.a.j.r.Summariser: summary +      1 in 00:00:07 =    0.2/s Avg:   120 Min:   120 Max:   120 Err:     0 (0.00%) Active: 1 Started: 1 Finished: 0
2026-10-08 01:48:01,750 INFO o.a.j.t.JMeterThread: Thread is done: GET search (agents) 2-1
2026-10-08 01:48:01,750 INFO o.a.j.t.JMeterThread: Thread finished: GET search (agents) 2-1
2026-10-08 01:48:27,466 INFO o.a.j.t.JMeterThread: Thread started: GET search (agents) 2-2
2026-10-08 01:48:27,522 INFO o.a.j.t.JMeterThread: Thread is done: GET search (agents) 2-2
2026-10-08 01:48:27,522 INFO o.a.j.t.JMeterThread: Thread finished: GET search (agents) 2-2
2026-10-08 01:48:35,437 INFO o.a.j.t.JMeterThread: Thread started: POST tickets (intake) 1-1
2026-10-08 01:48:35,437 INFO o.a.j.s.FileServer: Stored: C:/Users/Administrator/Documents/GitHub/ICT3113_Assignment_1/step5/data/tickets_load.tsv
2026-10-08 01:48:37,265 INFO o.a.j.t.JMeterThread: Thread is done: POST tickets (intake) 1-1
2026-10-08 01:48:37,266 INFO o.a.j.t.JMeterThread: Thread finished: POST tickets (intake) 1-1
2026-10-08 01:48:38,263 INFO o.a.j.t.JMeterThread: Thread started: GET search (agents) 2-3
2026-10-08 01:48:38,286 INFO o.a.j.t.JMeterThread: Thread is done: GET search (agents) 2-3
2026-10-08 01:48:38,286 INFO o.a.j.t.JMeterThread: Thread finished: GET search (agents) 2-3
2026-10-08 01:48:39,555 INFO o.a.j.t.JMeterThread: Thread started: GET search (agents) 2-4
2026-10-08 01:48:39,620 INFO o.a.j.t.JMeterThread: Thread is done: GET search (agents) 2-4
2026-10-08 01:48:39,620 INFO o.a.j.t.JMeterThread: Thread finished: GET search (agents) 2-4
2026-10-08 01:49:00,381 INFO o.a.j.t.JMeterThread: Thread started: POST tickets (intake) 1-2
2026-10-08 01:49:01,741 INFO o.a.j.r.Summariser: summary +      5 in 00:01:00 =    0.1/s Avg:   664 Min:    22 Max:  1826 Err:     0 (0.00%) Active: 1 Started: 6 Finished: 5
2026-10-08 01:49:01,742 INFO o.a.j.r.Summariser: summary =      6 in 00:01:07 =    0.1/s Avg:   574 Min:    22 Max:  1826 Err:     0 (0.00%)
2026-10-08 01:49:01,742 INFO o.a.j.t.JMeterThread: Thread is done: POST tickets (intake) 1-2
2026-10-08 01:49:01,742 INFO o.a.j.t.JMeterThread: Thread finished: POST tickets (intake) 1-2
2026-10-08 01:49:06,296 INFO o.a.j.t.JMeterThread: Thread started: GET search (agents) 2-5
2026-10-08 01:49:06,336 INFO o.a.j.t.JMeterThread: Thread is done: GET search (agents) 2-5
2026-10-08 01:49:06,336 INFO o.a.j.t.JMeterThread: Thread finished: GET search (agents) 2-5
2026-10-08 01:49:10,063 INFO o.a.j.t.JMeterThread: Thread started: POST tickets (intake) 1-3
2026-10-08 01:49:12,184 INFO o.a.j.t.JMeterThread: Thread is done: POST tickets (intake) 1-3
2026-10-08 01:49:12,184 INFO o.a.j.t.JMeterThread: Thread finished: POST tickets (intake) 1-3
2026-10-08 01:49:20,890 INFO o.a.j.t.JMeterThread: Thread started: GET search (agents) 2-6
2026-10-08 01:49:20,959 INFO o.a.j.t.JMeterThread: Thread is done: GET search (agents) 2-6
2026-10-08 01:49:20,959 INFO o.a.j.t.JMeterThread: Thread finished: GET search (agents) 2-6
2026-10-08 01:49:31,624 INFO o.a.j.t.JMeterThread: Thread started: GET search (agents) 2-7
2026-10-08 01:49:31,659 INFO o.a.j.r.Summariser: summary +      4 in 00:00:30 =    0.1/s Avg:   565 Min:    34 Max:  2121 Err:     0 (0.00%) Active: 1 Started: 10 Finished: 9
2026-10-08 01:49:31,659 INFO o.a.j.r.Summariser: summary =     10 in 00:01:36 =    0.1/s Avg:   570 Min:    22 Max:  2121 Err:     0 (0.00%)
2026-10-08 01:49:31,660 INFO o.a.j.t.JMeterThread: Thread is done: GET search (agents) 2-7
2026-10-08 01:49:31,660 INFO o.a.j.t.JMeterThread: Thread finished: GET search (agents) 2-7
2026-10-08 01:49:33,886 INFO o.a.j.t.JMeterThread: Thread started: POST tickets (intake) 1-4
2026-10-08 01:49:36,947 INFO o.a.j.t.JMeterThread: Thread is done: POST tickets (intake) 1-4
2026-10-08 01:49:36,947 INFO o.a.j.t.JMeterThread: Thread finished: POST tickets (intake) 1-4
2026-10-08 01:49:40,391 INFO o.a.j.t.JMeterThread: Thread started: GET search (agents) 2-8
2026-10-08 01:49:40,444 INFO o.a.j.t.JMeterThread: Thread is done: GET search (agents) 2-8
2026-10-08 01:49:40,444 INFO o.a.j.t.JMeterThread: Thread finished: GET search (agents) 2-8
2026-10-08 01:49:43,943 INFO o.a.j.t.JMeterThread: Thread started: GET search (agents) 2-9
2026-10-08 01:49:43,999 INFO o.a.j.t.JMeterThread: Thread is done: GET search (agents) 2-9
2026-10-08 01:49:43,999 INFO o.a.j.t.JMeterThread: Thread finished: GET search (agents) 2-9
2026-10-08 01:49:53,355 INFO o.a.j.t.JMeterThread: Thread started: GET search (agents) 2-10
2026-10-08 01:49:53,372 INFO o.a.j.t.JMeterThread: Thread is done: GET search (agents) 2-10
2026-10-08 01:49:53,372 INFO o.a.j.t.JMeterThread: Thread finished: GET search (agents) 2-10
2026-10-08 01:50:02,688 INFO o.a.j.t.JMeterThread: Thread started: GET search (agents) 2-11
2026-10-08 01:50:02,765 INFO o.a.j.r.Summariser: summary +      5 in 00:00:31 =    0.2/s Avg:   651 Min:    15 Max:  3059 Err:     1 (20.00%) Active: 1 Started: 15 Finished: 14
2026-10-08 01:50:02,765 INFO o.a.j.r.Summariser: summary =     15 in 00:02:08 =    0.1/s Avg:   597 Min:    15 Max:  3059 Err:     1 (6.67%)
2026-10-08 01:50:02,765 INFO o.a.j.t.JMeterThread: Thread is done: GET search (agents) 2-11
2026-10-08 01:50:02,765 INFO o.a.j.t.JMeterThread: Thread finished: GET search (agents) 2-11
2026-10-08 01:50:03,261 INFO o.a.j.t.JMeterThread: Thread started: GET search (agents) 2-12
2026-10-08 01:50:03,280 INFO o.a.j.t.JMeterThread: Thread is done: GET search (agents) 2-12
2026-10-08 01:50:03,280 INFO o.a.j.t.JMeterThread: Thread finished: GET search (agents) 2-12
2026-10-08 01:50:16,466 INFO o.a.j.t.JMeterThread: Thread started: GET search (agents) 2-13
2026-10-08 01:50:16,486 INFO o.a.j.t.JMeterThread: Thread is done: GET search (agents) 2-13
2026-10-08 01:50:16,486 INFO o.a.j.t.JMeterThread: Thread finished: GET search (agents) 2-13
2026-10-08 01:50:32,937 INFO o.a.j.t.JMeterThread: Thread started: GET search (agents) 2-14
2026-10-08 01:50:32,974 INFO o.a.j.r.Summariser: summary +      3 in 00:00:30 =    0.1/s Avg:    24 Min:    18 Max:    35 Err:     0 (0.00%) Active: 1 Started: 18 Finished: 17
2026-10-08 01:50:32,975 INFO o.a.j.r.Summariser: summary =     18 in 00:02:38 =    0.1/s Avg:   501 Min:    15 Max:  3059 Err:     1 (5.56%)
2026-10-08 01:50:32,975 INFO o.a.j.t.JMeterThread: Thread is done: GET search (agents) 2-14
2026-10-08 01:50:32,975 INFO o.a.j.t.JMeterThread: Thread finished: GET search (agents) 2-14
2026-10-08 01:50:46,222 INFO o.a.j.t.JMeterThread: Thread started: GET search (agents) 2-15
2026-10-08 01:50:46,288 INFO o.a.j.t.JMeterThread: Thread is done: GET search (agents) 2-15
2026-10-08 01:50:46,288 INFO o.a.j.t.JMeterThread: Thread finished: GET search (agents) 2-15
2026-10-08 01:50:47,912 INFO o.a.j.t.JMeterThread: Thread started: GET search (agents) 2-16
2026-10-08 01:50:47,949 INFO o.a.j.t.JMeterThread: Thread is done: GET search (agents) 2-16
2026-10-08 01:50:47,949 INFO o.a.j.t.JMeterThread: Thread finished: GET search (agents) 2-16
2026-10-08 01:50:54,920 INFO o.a.j.t.JMeterThread: Thread started: GET search (agents) 2-17
2026-10-08 01:50:55,008 INFO o.a.j.t.JMeterThread: Thread is done: GET search (agents) 2-17
2026-10-08 01:50:55,008 INFO o.a.j.t.JMeterThread: Thread finished: GET search (agents) 2-17
2026-10-08 01:51:15,132 INFO o.a.j.t.JMeterThread: Thread started: GET search (agents) 2-18
2026-10-08 01:51:15,657 INFO o.a.j.t.JMeterThread: Thread is done: GET search (agents) 2-18
2026-10-08 01:51:15,658 INFO o.a.j.t.JMeterThread: Thread finished: GET search (agents) 2-18
2026-10-08 01:51:16,447 INFO o.a.j.t.JMeterThread: Thread started: GET search (agents) 2-19
2026-10-08 01:51:16,537 INFO o.a.j.t.JMeterThread: Thread is done: GET search (agents) 2-19
2026-10-08 01:51:16,537 INFO o.a.j.t.JMeterThread: Thread finished: GET search (agents) 2-19
2026-10-08 01:51:17,360 INFO o.a.j.t.JMeterThread: Thread started: POST tickets (intake) 1-5
2026-10-08 01:51:18,727 INFO o.a.j.t.JMeterThread: Thread is done: POST tickets (intake) 1-5
2026-10-08 01:51:18,727 INFO o.a.j.t.JMeterThread: Thread finished: POST tickets (intake) 1-5
2026-10-08 01:51:36,310 INFO o.a.j.t.JMeterThread: Thread started: GET search (agents) 2-20
2026-10-08 01:51:36,355 INFO o.a.j.t.JMeterThread: Thread is done: GET search (agents) 2-20
2026-10-08 01:51:36,355 INFO o.a.j.t.JMeterThread: Thread finished: GET search (agents) 2-20
2026-10-08 01:51:36,842 INFO o.a.j.t.JMeterThread: Thread started: GET search (agents) 2-21
2026-10-08 01:51:36,868 INFO o.a.j.t.JMeterThread: Thread is done: GET search (agents) 2-21
2026-10-08 01:51:36,868 INFO o.a.j.t.JMeterThread: Thread finished: GET search (agents) 2-21
2026-10-08 01:52:37,479 INFO o.a.j.t.JMeterThread: Thread started: GET search (agents) 2-22
2026-10-08 01:52:37,603 INFO o.a.j.t.JMeterThread: Thread is done: GET search (agents) 2-22
2026-10-08 01:52:37,603 INFO o.a.j.t.JMeterThread: Thread finished: GET search (agents) 2-22
2026-10-08 01:52:41,027 INFO o.a.j.t.JMeterThread: Thread started: GET search (agents) 2-23
2026-10-08 01:52:41,072 INFO o.a.j.t.JMeterThread: Thread is done: GET search (agents) 2-23
2026-10-08 01:52:41,072 INFO o.a.j.t.JMeterThread: Thread finished: GET search (agents) 2-23
2026-10-08 01:52:53,236 INFO o.a.j.t.JMeterThread: Thread started: GET search (agents) 2-24
2026-10-08 01:52:53,265 INFO o.a.j.t.JMeterThread: Thread is done: GET search (agents) 2-24
2026-10-08 01:52:53,265 INFO o.a.j.t.JMeterThread: Thread finished: GET search (agents) 2-24
2026-10-08 01:52:56,324 INFO o.a.j.t.JMeterThread: Thread started: POST tickets (intake) 1-6
2026-10-08 01:52:57,006 INFO o.a.j.t.JMeterThread: Thread started: POST tickets (intake) 1-7
2026-10-08 01:52:57,902 INFO o.a.j.t.JMeterThread: Thread is done: POST tickets (intake) 1-6
2026-10-08 01:52:57,902 INFO o.a.j.t.JMeterThread: Thread finished: POST tickets (intake) 1-6
2026-10-08 01:52:59,710 INFO o.a.j.t.JMeterThread: Thread is done: POST tickets (intake) 1-7
2026-10-08 01:52:59,710 INFO o.a.j.t.JMeterThread: Thread finished: POST tickets (intake) 1-7
2026-10-08 01:53:02,225 INFO o.a.j.t.JMeterThread: Thread started: POST tickets (intake) 1-8
2026-10-08 01:53:03,685 INFO o.a.j.r.Summariser: summary +     14 in 00:02:31 =    0.1/s Avg:   583 Min:    23 Max:  2702 Err:     0 (0.00%) Active: 1 Started: 32 Finished: 31
2026-10-08 01:53:03,685 INFO o.a.j.r.Summariser: summary =     32 in 00:05:08 =    0.1/s Avg:   537 Min:    15 Max:  3059 Err:     1 (3.12%)
2026-10-08 01:53:03,685 INFO o.a.j.t.JMeterThread: Thread is done: POST tickets (intake) 1-8
2026-10-08 01:53:03,685 INFO o.a.j.t.JMeterThread: Thread finished: POST tickets (intake) 1-8
2026-10-08 01:53:22,012 INFO o.a.j.t.JMeterThread: Thread started: POST tickets (intake) 1-9
2026-10-08 01:53:26,953 INFO o.a.j.t.JMeterThread: Thread started: GET search (agents) 2-25
2026-10-08 01:53:26,990 INFO o.a.j.t.JMeterThread: Thread is done: GET search (agents) 2-25
2026-10-08 01:53:26,990 INFO o.a.j.t.JMeterThread: Thread finished: GET search (agents) 2-25
2026-10-08 01:53:27,583 INFO o.a.j.t.JMeterThread: Thread is done: POST tickets (intake) 1-9
2026-10-08 01:53:27,584 INFO o.a.j.t.JMeterThread: Thread finished: POST tickets (intake) 1-9
2026-10-08 01:53:28,522 INFO o.a.j.t.JMeterThread: Thread started: GET search (agents) 2-26
2026-10-08 01:53:28,725 INFO o.a.j.t.JMeterThread: Thread is done: GET search (agents) 2-26
2026-10-08 01:53:28,725 INFO o.a.j.t.JMeterThread: Thread finished: GET search (agents) 2-26
2026-10-08 01:53:31,812 INFO o.a.j.t.JMeterThread: Thread started: GET search (agents) 2-27
2026-10-08 01:53:32,144 INFO o.a.j.r.Summariser: summary +      4 in 00:00:28 =    0.1/s Avg:  1534 Min:    35 Max:  5570 Err:     0 (0.00%) Active: 1 Started: 36 Finished: 35
2026-10-08 01:53:32,145 INFO o.a.j.r.Summariser: summary =     36 in 00:05:37 =    0.1/s Avg:   648 Min:    15 Max:  5570 Err:     1 (2.78%)
2026-10-08 01:53:32,145 INFO o.a.j.t.JMeterThread: Thread is done: GET search (agents) 2-27
2026-10-08 01:53:32,145 INFO o.a.j.t.JMeterThread: Thread finished: GET search (agents) 2-27
2026-10-08 01:54:01,193 INFO o.a.j.t.JMeterThread: Thread started: GET search (agents) 2-28
2026-10-08 01:54:01,257 INFO o.a.j.r.Summariser: summary +      1 in 00:00:29 =    0.0/s Avg:    63 Min:    63 Max:    63 Err:     0 (0.00%) Active: 1 Started: 37 Finished: 36
2026-10-08 01:54:01,257 INFO o.a.j.r.Summariser: summary =     37 in 00:06:06 =    0.1/s Avg:   632 Min:    15 Max:  5570 Err:     1 (2.70%)
2026-10-08 01:54:01,257 INFO o.a.j.t.JMeterThread: Thread is done: GET search (agents) 2-28
2026-10-08 01:54:01,257 INFO o.a.j.t.JMeterThread: Thread finished: GET search (agents) 2-28
2026-10-08 01:54:15,313 INFO o.a.j.t.JMeterThread: Thread started: GET search (agents) 2-29
2026-10-08 01:54:15,335 INFO o.a.j.t.JMeterThread: Thread is done: GET search (agents) 2-29
2026-10-08 01:54:15,335 INFO o.a.j.t.JMeterThread: Thread finished: GET search (agents) 2-29
2026-10-08 01:54:18,321 INFO o.a.j.t.JMeterThread: Thread started: GET search (agents) 2-30
2026-10-08 01:54:18,359 INFO o.a.j.t.JMeterThread: Thread is done: GET search (agents) 2-30
2026-10-08 01:54:18,359 INFO o.a.j.t.JMeterThread: Thread finished: GET search (agents) 2-30
2026-10-08 01:54:59,538 INFO o.a.j.t.JMeterThread: Thread started: GET search (agents) 2-31
2026-10-08 01:54:59,561 INFO o.a.j.t.JMeterThread: Thread is done: GET search (agents) 2-31
2026-10-08 01:54:59,561 INFO o.a.j.t.JMeterThread: Thread finished: GET search (agents) 2-31
2026-10-08 01:54:59,877 INFO o.a.j.t.JMeterThread: Thread started: GET search (agents) 2-32
2026-10-08 01:54:59,931 INFO o.a.j.t.JMeterThread: Thread is done: GET search (agents) 2-32
2026-10-08 01:54:59,931 INFO o.a.j.t.JMeterThread: Thread finished: GET search (agents) 2-32
2026-10-08 01:55:10,280 INFO o.a.j.t.JMeterThread: Thread started: GET search (agents) 2-33
2026-10-08 01:55:10,298 INFO o.a.j.t.JMeterThread: Thread is done: GET search (agents) 2-33
2026-10-08 01:55:10,298 INFO o.a.j.t.JMeterThread: Thread finished: GET search (agents) 2-33
2026-10-08 01:55:12,102 INFO o.a.j.t.JMeterThread: Thread started: GET search (agents) 2-34
2026-10-08 01:55:12,127 INFO o.a.j.t.JMeterThread: Thread is done: GET search (agents) 2-34
2026-10-08 01:55:12,127 INFO o.a.j.t.JMeterThread: Thread finished: GET search (agents) 2-34
2026-10-08 01:55:35,313 INFO o.a.j.t.JMeterThread: Thread started: GET search (agents) 2-35
2026-10-08 01:55:35,359 INFO o.a.j.r.Summariser: summary +      7 in 00:01:34 =    0.1/s Avg:    30 Min:    17 Max:    53 Err:     0 (0.00%) Active: 1 Started: 44 Finished: 43
2026-10-08 01:55:35,360 INFO o.a.j.r.Summariser: summary =     44 in 00:07:40 =    0.1/s Avg:   536 Min:    15 Max:  5570 Err:     1 (2.27%)
2026-10-08 01:55:35,360 INFO o.a.j.t.JMeterThread: Thread is done: GET search (agents) 2-35
2026-10-08 01:55:35,360 INFO o.a.j.t.JMeterThread: Thread finished: GET search (agents) 2-35
2026-10-08 01:55:40,309 INFO o.a.j.t.JMeterThread: Thread started: POST tickets (intake) 1-10
2026-10-08 01:55:42,262 INFO o.a.j.t.JMeterThread: Thread is done: POST tickets (intake) 1-10
2026-10-08 01:55:42,262 INFO o.a.j.t.JMeterThread: Thread finished: POST tickets (intake) 1-10
2026-10-08 01:56:15,898 INFO o.a.j.t.JMeterThread: Thread started: GET search (agents) 2-36
2026-10-08 01:56:15,916 INFO o.a.j.t.JMeterThread: Thread is done: GET search (agents) 2-36
2026-10-08 01:56:15,916 INFO o.a.j.t.JMeterThread: Thread finished: GET search (agents) 2-36
2026-10-08 01:56:18,467 INFO o.a.j.t.JMeterThread: Thread started: GET search (agents) 2-37
2026-10-08 01:56:18,490 INFO o.a.j.t.JMeterThread: Thread is done: GET search (agents) 2-37
2026-10-08 01:56:18,490 INFO o.a.j.t.JMeterThread: Thread finished: GET search (agents) 2-37
2026-10-08 01:56:26,633 INFO o.a.j.t.JMeterThread: Thread started: GET search (agents) 2-38
2026-10-08 01:56:26,667 INFO o.a.j.t.JMeterThread: Thread is done: GET search (agents) 2-38
2026-10-08 01:56:26,667 INFO o.a.j.t.JMeterThread: Thread finished: GET search (agents) 2-38
2026-10-08 01:56:35,499 INFO o.a.j.t.JMeterThread: Thread started: GET search (agents) 2-39
2026-10-08 01:56:35,581 INFO o.a.j.r.Summariser: summary +      5 in 00:01:00 =    0.1/s Avg:   421 Min:    17 Max:  1952 Err:     1 (20.00%) Active: 1 Started: 49 Finished: 48
2026-10-08 01:56:35,581 INFO o.a.j.r.Summariser: summary =     49 in 00:08:40 =    0.1/s Avg:   524 Min:    15 Max:  5570 Err:     2 (4.08%)
2026-10-08 01:56:35,581 INFO o.a.j.t.JMeterThread: Thread is done: GET search (agents) 2-39
2026-10-08 01:56:35,581 INFO o.a.j.t.JMeterThread: Thread finished: GET search (agents) 2-39
2026-10-08 01:56:35,832 INFO o.a.j.t.JMeterThread: Thread started: GET search (agents) 2-40
2026-10-08 01:56:35,895 INFO o.a.j.t.JMeterThread: Thread is done: GET search (agents) 2-40
2026-10-08 01:56:35,895 INFO o.a.j.t.JMeterThread: Thread finished: GET search (agents) 2-40
2026-10-08 01:56:54,092 INFO o.a.j.t.JMeterThread: Thread started: POST tickets (intake) 1-11
2026-10-08 01:56:56,450 INFO o.a.j.t.JMeterThread: Thread is done: POST tickets (intake) 1-11
2026-10-08 01:56:56,450 INFO o.a.j.t.JMeterThread: Thread finished: POST tickets (intake) 1-11
2026-10-08 01:56:59,492 INFO o.a.j.t.JMeterThread: Thread started: GET search (agents) 2-41
2026-10-08 01:56:59,527 INFO o.a.j.t.JMeterThread: Thread is done: GET search (agents) 2-41
2026-10-08 01:56:59,527 INFO o.a.j.t.JMeterThread: Thread finished: GET search (agents) 2-41
2026-10-08 01:57:46,922 INFO o.a.j.t.JMeterThread: Thread started: GET search (agents) 2-42
2026-10-08 01:57:46,956 INFO o.a.j.t.JMeterThread: Thread is done: GET search (agents) 2-42
2026-10-08 01:57:46,956 INFO o.a.j.t.JMeterThread: Thread finished: GET search (agents) 2-42
2026-10-08 01:57:49,274 INFO o.a.j.t.JMeterThread: Thread started: GET search (agents) 2-43
2026-10-08 01:57:49,295 INFO o.a.j.t.JMeterThread: Thread is done: GET search (agents) 2-43
2026-10-08 01:57:49,295 INFO o.a.j.t.JMeterThread: Thread finished: GET search (agents) 2-43
2026-10-08 01:58:14,892 INFO o.a.j.t.JMeterThread: Thread started: GET search (agents) 2-44
2026-10-08 01:58:14,922 INFO o.a.j.t.JMeterThread: Thread is done: GET search (agents) 2-44
2026-10-08 01:58:14,922 INFO o.a.j.t.JMeterThread: Thread finished: GET search (agents) 2-44
2026-10-08 01:58:23,456 INFO o.a.j.t.JMeterThread: Thread started: POST tickets (intake) 1-12
2026-10-08 01:58:24,537 INFO o.a.j.t.JMeterThread: Thread is done: POST tickets (intake) 1-12
2026-10-08 01:58:24,537 INFO o.a.j.t.JMeterThread: Thread finished: POST tickets (intake) 1-12
2026-10-08 01:58:24,599 INFO o.a.j.t.JMeterThread: Thread started: GET search (agents) 2-45
2026-10-08 01:58:24,631 INFO o.a.j.t.JMeterThread: Thread is done: GET search (agents) 2-45
2026-10-08 01:58:24,631 INFO o.a.j.t.JMeterThread: Thread finished: GET search (agents) 2-45
2026-10-08 01:58:50,963 INFO o.a.j.t.JMeterThread: Thread started: POST tickets (intake) 1-13
2026-10-08 01:58:52,392 INFO o.a.j.t.JMeterThread: Thread is done: POST tickets (intake) 1-13
2026-10-08 01:58:52,393 INFO o.a.j.t.JMeterThread: Thread finished: POST tickets (intake) 1-13
2026-10-08 01:58:55,680 INFO o.a.j.t.JMeterThread: Thread started: GET search (agents) 2-46
2026-10-08 01:58:55,777 INFO o.a.j.t.JMeterThread: Thread is done: GET search (agents) 2-46
2026-10-08 01:58:55,778 INFO o.a.j.t.JMeterThread: Thread finished: GET search (agents) 2-46
2026-10-08 01:59:17,572 INFO o.a.j.t.JMeterThread: Thread started: GET search (agents) 2-47
2026-10-08 01:59:17,611 INFO o.a.j.t.JMeterThread: Thread is done: GET search (agents) 2-47
2026-10-08 01:59:17,611 INFO o.a.j.t.JMeterThread: Thread finished: GET search (agents) 2-47
2026-10-08 01:59:26,585 INFO o.a.j.t.JMeterThread: Thread started: GET search (agents) 2-48
2026-10-08 01:59:26,614 INFO o.a.j.t.JMeterThread: Thread is done: GET search (agents) 2-48
2026-10-08 01:59:26,614 INFO o.a.j.t.JMeterThread: Thread finished: GET search (agents) 2-48
2026-10-08 01:59:30,221 INFO o.a.j.t.JMeterThread: Thread started: GET search (agents) 2-49
2026-10-08 01:59:30,258 INFO o.a.j.r.Summariser: summary +     13 in 00:02:55 =    0.1/s Avg:   405 Min:    19 Max:  2357 Err:     1 (7.69%) Active: 1 Started: 62 Finished: 61
2026-10-08 01:59:30,258 INFO o.a.j.r.Summariser: summary =     62 in 00:11:35 =    0.1/s Avg:   499 Min:    15 Max:  5570 Err:     3 (4.84%)
2026-10-08 01:59:30,258 INFO o.a.j.t.JMeterThread: Thread is done: GET search (agents) 2-49
2026-10-08 01:59:30,258 INFO o.a.j.t.JMeterThread: Thread finished: GET search (agents) 2-49
2026-10-08 01:59:38,556 INFO o.a.j.t.JMeterThread: Thread started: GET search (agents) 2-50
2026-10-08 01:59:38,583 INFO o.a.j.t.JMeterThread: Thread is done: GET search (agents) 2-50
2026-10-08 01:59:38,583 INFO o.a.j.t.JMeterThread: Thread finished: GET search (agents) 2-50
2026-10-08 01:59:39,457 INFO o.a.j.t.JMeterThread: Thread started: GET search (agents) 2-51
2026-10-08 01:59:39,477 INFO o.a.j.t.JMeterThread: Thread is done: GET search (agents) 2-51
2026-10-08 01:59:39,477 INFO o.a.j.t.JMeterThread: Thread finished: GET search (agents) 2-51
2026-10-08 01:59:39,891 INFO o.a.j.t.JMeterThread: Thread started: GET search (agents) 2-52
2026-10-08 01:59:39,922 INFO o.a.j.t.JMeterThread: Thread is done: GET search (agents) 2-52
2026-10-08 01:59:39,922 INFO o.a.j.t.JMeterThread: Thread finished: GET search (agents) 2-52
2026-10-08 01:59:51,210 INFO o.a.j.t.JMeterThread: Thread started: GET search (agents) 2-53
2026-10-08 01:59:51,259 INFO o.a.j.t.JMeterThread: Thread is done: GET search (agents) 2-53
2026-10-08 01:59:51,259 INFO o.a.j.t.JMeterThread: Thread finished: GET search (agents) 2-53
2026-10-08 01:59:53,763 INFO o.a.j.t.JMeterThread: Thread started: GET search (agents) 2-54
2026-10-08 01:59:53,807 INFO o.a.j.t.JMeterThread: Thread is done: GET search (agents) 2-54
2026-10-08 01:59:53,807 INFO o.a.j.t.JMeterThread: Thread finished: GET search (agents) 2-54
2026-10-08 01:59:55,694 INFO o.a.j.t.JMeterThread: Thread started: GET search (agents) 2-55
2026-10-08 01:59:55,770 INFO o.a.j.t.JMeterThread: Thread is done: GET search (agents) 2-55
2026-10-08 01:59:55,770 INFO o.a.j.t.JMeterThread: Thread finished: GET search (agents) 2-55
2026-10-08 02:00:06,099 INFO o.a.j.t.JMeterThread: Thread started: GET search (agents) 2-56
2026-10-08 02:00:06,132 INFO o.a.j.t.JMeterThread: Thread is done: GET search (agents) 2-56
2026-10-08 02:00:06,132 INFO o.a.j.t.JMeterThread: Thread finished: GET search (agents) 2-56
2026-10-08 02:00:16,937 INFO o.a.j.t.JMeterThread: Thread started: POST tickets (intake) 1-14
2026-10-08 02:00:18,088 INFO o.a.j.t.JMeterThread: Thread is done: POST tickets (intake) 1-14
2026-10-08 02:00:18,088 INFO o.a.j.t.JMeterThread: Thread finished: POST tickets (intake) 1-14
2026-10-08 02:00:19,188 INFO o.a.j.t.JMeterThread: Thread started: GET search (agents) 2-57
2026-10-08 02:00:19,216 INFO o.a.j.t.JMeterThread: Thread is done: GET search (agents) 2-57
2026-10-08 02:00:19,216 INFO o.a.j.t.JMeterThread: Thread finished: GET search (agents) 2-57
2026-10-08 02:00:32,043 INFO o.a.j.t.JMeterThread: Thread started: GET search (agents) 2-58
2026-10-08 02:00:32,070 INFO o.a.j.r.Summariser: summary +     10 in 00:01:02 =    0.2/s Avg:   147 Min:    19 Max:  1150 Err:     0 (0.00%) Active: 1 Started: 72 Finished: 71
2026-10-08 02:00:32,070 INFO o.a.j.r.Summariser: summary =     72 in 00:12:37 =    0.1/s Avg:   450 Min:    15 Max:  5570 Err:     3 (4.17%)
2026-10-08 02:00:32,071 INFO o.a.j.t.JMeterThread: Thread is done: GET search (agents) 2-58
2026-10-08 02:00:32,071 INFO o.a.j.t.JMeterThread: Thread finished: GET search (agents) 2-58
2026-10-08 02:00:37,033 INFO o.a.j.t.JMeterThread: Thread started: GET search (agents) 2-59
2026-10-08 02:00:37,063 INFO o.a.j.t.JMeterThread: Thread is done: GET search (agents) 2-59
2026-10-08 02:00:37,063 INFO o.a.j.t.JMeterThread: Thread finished: GET search (agents) 2-59
2026-10-08 02:00:43,755 INFO o.a.j.t.JMeterThread: Thread started: POST tickets (intake) 1-15
2026-10-08 02:00:45,461 INFO o.a.j.t.JMeterThread: Thread is done: POST tickets (intake) 1-15
2026-10-08 02:00:45,461 INFO o.a.j.t.JMeterThread: Thread finished: POST tickets (intake) 1-15
2026-10-08 02:00:59,555 INFO o.a.j.t.JMeterThread: Thread started: GET search (agents) 2-60
2026-10-08 02:00:59,590 INFO o.a.j.t.JMeterThread: Thread is done: GET search (agents) 2-60
2026-10-08 02:00:59,590 INFO o.a.j.t.JMeterThread: Thread finished: GET search (agents) 2-60
2026-10-08 02:01:03,498 INFO o.a.j.t.JMeterThread: Thread started: GET search (agents) 2-61
2026-10-08 02:01:03,545 INFO o.a.j.r.Summariser: summary +      4 in 00:00:31 =    0.1/s Avg:   453 Min:    29 Max:  1705 Err:     0 (0.00%) Active: 1 Started: 76 Finished: 75
2026-10-08 02:01:03,546 INFO o.a.j.r.Summariser: summary =     76 in 00:13:08 =    0.1/s Avg:   450 Min:    15 Max:  5570 Err:     3 (3.95%)
2026-10-08 02:01:03,546 INFO o.a.j.t.JMeterThread: Thread is done: GET search (agents) 2-61
2026-10-08 02:01:03,546 INFO o.a.j.t.JMeterThread: Thread finished: GET search (agents) 2-61
2026-10-08 02:01:18,898 INFO o.a.j.t.JMeterThread: Thread started: POST tickets (intake) 1-16
2026-10-08 02:01:21,795 INFO o.a.j.t.JMeterThread: Thread is done: POST tickets (intake) 1-16
2026-10-08 02:01:21,795 INFO o.a.j.t.JMeterThread: Thread finished: POST tickets (intake) 1-16
2026-10-08 02:01:29,124 INFO o.a.j.t.JMeterThread: Thread started: POST tickets (intake) 1-17
2026-10-08 02:01:30,367 INFO o.a.j.r.Summariser: summary +      2 in 00:00:27 =    0.1/s Avg:  2068 Min:  1241 Max:  2896 Err:     0 (0.00%) Active: 1 Started: 78 Finished: 77
2026-10-08 02:01:30,367 INFO o.a.j.r.Summariser: summary =     78 in 00:13:35 =    0.1/s Avg:   492 Min:    15 Max:  5570 Err:     3 (3.85%)
2026-10-08 02:01:30,367 INFO o.a.j.t.JMeterThread: Thread is done: POST tickets (intake) 1-17
2026-10-08 02:01:30,367 INFO o.a.j.t.JMeterThread: Thread finished: POST tickets (intake) 1-17
2026-10-08 02:01:50,271 INFO o.a.j.t.JMeterThread: Thread started: GET search (agents) 2-62
2026-10-08 02:01:50,297 INFO o.a.j.t.JMeterThread: Thread is done: GET search (agents) 2-62
2026-10-08 02:01:50,297 INFO o.a.j.t.JMeterThread: Thread finished: GET search (agents) 2-62
2026-10-08 02:02:05,159 INFO o.a.j.t.JMeterThread: Thread started: GET search (agents) 2-63
2026-10-08 02:02:05,205 INFO o.a.j.r.Summariser: summary +      2 in 00:00:35 =    0.1/s Avg:    35 Min:    25 Max:    46 Err:     0 (0.00%) Active: 1 Started: 80 Finished: 79
2026-10-08 02:02:05,205 INFO o.a.j.r.Summariser: summary =     80 in 00:14:10 =    0.1/s Avg:   481 Min:    15 Max:  5570 Err:     3 (3.75%)
2026-10-08 02:02:05,205 INFO o.a.j.t.JMeterThread: Thread is done: GET search (agents) 2-63
2026-10-08 02:02:05,205 INFO o.a.j.t.JMeterThread: Thread finished: GET search (agents) 2-63
2026-10-08 02:02:08,241 INFO o.a.j.t.JMeterThread: Thread started: GET search (agents) 2-64
2026-10-08 02:02:08,268 INFO o.a.j.t.JMeterThread: Thread is done: GET search (agents) 2-64
2026-10-08 02:02:08,268 INFO o.a.j.t.JMeterThread: Thread finished: GET search (agents) 2-64
2026-10-08 02:02:14,127 INFO o.a.j.t.JMeterThread: Thread started: GET search (agents) 2-65
2026-10-08 02:02:14,625 INFO o.a.j.t.JMeterThread: Thread is done: GET search (agents) 2-65
2026-10-08 02:02:14,625 INFO o.a.j.t.JMeterThread: Thread finished: GET search (agents) 2-65
2026-10-08 02:03:04,362 INFO o.a.j.t.JMeterThread: Thread started: GET search (agents) 2-66
2026-10-08 02:03:04,722 INFO o.a.j.t.JMeterThread: Thread started: GET search (agents) 2-67
2026-10-08 02:03:05,051 INFO o.a.j.r.Summariser: summary +      3 in 00:01:00 =    0.1/s Avg:   403 Min:    25 Max:   688 Err:     0 (0.00%) Active: 2 Started: 84 Finished: 82
2026-10-08 02:03:05,051 INFO o.a.j.r.Summariser: summary =     83 in 00:15:10 =    0.1/s Avg:   478 Min:    15 Max:  5570 Err:     3 (3.61%)
2026-10-08 02:03:05,051 INFO o.a.j.t.JMeterThread: Thread is done: GET search (agents) 2-66
2026-10-08 02:03:05,051 INFO o.a.j.t.JMeterThread: Thread finished: GET search (agents) 2-66
2026-10-08 02:03:05,654 INFO o.a.j.t.JMeterThread: Thread is done: GET search (agents) 2-67
2026-10-08 02:03:05,654 INFO o.a.j.t.JMeterThread: Thread finished: GET search (agents) 2-67
2026-10-08 02:03:08,140 INFO o.a.j.t.JMeterThread: Thread started: POST tickets (intake) 1-18
2026-10-08 02:03:10,219 INFO o.a.j.t.JMeterThread: Thread is done: POST tickets (intake) 1-18
2026-10-08 02:03:10,219 INFO o.a.j.t.JMeterThread: Thread finished: POST tickets (intake) 1-18
2026-10-08 02:03:19,375 INFO o.a.j.t.JMeterThread: Thread started: GET search (agents) 2-68
2026-10-08 02:03:19,857 INFO o.a.j.t.JMeterThread: Thread is done: GET search (agents) 2-68
2026-10-08 02:03:19,857 INFO o.a.j.t.JMeterThread: Thread finished: GET search (agents) 2-68
2026-10-08 02:03:34,853 INFO o.a.j.t.JMeterThread: Thread started: GET search (agents) 2-69
2026-10-08 02:03:36,036 INFO o.a.j.t.JMeterThread: Thread is done: GET search (agents) 2-69
2026-10-08 02:03:36,037 INFO o.a.j.t.JMeterThread: Thread finished: GET search (agents) 2-69
2026-10-08 02:03:48,193 INFO o.a.j.t.JMeterThread: Thread started: GET search (agents) 2-70
2026-10-08 02:03:48,447 INFO o.a.j.t.JMeterThread: Thread started: GET search (agents) 2-71
2026-10-08 02:03:49,606 INFO o.a.j.t.JMeterThread: Thread is done: GET search (agents) 2-70
2026-10-08 02:03:49,606 INFO o.a.j.t.JMeterThread: Thread finished: GET search (agents) 2-70
2026-10-08 02:03:49,676 INFO o.a.j.t.JMeterThread: Thread is done: GET search (agents) 2-71
2026-10-08 02:03:49,676 INFO o.a.j.t.JMeterThread: Thread finished: GET search (agents) 2-71
2026-10-08 02:04:00,270 INFO o.a.j.t.JMeterThread: Thread started: POST tickets (intake) 1-19
2026-10-08 02:04:14,245 INFO o.a.j.t.JMeterThread: Thread is done: POST tickets (intake) 1-19
2026-10-08 02:04:14,246 INFO o.a.j.t.JMeterThread: Thread finished: POST tickets (intake) 1-19
2026-10-08 02:04:16,123 INFO o.a.j.t.JMeterThread: Thread started: POST tickets (intake) 1-20
2026-10-08 02:04:29,119 INFO o.a.j.t.JMeterThread: Thread is done: POST tickets (intake) 1-20
2026-10-08 02:04:29,119 INFO o.a.j.t.JMeterThread: Thread finished: POST tickets (intake) 1-20
2026-10-08 02:04:35,614 INFO o.a.j.t.JMeterThread: Thread started: GET search (agents) 2-72
2026-10-08 02:04:35,643 INFO o.a.j.r.Summariser: summary +      9 in 00:01:31 =    0.1/s Avg:  3812 Min:    28 Max: 13974 Err:     0 (0.00%) Active: 1 Started: 92 Finished: 91
2026-10-08 02:04:35,644 INFO o.a.j.r.Summariser: summary =     92 in 00:16:40 =    0.1/s Avg:   804 Min:    15 Max: 13974 Err:     3 (3.26%)
2026-10-08 02:04:35,644 INFO o.a.j.t.JMeterThread: Thread is done: GET search (agents) 2-72
2026-10-08 02:04:35,644 INFO o.a.j.t.JMeterThread: Thread finished: GET search (agents) 2-72
2026-10-08 02:04:54,797 INFO o.a.j.t.JMeterThread: Thread started: GET search (agents) 2-73
2026-10-08 02:04:54,820 INFO o.a.j.t.JMeterThread: Thread is done: GET search (agents) 2-73
2026-10-08 02:04:54,820 INFO o.a.j.t.JMeterThread: Thread finished: GET search (agents) 2-73
2026-10-08 02:05:18,347 INFO o.a.j.t.JMeterThread: Thread started: GET search (agents) 2-74
2026-10-08 02:05:18,425 INFO o.a.j.t.JMeterThread: Thread is done: GET search (agents) 2-74
2026-10-08 02:05:18,426 INFO o.a.j.t.JMeterThread: Thread finished: GET search (agents) 2-74
2026-10-08 02:05:18,867 INFO o.a.j.t.JMeterThread: Thread started: GET search (agents) 2-75
2026-10-08 02:05:18,890 INFO o.a.j.t.JMeterThread: Thread is done: GET search (agents) 2-75
2026-10-08 02:05:18,890 INFO o.a.j.t.JMeterThread: Thread finished: GET search (agents) 2-75
2026-10-08 02:05:34,312 INFO o.a.j.t.JMeterThread: Thread started: GET search (agents) 2-76
2026-10-08 02:05:34,393 INFO o.a.j.r.Summariser: summary +      4 in 00:00:59 =    0.1/s Avg:    50 Min:    22 Max:    80 Err:     0 (0.00%) Active: 1 Started: 96 Finished: 95
2026-10-08 02:05:34,393 INFO o.a.j.r.Summariser: summary =     96 in 00:17:39 =    0.1/s Avg:   772 Min:    15 Max: 13974 Err:     3 (3.12%)
2026-10-08 02:05:34,393 INFO o.a.j.t.JMeterThread: Thread is done: GET search (agents) 2-76
2026-10-08 02:05:34,393 INFO o.a.j.t.JMeterThread: Thread finished: GET search (agents) 2-76
2026-10-08 02:05:38,940 INFO o.a.j.t.JMeterThread: Thread started: GET search (agents) 2-77
2026-10-08 02:05:38,976 INFO o.a.j.t.JMeterThread: Thread is done: GET search (agents) 2-77
2026-10-08 02:05:38,976 INFO o.a.j.t.JMeterThread: Thread finished: GET search (agents) 2-77
2026-10-08 02:05:44,699 INFO o.a.j.t.JMeterThread: Thread started: GET search (agents) 2-78
2026-10-08 02:05:44,769 INFO o.a.j.t.JMeterThread: Thread is done: GET search (agents) 2-78
2026-10-08 02:05:44,770 INFO o.a.j.t.JMeterThread: Thread finished: GET search (agents) 2-78
2026-10-08 02:06:38,797 INFO o.a.j.t.JMeterThread: Thread started: POST tickets (intake) 1-21
2026-10-08 02:06:39,387 INFO o.a.j.t.JMeterThread: Thread started: POST tickets (intake) 1-22
2026-10-08 02:06:40,171 INFO o.a.j.t.JMeterThread: Thread is done: POST tickets (intake) 1-21
2026-10-08 02:06:40,171 INFO o.a.j.t.JMeterThread: Thread finished: POST tickets (intake) 1-21
2026-10-08 02:06:42,337 INFO o.a.j.t.JMeterThread: Thread is done: POST tickets (intake) 1-22
2026-10-08 02:06:42,337 INFO o.a.j.t.JMeterThread: Thread finished: POST tickets (intake) 1-22
2026-10-08 02:06:44,926 INFO o.a.j.t.JMeterThread: Thread started: GET search (agents) 2-79
2026-10-08 02:06:44,962 INFO o.a.j.t.JMeterThread: Thread is done: GET search (agents) 2-79
2026-10-08 02:06:44,962 INFO o.a.j.t.JMeterThread: Thread finished: GET search (agents) 2-79
2026-10-08 02:06:46,562 INFO o.a.j.t.JMeterThread: Thread started: POST tickets (intake) 1-23
2026-10-08 02:06:47,817 INFO o.a.j.t.JMeterThread: Thread is done: POST tickets (intake) 1-23
2026-10-08 02:06:47,817 INFO o.a.j.t.JMeterThread: Thread finished: POST tickets (intake) 1-23
2026-10-08 02:07:03,789 INFO o.a.j.t.JMeterThread: Thread started: GET search (agents) 2-80
2026-10-08 02:07:03,825 INFO o.a.j.r.Summariser: summary +      7 in 00:01:29 =    0.1/s Avg:   821 Min:    35 Max:  2948 Err:     0 (0.00%) Active: 1 Started: 103 Finished: 102
2026-10-08 02:07:03,825 INFO o.a.j.r.Summariser: summary =    103 in 00:19:09 =    0.1/s Avg:   776 Min:    15 Max: 13974 Err:     3 (2.91%)
2026-10-08 02:07:03,825 INFO o.a.j.t.JMeterThread: Thread is done: GET search (agents) 2-80
2026-10-08 02:07:03,825 INFO o.a.j.t.JMeterThread: Thread finished: GET search (agents) 2-80
2026-10-08 02:07:06,085 INFO o.a.j.t.JMeterThread: Thread started: GET search (agents) 2-81
2026-10-08 02:07:06,147 INFO o.a.j.t.JMeterThread: Thread is done: GET search (agents) 2-81
2026-10-08 02:07:06,147 INFO o.a.j.t.JMeterThread: Thread finished: GET search (agents) 2-81
2026-10-08 02:07:14,363 INFO o.a.j.t.JMeterThread: Thread started: GET search (agents) 2-82
2026-10-08 02:07:14,445 INFO o.a.j.t.JMeterThread: Thread is done: GET search (agents) 2-82
2026-10-08 02:07:14,445 INFO o.a.j.t.JMeterThread: Thread finished: GET search (agents) 2-82
2026-10-08 02:07:29,781 INFO o.a.j.t.JMeterThread: Thread started: GET search (agents) 2-83
2026-10-08 02:07:29,816 INFO o.a.j.t.JMeterThread: Thread is done: GET search (agents) 2-83
2026-10-08 02:07:29,816 INFO o.a.j.t.JMeterThread: Thread finished: GET search (agents) 2-83
2026-10-08 02:07:45,068 INFO o.a.j.t.JMeterThread: Thread started: POST tickets (intake) 1-24
2026-10-08 02:07:46,690 INFO o.a.j.t.JMeterThread: Thread is done: POST tickets (intake) 1-24
2026-10-08 02:07:46,690 INFO o.a.j.t.JMeterThread: Thread finished: POST tickets (intake) 1-24
2026-10-08 02:08:31,320 INFO o.a.j.t.JMeterThread: Thread started: GET search (agents) 2-84
2026-10-08 02:08:31,352 INFO o.a.j.r.Summariser: summary +      5 in 00:01:28 =    0.1/s Avg:   365 Min:    30 Max:  1622 Err:     0 (0.00%) Active: 1 Started: 108 Finished: 107
2026-10-08 02:08:31,352 INFO o.a.j.r.Summariser: summary =    108 in 00:20:36 =    0.1/s Avg:   757 Min:    15 Max: 13974 Err:     3 (2.78%)
2026-10-08 02:08:31,352 INFO o.a.j.t.JMeterThread: Thread is done: GET search (agents) 2-84
2026-10-08 02:08:31,352 INFO o.a.j.t.JMeterThread: Thread finished: GET search (agents) 2-84
2026-10-08 02:08:47,620 INFO o.a.j.t.JMeterThread: Thread started: GET search (agents) 2-85
2026-10-08 02:08:47,653 INFO o.a.j.t.JMeterThread: Thread is done: GET search (agents) 2-85
2026-10-08 02:08:47,653 INFO o.a.j.t.JMeterThread: Thread finished: GET search (agents) 2-85
2026-10-08 02:08:48,608 INFO o.a.j.t.JMeterThread: Thread started: POST tickets (intake) 1-25
2026-10-08 02:08:50,922 INFO o.a.j.t.JMeterThread: Thread is done: POST tickets (intake) 1-25
2026-10-08 02:08:50,922 INFO o.a.j.t.JMeterThread: Thread finished: POST tickets (intake) 1-25
2026-10-08 02:08:58,782 INFO o.a.j.t.JMeterThread: Thread started: GET search (agents) 2-86
2026-10-08 02:08:58,799 INFO o.a.j.t.JMeterThread: Thread is done: GET search (agents) 2-86
2026-10-08 02:08:58,799 INFO o.a.j.t.JMeterThread: Thread finished: GET search (agents) 2-86
2026-10-08 02:09:07,533 INFO o.a.j.t.JMeterThread: Thread started: POST tickets (intake) 1-26
2026-10-08 02:09:09,211 INFO o.a.j.t.JMeterThread: Thread is done: POST tickets (intake) 1-26
2026-10-08 02:09:09,211 INFO o.a.j.t.JMeterThread: Thread finished: POST tickets (intake) 1-26
2026-10-08 02:09:11,063 INFO o.a.j.t.JMeterThread: Thread started: GET search (agents) 2-87
2026-10-08 02:09:11,092 INFO o.a.j.t.JMeterThread: Thread is done: GET search (agents) 2-87
2026-10-08 02:09:11,092 INFO o.a.j.t.JMeterThread: Thread finished: GET search (agents) 2-87
2026-10-08 02:09:12,168 INFO o.a.j.t.JMeterThread: Thread started: GET search (agents) 2-88
2026-10-08 02:09:12,200 INFO o.a.j.t.JMeterThread: Thread is done: GET search (agents) 2-88
2026-10-08 02:09:12,200 INFO o.a.j.t.JMeterThread: Thread finished: GET search (agents) 2-88
2026-10-08 02:09:36,518 INFO o.a.j.t.JMeterThread: Thread started: POST tickets (intake) 1-27
2026-10-08 02:09:38,552 INFO o.a.j.t.JMeterThread: Thread started: POST tickets (intake) 1-28
2026-10-08 02:09:39,341 INFO o.a.j.t.JMeterThread: Thread is done: POST tickets (intake) 1-27
2026-10-08 02:09:39,341 INFO o.a.j.t.JMeterThread: Thread finished: POST tickets (intake) 1-27
2026-10-08 02:09:40,060 INFO o.a.j.t.JMeterThread: Thread is done: POST tickets (intake) 1-28
2026-10-08 02:09:40,060 INFO o.a.j.t.JMeterThread: Thread finished: POST tickets (intake) 1-28
2026-10-08 02:09:46,822 INFO o.a.j.t.o.EvenArrivalsRamp: Generating 0 events, beginRate = 0.0 / sec, endRate = 0.0 / sec, duration = 60.0 sec
2026-10-08 02:09:46,822 INFO o.a.j.t.JMeterThread: Thread started: POST tickets (intake) 1-29
2026-10-08 02:09:46,822 INFO o.a.j.t.o.OpenModelThreadGroup: There will be no more events, so will wait for 68 sec till the end of the schedule
2026-10-08 02:09:48,021 INFO o.a.j.t.JMeterThread: Thread is done: POST tickets (intake) 1-29
2026-10-08 02:09:48,021 INFO o.a.j.t.JMeterThread: Thread finished: POST tickets (intake) 1-29
2026-10-08 02:09:50,507 INFO o.a.j.t.o.EvenArrivalsRamp: Generating 0 events, beginRate = 0.0 / sec, endRate = 0.0 / sec, duration = 60.0 sec
2026-10-08 02:09:50,507 INFO o.a.j.t.o.OpenModelThreadGroup: There will be no more events, so will wait for 64 sec till the end of the schedule
2026-10-08 02:09:50,507 INFO o.a.j.t.JMeterThread: Thread started: GET search (agents) 2-89
2026-10-08 02:09:50,524 INFO o.a.j.t.JMeterThread: Thread is done: GET search (agents) 2-89
2026-10-08 02:09:50,524 INFO o.a.j.t.JMeterThread: Thread finished: GET search (agents) 2-89
2026-10-08 02:10:55,157 INFO o.a.j.t.o.OpenModelThreadGroup: There will be no more events, will shutdown the thread pool
2026-10-08 02:10:55,157 INFO o.a.j.t.o.OpenModelThreadGroup: There will be no more events, will shutdown the thread pool
2026-10-08 02:10:55,157 INFO o.a.j.t.o.OpenModelThreadGroup: Thread starting done
2026-10-08 02:10:55,157 INFO o.a.j.t.o.OpenModelThreadGroup: Thread starting done
2026-10-08 02:10:55,157 INFO o.a.j.e.StandardJMeterEngine: Notifying test listeners of end of test
2026-10-08 02:10:55,158 INFO o.a.j.s.FileServer: Close: C:/Users/Administrator/Documents/GitHub/ICT3113_Assignment_1/step5/data/search_terms.csv
2026-10-08 02:10:55,158 INFO o.a.j.s.FileServer: Close: C:/Users/Administrator/Documents/GitHub/ICT3113_Assignment_1/step5/data/tickets_load.tsv
2026-10-08 02:10:55,158 INFO o.a.j.r.Summariser: summary +     10 in 00:02:24 =    0.1/s Avg:   964 Min:    16 Max:  2822 Err:     1 (10.00%) Active: 0 Started: 118 Finished: 118
2026-10-08 02:10:55,158 INFO o.a.j.r.Summariser: summary =    118 in 00:23:00 =    0.1/s Avg:   774 Min:    15 Max: 13974 Err:     4 (3.39%)
