WARN StatusConsoleListener The use of package scanning to locate plugins is deprecated and will be removed in a future release
WARN StatusConsoleListener The use of package scanning to locate plugins is deprecated and will be removed in a future release
WARN StatusConsoleListener The use of package scanning to locate plugins is deprecated and will be removed in a future release
WARN StatusConsoleListener The use of package scanning to locate plugins is deprecated and will be removed in a future release
Creating summariser <summary>
Created the tree successfully using C:\Users\Administrator\Documents\GitHub\ICT3113_Assignment_1\step5\jmeter\ticket_triage.jmx
Starting standalone test @ 2026 Oct 8 03:28:02 SGT (1791401282340)
Waiting for possible Shutdown/StopTestNow/HeapDump/ThreadDump message on port 4445
summary +      3 in 00:00:34 =    0.1/s Avg:    39 Min:    30 Max:    50 Err:     0 (0.00%) Active: 1 Started: 3 Finished: 2
summary +      3 in 00:00:56 =    0.1/s Avg:   841 Min:    44 Max:  1266 Err:     0 (0.00%) Active: 2 Started: 7 Finished: 5
summary =      6 in 00:01:30 =    0.1/s Avg:   440 Min:    30 Max:  1266 Err:     0 (0.00%)
summary +      7 in 00:00:28 =    0.2/s Avg:   312 Min:    20 Max:  1948 Err:     0 (0.00%) Active: 1 Started: 13 Finished: 12
summary =     13 in 00:01:58 =    0.1/s Avg:   371 Min:    20 Max:  1948 Err:     0 (0.00%)
summary +      4 in 00:00:32 =    0.1/s Avg:   783 Min:    43 Max:  2943 Err:     1 (25.00%) Active: 1 Started: 17 Finished: 16
summary =     17 in 00:02:30 =    0.1/s Avg:   468 Min:    20 Max:  2943 Err:     1 (5.88%)
summary +      8 in 00:00:59 =    0.1/s Avg:   389 Min:    25 Max:  1484 Err:     0 (0.00%) Active: 1 Started: 25 Finished: 24
summary =     25 in 00:03:29 =    0.1/s Avg:   443 Min:    20 Max:  2943 Err:     1 (4.00%)
summary +      6 in 00:00:34 =    0.2/s Avg:  1121 Min:    37 Max:  3273 Err:     0 (0.00%) Active: 1 Started: 31 Finished: 30
summary =     31 in 00:04:03 =    0.1/s Avg:   574 Min:    20 Max:  3273 Err:     1 (3.23%)
summary +      2 in 00:00:58 =    0.0/s Avg:    57 Min:    45 Max:    69 Err:     0 (0.00%) Active: 2 Started: 34 Finished: 32
summary =     33 in 00:05:00 =    0.1/s Avg:   543 Min:    20 Max:  3273 Err:     1 (3.03%)
summary +      3 in 00:00:28 =    0.1/s Avg:   590 Min:    20 Max:  1617 Err:     1 (33.33%) Active: 1 Started: 36 Finished: 35
summary =     36 in 00:05:28 =    0.1/s Avg:   547 Min:    20 Max:  3273 Err:     2 (5.56%)
summary +     11 in 00:01:34 =    0.1/s Avg:   483 Min:    17 Max:  2313 Err:     1 (9.09%) Active: 1 Started: 47 Finished: 46
summary =     47 in 00:07:02 =    0.1/s Avg:   532 Min:    17 Max:  3273 Err:     3 (6.38%)
summary +      5 in 00:00:57 =    0.1/s Avg:   340 Min:    29 Max:  1472 Err:     0 (0.00%) Active: 1 Started: 52 Finished: 51
summary =     52 in 00:07:59 =    0.1/s Avg:   513 Min:    17 Max:  3273 Err:     3 (5.77%)
summary +      4 in 00:00:29 =    0.1/s Avg:    71 Min:    27 Max:   118 Err:     0 (0.00%) Active: 1 Started: 56 Finished: 55
summary =     56 in 00:08:28 =    0.1/s Avg:   482 Min:    17 Max:  3273 Err:     3 (5.36%)
summary +      5 in 00:00:34 =    0.1/s Avg:    52 Min:    30 Max:    87 Err:     0 (0.00%) Active: 1 Started: 61 Finished: 60
summary =     61 in 00:09:02 =    0.1/s Avg:   446 Min:    17 Max:  3273 Err:     3 (4.92%)
summary +      6 in 00:00:58 =    0.1/s Avg:  1236 Min:    21 Max:  3115 Err:     0 (0.00%) Active: 1 Started: 67 Finished: 66
summary =     67 in 00:09:59 =    0.1/s Avg:   517 Min:    17 Max:  3273 Err:     3 (4.48%)
summary +      2 in 00:00:34 =    0.1/s Avg:   604 Min:    36 Max:  1173 Err:     0 (0.00%) Active: 1 Started: 69 Finished: 68
summary =     69 in 00:10:34 =    0.1/s Avg:   520 Min:    17 Max:  3273 Err:     3 (4.35%)
summary +     16 in 00:01:59 =    0.1/s Avg:   472 Min:    15 Max:  2469 Err:     0 (0.00%) Active: 1 Started: 85 Finished: 84
summary =     85 in 00:12:32 =    0.1/s Avg:   511 Min:    15 Max:  3273 Err:     3 (3.53%)
summary +      5 in 00:00:56 =    0.1/s Avg:   349 Min:    28 Max:  1535 Err:     0 (0.00%) Active: 1 Started: 90 Finished: 89
summary =     90 in 00:13:28 =    0.1/s Avg:   502 Min:    15 Max:  3273 Err:     3 (3.33%)
summary +      6 in 00:01:00 =    0.1/s Avg:    33 Min:    22 Max:    46 Err:     0 (0.00%) Active: 1 Started: 96 Finished: 95
summary =     96 in 00:14:29 =    0.1/s Avg:   472 Min:    15 Max:  3273 Err:     3 (3.12%)
summary +     10 in 00:01:59 =    0.1/s Avg:   849 Min:    18 Max:  3215 Err:     1 (10.00%) Active: 1 Started: 106 Finished: 105
summary =    106 in 00:16:28 =    0.1/s Avg:   508 Min:    15 Max:  3273 Err:     4 (3.77%)
summary +      6 in 00:00:32 =    0.2/s Avg:   264 Min:    23 Max:  1346 Err:     0 (0.00%) Active: 1 Started: 112 Finished: 111
summary =    112 in 00:16:59 =    0.1/s Avg:   495 Min:    15 Max:  3273 Err:     4 (3.57%)
summary +     15 in 00:02:02 =    0.1/s Avg:   375 Min:    17 Max:  2665 Err:     0 (0.00%) Active: 1 Started: 127 Finished: 126
summary =    127 in 00:19:01 =    0.1/s Avg:   481 Min:    15 Max:  3273 Err:     4 (3.15%)
summary +      6 in 00:00:29 =    0.2/s Avg:    43 Min:    16 Max:    74 Err:     0 (0.00%) Active: 1 Started: 133 Finished: 132
summary =    133 in 00:19:30 =    0.1/s Avg:   461 Min:    15 Max:  3273 Err:     4 (3.01%)
summary +      3 in 00:00:28 =    0.1/s Avg:  1567 Min:    67 Max:  4549 Err:     0 (0.00%) Active: 1 Started: 136 Finished: 135
summary =    136 in 00:19:58 =    0.1/s Avg:   485 Min:    15 Max:  4549 Err:     4 (2.94%)
summary +     12 in 00:01:34 =    0.1/s Avg:   643 Min:    16 Max:  1805 Err:     2 (16.67%) Active: 1 Started: 148 Finished: 147
summary =    148 in 00:21:32 =    0.1/s Avg:   498 Min:    15 Max:  4549 Err:     6 (4.05%)
summary +      5 in 00:00:30 =    0.2/s Avg:   597 Min:    37 Max:  2772 Err:     0 (0.00%) Active: 1 Started: 153 Finished: 152
summary =    153 in 00:22:02 =    0.1/s Avg:   501 Min:    15 Max:  4549 Err:     6 (3.92%)
summary =    153 in 00:23:00 =    0.1/s Avg:   501 Min:    15 Max:  4549 Err:     6 (3.92%)
Tidying up ...    @ 2026 Oct 8 03:51:02 SGT (1791402662349)
... end of run
