2026-10-08 03:28:02,037 INFO o.a.j.u.JMeterUtils: Setting Locale to en_EN
2026-10-08 03:28:02,053 INFO o.a.j.JMeter: Loading user properties from: C:\tools\apache-jmeter-5.6.3\bin\user.properties
2026-10-08 03:28:02,054 INFO o.a.j.JMeter: Loading system properties from: C:\tools\apache-jmeter-5.6.3\bin\system.properties
2026-10-08 03:28:02,054 INFO o.a.j.JMeter: Loading additional properties from: C:\Users\Administrator\Documents\GitHub\ICT3113_Assignment_1\step5\results\gemma3-1b\headroom\run3\run.properties
2026-10-08 03:28:02,061 INFO o.a.j.JMeter: Copyright (c) 1998-2024 The Apache Software Foundation
2026-10-08 03:28:02,061 INFO o.a.j.JMeter: Version 5.6.3
2026-10-08 03:28:02,061 INFO o.a.j.JMeter: java.version=17.0.20.1
2026-10-08 03:28:02,061 INFO o.a.j.JMeter: java.vm.name=OpenJDK 64-Bit Server VM
2026-10-08 03:28:02,061 INFO o.a.j.JMeter: os.name=Windows 10
2026-10-08 03:28:02,061 INFO o.a.j.JMeter: os.arch=amd64
2026-10-08 03:28:02,061 INFO o.a.j.JMeter: os.version=10.0
2026-10-08 03:28:02,061 INFO o.a.j.JMeter: file.encoding=Cp1252
2026-10-08 03:28:02,061 INFO o.a.j.JMeter: java.awt.headless=true
2026-10-08 03:28:02,062 INFO o.a.j.JMeter: Max memory     =1073741824
2026-10-08 03:28:02,062 INFO o.a.j.JMeter: Available Processors =12
2026-10-08 03:28:02,070 INFO o.a.j.JMeter: Default Locale=English (EN)
2026-10-08 03:28:02,070 INFO o.a.j.JMeter: JMeter  Locale=English (EN)
2026-10-08 03:28:02,070 INFO o.a.j.JMeter: JMeterHome=C:\tools\apache-jmeter-5.6.3
2026-10-08 03:28:02,070 INFO o.a.j.JMeter: user.dir  =C:\Users\Administrator\Documents\GitHub\ICT3113_Assignment_1
2026-10-08 03:28:02,071 INFO o.a.j.JMeter: PWD       =C:\Users\Administrator\Documents\GitHub\ICT3113_Assignment_1
2026-10-08 03:28:02,072 INFO o.a.j.JMeter: IP: 100.111.72.66 Name: ITEMERROR-MSI-WISP FullName: itemerror-msi-wisp.taile944e3.ts.net.
2026-10-08 03:28:02,084 INFO o.a.j.s.FileServer: Default base='C:\Users\Administrator\Documents\GitHub\ICT3113_Assignment_1'
2026-10-08 03:28:02,086 INFO o.a.j.s.FileServer: Set new base='C:\Users\Administrator\Documents\GitHub\ICT3113_Assignment_1\step5\jmeter'
2026-10-08 03:28:02,242 INFO o.a.j.s.SaveService: Testplan (JMX) version: 2.2. Testlog (JTL) version: 2.2
2026-10-08 03:28:02,265 INFO o.a.j.s.SaveService: Using SaveService properties version 5.0
2026-10-08 03:28:02,267 INFO o.a.j.s.SaveService: Using SaveService properties file encoding UTF-8
2026-10-08 03:28:02,270 INFO o.a.j.s.SaveService: Loading file: C:\Users\Administrator\Documents\GitHub\ICT3113_Assignment_1\step5\jmeter\ticket_triage.jmx
2026-10-08 03:28:02,313 INFO o.a.j.p.h.s.HTTPSamplerBase: Parser for text/html is org.apache.jmeter.protocol.http.parser.LagartoBasedHtmlParser
2026-10-08 03:28:02,314 INFO o.a.j.p.h.s.HTTPSamplerBase: Parser for application/xhtml+xml is org.apache.jmeter.protocol.http.parser.LagartoBasedHtmlParser
2026-10-08 03:28:02,314 INFO o.a.j.p.h.s.HTTPSamplerBase: Parser for application/xml is org.apache.jmeter.protocol.http.parser.LagartoBasedHtmlParser
2026-10-08 03:28:02,314 INFO o.a.j.p.h.s.HTTPSamplerBase: Parser for text/xml is org.apache.jmeter.protocol.http.parser.LagartoBasedHtmlParser
2026-10-08 03:28:02,314 INFO o.a.j.p.h.s.HTTPSamplerBase: Parser for text/vnd.wap.wml is org.apache.jmeter.protocol.http.parser.RegexpHTMLParser
2026-10-08 03:28:02,314 INFO o.a.j.p.h.s.HTTPSamplerBase: Parser for text/css is org.apache.jmeter.protocol.http.parser.CssParser
2026-10-08 03:28:02,332 INFO o.a.j.JMeter: Creating summariser <summary>
2026-10-08 03:28:02,346 INFO o.a.j.e.StandardJMeterEngine: Running the test!
2026-10-08 03:28:02,347 INFO o.a.j.s.SampleEvent: List of sample_variables: [reqid, row]
2026-10-08 03:28:02,347 INFO o.a.j.s.SampleEvent: List of sample_variables: [reqid, row]
2026-10-08 03:28:02,350 INFO o.a.j.e.u.CompoundVariable: Note: Function class names must contain the string: '.functions.'
2026-10-08 03:28:02,350 INFO o.a.j.e.u.CompoundVariable: Note: Function class names must not contain the string: '.gui.'
2026-10-08 03:28:02,407 INFO o.a.j.JMeter: Running test (1791401282407)
2026-10-08 03:28:02,421 INFO o.a.j.e.StandardJMeterEngine: Starting ThreadGroup: 1 : POST tickets (intake)
2026-10-08 03:28:02,421 INFO o.a.j.e.StandardJMeterEngine: Starting 0 threads for group POST tickets (intake).
2026-10-08 03:28:02,421 INFO o.a.j.e.StandardJMeterEngine: Thread will continue on error
2026-10-08 03:28:02,422 INFO o.a.j.t.o.OpenModelThreadGroup: Starting OpenModelThreadGroup#1 with schedule rate(105/hour) random_arrivals(22 min) pause(1 min)
2026-10-08 03:28:02,451 INFO o.a.j.e.StandardJMeterEngine: Starting ThreadGroup: 2 : GET search (agents)
2026-10-08 03:28:02,451 INFO o.a.j.e.StandardJMeterEngine: Starting 0 threads for group GET search (agents).
2026-10-08 03:28:02,451 INFO o.a.j.e.StandardJMeterEngine: Thread will continue on error
2026-10-08 03:28:02,451 INFO o.a.j.t.o.OpenModelThreadGroup: Starting OpenModelThreadGroup#2 with schedule rate(316/hour) random_arrivals(22 min) pause(1 min)
2026-10-08 03:28:02,451 INFO o.a.j.t.o.OpenModelThreadGroup: Thread starting init
2026-10-08 03:28:02,452 INFO o.a.j.e.StandardJMeterEngine: All thread groups have been started
2026-10-08 03:28:02,452 INFO o.a.j.t.o.OpenModelThreadGroup: Thread starting init
2026-10-08 03:28:02,454 INFO o.a.j.t.o.PoissonArrivalsRamp: Generating 38 events, beginRate = 0.029166666666666667 / sec, endRate = 0.029166666666666667 / sec, duration = 1320.0 sec
2026-10-08 03:28:02,454 INFO o.a.j.t.o.PoissonArrivalsRamp: Generating 115 events, beginRate = 0.08777777777777777 / sec, endRate = 0.08777777777777777 / sec, duration = 1320.0 sec
2026-10-08 03:28:11,383 INFO o.a.j.t.JMeterThread: Thread started: GET search (agents) 2-1
2026-10-08 03:28:11,420 INFO o.a.j.s.FileServer: Stored: C:/Users/Administrator/Documents/GitHub/ICT3113_Assignment_1/step5/data/search_terms.csv
2026-10-08 03:28:11,445 INFO o.a.j.p.h.s.HTTPHCAbstractImpl: Local host = ITEMERROR-MSI-WISP
2026-10-08 03:28:11,449 INFO o.a.j.p.h.s.HTTPHC4Impl: HTTP request retry count = 0
2026-10-08 03:28:11,450 INFO o.a.j.s.SampleResult: Note: Sample TimeStamps are START times
2026-10-08 03:28:11,451 INFO o.a.j.s.SampleResult: sampleresult.default.encoding is set to UTF-8
2026-10-08 03:28:11,451 INFO o.a.j.s.SampleResult: sampleresult.useNanoTime=true
2026-10-08 03:28:11,451 INFO o.a.j.s.SampleResult: sampleresult.nanoThreadSleep=5000
2026-10-08 03:28:11,551 INFO o.a.j.t.JMeterThread: Thread is done: GET search (agents) 2-1
2026-10-08 03:28:11,551 INFO o.a.j.t.JMeterThread: Thread finished: GET search (agents) 2-1
2026-10-08 03:28:15,957 INFO o.a.j.t.JMeterThread: Thread started: GET search (agents) 2-2
2026-10-08 03:28:15,996 INFO o.a.j.t.JMeterThread: Thread is done: GET search (agents) 2-2
2026-10-08 03:28:15,996 INFO o.a.j.t.JMeterThread: Thread finished: GET search (agents) 2-2
2026-10-08 03:28:35,921 INFO o.a.j.t.JMeterThread: Thread started: GET search (agents) 2-3
2026-10-08 03:28:35,954 INFO o.a.j.r.Summariser: summary +      3 in 00:00:34 =    0.1/s Avg:    39 Min:    30 Max:    50 Err:     0 (0.00%) Active: 1 Started: 3 Finished: 2
2026-10-08 03:28:35,954 INFO o.a.j.t.JMeterThread: Thread is done: GET search (agents) 2-3
2026-10-08 03:28:35,954 INFO o.a.j.t.JMeterThread: Thread finished: GET search (agents) 2-3
2026-10-08 03:28:41,711 INFO o.a.j.t.JMeterThread: Thread started: POST tickets (intake) 1-1
2026-10-08 03:28:41,711 INFO o.a.j.s.FileServer: Stored: C:/Users/Administrator/Documents/GitHub/ICT3113_Assignment_1/step5/data/tickets_load.tsv
2026-10-08 03:28:42,979 INFO o.a.j.t.JMeterThread: Thread is done: POST tickets (intake) 1-1
2026-10-08 03:28:42,979 INFO o.a.j.t.JMeterThread: Thread finished: POST tickets (intake) 1-1
2026-10-08 03:29:21,183 INFO o.a.j.t.JMeterThread: Thread started: GET search (agents) 2-4
2026-10-08 03:29:21,228 INFO o.a.j.t.JMeterThread: Thread is done: GET search (agents) 2-4
2026-10-08 03:29:21,229 INFO o.a.j.t.JMeterThread: Thread finished: GET search (agents) 2-4
2026-10-08 03:29:30,950 INFO o.a.j.t.JMeterThread: Thread started: POST tickets (intake) 1-2
2026-10-08 03:29:32,133 INFO o.a.j.t.JMeterThread: Thread started: GET search (agents) 2-5
2026-10-08 03:29:32,165 INFO o.a.j.r.Summariser: summary +      3 in 00:00:56 =    0.1/s Avg:   841 Min:    44 Max:  1266 Err:     0 (0.00%) Active: 2 Started: 7 Finished: 5
2026-10-08 03:29:32,166 INFO o.a.j.r.Summariser: summary =      6 in 00:01:30 =    0.1/s Avg:   440 Min:    30 Max:  1266 Err:     0 (0.00%)
2026-10-08 03:29:32,166 INFO o.a.j.t.JMeterThread: Thread is done: POST tickets (intake) 1-2
2026-10-08 03:29:32,166 INFO o.a.j.t.JMeterThread: Thread finished: POST tickets (intake) 1-2
2026-10-08 03:29:32,182 INFO o.a.j.t.JMeterThread: Thread is done: GET search (agents) 2-5
2026-10-08 03:29:32,182 INFO o.a.j.t.JMeterThread: Thread finished: GET search (agents) 2-5
2026-10-08 03:29:35,757 INFO o.a.j.t.JMeterThread: Thread started: GET search (agents) 2-6
2026-10-08 03:29:35,854 INFO o.a.j.t.JMeterThread: Thread is done: GET search (agents) 2-6
2026-10-08 03:29:35,854 INFO o.a.j.t.JMeterThread: Thread finished: GET search (agents) 2-6
2026-10-08 03:29:36,060 INFO o.a.j.t.JMeterThread: Thread started: POST tickets (intake) 1-3
2026-10-08 03:29:38,010 INFO o.a.j.t.JMeterThread: Thread is done: POST tickets (intake) 1-3
2026-10-08 03:29:38,010 INFO o.a.j.t.JMeterThread: Thread finished: POST tickets (intake) 1-3
2026-10-08 03:29:40,769 INFO o.a.j.t.JMeterThread: Thread started: GET search (agents) 2-7
2026-10-08 03:29:40,791 INFO o.a.j.t.JMeterThread: Thread is done: GET search (agents) 2-7
2026-10-08 03:29:40,791 INFO o.a.j.t.JMeterThread: Thread finished: GET search (agents) 2-7
2026-10-08 03:29:42,806 INFO o.a.j.t.JMeterThread: Thread started: GET search (agents) 2-8
2026-10-08 03:29:42,829 INFO o.a.j.t.JMeterThread: Thread is done: GET search (agents) 2-8
2026-10-08 03:29:42,829 INFO o.a.j.t.JMeterThread: Thread finished: GET search (agents) 2-8
2026-10-08 03:29:43,820 INFO o.a.j.t.JMeterThread: Thread started: GET search (agents) 2-9
2026-10-08 03:29:43,844 INFO o.a.j.t.JMeterThread: Thread is done: GET search (agents) 2-9
2026-10-08 03:29:43,844 INFO o.a.j.t.JMeterThread: Thread finished: GET search (agents) 2-9
2026-10-08 03:30:00,214 INFO o.a.j.t.JMeterThread: Thread started: GET search (agents) 2-10
2026-10-08 03:30:00,249 INFO o.a.j.r.Summariser: summary +      7 in 00:00:28 =    0.2/s Avg:   312 Min:    20 Max:  1948 Err:     0 (0.00%) Active: 1 Started: 13 Finished: 12
2026-10-08 03:30:00,249 INFO o.a.j.r.Summariser: summary =     13 in 00:01:58 =    0.1/s Avg:   371 Min:    20 Max:  1948 Err:     0 (0.00%)
2026-10-08 03:30:00,249 INFO o.a.j.t.JMeterThread: Thread is done: GET search (agents) 2-10
2026-10-08 03:30:00,249 INFO o.a.j.t.JMeterThread: Thread finished: GET search (agents) 2-10
2026-10-08 03:30:05,832 INFO o.a.j.t.JMeterThread: Thread started: POST tickets (intake) 1-4
2026-10-08 03:30:08,775 INFO o.a.j.t.JMeterThread: Thread is done: POST tickets (intake) 1-4
2026-10-08 03:30:08,775 INFO o.a.j.t.JMeterThread: Thread finished: POST tickets (intake) 1-4
2026-10-08 03:30:10,207 INFO o.a.j.t.JMeterThread: Thread started: GET search (agents) 2-11
2026-10-08 03:30:10,303 INFO o.a.j.t.JMeterThread: Thread is done: GET search (agents) 2-11
2026-10-08 03:30:10,303 INFO o.a.j.t.JMeterThread: Thread finished: GET search (agents) 2-11
2026-10-08 03:30:26,590 INFO o.a.j.t.JMeterThread: Thread started: GET search (agents) 2-12
2026-10-08 03:30:26,646 INFO o.a.j.t.JMeterThread: Thread is done: GET search (agents) 2-12
2026-10-08 03:30:26,647 INFO o.a.j.t.JMeterThread: Thread finished: GET search (agents) 2-12
2026-10-08 03:30:32,148 INFO o.a.j.t.JMeterThread: Thread started: GET search (agents) 2-13
2026-10-08 03:30:32,192 INFO o.a.j.r.Summariser: summary +      4 in 00:00:32 =    0.1/s Avg:   783 Min:    43 Max:  2943 Err:     1 (25.00%) Active: 1 Started: 17 Finished: 16
2026-10-08 03:30:32,192 INFO o.a.j.r.Summariser: summary =     17 in 00:02:30 =    0.1/s Avg:   468 Min:    20 Max:  2943 Err:     1 (5.88%)
2026-10-08 03:30:32,193 INFO o.a.j.t.JMeterThread: Thread is done: GET search (agents) 2-13
2026-10-08 03:30:32,193 INFO o.a.j.t.JMeterThread: Thread finished: GET search (agents) 2-13
2026-10-08 03:30:43,975 INFO o.a.j.t.JMeterThread: Thread started: GET search (agents) 2-14
2026-10-08 03:30:44,153 INFO o.a.j.t.JMeterThread: Thread is done: GET search (agents) 2-14
2026-10-08 03:30:44,153 INFO o.a.j.t.JMeterThread: Thread finished: GET search (agents) 2-14
2026-10-08 03:30:47,874 INFO o.a.j.t.JMeterThread: Thread started: POST tickets (intake) 1-5
2026-10-08 03:30:49,135 INFO o.a.j.t.JMeterThread: Thread is done: POST tickets (intake) 1-5
2026-10-08 03:30:49,135 INFO o.a.j.t.JMeterThread: Thread finished: POST tickets (intake) 1-5
2026-10-08 03:30:52,057 INFO o.a.j.t.JMeterThread: Thread started: GET search (agents) 2-15
2026-10-08 03:30:52,104 INFO o.a.j.t.JMeterThread: Thread is done: GET search (agents) 2-15
2026-10-08 03:30:52,104 INFO o.a.j.t.JMeterThread: Thread finished: GET search (agents) 2-15
2026-10-08 03:31:09,026 INFO o.a.j.t.JMeterThread: Thread started: GET search (agents) 2-16
2026-10-08 03:31:09,065 INFO o.a.j.t.JMeterThread: Thread is done: GET search (agents) 2-16
2026-10-08 03:31:09,065 INFO o.a.j.t.JMeterThread: Thread finished: GET search (agents) 2-16
2026-10-08 03:31:15,501 INFO o.a.j.t.JMeterThread: Thread started: GET search (agents) 2-17
2026-10-08 03:31:15,529 INFO o.a.j.t.JMeterThread: Thread is done: GET search (agents) 2-17
2026-10-08 03:31:15,529 INFO o.a.j.t.JMeterThread: Thread finished: GET search (agents) 2-17
2026-10-08 03:31:23,052 INFO o.a.j.t.JMeterThread: Thread started: GET search (agents) 2-18
2026-10-08 03:31:23,115 INFO o.a.j.t.JMeterThread: Thread is done: GET search (agents) 2-18
2026-10-08 03:31:23,115 INFO o.a.j.t.JMeterThread: Thread finished: GET search (agents) 2-18
2026-10-08 03:31:23,956 INFO o.a.j.t.JMeterThread: Thread started: POST tickets (intake) 1-6
2026-10-08 03:31:25,443 INFO o.a.j.t.JMeterThread: Thread is done: POST tickets (intake) 1-6
2026-10-08 03:31:25,443 INFO o.a.j.t.JMeterThread: Thread finished: POST tickets (intake) 1-6
2026-10-08 03:31:31,143 INFO o.a.j.t.JMeterThread: Thread started: GET search (agents) 2-19
2026-10-08 03:31:31,170 INFO o.a.j.r.Summariser: summary +      8 in 00:00:59 =    0.1/s Avg:   389 Min:    25 Max:  1484 Err:     0 (0.00%) Active: 1 Started: 25 Finished: 24
2026-10-08 03:31:31,170 INFO o.a.j.r.Summariser: summary =     25 in 00:03:29 =    0.1/s Avg:   443 Min:    20 Max:  2943 Err:     1 (4.00%)
2026-10-08 03:31:31,170 INFO o.a.j.t.JMeterThread: Thread is done: GET search (agents) 2-19
2026-10-08 03:31:31,170 INFO o.a.j.t.JMeterThread: Thread finished: GET search (agents) 2-19
2026-10-08 03:31:31,488 INFO o.a.j.t.JMeterThread: Thread started: POST tickets (intake) 1-7
2026-10-08 03:31:33,368 INFO o.a.j.t.JMeterThread: Thread is done: POST tickets (intake) 1-7
2026-10-08 03:31:33,368 INFO o.a.j.t.JMeterThread: Thread finished: POST tickets (intake) 1-7
2026-10-08 03:31:35,113 INFO o.a.j.t.JMeterThread: Thread started: GET search (agents) 2-20
2026-10-08 03:31:35,161 INFO o.a.j.t.JMeterThread: Thread is done: GET search (agents) 2-20
2026-10-08 03:31:35,161 INFO o.a.j.t.JMeterThread: Thread finished: GET search (agents) 2-20
2026-10-08 03:31:42,629 INFO o.a.j.t.JMeterThread: Thread started: GET search (agents) 2-21
2026-10-08 03:31:42,669 INFO o.a.j.t.JMeterThread: Thread is done: GET search (agents) 2-21
2026-10-08 03:31:42,669 INFO o.a.j.t.JMeterThread: Thread finished: GET search (agents) 2-21
2026-10-08 03:31:45,645 INFO o.a.j.t.JMeterThread: Thread started: POST tickets (intake) 1-8
2026-10-08 03:31:45,743 INFO o.a.j.t.JMeterThread: Thread started: POST tickets (intake) 1-9
2026-10-08 03:31:47,037 INFO o.a.j.t.JMeterThread: Thread is done: POST tickets (intake) 1-8
2026-10-08 03:31:47,037 INFO o.a.j.t.JMeterThread: Thread finished: POST tickets (intake) 1-8
2026-10-08 03:31:49,018 INFO o.a.j.t.JMeterThread: Thread is done: POST tickets (intake) 1-9
2026-10-08 03:31:49,018 INFO o.a.j.t.JMeterThread: Thread finished: POST tickets (intake) 1-9
2026-10-08 03:32:05,198 INFO o.a.j.t.JMeterThread: Thread started: GET search (agents) 2-22
2026-10-08 03:32:05,303 INFO o.a.j.r.Summariser: summary +      6 in 00:00:34 =    0.2/s Avg:  1121 Min:    37 Max:  3273 Err:     0 (0.00%) Active: 1 Started: 31 Finished: 30
2026-10-08 03:32:05,304 INFO o.a.j.r.Summariser: summary =     31 in 00:04:03 =    0.1/s Avg:   574 Min:    20 Max:  3273 Err:     1 (3.23%)
2026-10-08 03:32:05,304 INFO o.a.j.t.JMeterThread: Thread is done: GET search (agents) 2-22
2026-10-08 03:32:05,304 INFO o.a.j.t.JMeterThread: Thread finished: GET search (agents) 2-22
2026-10-08 03:32:48,681 INFO o.a.j.t.JMeterThread: Thread started: GET search (agents) 2-23
2026-10-08 03:32:48,751 INFO o.a.j.t.JMeterThread: Thread is done: GET search (agents) 2-23
2026-10-08 03:32:48,752 INFO o.a.j.t.JMeterThread: Thread finished: GET search (agents) 2-23
2026-10-08 03:33:02,432 INFO o.a.j.t.JMeterThread: Thread started: POST tickets (intake) 1-10
2026-10-08 03:33:02,787 INFO o.a.j.t.JMeterThread: Thread started: GET search (agents) 2-24
2026-10-08 03:33:02,834 INFO o.a.j.r.Summariser: summary +      2 in 00:00:58 =    0.0/s Avg:    57 Min:    45 Max:    69 Err:     0 (0.00%) Active: 2 Started: 34 Finished: 32
2026-10-08 03:33:02,834 INFO o.a.j.r.Summariser: summary =     33 in 00:05:00 =    0.1/s Avg:   543 Min:    20 Max:  3273 Err:     1 (3.03%)
2026-10-08 03:33:02,834 INFO o.a.j.t.JMeterThread: Thread is done: GET search (agents) 2-24
2026-10-08 03:33:02,834 INFO o.a.j.t.JMeterThread: Thread finished: GET search (agents) 2-24
2026-10-08 03:33:04,051 INFO o.a.j.t.JMeterThread: Thread is done: POST tickets (intake) 1-10
2026-10-08 03:33:04,051 INFO o.a.j.t.JMeterThread: Thread finished: POST tickets (intake) 1-10
2026-10-08 03:33:18,261 INFO o.a.j.t.JMeterThread: Thread started: GET search (agents) 2-25
2026-10-08 03:33:18,282 INFO o.a.j.t.JMeterThread: Thread is done: GET search (agents) 2-25
2026-10-08 03:33:18,282 INFO o.a.j.t.JMeterThread: Thread finished: GET search (agents) 2-25
2026-10-08 03:33:30,232 INFO o.a.j.t.JMeterThread: Thread started: GET search (agents) 2-26
2026-10-08 03:33:30,368 INFO o.a.j.r.Summariser: summary +      3 in 00:00:28 =    0.1/s Avg:   590 Min:    20 Max:  1617 Err:     1 (33.33%) Active: 1 Started: 36 Finished: 35
2026-10-08 03:33:30,368 INFO o.a.j.r.Summariser: summary =     36 in 00:05:28 =    0.1/s Avg:   547 Min:    20 Max:  3273 Err:     2 (5.56%)
2026-10-08 03:33:30,369 INFO o.a.j.t.JMeterThread: Thread is done: GET search (agents) 2-26
2026-10-08 03:33:30,369 INFO o.a.j.t.JMeterThread: Thread finished: GET search (agents) 2-26
2026-10-08 03:33:31,375 INFO o.a.j.t.JMeterThread: Thread started: GET search (agents) 2-27
2026-10-08 03:33:31,420 INFO o.a.j.t.JMeterThread: Thread is done: GET search (agents) 2-27
2026-10-08 03:33:31,420 INFO o.a.j.t.JMeterThread: Thread finished: GET search (agents) 2-27
2026-10-08 03:33:37,023 INFO o.a.j.t.JMeterThread: Thread started: GET search (agents) 2-28
2026-10-08 03:33:37,067 INFO o.a.j.t.JMeterThread: Thread is done: GET search (agents) 2-28
2026-10-08 03:33:37,067 INFO o.a.j.t.JMeterThread: Thread finished: GET search (agents) 2-28
2026-10-08 03:33:37,067 INFO o.a.j.t.JMeterThread: Thread started: GET search (agents) 2-29
2026-10-08 03:33:37,097 INFO o.a.j.t.JMeterThread: Thread started: GET search (agents) 2-30
2026-10-08 03:33:37,133 INFO o.a.j.t.JMeterThread: Thread is done: GET search (agents) 2-29
2026-10-08 03:33:37,134 INFO o.a.j.t.JMeterThread: Thread finished: GET search (agents) 2-29
2026-10-08 03:33:37,153 INFO o.a.j.t.JMeterThread: Thread is done: GET search (agents) 2-30
2026-10-08 03:33:37,153 INFO o.a.j.t.JMeterThread: Thread finished: GET search (agents) 2-30
2026-10-08 03:33:37,784 INFO o.a.j.t.JMeterThread: Thread started: POST tickets (intake) 1-11
2026-10-08 03:33:40,097 INFO o.a.j.t.JMeterThread: Thread is done: POST tickets (intake) 1-11
2026-10-08 03:33:40,097 INFO o.a.j.t.JMeterThread: Thread finished: POST tickets (intake) 1-11
2026-10-08 03:33:42,331 INFO o.a.j.t.JMeterThread: Thread started: GET search (agents) 2-31
2026-10-08 03:33:42,359 INFO o.a.j.t.JMeterThread: Thread is done: GET search (agents) 2-31
2026-10-08 03:33:42,359 INFO o.a.j.t.JMeterThread: Thread finished: GET search (agents) 2-31
2026-10-08 03:33:45,558 INFO o.a.j.t.JMeterThread: Thread started: POST tickets (intake) 1-12
2026-10-08 03:33:46,752 INFO o.a.j.t.JMeterThread: Thread is done: POST tickets (intake) 1-12
2026-10-08 03:33:46,752 INFO o.a.j.t.JMeterThread: Thread finished: POST tickets (intake) 1-12
2026-10-08 03:34:08,614 INFO o.a.j.t.JMeterThread: Thread started: GET search (agents) 2-32
2026-10-08 03:34:08,696 INFO o.a.j.t.JMeterThread: Thread is done: GET search (agents) 2-32
2026-10-08 03:34:08,697 INFO o.a.j.t.JMeterThread: Thread finished: GET search (agents) 2-32
2026-10-08 03:34:20,527 INFO o.a.j.t.JMeterThread: Thread started: POST tickets (intake) 1-13
2026-10-08 03:34:21,965 INFO o.a.j.t.JMeterThread: Thread is done: POST tickets (intake) 1-13
2026-10-08 03:34:21,965 INFO o.a.j.t.JMeterThread: Thread finished: POST tickets (intake) 1-13
2026-10-08 03:34:42,627 INFO o.a.j.t.JMeterThread: Thread started: GET search (agents) 2-33
2026-10-08 03:34:42,674 INFO o.a.j.t.JMeterThread: Thread is done: GET search (agents) 2-33
2026-10-08 03:34:42,674 INFO o.a.j.t.JMeterThread: Thread finished: GET search (agents) 2-33
2026-10-08 03:35:04,469 INFO o.a.j.t.JMeterThread: Thread started: GET search (agents) 2-34
2026-10-08 03:35:04,487 INFO o.a.j.r.Summariser: summary +     11 in 00:01:34 =    0.1/s Avg:   483 Min:    17 Max:  2313 Err:     1 (9.09%) Active: 1 Started: 47 Finished: 46
2026-10-08 03:35:04,488 INFO o.a.j.r.Summariser: summary =     47 in 00:07:02 =    0.1/s Avg:   532 Min:    17 Max:  3273 Err:     3 (6.38%)
2026-10-08 03:35:04,488 INFO o.a.j.t.JMeterThread: Thread is done: GET search (agents) 2-34
2026-10-08 03:35:04,488 INFO o.a.j.t.JMeterThread: Thread finished: GET search (agents) 2-34
2026-10-08 03:35:09,563 INFO o.a.j.t.JMeterThread: Thread started: GET search (agents) 2-35
2026-10-08 03:35:09,605 INFO o.a.j.t.JMeterThread: Thread is done: GET search (agents) 2-35
2026-10-08 03:35:09,605 INFO o.a.j.t.JMeterThread: Thread finished: GET search (agents) 2-35
2026-10-08 03:35:12,232 INFO o.a.j.t.JMeterThread: Thread started: GET search (agents) 2-36
2026-10-08 03:35:12,357 INFO o.a.j.t.JMeterThread: Thread is done: GET search (agents) 2-36
2026-10-08 03:35:12,358 INFO o.a.j.t.JMeterThread: Thread finished: GET search (agents) 2-36
2026-10-08 03:35:22,945 INFO o.a.j.t.JMeterThread: Thread started: POST tickets (intake) 1-14
2026-10-08 03:35:24,417 INFO o.a.j.t.JMeterThread: Thread is done: POST tickets (intake) 1-14
2026-10-08 03:35:24,417 INFO o.a.j.t.JMeterThread: Thread finished: POST tickets (intake) 1-14
2026-10-08 03:35:52,678 INFO o.a.j.t.JMeterThread: Thread started: GET search (agents) 2-37
2026-10-08 03:35:52,708 INFO o.a.j.t.JMeterThread: Thread is done: GET search (agents) 2-37
2026-10-08 03:35:52,708 INFO o.a.j.t.JMeterThread: Thread finished: GET search (agents) 2-37
2026-10-08 03:36:01,212 INFO o.a.j.t.JMeterThread: Thread started: GET search (agents) 2-38
2026-10-08 03:36:01,250 INFO o.a.j.r.Summariser: summary +      5 in 00:00:57 =    0.1/s Avg:   340 Min:    29 Max:  1472 Err:     0 (0.00%) Active: 1 Started: 52 Finished: 51
2026-10-08 03:36:01,250 INFO o.a.j.r.Summariser: summary =     52 in 00:07:59 =    0.1/s Avg:   513 Min:    17 Max:  3273 Err:     3 (5.77%)
2026-10-08 03:36:01,250 INFO o.a.j.t.JMeterThread: Thread is done: GET search (agents) 2-38
2026-10-08 03:36:01,250 INFO o.a.j.t.JMeterThread: Thread finished: GET search (agents) 2-38
2026-10-08 03:36:05,252 INFO o.a.j.t.JMeterThread: Thread started: GET search (agents) 2-39
2026-10-08 03:36:05,318 INFO o.a.j.t.JMeterThread: Thread is done: GET search (agents) 2-39
2026-10-08 03:36:05,318 INFO o.a.j.t.JMeterThread: Thread finished: GET search (agents) 2-39
2026-10-08 03:36:17,048 INFO o.a.j.t.JMeterThread: Thread started: GET search (agents) 2-40
2026-10-08 03:36:17,076 INFO o.a.j.t.JMeterThread: Thread is done: GET search (agents) 2-40
2026-10-08 03:36:17,076 INFO o.a.j.t.JMeterThread: Thread finished: GET search (agents) 2-40
2026-10-08 03:36:21,209 INFO o.a.j.t.JMeterThread: Thread started: GET search (agents) 2-41
2026-10-08 03:36:21,329 INFO o.a.j.t.JMeterThread: Thread is done: GET search (agents) 2-41
2026-10-08 03:36:21,329 INFO o.a.j.t.JMeterThread: Thread finished: GET search (agents) 2-41
2026-10-08 03:36:30,224 INFO o.a.j.t.JMeterThread: Thread started: GET search (agents) 2-42
2026-10-08 03:36:30,301 INFO o.a.j.r.Summariser: summary +      4 in 00:00:29 =    0.1/s Avg:    71 Min:    27 Max:   118 Err:     0 (0.00%) Active: 1 Started: 56 Finished: 55
2026-10-08 03:36:30,301 INFO o.a.j.r.Summariser: summary =     56 in 00:08:28 =    0.1/s Avg:   482 Min:    17 Max:  3273 Err:     3 (5.36%)
2026-10-08 03:36:30,301 INFO o.a.j.t.JMeterThread: Thread is done: GET search (agents) 2-42
2026-10-08 03:36:30,301 INFO o.a.j.t.JMeterThread: Thread finished: GET search (agents) 2-42
2026-10-08 03:36:36,136 INFO o.a.j.t.JMeterThread: Thread started: GET search (agents) 2-43
2026-10-08 03:36:36,167 INFO o.a.j.t.JMeterThread: Thread is done: GET search (agents) 2-43
2026-10-08 03:36:36,168 INFO o.a.j.t.JMeterThread: Thread finished: GET search (agents) 2-43
2026-10-08 03:36:50,998 INFO o.a.j.t.JMeterThread: Thread started: GET search (agents) 2-44
2026-10-08 03:36:51,086 INFO o.a.j.t.JMeterThread: Thread is done: GET search (agents) 2-44
2026-10-08 03:36:51,087 INFO o.a.j.t.JMeterThread: Thread finished: GET search (agents) 2-44
2026-10-08 03:36:53,959 INFO o.a.j.t.JMeterThread: Thread started: GET search (agents) 2-45
2026-10-08 03:36:54,019 INFO o.a.j.t.JMeterThread: Thread is done: GET search (agents) 2-45
2026-10-08 03:36:54,019 INFO o.a.j.t.JMeterThread: Thread finished: GET search (agents) 2-45
2026-10-08 03:36:56,915 INFO o.a.j.t.JMeterThread: Thread started: GET search (agents) 2-46
2026-10-08 03:36:56,968 INFO o.a.j.t.JMeterThread: Thread is done: GET search (agents) 2-46
2026-10-08 03:36:56,968 INFO o.a.j.t.JMeterThread: Thread finished: GET search (agents) 2-46
2026-10-08 03:37:03,882 INFO o.a.j.t.JMeterThread: Thread started: GET search (agents) 2-47
2026-10-08 03:37:03,919 INFO o.a.j.r.Summariser: summary +      5 in 00:00:34 =    0.1/s Avg:    52 Min:    30 Max:    87 Err:     0 (0.00%) Active: 1 Started: 61 Finished: 60
2026-10-08 03:37:03,920 INFO o.a.j.r.Summariser: summary =     61 in 00:09:02 =    0.1/s Avg:   446 Min:    17 Max:  3273 Err:     3 (4.92%)
2026-10-08 03:37:03,920 INFO o.a.j.t.JMeterThread: Thread is done: GET search (agents) 2-47
2026-10-08 03:37:03,920 INFO o.a.j.t.JMeterThread: Thread finished: GET search (agents) 2-47
2026-10-08 03:37:07,329 INFO o.a.j.t.JMeterThread: Thread started: POST tickets (intake) 1-15
2026-10-08 03:37:08,786 INFO o.a.j.t.JMeterThread: Thread is done: POST tickets (intake) 1-15
2026-10-08 03:37:08,786 INFO o.a.j.t.JMeterThread: Thread finished: POST tickets (intake) 1-15
2026-10-08 03:37:15,927 INFO o.a.j.t.JMeterThread: Thread started: POST tickets (intake) 1-16
2026-10-08 03:37:19,044 INFO o.a.j.t.JMeterThread: Thread is done: POST tickets (intake) 1-16
2026-10-08 03:37:19,044 INFO o.a.j.t.JMeterThread: Thread finished: POST tickets (intake) 1-16
2026-10-08 03:37:47,626 INFO o.a.j.t.JMeterThread: Thread started: POST tickets (intake) 1-17
2026-10-08 03:37:49,090 INFO o.a.j.t.JMeterThread: Thread is done: POST tickets (intake) 1-17
2026-10-08 03:37:49,091 INFO o.a.j.t.JMeterThread: Thread finished: POST tickets (intake) 1-17
2026-10-08 03:37:54,099 INFO o.a.j.t.JMeterThread: Thread started: GET search (agents) 2-48
2026-10-08 03:37:54,165 INFO o.a.j.t.JMeterThread: Thread is done: GET search (agents) 2-48
2026-10-08 03:37:54,165 INFO o.a.j.t.JMeterThread: Thread finished: GET search (agents) 2-48
2026-10-08 03:37:58,215 INFO o.a.j.t.JMeterThread: Thread started: POST tickets (intake) 1-18
2026-10-08 03:37:59,515 INFO o.a.j.t.JMeterThread: Thread is done: POST tickets (intake) 1-18
2026-10-08 03:37:59,515 INFO o.a.j.t.JMeterThread: Thread finished: POST tickets (intake) 1-18
2026-10-08 03:38:01,509 INFO o.a.j.t.JMeterThread: Thread started: GET search (agents) 2-49
2026-10-08 03:38:01,531 INFO o.a.j.r.Summariser: summary +      6 in 00:00:58 =    0.1/s Avg:  1236 Min:    21 Max:  3115 Err:     0 (0.00%) Active: 1 Started: 67 Finished: 66
2026-10-08 03:38:01,531 INFO o.a.j.r.Summariser: summary =     67 in 00:09:59 =    0.1/s Avg:   517 Min:    17 Max:  3273 Err:     3 (4.48%)
2026-10-08 03:38:01,531 INFO o.a.j.t.JMeterThread: Thread is done: GET search (agents) 2-49
2026-10-08 03:38:01,531 INFO o.a.j.t.JMeterThread: Thread finished: GET search (agents) 2-49
2026-10-08 03:38:20,867 INFO o.a.j.t.JMeterThread: Thread started: POST tickets (intake) 1-19
2026-10-08 03:38:22,041 INFO o.a.j.t.JMeterThread: Thread is done: POST tickets (intake) 1-19
2026-10-08 03:38:22,042 INFO o.a.j.t.JMeterThread: Thread finished: POST tickets (intake) 1-19
2026-10-08 03:38:35,892 INFO o.a.j.t.JMeterThread: Thread started: GET search (agents) 2-50
2026-10-08 03:38:35,929 INFO o.a.j.r.Summariser: summary +      2 in 00:00:34 =    0.1/s Avg:   604 Min:    36 Max:  1173 Err:     0 (0.00%) Active: 1 Started: 69 Finished: 68
2026-10-08 03:38:35,929 INFO o.a.j.r.Summariser: summary =     69 in 00:10:34 =    0.1/s Avg:   520 Min:    17 Max:  3273 Err:     3 (4.35%)
2026-10-08 03:38:35,929 INFO o.a.j.t.JMeterThread: Thread is done: GET search (agents) 2-50
2026-10-08 03:38:35,929 INFO o.a.j.t.JMeterThread: Thread finished: GET search (agents) 2-50
2026-10-08 03:38:39,738 INFO o.a.j.t.JMeterThread: Thread started: GET search (agents) 2-51
2026-10-08 03:38:39,783 INFO o.a.j.t.JMeterThread: Thread is done: GET search (agents) 2-51
2026-10-08 03:38:39,783 INFO o.a.j.t.JMeterThread: Thread finished: GET search (agents) 2-51
2026-10-08 03:38:40,167 INFO o.a.j.t.JMeterThread: Thread started: GET search (agents) 2-52
2026-10-08 03:38:40,239 INFO o.a.j.t.JMeterThread: Thread is done: GET search (agents) 2-52
2026-10-08 03:38:40,239 INFO o.a.j.t.JMeterThread: Thread finished: GET search (agents) 2-52
2026-10-08 03:38:43,254 INFO o.a.j.t.JMeterThread: Thread started: GET search (agents) 2-53
2026-10-08 03:38:43,313 INFO o.a.j.t.JMeterThread: Thread is done: GET search (agents) 2-53
2026-10-08 03:38:43,313 INFO o.a.j.t.JMeterThread: Thread finished: GET search (agents) 2-53
2026-10-08 03:38:45,794 INFO o.a.j.t.JMeterThread: Thread started: POST tickets (intake) 1-20
2026-10-08 03:38:47,614 INFO o.a.j.t.JMeterThread: Thread is done: POST tickets (intake) 1-20
2026-10-08 03:38:47,615 INFO o.a.j.t.JMeterThread: Thread finished: POST tickets (intake) 1-20
2026-10-08 03:38:55,756 INFO o.a.j.t.JMeterThread: Thread started: GET search (agents) 2-54
2026-10-08 03:38:55,917 INFO o.a.j.t.JMeterThread: Thread is done: GET search (agents) 2-54
2026-10-08 03:38:55,917 INFO o.a.j.t.JMeterThread: Thread finished: GET search (agents) 2-54
2026-10-08 03:39:29,126 INFO o.a.j.t.JMeterThread: Thread started: GET search (agents) 2-55
2026-10-08 03:39:29,195 INFO o.a.j.t.JMeterThread: Thread is done: GET search (agents) 2-55
2026-10-08 03:39:29,195 INFO o.a.j.t.JMeterThread: Thread finished: GET search (agents) 2-55
2026-10-08 03:39:40,250 INFO o.a.j.t.JMeterThread: Thread started: GET search (agents) 2-56
2026-10-08 03:39:40,341 INFO o.a.j.t.JMeterThread: Thread is done: GET search (agents) 2-56
2026-10-08 03:39:40,341 INFO o.a.j.t.JMeterThread: Thread finished: GET search (agents) 2-56
2026-10-08 03:39:42,363 INFO o.a.j.t.JMeterThread: Thread started: GET search (agents) 2-57
2026-10-08 03:39:42,404 INFO o.a.j.t.JMeterThread: Thread is done: GET search (agents) 2-57
2026-10-08 03:39:42,404 INFO o.a.j.t.JMeterThread: Thread finished: GET search (agents) 2-57
2026-10-08 03:39:44,857 INFO o.a.j.t.JMeterThread: Thread started: GET search (agents) 2-58
2026-10-08 03:39:44,912 INFO o.a.j.t.JMeterThread: Thread is done: GET search (agents) 2-58
2026-10-08 03:39:44,912 INFO o.a.j.t.JMeterThread: Thread finished: GET search (agents) 2-58
2026-10-08 03:39:49,549 INFO o.a.j.t.JMeterThread: Thread started: POST tickets (intake) 1-21
2026-10-08 03:39:50,741 INFO o.a.j.t.JMeterThread: Thread is done: POST tickets (intake) 1-21
2026-10-08 03:39:50,741 INFO o.a.j.t.JMeterThread: Thread finished: POST tickets (intake) 1-21
2026-10-08 03:39:55,141 INFO o.a.j.t.JMeterThread: Thread started: POST tickets (intake) 1-22
2026-10-08 03:39:57,611 INFO o.a.j.t.JMeterThread: Thread is done: POST tickets (intake) 1-22
2026-10-08 03:39:57,611 INFO o.a.j.t.JMeterThread: Thread finished: POST tickets (intake) 1-22
2026-10-08 03:40:07,145 INFO o.a.j.t.JMeterThread: Thread started: POST tickets (intake) 1-23
2026-10-08 03:40:08,314 INFO o.a.j.t.JMeterThread: Thread is done: POST tickets (intake) 1-23
2026-10-08 03:40:08,314 INFO o.a.j.t.JMeterThread: Thread finished: POST tickets (intake) 1-23
2026-10-08 03:40:17,687 INFO o.a.j.t.JMeterThread: Thread started: GET search (agents) 2-59
2026-10-08 03:40:17,713 INFO o.a.j.t.JMeterThread: Thread is done: GET search (agents) 2-59
2026-10-08 03:40:17,713 INFO o.a.j.t.JMeterThread: Thread finished: GET search (agents) 2-59
2026-10-08 03:40:20,690 INFO o.a.j.t.JMeterThread: Thread started: GET search (agents) 2-60
2026-10-08 03:40:20,707 INFO o.a.j.t.JMeterThread: Thread is done: GET search (agents) 2-60
2026-10-08 03:40:20,707 INFO o.a.j.t.JMeterThread: Thread finished: GET search (agents) 2-60
2026-10-08 03:40:25,249 INFO o.a.j.t.JMeterThread: Thread started: GET search (agents) 2-61
2026-10-08 03:40:25,286 INFO o.a.j.t.JMeterThread: Thread is done: GET search (agents) 2-61
2026-10-08 03:40:25,286 INFO o.a.j.t.JMeterThread: Thread finished: GET search (agents) 2-61
2026-10-08 03:40:34,456 INFO o.a.j.t.JMeterThread: Thread started: GET search (agents) 2-62
2026-10-08 03:40:34,712 INFO o.a.j.r.Summariser: summary +     16 in 00:01:59 =    0.1/s Avg:   472 Min:    15 Max:  2469 Err:     0 (0.00%) Active: 1 Started: 85 Finished: 84
2026-10-08 03:40:34,713 INFO o.a.j.r.Summariser: summary =     85 in 00:12:32 =    0.1/s Avg:   511 Min:    15 Max:  3273 Err:     3 (3.53%)
2026-10-08 03:40:34,713 INFO o.a.j.t.JMeterThread: Thread is done: GET search (agents) 2-62
2026-10-08 03:40:34,713 INFO o.a.j.t.JMeterThread: Thread finished: GET search (agents) 2-62
2026-10-08 03:40:36,955 INFO o.a.j.t.JMeterThread: Thread started: POST tickets (intake) 1-24
2026-10-08 03:40:38,470 INFO o.a.j.t.JMeterThread: Thread started: GET search (agents) 2-63
2026-10-08 03:40:38,491 INFO o.a.j.t.JMeterThread: Thread is done: POST tickets (intake) 1-24
2026-10-08 03:40:38,491 INFO o.a.j.t.JMeterThread: Thread finished: POST tickets (intake) 1-24
2026-10-08 03:40:38,498 INFO o.a.j.t.JMeterThread: Thread is done: GET search (agents) 2-63
2026-10-08 03:40:38,498 INFO o.a.j.t.JMeterThread: Thread finished: GET search (agents) 2-63
2026-10-08 03:40:55,678 INFO o.a.j.t.JMeterThread: Thread started: GET search (agents) 2-64
2026-10-08 03:40:55,726 INFO o.a.j.t.JMeterThread: Thread is done: GET search (agents) 2-64
2026-10-08 03:40:55,726 INFO o.a.j.t.JMeterThread: Thread finished: GET search (agents) 2-64
2026-10-08 03:41:10,732 INFO o.a.j.t.JMeterThread: Thread started: GET search (agents) 2-65
2026-10-08 03:41:10,767 INFO o.a.j.t.JMeterThread: Thread is done: GET search (agents) 2-65
2026-10-08 03:41:10,767 INFO o.a.j.t.JMeterThread: Thread finished: GET search (agents) 2-65
2026-10-08 03:41:30,732 INFO o.a.j.t.JMeterThread: Thread started: GET search (agents) 2-66
2026-10-08 03:41:30,838 INFO o.a.j.r.Summariser: summary +      5 in 00:00:56 =    0.1/s Avg:   349 Min:    28 Max:  1535 Err:     0 (0.00%) Active: 1 Started: 90 Finished: 89
2026-10-08 03:41:30,839 INFO o.a.j.r.Summariser: summary =     90 in 00:13:28 =    0.1/s Avg:   502 Min:    15 Max:  3273 Err:     3 (3.33%)
2026-10-08 03:41:30,839 INFO o.a.j.t.JMeterThread: Thread is done: GET search (agents) 2-66
2026-10-08 03:41:30,839 INFO o.a.j.t.JMeterThread: Thread finished: GET search (agents) 2-66
2026-10-08 03:41:45,564 INFO o.a.j.t.JMeterThread: Thread started: GET search (agents) 2-67
2026-10-08 03:41:45,587 INFO o.a.j.t.JMeterThread: Thread is done: GET search (agents) 2-67
2026-10-08 03:41:45,587 INFO o.a.j.t.JMeterThread: Thread finished: GET search (agents) 2-67
2026-10-08 03:41:47,036 INFO o.a.j.t.JMeterThread: Thread started: GET search (agents) 2-68
2026-10-08 03:41:47,080 INFO o.a.j.t.JMeterThread: Thread is done: GET search (agents) 2-68
2026-10-08 03:41:47,080 INFO o.a.j.t.JMeterThread: Thread finished: GET search (agents) 2-68
2026-10-08 03:41:49,812 INFO o.a.j.t.JMeterThread: Thread started: GET search (agents) 2-69
2026-10-08 03:41:49,859 INFO o.a.j.t.JMeterThread: Thread is done: GET search (agents) 2-69
2026-10-08 03:41:49,859 INFO o.a.j.t.JMeterThread: Thread finished: GET search (agents) 2-69
2026-10-08 03:41:59,505 INFO o.a.j.t.JMeterThread: Thread started: GET search (agents) 2-70
2026-10-08 03:41:59,527 INFO o.a.j.t.JMeterThread: Thread is done: GET search (agents) 2-70
2026-10-08 03:41:59,527 INFO o.a.j.t.JMeterThread: Thread finished: GET search (agents) 2-70
2026-10-08 03:42:10,718 INFO o.a.j.t.JMeterThread: Thread started: GET search (agents) 2-71
2026-10-08 03:42:10,763 INFO o.a.j.t.JMeterThread: Thread is done: GET search (agents) 2-71
2026-10-08 03:42:10,763 INFO o.a.j.t.JMeterThread: Thread finished: GET search (agents) 2-71
2026-10-08 03:42:31,222 INFO o.a.j.t.JMeterThread: Thread started: GET search (agents) 2-72
2026-10-08 03:42:31,245 INFO o.a.j.r.Summariser: summary +      6 in 00:01:00 =    0.1/s Avg:    33 Min:    22 Max:    46 Err:     0 (0.00%) Active: 1 Started: 96 Finished: 95
2026-10-08 03:42:31,246 INFO o.a.j.r.Summariser: summary =     96 in 00:14:29 =    0.1/s Avg:   472 Min:    15 Max:  3273 Err:     3 (3.12%)
2026-10-08 03:42:31,246 INFO o.a.j.t.JMeterThread: Thread is done: GET search (agents) 2-72
2026-10-08 03:42:31,246 INFO o.a.j.t.JMeterThread: Thread finished: GET search (agents) 2-72
2026-10-08 03:42:33,971 INFO o.a.j.t.JMeterThread: Thread started: POST tickets (intake) 1-25
2026-10-08 03:42:36,372 INFO o.a.j.t.JMeterThread: Thread is done: POST tickets (intake) 1-25
2026-10-08 03:42:36,372 INFO o.a.j.t.JMeterThread: Thread finished: POST tickets (intake) 1-25
2026-10-08 03:43:11,257 INFO o.a.j.t.JMeterThread: Thread started: GET search (agents) 2-73
2026-10-08 03:43:11,283 INFO o.a.j.t.JMeterThread: Thread is done: GET search (agents) 2-73
2026-10-08 03:43:11,283 INFO o.a.j.t.JMeterThread: Thread finished: GET search (agents) 2-73
2026-10-08 03:43:14,179 INFO o.a.j.t.JMeterThread: Thread started: POST tickets (intake) 1-26
2026-10-08 03:43:15,960 INFO o.a.j.t.JMeterThread: Thread is done: POST tickets (intake) 1-26
2026-10-08 03:43:15,960 INFO o.a.j.t.JMeterThread: Thread finished: POST tickets (intake) 1-26
2026-10-08 03:43:38,252 INFO o.a.j.t.JMeterThread: Thread started: GET search (agents) 2-74
2026-10-08 03:43:38,304 INFO o.a.j.t.JMeterThread: Thread is done: GET search (agents) 2-74
2026-10-08 03:43:38,304 INFO o.a.j.t.JMeterThread: Thread finished: GET search (agents) 2-74
2026-10-08 03:43:44,962 INFO o.a.j.t.JMeterThread: Thread started: GET search (agents) 2-75
2026-10-08 03:43:44,990 INFO o.a.j.t.JMeterThread: Thread is done: GET search (agents) 2-75
2026-10-08 03:43:44,990 INFO o.a.j.t.JMeterThread: Thread finished: GET search (agents) 2-75
2026-10-08 03:43:55,520 INFO o.a.j.t.JMeterThread: Thread started: GET search (agents) 2-76
2026-10-08 03:43:55,582 INFO o.a.j.t.JMeterThread: Thread is done: GET search (agents) 2-76
2026-10-08 03:43:55,582 INFO o.a.j.t.JMeterThread: Thread finished: GET search (agents) 2-76
2026-10-08 03:44:07,345 INFO o.a.j.t.JMeterThread: Thread started: POST tickets (intake) 1-27
2026-10-08 03:44:10,561 INFO o.a.j.t.JMeterThread: Thread is done: POST tickets (intake) 1-27
2026-10-08 03:44:10,561 INFO o.a.j.t.JMeterThread: Thread finished: POST tickets (intake) 1-27
2026-10-08 03:44:15,667 INFO o.a.j.t.JMeterThread: Thread started: GET search (agents) 2-77
2026-10-08 03:44:15,687 INFO o.a.j.t.JMeterThread: Thread is done: GET search (agents) 2-77
2026-10-08 03:44:15,687 INFO o.a.j.t.JMeterThread: Thread finished: GET search (agents) 2-77
2026-10-08 03:44:25,332 INFO o.a.j.t.JMeterThread: Thread started: GET search (agents) 2-78
2026-10-08 03:44:25,431 INFO o.a.j.t.JMeterThread: Thread is done: GET search (agents) 2-78
2026-10-08 03:44:25,431 INFO o.a.j.t.JMeterThread: Thread finished: GET search (agents) 2-78
2026-10-08 03:44:29,525 INFO o.a.j.t.JMeterThread: Thread started: POST tickets (intake) 1-28
2026-10-08 03:44:30,340 INFO o.a.j.r.Summariser: summary +     10 in 00:01:59 =    0.1/s Avg:   849 Min:    18 Max:  3215 Err:     1 (10.00%) Active: 1 Started: 106 Finished: 105
2026-10-08 03:44:30,341 INFO o.a.j.r.Summariser: summary =    106 in 00:16:28 =    0.1/s Avg:   508 Min:    15 Max:  3273 Err:     4 (3.77%)
2026-10-08 03:44:30,341 INFO o.a.j.t.JMeterThread: Thread is done: POST tickets (intake) 1-28
2026-10-08 03:44:30,341 INFO o.a.j.t.JMeterThread: Thread finished: POST tickets (intake) 1-28
2026-10-08 03:44:32,981 INFO o.a.j.t.JMeterThread: Thread started: GET search (agents) 2-79
2026-10-08 03:44:33,017 INFO o.a.j.t.JMeterThread: Thread is done: GET search (agents) 2-79
2026-10-08 03:44:33,017 INFO o.a.j.t.JMeterThread: Thread finished: GET search (agents) 2-79
2026-10-08 03:44:42,778 INFO o.a.j.t.JMeterThread: Thread started: GET search (agents) 2-80
2026-10-08 03:44:42,823 INFO o.a.j.t.JMeterThread: Thread is done: GET search (agents) 2-80
2026-10-08 03:44:42,823 INFO o.a.j.t.JMeterThread: Thread finished: GET search (agents) 2-80
2026-10-08 03:44:49,971 INFO o.a.j.t.JMeterThread: Thread started: GET search (agents) 2-81
2026-10-08 03:44:50,016 INFO o.a.j.t.JMeterThread: Thread is done: GET search (agents) 2-81
2026-10-08 03:44:50,016 INFO o.a.j.t.JMeterThread: Thread finished: GET search (agents) 2-81
2026-10-08 03:44:56,319 INFO o.a.j.t.JMeterThread: Thread started: POST tickets (intake) 1-29
2026-10-08 03:44:57,667 INFO o.a.j.t.JMeterThread: Thread is done: POST tickets (intake) 1-29
2026-10-08 03:44:57,667 INFO o.a.j.t.JMeterThread: Thread finished: POST tickets (intake) 1-29
2026-10-08 03:44:57,703 INFO o.a.j.t.JMeterThread: Thread started: GET search (agents) 2-82
2026-10-08 03:44:57,797 INFO o.a.j.t.JMeterThread: Thread is done: GET search (agents) 2-82
2026-10-08 03:44:57,797 INFO o.a.j.t.JMeterThread: Thread finished: GET search (agents) 2-82
2026-10-08 03:45:01,871 INFO o.a.j.t.JMeterThread: Thread started: GET search (agents) 2-83
2026-10-08 03:45:01,896 INFO o.a.j.r.Summariser: summary +      6 in 00:00:32 =    0.2/s Avg:   264 Min:    23 Max:  1346 Err:     0 (0.00%) Active: 1 Started: 112 Finished: 111
2026-10-08 03:45:01,896 INFO o.a.j.r.Summariser: summary =    112 in 00:16:59 =    0.1/s Avg:   495 Min:    15 Max:  3273 Err:     4 (3.57%)
2026-10-08 03:45:01,896 INFO o.a.j.t.JMeterThread: Thread is done: GET search (agents) 2-83
2026-10-08 03:45:01,896 INFO o.a.j.t.JMeterThread: Thread finished: GET search (agents) 2-83
2026-10-08 03:45:03,776 INFO o.a.j.t.JMeterThread: Thread started: GET search (agents) 2-84
2026-10-08 03:45:03,823 INFO o.a.j.t.JMeterThread: Thread is done: GET search (agents) 2-84
2026-10-08 03:45:03,823 INFO o.a.j.t.JMeterThread: Thread finished: GET search (agents) 2-84
2026-10-08 03:45:06,795 INFO o.a.j.t.JMeterThread: Thread started: GET search (agents) 2-85
2026-10-08 03:45:06,813 INFO o.a.j.t.JMeterThread: Thread is done: GET search (agents) 2-85
2026-10-08 03:45:06,813 INFO o.a.j.t.JMeterThread: Thread finished: GET search (agents) 2-85
2026-10-08 03:45:45,415 INFO o.a.j.t.JMeterThread: Thread started: GET search (agents) 2-86
2026-10-08 03:45:45,523 INFO o.a.j.t.JMeterThread: Thread is done: GET search (agents) 2-86
2026-10-08 03:45:45,523 INFO o.a.j.t.JMeterThread: Thread finished: GET search (agents) 2-86
2026-10-08 03:45:47,157 INFO o.a.j.t.JMeterThread: Thread started: POST tickets (intake) 1-30
2026-10-08 03:45:48,395 INFO o.a.j.t.JMeterThread: Thread started: GET search (agents) 2-87
2026-10-08 03:45:48,498 INFO o.a.j.t.JMeterThread: Thread is done: GET search (agents) 2-87
2026-10-08 03:45:48,498 INFO o.a.j.t.JMeterThread: Thread finished: GET search (agents) 2-87
2026-10-08 03:45:49,822 INFO o.a.j.t.JMeterThread: Thread is done: POST tickets (intake) 1-30
2026-10-08 03:45:49,823 INFO o.a.j.t.JMeterThread: Thread finished: POST tickets (intake) 1-30
2026-10-08 03:45:53,096 INFO o.a.j.t.JMeterThread: Thread started: POST tickets (intake) 1-31
2026-10-08 03:45:53,602 INFO o.a.j.t.JMeterThread: Thread started: GET search (agents) 2-88
2026-10-08 03:45:53,691 INFO o.a.j.t.JMeterThread: Thread is done: GET search (agents) 2-88
2026-10-08 03:45:53,691 INFO o.a.j.t.JMeterThread: Thread finished: GET search (agents) 2-88
2026-10-08 03:45:55,155 INFO o.a.j.t.JMeterThread: Thread started: GET search (agents) 2-89
2026-10-08 03:45:55,186 INFO o.a.j.t.JMeterThread: Thread is done: POST tickets (intake) 1-31
2026-10-08 03:45:55,186 INFO o.a.j.t.JMeterThread: Thread finished: POST tickets (intake) 1-31
2026-10-08 03:45:55,255 INFO o.a.j.t.JMeterThread: Thread is done: GET search (agents) 2-89
2026-10-08 03:45:55,255 INFO o.a.j.t.JMeterThread: Thread finished: GET search (agents) 2-89
2026-10-08 03:46:15,187 INFO o.a.j.t.JMeterThread: Thread started: GET search (agents) 2-90
2026-10-08 03:46:15,205 INFO o.a.j.t.JMeterThread: Thread is done: GET search (agents) 2-90
2026-10-08 03:46:15,205 INFO o.a.j.t.JMeterThread: Thread finished: GET search (agents) 2-90
2026-10-08 03:46:16,147 INFO o.a.j.t.JMeterThread: Thread started: GET search (agents) 2-91
2026-10-08 03:46:16,222 INFO o.a.j.t.JMeterThread: Thread is done: GET search (agents) 2-91
2026-10-08 03:46:16,222 INFO o.a.j.t.JMeterThread: Thread finished: GET search (agents) 2-91
2026-10-08 03:46:18,615 INFO o.a.j.t.JMeterThread: Thread started: GET search (agents) 2-92
2026-10-08 03:46:18,694 INFO o.a.j.t.JMeterThread: Thread is done: GET search (agents) 2-92
2026-10-08 03:46:18,694 INFO o.a.j.t.JMeterThread: Thread finished: GET search (agents) 2-92
2026-10-08 03:46:43,021 INFO o.a.j.t.JMeterThread: Thread started: GET search (agents) 2-93
2026-10-08 03:46:43,076 INFO o.a.j.t.JMeterThread: Thread is done: GET search (agents) 2-93
2026-10-08 03:46:43,076 INFO o.a.j.t.JMeterThread: Thread finished: GET search (agents) 2-93
2026-10-08 03:46:55,097 INFO o.a.j.t.JMeterThread: Thread started: GET search (agents) 2-94
2026-10-08 03:46:55,141 INFO o.a.j.t.JMeterThread: Thread is done: GET search (agents) 2-94
2026-10-08 03:46:55,141 INFO o.a.j.t.JMeterThread: Thread finished: GET search (agents) 2-94
2026-10-08 03:46:56,608 INFO o.a.j.t.JMeterThread: Thread started: GET search (agents) 2-95
2026-10-08 03:46:56,641 INFO o.a.j.t.JMeterThread: Thread is done: GET search (agents) 2-95
2026-10-08 03:46:56,641 INFO o.a.j.t.JMeterThread: Thread finished: GET search (agents) 2-95
2026-10-08 03:47:03,547 INFO o.a.j.t.JMeterThread: Thread started: GET search (agents) 2-96
2026-10-08 03:47:03,669 INFO o.a.j.r.Summariser: summary +     15 in 00:02:02 =    0.1/s Avg:   375 Min:    17 Max:  2665 Err:     0 (0.00%) Active: 1 Started: 127 Finished: 126
2026-10-08 03:47:03,669 INFO o.a.j.r.Summariser: summary =    127 in 00:19:01 =    0.1/s Avg:   481 Min:    15 Max:  3273 Err:     4 (3.15%)
2026-10-08 03:47:03,669 INFO o.a.j.t.JMeterThread: Thread is done: GET search (agents) 2-96
2026-10-08 03:47:03,669 INFO o.a.j.t.JMeterThread: Thread finished: GET search (agents) 2-96
2026-10-08 03:47:05,078 INFO o.a.j.t.JMeterThread: Thread started: GET search (agents) 2-97
2026-10-08 03:47:05,096 INFO o.a.j.t.JMeterThread: Thread is done: GET search (agents) 2-97
2026-10-08 03:47:05,096 INFO o.a.j.t.JMeterThread: Thread finished: GET search (agents) 2-97
2026-10-08 03:47:09,486 INFO o.a.j.t.JMeterThread: Thread started: GET search (agents) 2-98
2026-10-08 03:47:09,560 INFO o.a.j.t.JMeterThread: Thread is done: GET search (agents) 2-98
2026-10-08 03:47:09,560 INFO o.a.j.t.JMeterThread: Thread finished: GET search (agents) 2-98
2026-10-08 03:47:14,271 INFO o.a.j.t.JMeterThread: Thread started: GET search (agents) 2-99
2026-10-08 03:47:14,308 INFO o.a.j.t.JMeterThread: Thread is done: GET search (agents) 2-99
2026-10-08 03:47:14,308 INFO o.a.j.t.JMeterThread: Thread finished: GET search (agents) 2-99
2026-10-08 03:47:20,699 INFO o.a.j.t.JMeterThread: Thread started: GET search (agents) 2-100
2026-10-08 03:47:20,738 INFO o.a.j.t.JMeterThread: Thread is done: GET search (agents) 2-100
2026-10-08 03:47:20,738 INFO o.a.j.t.JMeterThread: Thread finished: GET search (agents) 2-100
2026-10-08 03:47:25,417 INFO o.a.j.t.JMeterThread: Thread started: GET search (agents) 2-101
2026-10-08 03:47:25,459 INFO o.a.j.t.JMeterThread: Thread is done: GET search (agents) 2-101
2026-10-08 03:47:25,459 INFO o.a.j.t.JMeterThread: Thread finished: GET search (agents) 2-101
2026-10-08 03:47:32,306 INFO o.a.j.t.JMeterThread: Thread started: GET search (agents) 2-102
2026-10-08 03:47:32,366 INFO o.a.j.r.Summariser: summary +      6 in 00:00:29 =    0.2/s Avg:    43 Min:    16 Max:    74 Err:     0 (0.00%) Active: 1 Started: 133 Finished: 132
2026-10-08 03:47:32,366 INFO o.a.j.r.Summariser: summary =    133 in 00:19:30 =    0.1/s Avg:   461 Min:    15 Max:  3273 Err:     4 (3.01%)
2026-10-08 03:47:32,366 INFO o.a.j.t.JMeterThread: Thread is done: GET search (agents) 2-102
2026-10-08 03:47:32,366 INFO o.a.j.t.JMeterThread: Thread finished: GET search (agents) 2-102
2026-10-08 03:47:37,953 INFO o.a.j.t.JMeterThread: Thread started: POST tickets (intake) 1-32
2026-10-08 03:47:42,504 INFO o.a.j.t.JMeterThread: Thread is done: POST tickets (intake) 1-32
2026-10-08 03:47:42,504 INFO o.a.j.t.JMeterThread: Thread finished: POST tickets (intake) 1-32
2026-10-08 03:47:50,674 INFO o.a.j.t.JMeterThread: Thread started: GET search (agents) 2-103
2026-10-08 03:47:50,761 INFO o.a.j.t.JMeterThread: Thread is done: GET search (agents) 2-103
2026-10-08 03:47:50,762 INFO o.a.j.t.JMeterThread: Thread finished: GET search (agents) 2-103
2026-10-08 03:48:00,501 INFO o.a.j.t.JMeterThread: Thread started: GET search (agents) 2-104
2026-10-08 03:48:00,569 INFO o.a.j.r.Summariser: summary +      3 in 00:00:28 =    0.1/s Avg:  1567 Min:    67 Max:  4549 Err:     0 (0.00%) Active: 1 Started: 136 Finished: 135
2026-10-08 03:48:00,569 INFO o.a.j.r.Summariser: summary =    136 in 00:19:58 =    0.1/s Avg:   485 Min:    15 Max:  4549 Err:     4 (2.94%)
2026-10-08 03:48:00,569 INFO o.a.j.t.JMeterThread: Thread is done: GET search (agents) 2-104
2026-10-08 03:48:00,569 INFO o.a.j.t.JMeterThread: Thread finished: GET search (agents) 2-104
2026-10-08 03:48:03,914 INFO o.a.j.t.JMeterThread: Thread started: POST tickets (intake) 1-33
2026-10-08 03:48:05,476 INFO o.a.j.t.JMeterThread: Thread is done: POST tickets (intake) 1-33
2026-10-08 03:48:05,476 INFO o.a.j.t.JMeterThread: Thread finished: POST tickets (intake) 1-33
2026-10-08 03:48:05,849 INFO o.a.j.t.JMeterThread: Thread started: GET search (agents) 2-105
2026-10-08 03:48:05,914 INFO o.a.j.t.JMeterThread: Thread is done: GET search (agents) 2-105
2026-10-08 03:48:05,914 INFO o.a.j.t.JMeterThread: Thread finished: GET search (agents) 2-105
2026-10-08 03:48:11,550 INFO o.a.j.t.JMeterThread: Thread started: GET search (agents) 2-106
2026-10-08 03:48:11,682 INFO o.a.j.t.JMeterThread: Thread is done: GET search (agents) 2-106
2026-10-08 03:48:11,682 INFO o.a.j.t.JMeterThread: Thread finished: GET search (agents) 2-106
2026-10-08 03:48:37,848 INFO o.a.j.t.JMeterThread: Thread started: GET search (agents) 2-107
2026-10-08 03:48:37,865 INFO o.a.j.t.JMeterThread: Thread is done: GET search (agents) 2-107
2026-10-08 03:48:37,865 INFO o.a.j.t.JMeterThread: Thread finished: GET search (agents) 2-107
2026-10-08 03:48:45,101 INFO o.a.j.t.JMeterThread: Thread started: GET search (agents) 2-108
2026-10-08 03:48:45,127 INFO o.a.j.t.JMeterThread: Thread is done: GET search (agents) 2-108
2026-10-08 03:48:45,127 INFO o.a.j.t.JMeterThread: Thread finished: GET search (agents) 2-108
2026-10-08 03:48:47,331 INFO o.a.j.t.JMeterThread: Thread started: POST tickets (intake) 1-34
2026-10-08 03:48:48,595 INFO o.a.j.t.JMeterThread: Thread is done: POST tickets (intake) 1-34
2026-10-08 03:48:48,596 INFO o.a.j.t.JMeterThread: Thread finished: POST tickets (intake) 1-34
2026-10-08 03:48:50,301 INFO o.a.j.t.JMeterThread: Thread started: POST tickets (intake) 1-35
2026-10-08 03:48:51,454 INFO o.a.j.t.JMeterThread: Thread is done: POST tickets (intake) 1-35
2026-10-08 03:48:51,455 INFO o.a.j.t.JMeterThread: Thread finished: POST tickets (intake) 1-35
2026-10-08 03:48:56,611 INFO o.a.j.t.JMeterThread: Thread started: GET search (agents) 2-109
2026-10-08 03:48:56,748 INFO o.a.j.t.JMeterThread: Thread is done: GET search (agents) 2-109
2026-10-08 03:48:56,749 INFO o.a.j.t.JMeterThread: Thread finished: GET search (agents) 2-109
2026-10-08 03:49:11,147 INFO o.a.j.t.JMeterThread: Thread started: POST tickets (intake) 1-36
2026-10-08 03:49:12,506 INFO o.a.j.t.JMeterThread: Thread is done: POST tickets (intake) 1-36
2026-10-08 03:49:12,506 INFO o.a.j.t.JMeterThread: Thread finished: POST tickets (intake) 1-36
2026-10-08 03:49:16,283 INFO o.a.j.t.JMeterThread: Thread started: GET search (agents) 2-110
2026-10-08 03:49:16,411 INFO o.a.j.t.JMeterThread: Thread is done: GET search (agents) 2-110
2026-10-08 03:49:16,412 INFO o.a.j.t.JMeterThread: Thread finished: GET search (agents) 2-110
2026-10-08 03:49:21,074 INFO o.a.j.t.JMeterThread: Thread started: GET search (agents) 2-111
2026-10-08 03:49:21,159 INFO o.a.j.t.JMeterThread: Thread is done: GET search (agents) 2-111
2026-10-08 03:49:21,159 INFO o.a.j.t.JMeterThread: Thread finished: GET search (agents) 2-111
2026-10-08 03:49:32,666 INFO o.a.j.t.JMeterThread: Thread started: POST tickets (intake) 1-37
2026-10-08 03:49:34,473 INFO o.a.j.r.Summariser: summary +     12 in 00:01:34 =    0.1/s Avg:   643 Min:    16 Max:  1805 Err:     2 (16.67%) Active: 1 Started: 148 Finished: 147
2026-10-08 03:49:34,473 INFO o.a.j.r.Summariser: summary =    148 in 00:21:32 =    0.1/s Avg:   498 Min:    15 Max:  4549 Err:     6 (4.05%)
2026-10-08 03:49:34,474 INFO o.a.j.t.JMeterThread: Thread is done: POST tickets (intake) 1-37
2026-10-08 03:49:34,474 INFO o.a.j.t.JMeterThread: Thread finished: POST tickets (intake) 1-37
2026-10-08 03:49:40,378 INFO o.a.j.t.JMeterThread: Thread started: GET search (agents) 2-112
2026-10-08 03:49:40,432 INFO o.a.j.t.JMeterThread: Thread is done: GET search (agents) 2-112
2026-10-08 03:49:40,432 INFO o.a.j.t.JMeterThread: Thread finished: GET search (agents) 2-112
2026-10-08 03:49:42,175 INFO o.a.j.t.JMeterThread: Thread started: GET search (agents) 2-113
2026-10-08 03:49:42,238 INFO o.a.j.t.JMeterThread: Thread is done: GET search (agents) 2-113
2026-10-08 03:49:42,238 INFO o.a.j.t.JMeterThread: Thread finished: GET search (agents) 2-113
2026-10-08 03:49:57,281 INFO o.a.j.t.JMeterThread: Thread started: GET search (agents) 2-114
2026-10-08 03:49:57,319 INFO o.a.j.t.JMeterThread: Thread is done: GET search (agents) 2-114
2026-10-08 03:49:57,319 INFO o.a.j.t.JMeterThread: Thread finished: GET search (agents) 2-114
2026-10-08 03:49:59,507 INFO o.a.j.t.JMeterThread: Thread started: GET search (agents) 2-115
2026-10-08 03:49:59,507 INFO o.a.j.t.o.EvenArrivalsRamp: Generating 0 events, beginRate = 0.0 / sec, endRate = 0.0 / sec, duration = 60.0 sec
2026-10-08 03:49:59,507 INFO o.a.j.t.o.OpenModelThreadGroup: There will be no more events, so will wait for 62 sec till the end of the schedule
2026-10-08 03:49:59,572 INFO o.a.j.t.JMeterThread: Thread is done: GET search (agents) 2-115
2026-10-08 03:49:59,572 INFO o.a.j.t.JMeterThread: Thread finished: GET search (agents) 2-115
2026-10-08 03:50:01,222 INFO o.a.j.t.o.EvenArrivalsRamp: Generating 0 events, beginRate = 0.0 / sec, endRate = 0.0 / sec, duration = 60.0 sec
2026-10-08 03:50:01,222 INFO o.a.j.t.JMeterThread: Thread started: POST tickets (intake) 1-38
2026-10-08 03:50:01,222 INFO o.a.j.t.o.OpenModelThreadGroup: There will be no more events, so will wait for 61 sec till the end of the schedule
2026-10-08 03:50:03,994 INFO o.a.j.r.Summariser: summary +      5 in 00:00:30 =    0.2/s Avg:   597 Min:    37 Max:  2772 Err:     0 (0.00%) Active: 1 Started: 153 Finished: 152
2026-10-08 03:50:03,994 INFO o.a.j.r.Summariser: summary =    153 in 00:22:02 =    0.1/s Avg:   501 Min:    15 Max:  4549 Err:     6 (3.92%)
2026-10-08 03:50:03,994 INFO o.a.j.t.JMeterThread: Thread is done: POST tickets (intake) 1-38
2026-10-08 03:50:03,994 INFO o.a.j.t.JMeterThread: Thread finished: POST tickets (intake) 1-38
2026-10-08 03:51:02,348 INFO o.a.j.t.o.OpenModelThreadGroup: There will be no more events, will shutdown the thread pool
2026-10-08 03:51:02,348 INFO o.a.j.t.o.OpenModelThreadGroup: There will be no more events, will shutdown the thread pool
2026-10-08 03:51:02,348 INFO o.a.j.t.o.OpenModelThreadGroup: Thread starting done
2026-10-08 03:51:02,348 INFO o.a.j.t.o.OpenModelThreadGroup: Thread starting done
2026-10-08 03:51:02,349 INFO o.a.j.e.StandardJMeterEngine: Notifying test listeners of end of test
2026-10-08 03:51:02,349 INFO o.a.j.s.FileServer: Close: C:/Users/Administrator/Documents/GitHub/ICT3113_Assignment_1/step5/data/search_terms.csv
2026-10-08 03:51:02,349 INFO o.a.j.s.FileServer: Close: C:/Users/Administrator/Documents/GitHub/ICT3113_Assignment_1/step5/data/tickets_load.tsv
2026-10-08 03:51:02,349 INFO o.a.j.r.Summariser: summary =    153 in 00:23:00 =    0.1/s Avg:   501 Min:    15 Max:  4549 Err:     6 (3.92%)
