WARN StatusConsoleListener The use of package scanning to locate plugins is deprecated and will be removed in a future release
WARN StatusConsoleListener The use of package scanning to locate plugins is deprecated and will be removed in a future release
WARN StatusConsoleListener The use of package scanning to locate plugins is deprecated and will be removed in a future release
WARN StatusConsoleListener The use of package scanning to locate plugins is deprecated and will be removed in a future release
Creating summariser <summary>
Created the tree successfully using C:\Users\Administrator\Documents\GitHub\ICT3113_Assignment_1\step5\jmeter\ticket_triage.jmx
Starting standalone test @ 2026 Oct 8 00:57:47 SGT (1791392267540)
Waiting for possible Shutdown/StopTestNow/HeapDump/ThreadDump message on port 4445
summary +     12 in 00:03:13 =    0.1/s Avg:   422 Min:    12 Max:  2177 Err:     0 (0.00%) Active: 1 Started: 12 Finished: 11
summary +      5 in 00:02:03 =    0.0/s Avg:   827 Min:    49 Max:  2823 Err:     1 (20.00%) Active: 1 Started: 17 Finished: 16
summary =     17 in 00:05:16 =    0.1/s Avg:   541 Min:    12 Max:  2823 Err:     1 (5.88%)
summary +      8 in 00:02:59 =    0.0/s Avg:    37 Min:    17 Max:    53 Err:     0 (0.00%) Active: 1 Started: 25 Finished: 24
summary =     25 in 00:08:15 =    0.1/s Avg:   380 Min:    12 Max:  2823 Err:     1 (4.00%)
summary +      4 in 00:03:28 =    0.0/s Avg:    25 Min:    22 Max:    31 Err:     0 (0.00%) Active: 1 Started: 29 Finished: 28
summary =     29 in 00:11:42 =    0.0/s Avg:   331 Min:    12 Max:  2823 Err:     1 (3.45%)
summary +      2 in 00:00:33 =    0.1/s Avg:  2939 Min:    49 Max:  5829 Err:     0 (0.00%) Active: 1 Started: 31 Finished: 30
summary =     31 in 00:12:15 =    0.0/s Avg:   499 Min:    12 Max:  5829 Err:     1 (3.23%)
summary +     10 in 00:04:32 =    0.0/s Avg:   865 Min:    33 Max:  4882 Err:     0 (0.00%) Active: 1 Started: 41 Finished: 40
summary =     41 in 00:16:48 =    0.0/s Avg:   589 Min:    12 Max:  5829 Err:     1 (2.44%)
summary +     10 in 00:03:01 =    0.1/s Avg:  1195 Min:    26 Max:  5171 Err:     1 (10.00%) Active: 1 Started: 51 Finished: 50
summary =     51 in 00:19:48 =    0.0/s Avg:   707 Min:    12 Max:  5829 Err:     2 (3.92%)
summary +      4 in 00:00:54 =    0.1/s Avg:  1109 Min:    23 Max:  4347 Err:     0 (0.00%) Active: 1 Started: 55 Finished: 54
summary =     55 in 00:20:43 =    0.0/s Avg:   737 Min:    12 Max:  5829 Err:     2 (3.64%)
summary +      7 in 00:02:17 =    0.1/s Avg:   912 Min:    19 Max:  2634 Err:     1 (14.29%) Active: 0 Started: 62 Finished: 62
summary =     62 in 00:23:00 =    0.0/s Avg:   757 Min:    12 Max:  5829 Err:     3 (4.84%)
Tidying up ...    @ 2026 Oct 8 01:20:47 SGT (1791393647561)
... end of run
