2026-10-08 00:57:47,165 INFO o.a.j.u.JMeterUtils: Setting Locale to en_EN
2026-10-08 00:57:47,184 INFO o.a.j.JMeter: Loading user properties from: C:\tools\apache-jmeter-5.6.3\bin\user.properties
2026-10-08 00:57:47,184 INFO o.a.j.JMeter: Loading system properties from: C:\tools\apache-jmeter-5.6.3\bin\system.properties
2026-10-08 00:57:47,185 INFO o.a.j.JMeter: Loading additional properties from: C:\Users\Administrator\Documents\GitHub\ICT3113_Assignment_1\step5\results\gemma3-1b\average\run3\run.properties
2026-10-08 00:57:47,191 INFO o.a.j.JMeter: Copyright (c) 1998-2024 The Apache Software Foundation
2026-10-08 00:57:47,192 INFO o.a.j.JMeter: Version 5.6.3
2026-10-08 00:57:47,192 INFO o.a.j.JMeter: java.version=17.0.20.1
2026-10-08 00:57:47,192 INFO o.a.j.JMeter: java.vm.name=OpenJDK 64-Bit Server VM
2026-10-08 00:57:47,192 INFO o.a.j.JMeter: os.name=Windows 10
2026-10-08 00:57:47,192 INFO o.a.j.JMeter: os.arch=amd64
2026-10-08 00:57:47,192 INFO o.a.j.JMeter: os.version=10.0
2026-10-08 00:57:47,192 INFO o.a.j.JMeter: file.encoding=Cp1252
2026-10-08 00:57:47,192 INFO o.a.j.JMeter: java.awt.headless=true
2026-10-08 00:57:47,192 INFO o.a.j.JMeter: Max memory     =1073741824
2026-10-08 00:57:47,192 INFO o.a.j.JMeter: Available Processors =12
2026-10-08 00:57:47,201 INFO o.a.j.JMeter: Default Locale=English (EN)
2026-10-08 00:57:47,202 INFO o.a.j.JMeter: JMeter  Locale=English (EN)
2026-10-08 00:57:47,202 INFO o.a.j.JMeter: JMeterHome=C:\tools\apache-jmeter-5.6.3
2026-10-08 00:57:47,202 INFO o.a.j.JMeter: user.dir  =C:\Users\Administrator\Documents\GitHub\ICT3113_Assignment_1
2026-10-08 00:57:47,203 INFO o.a.j.JMeter: PWD       =C:\Users\Administrator\Documents\GitHub\ICT3113_Assignment_1
2026-10-08 00:57:47,204 INFO o.a.j.JMeter: IP: 100.111.72.66 Name: ITEMERROR-MSI-WISP FullName: itemerror-msi-wisp.taile944e3.ts.net.
2026-10-08 00:57:47,216 INFO o.a.j.s.FileServer: Default base='C:\Users\Administrator\Documents\GitHub\ICT3113_Assignment_1'
2026-10-08 00:57:47,218 INFO o.a.j.s.FileServer: Set new base='C:\Users\Administrator\Documents\GitHub\ICT3113_Assignment_1\step5\jmeter'
2026-10-08 00:57:47,409 INFO o.a.j.s.SaveService: Testplan (JMX) version: 2.2. Testlog (JTL) version: 2.2
2026-10-08 00:57:47,439 INFO o.a.j.s.SaveService: Using SaveService properties version 5.0
2026-10-08 00:57:47,442 INFO o.a.j.s.SaveService: Using SaveService properties file encoding UTF-8
2026-10-08 00:57:47,446 INFO o.a.j.s.SaveService: Loading file: C:\Users\Administrator\Documents\GitHub\ICT3113_Assignment_1\step5\jmeter\ticket_triage.jmx
2026-10-08 00:57:47,505 INFO o.a.j.p.h.s.HTTPSamplerBase: Parser for text/html is org.apache.jmeter.protocol.http.parser.LagartoBasedHtmlParser
2026-10-08 00:57:47,506 INFO o.a.j.p.h.s.HTTPSamplerBase: Parser for application/xhtml+xml is org.apache.jmeter.protocol.http.parser.LagartoBasedHtmlParser
2026-10-08 00:57:47,506 INFO o.a.j.p.h.s.HTTPSamplerBase: Parser for application/xml is org.apache.jmeter.protocol.http.parser.LagartoBasedHtmlParser
2026-10-08 00:57:47,506 INFO o.a.j.p.h.s.HTTPSamplerBase: Parser for text/xml is org.apache.jmeter.protocol.http.parser.LagartoBasedHtmlParser
2026-10-08 00:57:47,506 INFO o.a.j.p.h.s.HTTPSamplerBase: Parser for text/vnd.wap.wml is org.apache.jmeter.protocol.http.parser.RegexpHTMLParser
2026-10-08 00:57:47,506 INFO o.a.j.p.h.s.HTTPSamplerBase: Parser for text/css is org.apache.jmeter.protocol.http.parser.CssParser
2026-10-08 00:57:47,527 INFO o.a.j.JMeter: Creating summariser <summary>
2026-10-08 00:57:47,554 INFO o.a.j.e.StandardJMeterEngine: Running the test!
2026-10-08 00:57:47,555 INFO o.a.j.s.SampleEvent: List of sample_variables: [reqid, row]
2026-10-08 00:57:47,555 INFO o.a.j.s.SampleEvent: List of sample_variables: [reqid, row]
2026-10-08 00:57:47,560 INFO o.a.j.e.u.CompoundVariable: Note: Function class names must contain the string: '.functions.'
2026-10-08 00:57:47,561 INFO o.a.j.e.u.CompoundVariable: Note: Function class names must not contain the string: '.gui.'
2026-10-08 00:57:47,640 INFO o.a.j.JMeter: Running test (1791392267640)
2026-10-08 00:57:47,657 INFO o.a.j.e.StandardJMeterEngine: Starting ThreadGroup: 1 : POST tickets (intake)
2026-10-08 00:57:47,657 INFO o.a.j.e.StandardJMeterEngine: Starting 0 threads for group POST tickets (intake).
2026-10-08 00:57:47,657 INFO o.a.j.e.StandardJMeterEngine: Thread will continue on error
2026-10-08 00:57:47,658 INFO o.a.j.t.o.OpenModelThreadGroup: Starting OpenModelThreadGroup#1 with schedule rate(43/hour) random_arrivals(22 min) pause(1 min)
2026-10-08 00:57:47,697 INFO o.a.j.e.StandardJMeterEngine: Starting ThreadGroup: 2 : GET search (agents)
2026-10-08 00:57:47,697 INFO o.a.j.e.StandardJMeterEngine: Starting 0 threads for group GET search (agents).
2026-10-08 00:57:47,697 INFO o.a.j.e.StandardJMeterEngine: Thread will continue on error
2026-10-08 00:57:47,697 INFO o.a.j.t.o.OpenModelThreadGroup: Starting OpenModelThreadGroup#2 with schedule rate(130/hour) random_arrivals(22 min) pause(1 min)
2026-10-08 00:57:47,697 INFO o.a.j.t.o.OpenModelThreadGroup: Thread starting init
2026-10-08 00:57:47,698 INFO o.a.j.e.StandardJMeterEngine: All thread groups have been started
2026-10-08 00:57:47,698 INFO o.a.j.t.o.OpenModelThreadGroup: Thread starting init
2026-10-08 00:57:47,701 INFO o.a.j.t.o.PoissonArrivalsRamp: Generating 15 events, beginRate = 0.011944444444444445 / sec, endRate = 0.011944444444444445 / sec, duration = 1320.0 sec
2026-10-08 00:57:47,701 INFO o.a.j.t.o.PoissonArrivalsRamp: Generating 47 events, beginRate = 0.03611111111111111 / sec, endRate = 0.03611111111111111 / sec, duration = 1320.0 sec
2026-10-08 00:57:56,595 INFO o.a.j.t.JMeterThread: Thread started: GET search (agents) 2-1
2026-10-08 00:57:56,633 INFO o.a.j.s.FileServer: Stored: C:/Users/Administrator/Documents/GitHub/ICT3113_Assignment_1/step5/data/search_terms.csv
2026-10-08 00:57:56,655 INFO o.a.j.p.h.s.HTTPHCAbstractImpl: Local host = ITEMERROR-MSI-WISP
2026-10-08 00:57:56,659 INFO o.a.j.p.h.s.HTTPHC4Impl: HTTP request retry count = 0
2026-10-08 00:57:56,661 INFO o.a.j.s.SampleResult: Note: Sample TimeStamps are START times
2026-10-08 00:57:56,661 INFO o.a.j.s.SampleResult: sampleresult.default.encoding is set to UTF-8
2026-10-08 00:57:56,661 INFO o.a.j.s.SampleResult: sampleresult.useNanoTime=true
2026-10-08 00:57:56,661 INFO o.a.j.s.SampleResult: sampleresult.nanoThreadSleep=5000
2026-10-08 00:57:56,781 INFO o.a.j.t.JMeterThread: Thread is done: GET search (agents) 2-1
2026-10-08 00:57:56,781 INFO o.a.j.t.JMeterThread: Thread finished: GET search (agents) 2-1
2026-10-08 00:58:21,129 INFO o.a.j.t.JMeterThread: Thread started: GET search (agents) 2-2
2026-10-08 00:58:21,142 INFO o.a.j.t.JMeterThread: Thread is done: GET search (agents) 2-2
2026-10-08 00:58:21,142 INFO o.a.j.t.JMeterThread: Thread finished: GET search (agents) 2-2
2026-10-08 00:58:26,919 INFO o.a.j.t.JMeterThread: Thread started: POST tickets (intake) 1-1
2026-10-08 00:58:26,919 INFO o.a.j.s.FileServer: Stored: C:/Users/Administrator/Documents/GitHub/ICT3113_Assignment_1/step5/data/tickets_load.tsv
2026-10-08 00:58:28,187 INFO o.a.j.t.JMeterThread: Thread is done: POST tickets (intake) 1-1
2026-10-08 00:58:28,187 INFO o.a.j.t.JMeterThread: Thread finished: POST tickets (intake) 1-1
2026-10-08 00:59:06,392 INFO o.a.j.t.JMeterThread: Thread started: GET search (agents) 2-3
2026-10-08 00:59:06,406 INFO o.a.j.t.JMeterThread: Thread is done: GET search (agents) 2-3
2026-10-08 00:59:06,406 INFO o.a.j.t.JMeterThread: Thread finished: GET search (agents) 2-3
2026-10-08 00:59:16,157 INFO o.a.j.t.JMeterThread: Thread started: POST tickets (intake) 1-2
2026-10-08 00:59:17,344 INFO o.a.j.t.JMeterThread: Thread started: GET search (agents) 2-4
2026-10-08 00:59:17,368 INFO o.a.j.t.JMeterThread: Thread is done: GET search (agents) 2-4
2026-10-08 00:59:17,368 INFO o.a.j.t.JMeterThread: Thread finished: GET search (agents) 2-4
2026-10-08 00:59:17,510 INFO o.a.j.t.JMeterThread: Thread is done: POST tickets (intake) 1-2
2026-10-08 00:59:17,510 INFO o.a.j.t.JMeterThread: Thread finished: POST tickets (intake) 1-2
2026-10-08 00:59:21,276 INFO o.a.j.t.JMeterThread: Thread started: POST tickets (intake) 1-3
2026-10-08 00:59:23,455 INFO o.a.j.t.JMeterThread: Thread is done: POST tickets (intake) 1-3
2026-10-08 00:59:23,455 INFO o.a.j.t.JMeterThread: Thread finished: POST tickets (intake) 1-3
2026-10-08 00:59:25,978 INFO o.a.j.t.JMeterThread: Thread started: GET search (agents) 2-5
2026-10-08 00:59:26,020 INFO o.a.j.t.JMeterThread: Thread is done: GET search (agents) 2-5
2026-10-08 00:59:26,020 INFO o.a.j.t.JMeterThread: Thread finished: GET search (agents) 2-5
2026-10-08 00:59:45,422 INFO o.a.j.t.JMeterThread: Thread started: GET search (agents) 2-6
2026-10-08 00:59:45,471 INFO o.a.j.t.JMeterThread: Thread is done: GET search (agents) 2-6
2026-10-08 00:59:45,471 INFO o.a.j.t.JMeterThread: Thread finished: GET search (agents) 2-6
2026-10-08 00:59:55,416 INFO o.a.j.t.JMeterThread: Thread started: GET search (agents) 2-7
2026-10-08 00:59:55,449 INFO o.a.j.t.JMeterThread: Thread is done: GET search (agents) 2-7
2026-10-08 00:59:55,450 INFO o.a.j.t.JMeterThread: Thread finished: GET search (agents) 2-7
2026-10-08 01:00:29,185 INFO o.a.j.t.JMeterThread: Thread started: GET search (agents) 2-8
2026-10-08 01:00:29,206 INFO o.a.j.t.JMeterThread: Thread is done: GET search (agents) 2-8
2026-10-08 01:00:29,206 INFO o.a.j.t.JMeterThread: Thread finished: GET search (agents) 2-8
2026-10-08 01:01:00,712 INFO o.a.j.t.JMeterThread: Thread started: GET search (agents) 2-9
2026-10-08 01:01:00,740 INFO o.a.j.r.Summariser: summary +     12 in 00:03:13 =    0.1/s Avg:   422 Min:    12 Max:  2177 Err:     0 (0.00%) Active: 1 Started: 12 Finished: 11
2026-10-08 01:01:00,741 INFO o.a.j.t.JMeterThread: Thread is done: GET search (agents) 2-9
2026-10-08 01:01:00,741 INFO o.a.j.t.JMeterThread: Thread finished: GET search (agents) 2-9
2026-10-08 01:01:08,261 INFO o.a.j.t.JMeterThread: Thread started: GET search (agents) 2-10
2026-10-08 01:01:08,311 INFO o.a.j.t.JMeterThread: Thread is done: GET search (agents) 2-10
2026-10-08 01:01:08,311 INFO o.a.j.t.JMeterThread: Thread finished: GET search (agents) 2-10
2026-10-08 01:01:09,169 INFO o.a.j.t.JMeterThread: Thread started: POST tickets (intake) 1-4
2026-10-08 01:01:11,995 INFO o.a.j.t.JMeterThread: Thread is done: POST tickets (intake) 1-4
2026-10-08 01:01:11,995 INFO o.a.j.t.JMeterThread: Thread finished: POST tickets (intake) 1-4
2026-10-08 01:01:50,405 INFO o.a.j.t.JMeterThread: Thread started: GET search (agents) 2-11
2026-10-08 01:01:50,468 INFO o.a.j.t.JMeterThread: Thread is done: GET search (agents) 2-11
2026-10-08 01:01:50,468 INFO o.a.j.t.JMeterThread: Thread finished: GET search (agents) 2-11
2026-10-08 01:02:47,642 INFO o.a.j.t.JMeterThread: Thread started: POST tickets (intake) 1-5
2026-10-08 01:02:48,655 INFO o.a.j.t.JMeterThread: Thread is done: POST tickets (intake) 1-5
2026-10-08 01:02:48,655 INFO o.a.j.t.JMeterThread: Thread finished: POST tickets (intake) 1-5
2026-10-08 01:03:03,472 INFO o.a.j.t.JMeterThread: Thread started: GET search (agents) 2-12
2026-10-08 01:03:03,666 INFO o.a.j.r.Summariser: summary +      5 in 00:02:03 =    0.0/s Avg:   827 Min:    49 Max:  2823 Err:     1 (20.00%) Active: 1 Started: 17 Finished: 16
2026-10-08 01:03:03,667 INFO o.a.j.r.Summariser: summary =     17 in 00:05:16 =    0.1/s Avg:   541 Min:    12 Max:  2823 Err:     1 (5.88%)
2026-10-08 01:03:03,667 INFO o.a.j.t.JMeterThread: Thread is done: GET search (agents) 2-12
2026-10-08 01:03:03,667 INFO o.a.j.t.JMeterThread: Thread finished: GET search (agents) 2-12
2026-10-08 01:03:15,442 INFO o.a.j.t.JMeterThread: Thread started: GET search (agents) 2-13
2026-10-08 01:03:15,496 INFO o.a.j.t.JMeterThread: Thread is done: GET search (agents) 2-13
2026-10-08 01:03:15,496 INFO o.a.j.t.JMeterThread: Thread finished: GET search (agents) 2-13
2026-10-08 01:03:22,230 INFO o.a.j.t.JMeterThread: Thread started: GET search (agents) 2-14
2026-10-08 01:03:22,256 INFO o.a.j.t.JMeterThread: Thread is done: GET search (agents) 2-14
2026-10-08 01:03:22,256 INFO o.a.j.t.JMeterThread: Thread finished: GET search (agents) 2-14
2026-10-08 01:03:22,305 INFO o.a.j.t.JMeterThread: Thread started: GET search (agents) 2-15
2026-10-08 01:03:22,324 INFO o.a.j.t.JMeterThread: Thread is done: GET search (agents) 2-15
2026-10-08 01:03:22,324 INFO o.a.j.t.JMeterThread: Thread finished: GET search (agents) 2-15
2026-10-08 01:03:27,542 INFO o.a.j.t.JMeterThread: Thread started: GET search (agents) 2-16
2026-10-08 01:03:27,584 INFO o.a.j.t.JMeterThread: Thread is done: GET search (agents) 2-16
2026-10-08 01:03:27,585 INFO o.a.j.t.JMeterThread: Thread finished: GET search (agents) 2-16
2026-10-08 01:04:54,770 INFO o.a.j.t.JMeterThread: Thread started: GET search (agents) 2-17
2026-10-08 01:04:54,823 INFO o.a.j.t.JMeterThread: Thread is done: GET search (agents) 2-17
2026-10-08 01:04:54,823 INFO o.a.j.t.JMeterThread: Thread finished: GET search (agents) 2-17
2026-10-08 01:04:57,440 INFO o.a.j.t.JMeterThread: Thread started: GET search (agents) 2-18
2026-10-08 01:04:57,462 INFO o.a.j.t.JMeterThread: Thread is done: GET search (agents) 2-18
2026-10-08 01:04:57,462 INFO o.a.j.t.JMeterThread: Thread finished: GET search (agents) 2-18
2026-10-08 01:05:50,461 INFO o.a.j.t.JMeterThread: Thread started: GET search (agents) 2-19
2026-10-08 01:05:50,506 INFO o.a.j.t.JMeterThread: Thread is done: GET search (agents) 2-19
2026-10-08 01:05:50,506 INFO o.a.j.t.JMeterThread: Thread finished: GET search (agents) 2-19
2026-10-08 01:06:02,255 INFO o.a.j.t.JMeterThread: Thread started: GET search (agents) 2-20
2026-10-08 01:06:02,309 INFO o.a.j.r.Summariser: summary +      8 in 00:02:59 =    0.0/s Avg:    37 Min:    17 Max:    53 Err:     0 (0.00%) Active: 1 Started: 25 Finished: 24
2026-10-08 01:06:02,309 INFO o.a.j.r.Summariser: summary =     25 in 00:08:15 =    0.1/s Avg:   380 Min:    12 Max:  2823 Err:     1 (4.00%)
2026-10-08 01:06:02,309 INFO o.a.j.t.JMeterThread: Thread is done: GET search (agents) 2-20
2026-10-08 01:06:02,309 INFO o.a.j.t.JMeterThread: Thread finished: GET search (agents) 2-20
2026-10-08 01:06:39,164 INFO o.a.j.t.JMeterThread: Thread started: GET search (agents) 2-21
2026-10-08 01:06:39,190 INFO o.a.j.t.JMeterThread: Thread is done: GET search (agents) 2-21
2026-10-08 01:06:39,191 INFO o.a.j.t.JMeterThread: Thread finished: GET search (agents) 2-21
2026-10-08 01:08:40,968 INFO o.a.j.t.JMeterThread: Thread started: GET search (agents) 2-22
2026-10-08 01:08:41,000 INFO o.a.j.t.JMeterThread: Thread is done: GET search (agents) 2-22
2026-10-08 01:08:41,000 INFO o.a.j.t.JMeterThread: Thread finished: GET search (agents) 2-22
2026-10-08 01:09:25,458 INFO o.a.j.t.JMeterThread: Thread started: GET search (agents) 2-23
2026-10-08 01:09:25,483 INFO o.a.j.t.JMeterThread: Thread is done: GET search (agents) 2-23
2026-10-08 01:09:25,483 INFO o.a.j.t.JMeterThread: Thread finished: GET search (agents) 2-23
2026-10-08 01:09:30,069 INFO o.a.j.t.JMeterThread: Thread started: GET search (agents) 2-24
2026-10-08 01:09:30,095 INFO o.a.j.r.Summariser: summary +      4 in 00:03:28 =    0.0/s Avg:    25 Min:    22 Max:    31 Err:     0 (0.00%) Active: 1 Started: 29 Finished: 28
2026-10-08 01:09:30,095 INFO o.a.j.r.Summariser: summary =     29 in 00:11:42 =    0.0/s Avg:   331 Min:    12 Max:  2823 Err:     1 (3.45%)
2026-10-08 01:09:30,096 INFO o.a.j.t.JMeterThread: Thread is done: GET search (agents) 2-24
2026-10-08 01:09:30,096 INFO o.a.j.t.JMeterThread: Thread finished: GET search (agents) 2-24
2026-10-08 01:09:40,350 INFO o.a.j.t.JMeterThread: Thread started: POST tickets (intake) 1-6
2026-10-08 01:09:46,181 INFO o.a.j.t.JMeterThread: Thread is done: POST tickets (intake) 1-6
2026-10-08 01:09:46,181 INFO o.a.j.t.JMeterThread: Thread finished: POST tickets (intake) 1-6
2026-10-08 01:10:02,896 INFO o.a.j.t.JMeterThread: Thread started: GET search (agents) 2-25
2026-10-08 01:10:02,946 INFO o.a.j.r.Summariser: summary +      2 in 00:00:33 =    0.1/s Avg:  2939 Min:    49 Max:  5829 Err:     0 (0.00%) Active: 1 Started: 31 Finished: 30
2026-10-08 01:10:02,947 INFO o.a.j.r.Summariser: summary =     31 in 00:12:15 =    0.0/s Avg:   499 Min:    12 Max:  5829 Err:     1 (3.23%)
2026-10-08 01:10:02,947 INFO o.a.j.t.JMeterThread: Thread is done: GET search (agents) 2-25
2026-10-08 01:10:02,947 INFO o.a.j.t.JMeterThread: Thread finished: GET search (agents) 2-25
2026-10-08 01:10:05,899 INFO o.a.j.t.JMeterThread: Thread started: GET search (agents) 2-26
2026-10-08 01:10:05,935 INFO o.a.j.t.JMeterThread: Thread is done: GET search (agents) 2-26
2026-10-08 01:10:05,935 INFO o.a.j.t.JMeterThread: Thread finished: GET search (agents) 2-26
2026-10-08 01:11:15,939 INFO o.a.j.t.JMeterThread: Thread started: GET search (agents) 2-27
2026-10-08 01:11:15,974 INFO o.a.j.t.JMeterThread: Thread is done: GET search (agents) 2-27
2026-10-08 01:11:15,974 INFO o.a.j.t.JMeterThread: Thread finished: GET search (agents) 2-27
2026-10-08 01:12:16,444 INFO o.a.j.t.JMeterThread: Thread started: GET search (agents) 2-28
2026-10-08 01:12:16,490 INFO o.a.j.t.JMeterThread: Thread is done: GET search (agents) 2-28
2026-10-08 01:12:16,490 INFO o.a.j.t.JMeterThread: Thread finished: GET search (agents) 2-28
2026-10-08 01:12:19,180 INFO o.a.j.t.JMeterThread: Thread started: POST tickets (intake) 1-7
2026-10-08 01:12:24,063 INFO o.a.j.t.JMeterThread: Thread is done: POST tickets (intake) 1-7
2026-10-08 01:12:24,064 INFO o.a.j.t.JMeterThread: Thread finished: POST tickets (intake) 1-7
2026-10-08 01:13:23,461 INFO o.a.j.t.JMeterThread: Thread started: GET search (agents) 2-29
2026-10-08 01:13:23,629 INFO o.a.j.t.JMeterThread: Thread is done: GET search (agents) 2-29
2026-10-08 01:13:23,629 INFO o.a.j.t.JMeterThread: Thread finished: GET search (agents) 2-29
2026-10-08 01:13:40,728 INFO o.a.j.t.JMeterThread: Thread started: GET search (agents) 2-30
2026-10-08 01:13:40,762 INFO o.a.j.t.JMeterThread: Thread is done: GET search (agents) 2-30
2026-10-08 01:13:40,762 INFO o.a.j.t.JMeterThread: Thread finished: GET search (agents) 2-30
2026-10-08 01:13:52,556 INFO o.a.j.t.JMeterThread: Thread started: POST tickets (intake) 1-8
2026-10-08 01:13:55,846 INFO o.a.j.t.JMeterThread: Thread is done: POST tickets (intake) 1-8
2026-10-08 01:13:55,846 INFO o.a.j.t.JMeterThread: Thread finished: POST tickets (intake) 1-8
2026-10-08 01:14:10,542 INFO o.a.j.t.JMeterThread: Thread started: GET search (agents) 2-31
2026-10-08 01:14:10,604 INFO o.a.j.t.JMeterThread: Thread is done: GET search (agents) 2-31
2026-10-08 01:14:10,604 INFO o.a.j.t.JMeterThread: Thread finished: GET search (agents) 2-31
2026-10-08 01:14:27,988 INFO o.a.j.t.JMeterThread: Thread started: GET search (agents) 2-32
2026-10-08 01:14:28,067 INFO o.a.j.t.JMeterThread: Thread is done: GET search (agents) 2-32
2026-10-08 01:14:28,067 INFO o.a.j.t.JMeterThread: Thread finished: GET search (agents) 2-32
2026-10-08 01:14:35,170 INFO o.a.j.t.JMeterThread: Thread started: GET search (agents) 2-33
2026-10-08 01:14:35,210 INFO o.a.j.r.Summariser: summary +     10 in 00:04:32 =    0.0/s Avg:   865 Min:    33 Max:  4882 Err:     0 (0.00%) Active: 1 Started: 41 Finished: 40
2026-10-08 01:14:35,210 INFO o.a.j.r.Summariser: summary =     41 in 00:16:48 =    0.0/s Avg:   589 Min:    12 Max:  5829 Err:     1 (2.44%)
2026-10-08 01:14:35,210 INFO o.a.j.t.JMeterThread: Thread is done: GET search (agents) 2-33
2026-10-08 01:14:35,210 INFO o.a.j.t.JMeterThread: Thread finished: GET search (agents) 2-33
2026-10-08 01:14:41,526 INFO o.a.j.t.JMeterThread: Thread started: POST tickets (intake) 1-9
2026-10-08 01:14:43,728 INFO o.a.j.t.JMeterThread: Thread is done: POST tickets (intake) 1-9
2026-10-08 01:14:43,729 INFO o.a.j.t.JMeterThread: Thread finished: POST tickets (intake) 1-9
2026-10-08 01:14:47,079 INFO o.a.j.t.JMeterThread: Thread started: GET search (agents) 2-34
2026-10-08 01:14:47,153 INFO o.a.j.t.JMeterThread: Thread is done: GET search (agents) 2-34
2026-10-08 01:14:47,153 INFO o.a.j.t.JMeterThread: Thread finished: GET search (agents) 2-34
2026-10-08 01:14:52,004 INFO o.a.j.t.JMeterThread: Thread started: GET search (agents) 2-35
2026-10-08 01:14:52,031 INFO o.a.j.t.JMeterThread: Thread is done: GET search (agents) 2-35
2026-10-08 01:14:52,031 INFO o.a.j.t.JMeterThread: Thread finished: GET search (agents) 2-35
2026-10-08 01:15:32,367 INFO o.a.j.t.JMeterThread: Thread started: POST tickets (intake) 1-10
2026-10-08 01:15:36,615 INFO o.a.j.t.JMeterThread: Thread is done: POST tickets (intake) 1-10
2026-10-08 01:15:36,616 INFO o.a.j.t.JMeterThread: Thread finished: POST tickets (intake) 1-10
2026-10-08 01:15:38,302 INFO o.a.j.t.JMeterThread: Thread started: POST tickets (intake) 1-11
2026-10-08 01:15:40,369 INFO o.a.j.t.JMeterThread: Thread started: GET search (agents) 2-36
2026-10-08 01:15:40,409 INFO o.a.j.t.JMeterThread: Thread is done: GET search (agents) 2-36
2026-10-08 01:15:40,409 INFO o.a.j.t.JMeterThread: Thread finished: GET search (agents) 2-36
2026-10-08 01:15:43,475 INFO o.a.j.t.JMeterThread: Thread is done: POST tickets (intake) 1-11
2026-10-08 01:15:43,475 INFO o.a.j.t.JMeterThread: Thread finished: POST tickets (intake) 1-11
2026-10-08 01:16:28,244 INFO o.a.j.t.JMeterThread: Thread started: GET search (agents) 2-37
2026-10-08 01:16:28,299 INFO o.a.j.t.JMeterThread: Thread is done: GET search (agents) 2-37
2026-10-08 01:16:28,299 INFO o.a.j.t.JMeterThread: Thread finished: GET search (agents) 2-37
2026-10-08 01:16:40,309 INFO o.a.j.t.JMeterThread: Thread started: GET search (agents) 2-38
2026-10-08 01:16:40,383 INFO o.a.j.t.JMeterThread: Thread is done: GET search (agents) 2-38
2026-10-08 01:16:40,383 INFO o.a.j.t.JMeterThread: Thread finished: GET search (agents) 2-38
2026-10-08 01:16:48,753 INFO o.a.j.t.JMeterThread: Thread started: GET search (agents) 2-39
2026-10-08 01:16:48,782 INFO o.a.j.t.JMeterThread: Thread is done: GET search (agents) 2-39
2026-10-08 01:16:48,782 INFO o.a.j.t.JMeterThread: Thread finished: GET search (agents) 2-39
2026-10-08 01:17:35,885 INFO o.a.j.t.JMeterThread: Thread started: GET search (agents) 2-40
2026-10-08 01:17:35,934 INFO o.a.j.r.Summariser: summary +     10 in 00:03:01 =    0.1/s Avg:  1195 Min:    26 Max:  5171 Err:     1 (10.00%) Active: 1 Started: 51 Finished: 50
2026-10-08 01:17:35,934 INFO o.a.j.r.Summariser: summary =     51 in 00:19:48 =    0.0/s Avg:   707 Min:    12 Max:  5829 Err:     2 (3.92%)
2026-10-08 01:17:35,934 INFO o.a.j.t.JMeterThread: Thread is done: GET search (agents) 2-40
2026-10-08 01:17:35,934 INFO o.a.j.t.JMeterThread: Thread finished: GET search (agents) 2-40
2026-10-08 01:17:45,710 INFO o.a.j.t.JMeterThread: Thread started: GET search (agents) 2-41
2026-10-08 01:17:45,735 INFO o.a.j.t.JMeterThread: Thread is done: GET search (agents) 2-41
2026-10-08 01:17:45,735 INFO o.a.j.t.JMeterThread: Thread finished: GET search (agents) 2-41
2026-10-08 01:17:49,130 INFO o.a.j.t.JMeterThread: Thread started: POST tickets (intake) 1-12
2026-10-08 01:17:53,478 INFO o.a.j.t.JMeterThread: Thread is done: POST tickets (intake) 1-12
2026-10-08 01:17:53,478 INFO o.a.j.t.JMeterThread: Thread finished: POST tickets (intake) 1-12
2026-10-08 01:17:56,760 INFO o.a.j.t.JMeterThread: Thread started: GET search (agents) 2-42
2026-10-08 01:17:56,785 INFO o.a.j.t.JMeterThread: Thread is done: GET search (agents) 2-42
2026-10-08 01:17:56,785 INFO o.a.j.t.JMeterThread: Thread finished: GET search (agents) 2-42
2026-10-08 01:18:30,312 INFO o.a.j.t.JMeterThread: Thread started: GET search (agents) 2-43
2026-10-08 01:18:30,359 INFO o.a.j.r.Summariser: summary +      4 in 00:00:54 =    0.1/s Avg:  1109 Min:    23 Max:  4347 Err:     0 (0.00%) Active: 1 Started: 55 Finished: 54
2026-10-08 01:18:30,359 INFO o.a.j.r.Summariser: summary =     55 in 00:20:43 =    0.0/s Avg:   737 Min:    12 Max:  5829 Err:     2 (3.64%)
2026-10-08 01:18:30,359 INFO o.a.j.t.JMeterThread: Thread is done: GET search (agents) 2-43
2026-10-08 01:18:30,359 INFO o.a.j.t.JMeterThread: Thread finished: GET search (agents) 2-43
2026-10-08 01:18:35,507 INFO o.a.j.t.JMeterThread: Thread started: POST tickets (intake) 1-13
2026-10-08 01:18:37,845 INFO o.a.j.t.JMeterThread: Thread is done: POST tickets (intake) 1-13
2026-10-08 01:18:37,845 INFO o.a.j.t.JMeterThread: Thread finished: POST tickets (intake) 1-13
2026-10-08 01:18:41,820 INFO o.a.j.t.JMeterThread: Thread started: GET search (agents) 2-44
2026-10-08 01:18:41,842 INFO o.a.j.t.JMeterThread: Thread is done: GET search (agents) 2-44
2026-10-08 01:18:41,842 INFO o.a.j.t.JMeterThread: Thread finished: GET search (agents) 2-44
2026-10-08 01:19:06,283 INFO o.a.j.t.JMeterThread: Thread started: GET search (agents) 2-45
2026-10-08 01:19:06,303 INFO o.a.j.t.JMeterThread: Thread is done: GET search (agents) 2-45
2026-10-08 01:19:06,303 INFO o.a.j.t.JMeterThread: Thread finished: GET search (agents) 2-45
2026-10-08 01:19:17,875 INFO o.a.j.t.JMeterThread: Thread started: POST tickets (intake) 1-14
2026-10-08 01:19:19,174 INFO o.a.j.t.JMeterThread: Thread is done: POST tickets (intake) 1-14
2026-10-08 01:19:19,175 INFO o.a.j.t.JMeterThread: Thread finished: POST tickets (intake) 1-14
2026-10-08 01:19:27,384 INFO o.a.j.t.JMeterThread: Thread started: GET search (agents) 2-46
2026-10-08 01:19:27,410 INFO o.a.j.t.JMeterThread: Thread is done: GET search (agents) 2-46
2026-10-08 01:19:27,411 INFO o.a.j.t.JMeterThread: Thread finished: GET search (agents) 2-46
2026-10-08 01:19:42,492 INFO o.a.j.t.JMeterThread: Thread started: GET search (agents) 2-47
2026-10-08 01:19:42,492 INFO o.a.j.t.o.EvenArrivalsRamp: Generating 0 events, beginRate = 0.0 / sec, endRate = 0.0 / sec, duration = 60.0 sec
2026-10-08 01:19:42,492 INFO o.a.j.t.o.OpenModelThreadGroup: There will be no more events, so will wait for 65 sec till the end of the schedule
2026-10-08 01:19:42,547 INFO o.a.j.t.JMeterThread: Thread is done: GET search (agents) 2-47
2026-10-08 01:19:42,547 INFO o.a.j.t.JMeterThread: Thread finished: GET search (agents) 2-47
2026-10-08 01:19:46,433 INFO o.a.j.t.o.EvenArrivalsRamp: Generating 0 events, beginRate = 0.0 / sec, endRate = 0.0 / sec, duration = 60.0 sec
2026-10-08 01:19:46,433 INFO o.a.j.t.o.OpenModelThreadGroup: There will be no more events, so will wait for 61 sec till the end of the schedule
2026-10-08 01:19:46,433 INFO o.a.j.t.JMeterThread: Thread started: POST tickets (intake) 1-15
2026-10-08 01:19:49,069 INFO o.a.j.t.JMeterThread: Thread is done: POST tickets (intake) 1-15
2026-10-08 01:19:49,069 INFO o.a.j.t.JMeterThread: Thread finished: POST tickets (intake) 1-15
2026-10-08 01:20:47,558 INFO o.a.j.t.o.OpenModelThreadGroup: There will be no more events, will shutdown the thread pool
2026-10-08 01:20:47,558 INFO o.a.j.t.o.OpenModelThreadGroup: Thread starting done
2026-10-08 01:20:47,560 INFO o.a.j.t.o.OpenModelThreadGroup: There will be no more events, will shutdown the thread pool
2026-10-08 01:20:47,560 INFO o.a.j.t.o.OpenModelThreadGroup: Thread starting done
2026-10-08 01:20:47,560 INFO o.a.j.e.StandardJMeterEngine: Notifying test listeners of end of test
2026-10-08 01:20:47,560 INFO o.a.j.s.FileServer: Close: C:/Users/Administrator/Documents/GitHub/ICT3113_Assignment_1/step5/data/search_terms.csv
2026-10-08 01:20:47,560 INFO o.a.j.s.FileServer: Close: C:/Users/Administrator/Documents/GitHub/ICT3113_Assignment_1/step5/data/tickets_load.tsv
2026-10-08 01:20:47,561 INFO o.a.j.r.Summariser: summary +      7 in 00:02:17 =    0.1/s Avg:   912 Min:    19 Max:  2634 Err:     1 (14.29%) Active: 0 Started: 62 Finished: 62
2026-10-08 01:20:47,561 INFO o.a.j.r.Summariser: summary =     62 in 00:23:00 =    0.0/s Avg:   757 Min:    12 Max:  5829 Err:     3 (4.84%)
