2026-10-08 00:32:45,069 INFO o.a.j.u.JMeterUtils: Setting Locale to en_EN
2026-10-08 00:32:45,094 INFO o.a.j.JMeter: Loading user properties from: C:\tools\apache-jmeter-5.6.3\bin\user.properties
2026-10-08 00:32:45,094 INFO o.a.j.JMeter: Loading system properties from: C:\tools\apache-jmeter-5.6.3\bin\system.properties
2026-10-08 00:32:45,095 INFO o.a.j.JMeter: Loading additional properties from: C:\Users\Administrator\Documents\GitHub\ICT3113_Assignment_1\step5\results\gemma3-1b\average\run2\run.properties
2026-10-08 00:32:45,105 INFO o.a.j.JMeter: Copyright (c) 1998-2024 The Apache Software Foundation
2026-10-08 00:32:45,105 INFO o.a.j.JMeter: Version 5.6.3
2026-10-08 00:32:45,105 INFO o.a.j.JMeter: java.version=17.0.20.1
2026-10-08 00:32:45,105 INFO o.a.j.JMeter: java.vm.name=OpenJDK 64-Bit Server VM
2026-10-08 00:32:45,106 INFO o.a.j.JMeter: os.name=Windows 10
2026-10-08 00:32:45,106 INFO o.a.j.JMeter: os.arch=amd64
2026-10-08 00:32:45,106 INFO o.a.j.JMeter: os.version=10.0
2026-10-08 00:32:45,106 INFO o.a.j.JMeter: file.encoding=Cp1252
2026-10-08 00:32:45,106 INFO o.a.j.JMeter: java.awt.headless=true
2026-10-08 00:32:45,106 INFO o.a.j.JMeter: Max memory     =1073741824
2026-10-08 00:32:45,106 INFO o.a.j.JMeter: Available Processors =12
2026-10-08 00:32:45,116 INFO o.a.j.JMeter: Default Locale=English (EN)
2026-10-08 00:32:45,116 INFO o.a.j.JMeter: JMeter  Locale=English (EN)
2026-10-08 00:32:45,116 INFO o.a.j.JMeter: JMeterHome=C:\tools\apache-jmeter-5.6.3
2026-10-08 00:32:45,116 INFO o.a.j.JMeter: user.dir  =C:\Users\Administrator\Documents\GitHub\ICT3113_Assignment_1
2026-10-08 00:32:45,117 INFO o.a.j.JMeter: PWD       =C:\Users\Administrator\Documents\GitHub\ICT3113_Assignment_1
2026-10-08 00:32:45,118 INFO o.a.j.JMeter: IP: 100.111.72.66 Name: ITEMERROR-MSI-WISP FullName: itemerror-msi-wisp.taile944e3.ts.net.
2026-10-08 00:32:45,134 INFO o.a.j.s.FileServer: Default base='C:\Users\Administrator\Documents\GitHub\ICT3113_Assignment_1'
2026-10-08 00:32:45,135 INFO o.a.j.s.FileServer: Set new base='C:\Users\Administrator\Documents\GitHub\ICT3113_Assignment_1\step5\jmeter'
2026-10-08 00:32:45,325 INFO o.a.j.s.SaveService: Testplan (JMX) version: 2.2. Testlog (JTL) version: 2.2
2026-10-08 00:32:45,352 INFO o.a.j.s.SaveService: Using SaveService properties version 5.0
2026-10-08 00:32:45,355 INFO o.a.j.s.SaveService: Using SaveService properties file encoding UTF-8
2026-10-08 00:32:45,357 INFO o.a.j.s.SaveService: Loading file: C:\Users\Administrator\Documents\GitHub\ICT3113_Assignment_1\step5\jmeter\ticket_triage.jmx
2026-10-08 00:32:45,412 INFO o.a.j.p.h.s.HTTPSamplerBase: Parser for text/html is org.apache.jmeter.protocol.http.parser.LagartoBasedHtmlParser
2026-10-08 00:32:45,412 INFO o.a.j.p.h.s.HTTPSamplerBase: Parser for application/xhtml+xml is org.apache.jmeter.protocol.http.parser.LagartoBasedHtmlParser
2026-10-08 00:32:45,412 INFO o.a.j.p.h.s.HTTPSamplerBase: Parser for application/xml is org.apache.jmeter.protocol.http.parser.LagartoBasedHtmlParser
2026-10-08 00:32:45,412 INFO o.a.j.p.h.s.HTTPSamplerBase: Parser for text/xml is org.apache.jmeter.protocol.http.parser.LagartoBasedHtmlParser
2026-10-08 00:32:45,412 INFO o.a.j.p.h.s.HTTPSamplerBase: Parser for text/vnd.wap.wml is org.apache.jmeter.protocol.http.parser.RegexpHTMLParser
2026-10-08 00:32:45,412 INFO o.a.j.p.h.s.HTTPSamplerBase: Parser for text/css is org.apache.jmeter.protocol.http.parser.CssParser
2026-10-08 00:32:45,435 INFO o.a.j.JMeter: Creating summariser <summary>
2026-10-08 00:32:45,453 INFO o.a.j.e.StandardJMeterEngine: Running the test!
2026-10-08 00:32:45,455 INFO o.a.j.s.SampleEvent: List of sample_variables: [reqid, row]
2026-10-08 00:32:45,455 INFO o.a.j.s.SampleEvent: List of sample_variables: [reqid, row]
2026-10-08 00:32:45,461 INFO o.a.j.e.u.CompoundVariable: Note: Function class names must contain the string: '.functions.'
2026-10-08 00:32:45,461 INFO o.a.j.e.u.CompoundVariable: Note: Function class names must not contain the string: '.gui.'
2026-10-08 00:32:45,543 INFO o.a.j.JMeter: Running test (1791390765543)
2026-10-08 00:32:45,561 INFO o.a.j.e.StandardJMeterEngine: Starting ThreadGroup: 1 : POST tickets (intake)
2026-10-08 00:32:45,561 INFO o.a.j.e.StandardJMeterEngine: Starting 0 threads for group POST tickets (intake).
2026-10-08 00:32:45,562 INFO o.a.j.e.StandardJMeterEngine: Thread will continue on error
2026-10-08 00:32:45,562 INFO o.a.j.t.o.OpenModelThreadGroup: Starting OpenModelThreadGroup#1 with schedule rate(43/hour) random_arrivals(22 min) pause(1 min)
2026-10-08 00:32:45,604 INFO o.a.j.e.StandardJMeterEngine: Starting ThreadGroup: 2 : GET search (agents)
2026-10-08 00:32:45,605 INFO o.a.j.e.StandardJMeterEngine: Starting 0 threads for group GET search (agents).
2026-10-08 00:32:45,605 INFO o.a.j.e.StandardJMeterEngine: Thread will continue on error
2026-10-08 00:32:45,605 INFO o.a.j.t.o.OpenModelThreadGroup: Starting OpenModelThreadGroup#2 with schedule rate(130/hour) random_arrivals(22 min) pause(1 min)
2026-10-08 00:32:45,605 INFO o.a.j.t.o.OpenModelThreadGroup: Thread starting init
2026-10-08 00:32:45,605 INFO o.a.j.e.StandardJMeterEngine: All thread groups have been started
2026-10-08 00:32:45,605 INFO o.a.j.t.o.OpenModelThreadGroup: Thread starting init
2026-10-08 00:32:45,609 INFO o.a.j.t.o.PoissonArrivalsRamp: Generating 15 events, beginRate = 0.011944444444444445 / sec, endRate = 0.011944444444444445 / sec, duration = 1320.0 sec
2026-10-08 00:32:45,609 INFO o.a.j.t.o.PoissonArrivalsRamp: Generating 47 events, beginRate = 0.03611111111111111 / sec, endRate = 0.03611111111111111 / sec, duration = 1320.0 sec
2026-10-08 00:32:51,820 INFO o.a.j.t.JMeterThread: Thread started: GET search (agents) 2-1
2026-10-08 00:32:51,866 INFO o.a.j.s.FileServer: Stored: C:/Users/Administrator/Documents/GitHub/ICT3113_Assignment_1/step5/data/search_terms.csv
2026-10-08 00:32:51,890 INFO o.a.j.p.h.s.HTTPHCAbstractImpl: Local host = ITEMERROR-MSI-WISP
2026-10-08 00:32:51,897 INFO o.a.j.p.h.s.HTTPHC4Impl: HTTP request retry count = 0
2026-10-08 00:32:51,898 INFO o.a.j.s.SampleResult: Note: Sample TimeStamps are START times
2026-10-08 00:32:51,898 INFO o.a.j.s.SampleResult: sampleresult.default.encoding is set to UTF-8
2026-10-08 00:32:51,898 INFO o.a.j.s.SampleResult: sampleresult.useNanoTime=true
2026-10-08 00:32:51,898 INFO o.a.j.s.SampleResult: sampleresult.nanoThreadSleep=5000
2026-10-08 00:32:52,000 INFO o.a.j.t.JMeterThread: Thread is done: GET search (agents) 2-1
2026-10-08 00:32:52,000 INFO o.a.j.t.JMeterThread: Thread finished: GET search (agents) 2-1
2026-10-08 00:33:17,768 INFO o.a.j.t.JMeterThread: Thread started: GET search (agents) 2-2
2026-10-08 00:33:17,803 INFO o.a.j.t.JMeterThread: Thread is done: GET search (agents) 2-2
2026-10-08 00:33:17,804 INFO o.a.j.t.JMeterThread: Thread finished: GET search (agents) 2-2
2026-10-08 00:33:25,736 INFO o.a.j.t.JMeterThread: Thread started: POST tickets (intake) 1-1
2026-10-08 00:33:25,736 INFO o.a.j.s.FileServer: Stored: C:/Users/Administrator/Documents/GitHub/ICT3113_Assignment_1/step5/data/tickets_load.tsv
2026-10-08 00:33:27,113 INFO o.a.j.t.JMeterThread: Thread is done: POST tickets (intake) 1-1
2026-10-08 00:33:27,113 INFO o.a.j.t.JMeterThread: Thread finished: POST tickets (intake) 1-1
2026-10-08 00:33:28,568 INFO o.a.j.t.JMeterThread: Thread started: GET search (agents) 2-3
2026-10-08 00:33:28,612 INFO o.a.j.t.JMeterThread: Thread is done: GET search (agents) 2-3
2026-10-08 00:33:28,613 INFO o.a.j.t.JMeterThread: Thread finished: GET search (agents) 2-3
2026-10-08 00:34:00,368 INFO o.a.j.t.JMeterThread: Thread started: POST tickets (intake) 1-2
2026-10-08 00:34:01,751 INFO o.a.j.r.Summariser: summary +      5 in 00:01:16 =    0.1/s Avg:   574 Min:    33 Max:  1380 Err:     0 (0.00%) Active: 1 Started: 5 Finished: 4
2026-10-08 00:34:01,751 INFO o.a.j.t.JMeterThread: Thread is done: POST tickets (intake) 1-2
2026-10-08 00:34:01,751 INFO o.a.j.t.JMeterThread: Thread finished: POST tickets (intake) 1-2
2026-10-08 00:34:24,189 INFO o.a.j.t.JMeterThread: Thread started: POST tickets (intake) 1-3
2026-10-08 00:34:26,188 INFO o.a.j.t.JMeterThread: Thread is done: POST tickets (intake) 1-3
2026-10-08 00:34:26,188 INFO o.a.j.t.JMeterThread: Thread finished: POST tickets (intake) 1-3
2026-10-08 00:34:30,691 INFO o.a.j.t.JMeterThread: Thread started: GET search (agents) 2-4
2026-10-08 00:34:30,714 INFO o.a.j.r.Summariser: summary +      2 in 00:00:29 =    0.1/s Avg:  1009 Min:    21 Max:  1997 Err:     0 (0.00%) Active: 1 Started: 7 Finished: 6
2026-10-08 00:34:30,714 INFO o.a.j.r.Summariser: summary =      7 in 00:01:45 =    0.1/s Avg:   698 Min:    21 Max:  1997 Err:     0 (0.00%)
2026-10-08 00:34:30,714 INFO o.a.j.t.JMeterThread: Thread is done: GET search (agents) 2-4
2026-10-08 00:34:30,714 INFO o.a.j.t.JMeterThread: Thread finished: GET search (agents) 2-4
2026-10-08 00:34:52,994 INFO o.a.j.t.JMeterThread: Thread started: GET search (agents) 2-5
2026-10-08 00:34:53,038 INFO o.a.j.t.JMeterThread: Thread is done: GET search (agents) 2-5
2026-10-08 00:34:53,038 INFO o.a.j.t.JMeterThread: Thread finished: GET search (agents) 2-5
2026-10-08 00:35:06,767 INFO o.a.j.t.JMeterThread: Thread started: GET search (agents) 2-6
2026-10-08 00:35:06,834 INFO o.a.j.t.JMeterThread: Thread is done: GET search (agents) 2-6
2026-10-08 00:35:06,834 INFO o.a.j.t.JMeterThread: Thread finished: GET search (agents) 2-6
2026-10-08 00:35:23,237 INFO o.a.j.t.JMeterThread: Thread started: GET search (agents) 2-7
2026-10-08 00:35:23,287 INFO o.a.j.t.JMeterThread: Thread is done: GET search (agents) 2-7
2026-10-08 00:35:23,287 INFO o.a.j.t.JMeterThread: Thread finished: GET search (agents) 2-7
2026-10-08 00:35:38,218 INFO o.a.j.t.JMeterThread: Thread started: GET search (agents) 2-8
2026-10-08 00:35:38,238 INFO o.a.j.t.JMeterThread: Thread is done: GET search (agents) 2-8
2026-10-08 00:35:38,238 INFO o.a.j.t.JMeterThread: Thread finished: GET search (agents) 2-8
2026-10-08 00:36:05,438 INFO o.a.j.t.JMeterThread: Thread started: GET search (agents) 2-9
2026-10-08 00:36:05,476 INFO o.a.j.r.Summariser: summary +      5 in 00:01:35 =    0.1/s Avg:    42 Min:    19 Max:    66 Err:     0 (0.00%) Active: 1 Started: 12 Finished: 11
2026-10-08 00:36:05,477 INFO o.a.j.r.Summariser: summary =     12 in 00:03:20 =    0.1/s Avg:   424 Min:    19 Max:  1997 Err:     0 (0.00%)
2026-10-08 00:36:05,477 INFO o.a.j.t.JMeterThread: Thread is done: GET search (agents) 2-9
2026-10-08 00:36:05,477 INFO o.a.j.t.JMeterThread: Thread finished: GET search (agents) 2-9
2026-10-08 00:36:27,146 INFO o.a.j.t.JMeterThread: Thread started: GET search (agents) 2-10
2026-10-08 00:36:27,242 INFO o.a.j.t.JMeterThread: Thread is done: GET search (agents) 2-10
2026-10-08 00:36:27,242 INFO o.a.j.t.JMeterThread: Thread finished: GET search (agents) 2-10
2026-10-08 00:37:27,783 INFO o.a.j.t.JMeterThread: Thread started: GET search (agents) 2-11
2026-10-08 00:37:27,835 INFO o.a.j.t.JMeterThread: Thread is done: GET search (agents) 2-11
2026-10-08 00:37:27,836 INFO o.a.j.t.JMeterThread: Thread finished: GET search (agents) 2-11
2026-10-08 00:37:31,328 INFO o.a.j.t.JMeterThread: Thread started: GET search (agents) 2-12
2026-10-08 00:37:31,352 INFO o.a.j.r.Summariser: summary +      3 in 00:01:26 =    0.0/s Avg:    55 Min:    21 Max:    93 Err:     0 (0.00%) Active: 1 Started: 15 Finished: 14
2026-10-08 00:37:31,352 INFO o.a.j.r.Summariser: summary =     15 in 00:04:46 =    0.1/s Avg:   350 Min:    19 Max:  1997 Err:     0 (0.00%)
2026-10-08 00:37:31,352 INFO o.a.j.t.JMeterThread: Thread is done: GET search (agents) 2-12
2026-10-08 00:37:31,352 INFO o.a.j.t.JMeterThread: Thread finished: GET search (agents) 2-12
2026-10-08 00:37:46,630 INFO o.a.j.t.JMeterThread: Thread started: POST tickets (intake) 1-4
2026-10-08 00:37:49,166 INFO o.a.j.t.JMeterThread: Thread is done: POST tickets (intake) 1-4
2026-10-08 00:37:49,167 INFO o.a.j.t.JMeterThread: Thread finished: POST tickets (intake) 1-4
2026-10-08 00:38:18,827 INFO o.a.j.t.JMeterThread: Thread started: GET search (agents) 2-13
2026-10-08 00:38:18,904 INFO o.a.j.t.JMeterThread: Thread is done: GET search (agents) 2-13
2026-10-08 00:38:18,904 INFO o.a.j.t.JMeterThread: Thread finished: GET search (agents) 2-13
2026-10-08 00:38:22,114 INFO o.a.j.t.JMeterThread: Thread started: GET search (agents) 2-14
2026-10-08 00:38:22,176 INFO o.a.j.t.JMeterThread: Thread is done: GET search (agents) 2-14
2026-10-08 00:38:22,176 INFO o.a.j.t.JMeterThread: Thread finished: GET search (agents) 2-14
2026-10-08 00:38:51,494 INFO o.a.j.t.JMeterThread: Thread started: GET search (agents) 2-15
2026-10-08 00:38:51,523 INFO o.a.j.t.JMeterThread: Thread is done: GET search (agents) 2-15
2026-10-08 00:38:51,523 INFO o.a.j.t.JMeterThread: Thread finished: GET search (agents) 2-15
2026-10-08 00:39:50,181 INFO o.a.j.t.JMeterThread: Thread started: GET search (agents) 2-16
2026-10-08 00:39:50,208 INFO o.a.j.t.JMeterThread: Thread is done: GET search (agents) 2-16
2026-10-08 00:39:50,208 INFO o.a.j.t.JMeterThread: Thread finished: GET search (agents) 2-16
2026-10-08 00:40:02,403 INFO o.a.j.t.JMeterThread: Thread started: GET search (agents) 2-17
2026-10-08 00:40:02,428 INFO o.a.j.r.Summariser: summary +      6 in 00:02:31 =    0.0/s Avg:   457 Min:    23 Max:  2534 Err:     1 (16.67%) Active: 1 Started: 21 Finished: 20
2026-10-08 00:40:02,428 INFO o.a.j.r.Summariser: summary =     21 in 00:07:17 =    0.0/s Avg:   381 Min:    19 Max:  2534 Err:     1 (4.76%)
2026-10-08 00:40:02,429 INFO o.a.j.t.JMeterThread: Thread is done: GET search (agents) 2-17
2026-10-08 00:40:02,429 INFO o.a.j.t.JMeterThread: Thread finished: GET search (agents) 2-17
2026-10-08 00:41:08,774 INFO o.a.j.t.JMeterThread: Thread started: GET search (agents) 2-18
2026-10-08 00:41:08,789 INFO o.a.j.t.JMeterThread: Thread is done: GET search (agents) 2-18
2026-10-08 00:41:08,789 INFO o.a.j.t.JMeterThread: Thread finished: GET search (agents) 2-18
2026-10-08 00:41:25,804 INFO o.a.j.t.JMeterThread: Thread started: GET search (agents) 2-19
2026-10-08 00:41:25,841 INFO o.a.j.t.JMeterThread: Thread is done: GET search (agents) 2-19
2026-10-08 00:41:25,841 INFO o.a.j.t.JMeterThread: Thread finished: GET search (agents) 2-19
2026-10-08 00:41:26,136 INFO o.a.j.t.JMeterThread: Thread started: GET search (agents) 2-20
2026-10-08 00:41:26,198 INFO o.a.j.t.JMeterThread: Thread is done: GET search (agents) 2-20
2026-10-08 00:41:26,198 INFO o.a.j.t.JMeterThread: Thread finished: GET search (agents) 2-20
2026-10-08 00:41:44,397 INFO o.a.j.t.JMeterThread: Thread started: POST tickets (intake) 1-5
2026-10-08 00:41:45,306 INFO o.a.j.t.JMeterThread: Thread is done: POST tickets (intake) 1-5
2026-10-08 00:41:45,306 INFO o.a.j.t.JMeterThread: Thread finished: POST tickets (intake) 1-5
2026-10-08 00:43:41,267 INFO o.a.j.t.JMeterThread: Thread started: POST tickets (intake) 1-6
2026-10-08 00:43:43,236 INFO o.a.j.t.JMeterThread: Thread is done: POST tickets (intake) 1-6
2026-10-08 00:43:43,236 INFO o.a.j.t.JMeterThread: Thread finished: POST tickets (intake) 1-6
2026-10-08 00:43:45,984 INFO o.a.j.t.JMeterThread: Thread started: GET search (agents) 2-21
2026-10-08 00:43:46,014 INFO o.a.j.t.JMeterThread: Thread is done: GET search (agents) 2-21
2026-10-08 00:43:46,014 INFO o.a.j.t.JMeterThread: Thread finished: GET search (agents) 2-21
2026-10-08 00:44:16,888 INFO o.a.j.t.JMeterThread: Thread started: GET search (agents) 2-22
2026-10-08 00:44:16,948 INFO o.a.j.t.JMeterThread: Thread is done: GET search (agents) 2-22
2026-10-08 00:44:16,949 INFO o.a.j.t.JMeterThread: Thread finished: GET search (agents) 2-22
2026-10-08 00:44:20,524 INFO o.a.j.t.JMeterThread: Thread started: GET search (agents) 2-23
2026-10-08 00:44:20,612 INFO o.a.j.t.JMeterThread: Thread is done: GET search (agents) 2-23
2026-10-08 00:44:20,612 INFO o.a.j.t.JMeterThread: Thread finished: GET search (agents) 2-23
2026-10-08 00:44:28,863 INFO o.a.j.t.JMeterThread: Thread started: GET search (agents) 2-24
2026-10-08 00:44:28,882 INFO o.a.j.t.JMeterThread: Thread is done: GET search (agents) 2-24
2026-10-08 00:44:28,882 INFO o.a.j.t.JMeterThread: Thread finished: GET search (agents) 2-24
2026-10-08 00:44:30,193 INFO o.a.j.t.JMeterThread: Thread started: GET search (agents) 2-25
2026-10-08 00:44:30,212 INFO o.a.j.r.Summariser: summary +     10 in 00:04:28 =    0.0/s Avg:   319 Min:    13 Max:  1969 Err:     0 (0.00%) Active: 1 Started: 31 Finished: 30
2026-10-08 00:44:30,212 INFO o.a.j.r.Summariser: summary =     31 in 00:11:45 =    0.0/s Avg:   361 Min:    13 Max:  2534 Err:     1 (3.23%)
2026-10-08 00:44:30,213 INFO o.a.j.t.JMeterThread: Thread is done: GET search (agents) 2-25
2026-10-08 00:44:30,213 INFO o.a.j.t.JMeterThread: Thread finished: GET search (agents) 2-25
2026-10-08 00:44:41,514 INFO o.a.j.t.JMeterThread: Thread started: GET search (agents) 2-26
2026-10-08 00:44:41,576 INFO o.a.j.t.JMeterThread: Thread is done: GET search (agents) 2-26
2026-10-08 00:44:41,576 INFO o.a.j.t.JMeterThread: Thread finished: GET search (agents) 2-26
2026-10-08 00:44:44,066 INFO o.a.j.t.JMeterThread: Thread started: GET search (agents) 2-27
2026-10-08 00:44:44,134 INFO o.a.j.t.JMeterThread: Thread is done: GET search (agents) 2-27
2026-10-08 00:44:44,134 INFO o.a.j.t.JMeterThread: Thread finished: GET search (agents) 2-27
2026-10-08 00:44:45,997 INFO o.a.j.t.JMeterThread: Thread started: GET search (agents) 2-28
2026-10-08 00:44:46,027 INFO o.a.j.t.JMeterThread: Thread is done: GET search (agents) 2-28
2026-10-08 00:44:46,028 INFO o.a.j.t.JMeterThread: Thread finished: GET search (agents) 2-28
2026-10-08 00:44:56,403 INFO o.a.j.t.JMeterThread: Thread started: GET search (agents) 2-29
2026-10-08 00:44:56,795 INFO o.a.j.t.JMeterThread: Thread is done: GET search (agents) 2-29
2026-10-08 00:44:56,795 INFO o.a.j.t.JMeterThread: Thread finished: GET search (agents) 2-29
2026-10-08 00:45:09,492 INFO o.a.j.t.JMeterThread: Thread started: GET search (agents) 2-30
2026-10-08 00:45:09,583 INFO o.a.j.t.JMeterThread: Thread is done: GET search (agents) 2-30
2026-10-08 00:45:09,583 INFO o.a.j.t.JMeterThread: Thread finished: GET search (agents) 2-30
2026-10-08 00:45:27,337 INFO o.a.j.t.JMeterThread: Thread started: GET search (agents) 2-31
2026-10-08 00:45:27,417 INFO o.a.j.t.JMeterThread: Thread is done: GET search (agents) 2-31
2026-10-08 00:45:27,417 INFO o.a.j.t.JMeterThread: Thread finished: GET search (agents) 2-31
2026-10-08 00:45:53,804 INFO o.a.j.t.JMeterThread: Thread started: GET search (agents) 2-32
2026-10-08 00:45:53,836 INFO o.a.j.t.JMeterThread: Thread is done: GET search (agents) 2-32
2026-10-08 00:45:53,836 INFO o.a.j.t.JMeterThread: Thread finished: GET search (agents) 2-32
2026-10-08 00:46:40,574 INFO o.a.j.t.JMeterThread: Thread started: GET search (agents) 2-33
2026-10-08 00:46:40,625 INFO o.a.j.t.JMeterThread: Thread is done: GET search (agents) 2-33
2026-10-08 00:46:40,625 INFO o.a.j.t.JMeterThread: Thread finished: GET search (agents) 2-33
2026-10-08 00:47:04,432 INFO o.a.j.t.JMeterThread: Thread started: GET search (agents) 2-34
2026-10-08 00:47:04,522 INFO o.a.j.r.Summariser: summary +      9 in 00:02:34 =    0.1/s Avg:    98 Min:    29 Max:   390 Err:     0 (0.00%) Active: 1 Started: 40 Finished: 39
2026-10-08 00:47:04,523 INFO o.a.j.r.Summariser: summary =     40 in 00:14:19 =    0.0/s Avg:   302 Min:    13 Max:  2534 Err:     1 (2.50%)
2026-10-08 00:47:04,523 INFO o.a.j.t.JMeterThread: Thread is done: GET search (agents) 2-34
2026-10-08 00:47:04,523 INFO o.a.j.t.JMeterThread: Thread finished: GET search (agents) 2-34
2026-10-08 00:47:55,024 INFO o.a.j.t.JMeterThread: Thread started: GET search (agents) 2-35
2026-10-08 00:47:55,063 INFO o.a.j.t.JMeterThread: Thread is done: GET search (agents) 2-35
2026-10-08 00:47:55,063 INFO o.a.j.t.JMeterThread: Thread finished: GET search (agents) 2-35
2026-10-08 00:47:58,443 INFO o.a.j.t.JMeterThread: Thread started: POST tickets (intake) 1-7
2026-10-08 00:48:00,474 INFO o.a.j.r.Summariser: summary +      2 in 00:00:56 =    0.0/s Avg:  1033 Min:    37 Max:  2029 Err:     0 (0.00%) Active: 1 Started: 42 Finished: 41
2026-10-08 00:48:00,474 INFO o.a.j.r.Summariser: summary =     42 in 00:15:15 =    0.0/s Avg:   336 Min:    13 Max:  2534 Err:     1 (2.38%)
2026-10-08 00:48:00,475 INFO o.a.j.t.JMeterThread: Thread is done: POST tickets (intake) 1-7
2026-10-08 00:48:00,475 INFO o.a.j.t.JMeterThread: Thread finished: POST tickets (intake) 1-7
2026-10-08 00:48:38,496 INFO o.a.j.t.JMeterThread: Thread started: GET search (agents) 2-36
2026-10-08 00:48:38,540 INFO o.a.j.t.JMeterThread: Thread is done: GET search (agents) 2-36
2026-10-08 00:48:38,541 INFO o.a.j.t.JMeterThread: Thread finished: GET search (agents) 2-36
2026-10-08 00:48:38,749 INFO o.a.j.t.JMeterThread: Thread started: GET search (agents) 2-37
2026-10-08 00:48:38,796 INFO o.a.j.t.JMeterThread: Thread is done: GET search (agents) 2-37
2026-10-08 00:48:38,796 INFO o.a.j.t.JMeterThread: Thread finished: GET search (agents) 2-37
2026-10-08 00:48:50,575 INFO o.a.j.t.JMeterThread: Thread started: POST tickets (intake) 1-8
2026-10-08 00:48:51,996 INFO o.a.j.t.JMeterThread: Thread is done: POST tickets (intake) 1-8
2026-10-08 00:48:51,996 INFO o.a.j.t.JMeterThread: Thread finished: POST tickets (intake) 1-8
2026-10-08 00:49:06,426 INFO o.a.j.t.JMeterThread: Thread started: POST tickets (intake) 1-9
2026-10-08 00:49:08,440 INFO o.a.j.t.JMeterThread: Thread is done: POST tickets (intake) 1-9
2026-10-08 00:49:08,440 INFO o.a.j.t.JMeterThread: Thread finished: POST tickets (intake) 1-9
2026-10-08 00:50:09,172 INFO o.a.j.t.JMeterThread: Thread started: GET search (agents) 2-38
2026-10-08 00:50:09,257 INFO o.a.j.t.JMeterThread: Thread is done: GET search (agents) 2-38
2026-10-08 00:50:09,257 INFO o.a.j.t.JMeterThread: Thread finished: GET search (agents) 2-38
2026-10-08 00:50:24,616 INFO o.a.j.t.JMeterThread: Thread started: GET search (agents) 2-39
2026-10-08 00:50:24,666 INFO o.a.j.t.JMeterThread: Thread is done: GET search (agents) 2-39
2026-10-08 00:50:24,666 INFO o.a.j.t.JMeterThread: Thread finished: GET search (agents) 2-39
2026-10-08 00:50:29,243 INFO o.a.j.t.JMeterThread: Thread started: GET search (agents) 2-40
2026-10-08 00:50:29,280 INFO o.a.j.t.JMeterThread: Thread is done: GET search (agents) 2-40
2026-10-08 00:50:29,280 INFO o.a.j.t.JMeterThread: Thread finished: GET search (agents) 2-40
2026-10-08 00:51:29,692 INFO o.a.j.t.JMeterThread: Thread started: POST tickets (intake) 1-10
2026-10-08 00:51:31,525 INFO o.a.j.r.Summariser: summary +      8 in 00:03:31 =    0.0/s Avg:   689 Min:    36 Max:  2012 Err:     1 (12.50%) Active: 1 Started: 50 Finished: 49
2026-10-08 00:51:31,526 INFO o.a.j.r.Summariser: summary =     50 in 00:18:46 =    0.0/s Avg:   393 Min:    13 Max:  2534 Err:     2 (4.00%)
2026-10-08 00:51:31,526 INFO o.a.j.t.JMeterThread: Thread is done: POST tickets (intake) 1-10
2026-10-08 00:51:31,526 INFO o.a.j.t.JMeterThread: Thread finished: POST tickets (intake) 1-10
2026-10-08 00:51:35,229 INFO o.a.j.t.JMeterThread: Thread started: GET search (agents) 2-41
2026-10-08 00:51:35,318 INFO o.a.j.t.JMeterThread: Thread is done: GET search (agents) 2-41
2026-10-08 00:51:35,318 INFO o.a.j.t.JMeterThread: Thread finished: GET search (agents) 2-41
2026-10-08 00:51:36,866 INFO o.a.j.t.JMeterThread: Thread started: POST tickets (intake) 1-11
2026-10-08 00:51:39,218 INFO o.a.j.t.JMeterThread: Thread is done: POST tickets (intake) 1-11
2026-10-08 00:51:39,218 INFO o.a.j.t.JMeterThread: Thread finished: POST tickets (intake) 1-11
2026-10-08 00:51:56,390 INFO o.a.j.t.JMeterThread: Thread started: GET search (agents) 2-42
2026-10-08 00:51:56,425 INFO o.a.j.t.JMeterThread: Thread is done: GET search (agents) 2-42
2026-10-08 00:51:56,425 INFO o.a.j.t.JMeterThread: Thread finished: GET search (agents) 2-42
2026-10-08 00:52:04,666 INFO o.a.j.t.JMeterThread: Thread started: GET search (agents) 2-43
2026-10-08 00:52:04,681 INFO o.a.j.r.Summariser: summary +      4 in 00:00:33 =    0.1/s Avg:   621 Min:    14 Max:  2351 Err:     0 (0.00%) Active: 1 Started: 54 Finished: 53
2026-10-08 00:52:04,682 INFO o.a.j.r.Summariser: summary =     54 in 00:19:19 =    0.0/s Avg:   410 Min:    13 Max:  2534 Err:     2 (3.70%)
2026-10-08 00:52:04,682 INFO o.a.j.t.JMeterThread: Thread is done: GET search (agents) 2-43
2026-10-08 00:52:04,682 INFO o.a.j.t.JMeterThread: Thread finished: GET search (agents) 2-43
2026-10-08 00:52:20,084 INFO o.a.j.t.JMeterThread: Thread started: GET search (agents) 2-44
2026-10-08 00:52:20,148 INFO o.a.j.t.JMeterThread: Thread is done: GET search (agents) 2-44
2026-10-08 00:52:20,148 INFO o.a.j.t.JMeterThread: Thread finished: GET search (agents) 2-44
2026-10-08 00:52:35,370 INFO o.a.j.t.JMeterThread: Thread started: POST tickets (intake) 1-12
2026-10-08 00:52:36,575 INFO o.a.j.t.JMeterThread: Thread is done: POST tickets (intake) 1-12
2026-10-08 00:52:36,575 INFO o.a.j.t.JMeterThread: Thread finished: POST tickets (intake) 1-12
2026-10-08 00:53:37,926 INFO o.a.j.t.JMeterThread: Thread started: GET search (agents) 2-45
2026-10-08 00:53:38,003 INFO o.a.j.t.JMeterThread: Thread is done: GET search (agents) 2-45
2026-10-08 00:53:38,003 INFO o.a.j.t.JMeterThread: Thread finished: GET search (agents) 2-45
2026-10-08 00:53:38,909 INFO o.a.j.t.JMeterThread: Thread started: POST tickets (intake) 1-13
2026-10-08 00:53:40,299 INFO o.a.j.t.JMeterThread: Thread is done: POST tickets (intake) 1-13
2026-10-08 00:53:40,299 INFO o.a.j.t.JMeterThread: Thread finished: POST tickets (intake) 1-13
2026-10-08 00:53:49,084 INFO o.a.j.t.JMeterThread: Thread started: GET search (agents) 2-46
2026-10-08 00:53:49,157 INFO o.a.j.t.JMeterThread: Thread is done: GET search (agents) 2-46
2026-10-08 00:53:49,157 INFO o.a.j.t.JMeterThread: Thread finished: GET search (agents) 2-46
2026-10-08 00:54:02,457 INFO o.a.j.t.o.EvenArrivalsRamp: Generating 0 events, beginRate = 0.0 / sec, endRate = 0.0 / sec, duration = 60.0 sec
2026-10-08 00:54:02,457 INFO o.a.j.t.JMeterThread: Thread started: GET search (agents) 2-47
2026-10-08 00:54:02,457 INFO o.a.j.t.o.OpenModelThreadGroup: There will be no more events, so will wait for 103 sec till the end of the schedule
2026-10-08 00:54:02,533 INFO o.a.j.r.Summariser: summary +      6 in 00:01:58 =    0.1/s Avg:   479 Min:    62 Max:  1388 Err:     1 (16.67%) Active: 1 Started: 60 Finished: 59
2026-10-08 00:54:02,533 INFO o.a.j.r.Summariser: summary =     60 in 00:21:17 =    0.0/s Avg:   417 Min:    13 Max:  2534 Err:     3 (5.00%)
2026-10-08 00:54:02,533 INFO o.a.j.t.JMeterThread: Thread is done: GET search (agents) 2-47
2026-10-08 00:54:02,533 INFO o.a.j.t.JMeterThread: Thread finished: GET search (agents) 2-47
2026-10-08 00:54:26,817 INFO o.a.j.t.JMeterThread: Thread started: POST tickets (intake) 1-14
2026-10-08 00:54:28,246 INFO o.a.j.t.JMeterThread: Thread is done: POST tickets (intake) 1-14
2026-10-08 00:54:28,246 INFO o.a.j.t.JMeterThread: Thread finished: POST tickets (intake) 1-14
2026-10-08 00:54:28,855 INFO o.a.j.t.JMeterThread: Thread started: POST tickets (intake) 1-15
2026-10-08 00:54:28,855 INFO o.a.j.t.o.EvenArrivalsRamp: Generating 0 events, beginRate = 0.0 / sec, endRate = 0.0 / sec, duration = 60.0 sec
2026-10-08 00:54:28,855 INFO o.a.j.t.o.OpenModelThreadGroup: There will be no more events, so will wait for 76 sec till the end of the schedule
2026-10-08 00:54:30,093 INFO o.a.j.r.Summariser: summary +      2 in 00:00:28 =    0.1/s Avg:  1331 Min:  1235 Max:  1427 Err:     0 (0.00%) Active: 1 Started: 62 Finished: 61
2026-10-08 00:54:30,093 INFO o.a.j.r.Summariser: summary =     62 in 00:21:45 =    0.0/s Avg:   446 Min:    13 Max:  2534 Err:     3 (4.84%)
2026-10-08 00:54:30,093 INFO o.a.j.t.JMeterThread: Thread is done: POST tickets (intake) 1-15
2026-10-08 00:54:30,093 INFO o.a.j.t.JMeterThread: Thread finished: POST tickets (intake) 1-15
2026-10-08 00:55:45,459 INFO o.a.j.t.o.OpenModelThreadGroup: There will be no more events, will shutdown the thread pool
2026-10-08 00:55:45,460 INFO o.a.j.t.o.OpenModelThreadGroup: There will be no more events, will shutdown the thread pool
2026-10-08 00:55:45,460 INFO o.a.j.t.o.OpenModelThreadGroup: Thread starting done
2026-10-08 00:55:45,460 INFO o.a.j.t.o.OpenModelThreadGroup: Thread starting done
2026-10-08 00:55:45,460 INFO o.a.j.e.StandardJMeterEngine: Notifying test listeners of end of test
2026-10-08 00:55:45,460 INFO o.a.j.s.FileServer: Close: C:/Users/Administrator/Documents/GitHub/ICT3113_Assignment_1/step5/data/search_terms.csv
2026-10-08 00:55:45,460 INFO o.a.j.s.FileServer: Close: C:/Users/Administrator/Documents/GitHub/ICT3113_Assignment_1/step5/data/tickets_load.tsv
2026-10-08 00:55:45,461 INFO o.a.j.r.Summariser: summary =     62 in 00:23:00 =    0.0/s Avg:   446 Min:    13 Max:  2534 Err:     3 (4.84%)
