2026-10-08 02:37:58,486 INFO o.a.j.u.JMeterUtils: Setting Locale to en_EN
2026-10-08 02:37:58,501 INFO o.a.j.JMeter: Loading user properties from: C:\tools\apache-jmeter-5.6.3\bin\user.properties
2026-10-08 02:37:58,501 INFO o.a.j.JMeter: Loading system properties from: C:\tools\apache-jmeter-5.6.3\bin\system.properties
2026-10-08 02:37:58,501 INFO o.a.j.JMeter: Loading additional properties from: C:\Users\Administrator\Documents\GitHub\ICT3113_Assignment_1\step5\results\gemma3-1b\headroom\run1\run.properties
2026-10-08 02:37:58,507 INFO o.a.j.JMeter: Copyright (c) 1998-2024 The Apache Software Foundation
2026-10-08 02:37:58,507 INFO o.a.j.JMeter: Version 5.6.3
2026-10-08 02:37:58,507 INFO o.a.j.JMeter: java.version=17.0.20.1
2026-10-08 02:37:58,507 INFO o.a.j.JMeter: java.vm.name=OpenJDK 64-Bit Server VM
2026-10-08 02:37:58,507 INFO o.a.j.JMeter: os.name=Windows 10
2026-10-08 02:37:58,507 INFO o.a.j.JMeter: os.arch=amd64
2026-10-08 02:37:58,507 INFO o.a.j.JMeter: os.version=10.0
2026-10-08 02:37:58,507 INFO o.a.j.JMeter: file.encoding=Cp1252
2026-10-08 02:37:58,507 INFO o.a.j.JMeter: java.awt.headless=true
2026-10-08 02:37:58,507 INFO o.a.j.JMeter: Max memory     =1073741824
2026-10-08 02:37:58,508 INFO o.a.j.JMeter: Available Processors =12
2026-10-08 02:37:58,515 INFO o.a.j.JMeter: Default Locale=English (EN)
2026-10-08 02:37:58,516 INFO o.a.j.JMeter: JMeter  Locale=English (EN)
2026-10-08 02:37:58,516 INFO o.a.j.JMeter: JMeterHome=C:\tools\apache-jmeter-5.6.3
2026-10-08 02:37:58,516 INFO o.a.j.JMeter: user.dir  =C:\Users\Administrator\Documents\GitHub\ICT3113_Assignment_1
2026-10-08 02:37:58,516 INFO o.a.j.JMeter: PWD       =C:\Users\Administrator\Documents\GitHub\ICT3113_Assignment_1
2026-10-08 02:37:58,517 INFO o.a.j.JMeter: IP: 100.111.72.66 Name: ITEMERROR-MSI-WISP FullName: itemerror-msi-wisp.taile944e3.ts.net.
2026-10-08 02:37:58,529 INFO o.a.j.s.FileServer: Default base='C:\Users\Administrator\Documents\GitHub\ICT3113_Assignment_1'
2026-10-08 02:37:58,531 INFO o.a.j.s.FileServer: Set new base='C:\Users\Administrator\Documents\GitHub\ICT3113_Assignment_1\step5\jmeter'
2026-10-08 02:37:58,698 INFO o.a.j.s.SaveService: Testplan (JMX) version: 2.2. Testlog (JTL) version: 2.2
2026-10-08 02:37:58,721 INFO o.a.j.s.SaveService: Using SaveService properties version 5.0
2026-10-08 02:37:58,725 INFO o.a.j.s.SaveService: Using SaveService properties file encoding UTF-8
2026-10-08 02:37:58,728 INFO o.a.j.s.SaveService: Loading file: C:\Users\Administrator\Documents\GitHub\ICT3113_Assignment_1\step5\jmeter\ticket_triage.jmx
2026-10-08 02:37:58,782 INFO o.a.j.p.h.s.HTTPSamplerBase: Parser for text/html is org.apache.jmeter.protocol.http.parser.LagartoBasedHtmlParser
2026-10-08 02:37:58,782 INFO o.a.j.p.h.s.HTTPSamplerBase: Parser for application/xhtml+xml is org.apache.jmeter.protocol.http.parser.LagartoBasedHtmlParser
2026-10-08 02:37:58,782 INFO o.a.j.p.h.s.HTTPSamplerBase: Parser for application/xml is org.apache.jmeter.protocol.http.parser.LagartoBasedHtmlParser
2026-10-08 02:37:58,782 INFO o.a.j.p.h.s.HTTPSamplerBase: Parser for text/xml is org.apache.jmeter.protocol.http.parser.LagartoBasedHtmlParser
2026-10-08 02:37:58,782 INFO o.a.j.p.h.s.HTTPSamplerBase: Parser for text/vnd.wap.wml is org.apache.jmeter.protocol.http.parser.RegexpHTMLParser
2026-10-08 02:37:58,783 INFO o.a.j.p.h.s.HTTPSamplerBase: Parser for text/css is org.apache.jmeter.protocol.http.parser.CssParser
2026-10-08 02:37:58,801 INFO o.a.j.JMeter: Creating summariser <summary>
2026-10-08 02:37:58,819 INFO o.a.j.e.StandardJMeterEngine: Running the test!
2026-10-08 02:37:58,819 INFO o.a.j.s.SampleEvent: List of sample_variables: [reqid, row]
2026-10-08 02:37:58,819 INFO o.a.j.s.SampleEvent: List of sample_variables: [reqid, row]
2026-10-08 02:37:58,825 INFO o.a.j.e.u.CompoundVariable: Note: Function class names must contain the string: '.functions.'
2026-10-08 02:37:58,825 INFO o.a.j.e.u.CompoundVariable: Note: Function class names must not contain the string: '.gui.'
2026-10-08 02:37:58,892 INFO o.a.j.JMeter: Running test (1791398278892)
2026-10-08 02:37:58,908 INFO o.a.j.e.StandardJMeterEngine: Starting ThreadGroup: 1 : POST tickets (intake)
2026-10-08 02:37:58,908 INFO o.a.j.e.StandardJMeterEngine: Starting 0 threads for group POST tickets (intake).
2026-10-08 02:37:58,908 INFO o.a.j.e.StandardJMeterEngine: Thread will continue on error
2026-10-08 02:37:58,909 INFO o.a.j.t.o.OpenModelThreadGroup: Starting OpenModelThreadGroup#1 with schedule rate(105/hour) random_arrivals(22 min) pause(1 min)
2026-10-08 02:37:58,941 INFO o.a.j.e.StandardJMeterEngine: Starting ThreadGroup: 2 : GET search (agents)
2026-10-08 02:37:58,941 INFO o.a.j.e.StandardJMeterEngine: Starting 0 threads for group GET search (agents).
2026-10-08 02:37:58,941 INFO o.a.j.e.StandardJMeterEngine: Thread will continue on error
2026-10-08 02:37:58,941 INFO o.a.j.t.o.OpenModelThreadGroup: Starting OpenModelThreadGroup#2 with schedule rate(316/hour) random_arrivals(22 min) pause(1 min)
2026-10-08 02:37:58,941 INFO o.a.j.t.o.OpenModelThreadGroup: Thread starting init
2026-10-08 02:37:58,941 INFO o.a.j.e.StandardJMeterEngine: All thread groups have been started
2026-10-08 02:37:58,942 INFO o.a.j.t.o.OpenModelThreadGroup: Thread starting init
2026-10-08 02:37:58,944 INFO o.a.j.t.o.PoissonArrivalsRamp: Generating 115 events, beginRate = 0.08777777777777777 / sec, endRate = 0.08777777777777777 / sec, duration = 1320.0 sec
2026-10-08 02:37:58,944 INFO o.a.j.t.o.PoissonArrivalsRamp: Generating 38 events, beginRate = 0.029166666666666667 / sec, endRate = 0.029166666666666667 / sec, duration = 1320.0 sec
2026-10-08 02:38:05,526 INFO o.a.j.t.JMeterThread: Thread started: POST tickets (intake) 1-1
2026-10-08 02:38:05,583 INFO o.a.j.s.FileServer: Stored: C:/Users/Administrator/Documents/GitHub/ICT3113_Assignment_1/step5/data/tickets_load.tsv
2026-10-08 02:38:05,609 INFO o.a.j.p.h.s.HTTPHCAbstractImpl: Local host = ITEMERROR-MSI-WISP
2026-10-08 02:38:05,615 INFO o.a.j.p.h.s.HTTPHC4Impl: HTTP request retry count = 0
2026-10-08 02:38:05,617 INFO o.a.j.s.SampleResult: Note: Sample TimeStamps are START times
2026-10-08 02:38:05,617 INFO o.a.j.s.SampleResult: sampleresult.default.encoding is set to UTF-8
2026-10-08 02:38:05,617 INFO o.a.j.s.SampleResult: sampleresult.useNanoTime=true
2026-10-08 02:38:05,617 INFO o.a.j.s.SampleResult: sampleresult.nanoThreadSleep=5000
2026-10-08 02:38:06,900 INFO o.a.j.t.JMeterThread: Thread started: POST tickets (intake) 1-2
2026-10-08 02:38:07,271 INFO o.a.j.t.JMeterThread: Thread is done: POST tickets (intake) 1-1
2026-10-08 02:38:07,271 INFO o.a.j.t.JMeterThread: Thread finished: POST tickets (intake) 1-1
2026-10-08 02:38:08,573 INFO o.a.j.t.JMeterThread: Thread is done: POST tickets (intake) 1-2
2026-10-08 02:38:08,574 INFO o.a.j.t.JMeterThread: Thread finished: POST tickets (intake) 1-2
2026-10-08 02:38:12,930 INFO o.a.j.t.JMeterThread: Thread started: POST tickets (intake) 1-3
2026-10-08 02:38:14,842 INFO o.a.j.t.JMeterThread: Thread is done: POST tickets (intake) 1-3
2026-10-08 02:38:14,842 INFO o.a.j.t.JMeterThread: Thread finished: POST tickets (intake) 1-3
2026-10-08 02:38:20,060 INFO o.a.j.t.JMeterThread: Thread started: GET search (agents) 2-1
2026-10-08 02:38:20,060 INFO o.a.j.s.FileServer: Stored: C:/Users/Administrator/Documents/GitHub/ICT3113_Assignment_1/step5/data/search_terms.csv
2026-10-08 02:38:20,125 INFO o.a.j.t.JMeterThread: Thread is done: GET search (agents) 2-1
2026-10-08 02:38:20,125 INFO o.a.j.t.JMeterThread: Thread finished: GET search (agents) 2-1
2026-10-08 02:38:33,369 INFO o.a.j.t.JMeterThread: Thread started: GET search (agents) 2-2
2026-10-08 02:38:33,437 INFO o.a.j.r.Summariser: summary +      5 in 00:00:35 =    0.1/s Avg:  1062 Min:    62 Max:  1911 Err:     0 (0.00%) Active: 1 Started: 5 Finished: 4
2026-10-08 02:38:33,437 INFO o.a.j.t.JMeterThread: Thread is done: GET search (agents) 2-2
2026-10-08 02:38:33,437 INFO o.a.j.t.JMeterThread: Thread finished: GET search (agents) 2-2
2026-10-08 02:38:48,195 INFO o.a.j.t.JMeterThread: Thread started: GET search (agents) 2-3
2026-10-08 02:38:48,259 INFO o.a.j.t.JMeterThread: Thread is done: GET search (agents) 2-3
2026-10-08 02:38:48,259 INFO o.a.j.t.JMeterThread: Thread finished: GET search (agents) 2-3
2026-10-08 02:38:49,906 INFO o.a.j.t.JMeterThread: Thread started: GET search (agents) 2-4
2026-10-08 02:38:49,945 INFO o.a.j.t.JMeterThread: Thread is done: GET search (agents) 2-4
2026-10-08 02:38:49,945 INFO o.a.j.t.JMeterThread: Thread finished: GET search (agents) 2-4
2026-10-08 02:38:51,090 INFO o.a.j.t.JMeterThread: Thread started: GET search (agents) 2-5
2026-10-08 02:38:51,126 INFO o.a.j.t.JMeterThread: Thread is done: GET search (agents) 2-5
2026-10-08 02:38:51,126 INFO o.a.j.t.JMeterThread: Thread finished: GET search (agents) 2-5
2026-10-08 02:38:54,474 INFO o.a.j.t.JMeterThread: Thread started: GET search (agents) 2-6
2026-10-08 02:38:54,582 INFO o.a.j.t.JMeterThread: Thread is done: GET search (agents) 2-6
2026-10-08 02:38:54,582 INFO o.a.j.t.JMeterThread: Thread finished: GET search (agents) 2-6
2026-10-08 02:39:11,386 INFO o.a.j.t.JMeterThread: Thread started: GET search (agents) 2-7
2026-10-08 02:39:11,441 INFO o.a.j.t.JMeterThread: Thread is done: GET search (agents) 2-7
2026-10-08 02:39:11,441 INFO o.a.j.t.JMeterThread: Thread finished: GET search (agents) 2-7
2026-10-08 02:39:26,648 INFO o.a.j.t.JMeterThread: Thread started: GET search (agents) 2-8
2026-10-08 02:39:26,694 INFO o.a.j.t.JMeterThread: Thread is done: GET search (agents) 2-8
2026-10-08 02:39:26,694 INFO o.a.j.t.JMeterThread: Thread finished: GET search (agents) 2-8
2026-10-08 02:39:26,799 INFO o.a.j.t.JMeterThread: Thread started: GET search (agents) 2-9
2026-10-08 02:39:26,845 INFO o.a.j.t.JMeterThread: Thread is done: GET search (agents) 2-9
2026-10-08 02:39:26,845 INFO o.a.j.t.JMeterThread: Thread finished: GET search (agents) 2-9
2026-10-08 02:39:33,339 INFO o.a.j.t.JMeterThread: Thread started: GET search (agents) 2-10
2026-10-08 02:39:33,358 INFO o.a.j.r.Summariser: summary +      8 in 00:01:00 =    0.1/s Avg:    49 Min:    17 Max:   106 Err:     0 (0.00%) Active: 1 Started: 13 Finished: 12
2026-10-08 02:39:33,359 INFO o.a.j.r.Summariser: summary =     13 in 00:01:34 =    0.1/s Avg:   439 Min:    17 Max:  1911 Err:     0 (0.00%)
2026-10-08 02:39:33,359 INFO o.a.j.t.JMeterThread: Thread is done: GET search (agents) 2-10
2026-10-08 02:39:33,359 INFO o.a.j.t.JMeterThread: Thread finished: GET search (agents) 2-10
2026-10-08 02:39:35,531 INFO o.a.j.t.JMeterThread: Thread started: GET search (agents) 2-11
2026-10-08 02:39:35,627 INFO o.a.j.t.JMeterThread: Thread is done: GET search (agents) 2-11
2026-10-08 02:39:35,627 INFO o.a.j.t.JMeterThread: Thread finished: GET search (agents) 2-11
2026-10-08 02:40:08,724 INFO o.a.j.t.JMeterThread: Thread started: GET search (agents) 2-12
2026-10-08 02:40:08,804 INFO o.a.j.t.JMeterThread: Thread is done: GET search (agents) 2-12
2026-10-08 02:40:08,804 INFO o.a.j.t.JMeterThread: Thread finished: GET search (agents) 2-12
2026-10-08 02:40:11,233 INFO o.a.j.t.JMeterThread: Thread started: GET search (agents) 2-13
2026-10-08 02:40:11,266 INFO o.a.j.t.JMeterThread: Thread is done: GET search (agents) 2-13
2026-10-08 02:40:11,266 INFO o.a.j.t.JMeterThread: Thread finished: GET search (agents) 2-13
2026-10-08 02:40:13,874 INFO o.a.j.t.JMeterThread: Thread started: GET search (agents) 2-14
2026-10-08 02:40:13,912 INFO o.a.j.t.JMeterThread: Thread is done: GET search (agents) 2-14
2026-10-08 02:40:13,912 INFO o.a.j.t.JMeterThread: Thread finished: GET search (agents) 2-14
2026-10-08 02:40:31,901 INFO o.a.j.t.JMeterThread: Thread started: POST tickets (intake) 1-4
2026-10-08 02:40:33,882 INFO o.a.j.t.JMeterThread: Thread started: GET search (agents) 2-15
2026-10-08 02:40:33,969 INFO o.a.j.r.Summariser: summary +      5 in 00:01:01 =    0.1/s Avg:    65 Min:    32 Max:    95 Err:     0 (0.00%) Active: 2 Started: 19 Finished: 17
2026-10-08 02:40:33,970 INFO o.a.j.r.Summariser: summary =     18 in 00:02:35 =    0.1/s Avg:   335 Min:    17 Max:  1911 Err:     0 (0.00%)
2026-10-08 02:40:33,970 INFO o.a.j.t.JMeterThread: Thread is done: GET search (agents) 2-15
2026-10-08 02:40:33,970 INFO o.a.j.t.JMeterThread: Thread finished: GET search (agents) 2-15
2026-10-08 02:40:34,502 INFO o.a.j.t.JMeterThread: Thread is done: POST tickets (intake) 1-4
2026-10-08 02:40:34,502 INFO o.a.j.t.JMeterThread: Thread finished: POST tickets (intake) 1-4
2026-10-08 02:40:35,619 INFO o.a.j.t.JMeterThread: Thread started: GET search (agents) 2-16
2026-10-08 02:40:35,720 INFO o.a.j.t.JMeterThread: Thread is done: GET search (agents) 2-16
2026-10-08 02:40:35,720 INFO o.a.j.t.JMeterThread: Thread finished: GET search (agents) 2-16
2026-10-08 02:40:52,461 INFO o.a.j.t.JMeterThread: Thread started: GET search (agents) 2-17
2026-10-08 02:40:52,505 INFO o.a.j.t.JMeterThread: Thread is done: GET search (agents) 2-17
2026-10-08 02:40:52,505 INFO o.a.j.t.JMeterThread: Thread finished: GET search (agents) 2-17
2026-10-08 02:40:53,428 INFO o.a.j.t.JMeterThread: Thread started: GET search (agents) 2-18
2026-10-08 02:40:53,468 INFO o.a.j.t.JMeterThread: Thread is done: GET search (agents) 2-18
2026-10-08 02:40:53,468 INFO o.a.j.t.JMeterThread: Thread finished: GET search (agents) 2-18
2026-10-08 02:40:58,862 INFO o.a.j.t.JMeterThread: Thread started: GET search (agents) 2-19
2026-10-08 02:40:58,896 INFO o.a.j.t.JMeterThread: Thread is done: GET search (agents) 2-19
2026-10-08 02:40:58,896 INFO o.a.j.t.JMeterThread: Thread finished: GET search (agents) 2-19
2026-10-08 02:41:03,309 INFO o.a.j.t.JMeterThread: Thread started: POST tickets (intake) 1-5
2026-10-08 02:41:04,292 INFO o.a.j.r.Summariser: summary +      6 in 00:00:30 =    0.2/s Avg:   632 Min:    32 Max:  2599 Err:     1 (16.67%) Active: 1 Started: 24 Finished: 23
2026-10-08 02:41:04,293 INFO o.a.j.r.Summariser: summary =     24 in 00:03:05 =    0.1/s Avg:   409 Min:    17 Max:  2599 Err:     1 (4.17%)
2026-10-08 02:41:04,293 INFO o.a.j.t.JMeterThread: Thread is done: POST tickets (intake) 1-5
2026-10-08 02:41:04,293 INFO o.a.j.t.JMeterThread: Thread finished: POST tickets (intake) 1-5
2026-10-08 02:41:06,292 INFO o.a.j.t.JMeterThread: Thread started: POST tickets (intake) 1-6
2026-10-08 02:41:07,868 INFO o.a.j.t.JMeterThread: Thread is done: POST tickets (intake) 1-6
2026-10-08 02:41:07,868 INFO o.a.j.t.JMeterThread: Thread finished: POST tickets (intake) 1-6
2026-10-08 02:41:25,727 INFO o.a.j.t.JMeterThread: Thread started: POST tickets (intake) 1-7
2026-10-08 02:41:27,832 INFO o.a.j.t.JMeterThread: Thread is done: POST tickets (intake) 1-7
2026-10-08 02:41:27,832 INFO o.a.j.t.JMeterThread: Thread finished: POST tickets (intake) 1-7
2026-10-08 02:41:31,401 INFO o.a.j.t.JMeterThread: Thread started: POST tickets (intake) 1-8
2026-10-08 02:41:31,749 INFO o.a.j.t.JMeterThread: Thread started: GET search (agents) 2-20
2026-10-08 02:41:31,795 INFO o.a.j.r.Summariser: summary +      3 in 00:00:28 =    0.1/s Avg:  1241 Min:    45 Max:  2104 Err:     0 (0.00%) Active: 2 Started: 28 Finished: 26
2026-10-08 02:41:31,796 INFO o.a.j.r.Summariser: summary =     27 in 00:03:33 =    0.1/s Avg:   502 Min:    17 Max:  2599 Err:     1 (3.70%)
2026-10-08 02:41:31,796 INFO o.a.j.t.JMeterThread: Thread is done: GET search (agents) 2-20
2026-10-08 02:41:31,796 INFO o.a.j.t.JMeterThread: Thread finished: GET search (agents) 2-20
2026-10-08 02:41:31,947 INFO o.a.j.t.JMeterThread: Thread started: GET search (agents) 2-21
2026-10-08 02:41:31,979 INFO o.a.j.t.JMeterThread: Thread is done: GET search (agents) 2-21
2026-10-08 02:41:31,979 INFO o.a.j.t.JMeterThread: Thread finished: GET search (agents) 2-21
2026-10-08 02:41:32,691 INFO o.a.j.t.JMeterThread: Thread is done: POST tickets (intake) 1-8
2026-10-08 02:41:32,691 INFO o.a.j.t.JMeterThread: Thread finished: POST tickets (intake) 1-8
2026-10-08 02:41:40,274 INFO o.a.j.t.JMeterThread: Thread started: GET search (agents) 2-22
2026-10-08 02:41:40,363 INFO o.a.j.t.JMeterThread: Thread is done: GET search (agents) 2-22
2026-10-08 02:41:40,364 INFO o.a.j.t.JMeterThread: Thread finished: GET search (agents) 2-22
2026-10-08 02:41:49,955 INFO o.a.j.t.JMeterThread: Thread started: GET search (agents) 2-23
2026-10-08 02:41:49,986 INFO o.a.j.t.JMeterThread: Thread is done: GET search (agents) 2-23
2026-10-08 02:41:49,986 INFO o.a.j.t.JMeterThread: Thread finished: GET search (agents) 2-23
2026-10-08 02:41:53,853 INFO o.a.j.t.JMeterThread: Thread started: POST tickets (intake) 1-9
2026-10-08 02:41:55,922 INFO o.a.j.t.JMeterThread: Thread is done: POST tickets (intake) 1-9
2026-10-08 02:41:55,922 INFO o.a.j.t.JMeterThread: Thread finished: POST tickets (intake) 1-9
2026-10-08 02:42:02,635 INFO o.a.j.t.JMeterThread: Thread started: POST tickets (intake) 1-10
2026-10-08 02:42:04,338 INFO o.a.j.r.Summariser: summary +      6 in 00:00:33 =    0.2/s Avg:   867 Min:    29 Max:  2068 Err:     1 (16.67%) Active: 1 Started: 33 Finished: 32
2026-10-08 02:42:04,338 INFO o.a.j.r.Summariser: summary =     33 in 00:04:05 =    0.1/s Avg:   568 Min:    17 Max:  2599 Err:     2 (6.06%)
2026-10-08 02:42:04,338 INFO o.a.j.t.JMeterThread: Thread is done: POST tickets (intake) 1-10
2026-10-08 02:42:04,338 INFO o.a.j.t.JMeterThread: Thread finished: POST tickets (intake) 1-10
2026-10-08 02:42:22,947 INFO o.a.j.t.JMeterThread: Thread started: GET search (agents) 2-24
2026-10-08 02:42:23,135 INFO o.a.j.t.JMeterThread: Thread is done: GET search (agents) 2-24
2026-10-08 02:42:23,135 INFO o.a.j.t.JMeterThread: Thread finished: GET search (agents) 2-24
2026-10-08 02:42:29,308 INFO o.a.j.t.JMeterThread: Thread started: POST tickets (intake) 1-11
2026-10-08 02:42:31,447 INFO o.a.j.r.Summariser: summary +      2 in 00:00:27 =    0.1/s Avg:  1162 Min:   187 Max:  2138 Err:     0 (0.00%) Active: 1 Started: 35 Finished: 34
2026-10-08 02:42:31,447 INFO o.a.j.r.Summariser: summary =     35 in 00:04:33 =    0.1/s Avg:   602 Min:    17 Max:  2599 Err:     2 (5.71%)
2026-10-08 02:42:31,447 INFO o.a.j.t.JMeterThread: Thread is done: POST tickets (intake) 1-11
2026-10-08 02:42:31,447 INFO o.a.j.t.JMeterThread: Thread finished: POST tickets (intake) 1-11
2026-10-08 02:42:32,594 INFO o.a.j.t.JMeterThread: Thread started: GET search (agents) 2-25
2026-10-08 02:42:32,670 INFO o.a.j.t.JMeterThread: Thread is done: GET search (agents) 2-25
2026-10-08 02:42:32,670 INFO o.a.j.t.JMeterThread: Thread finished: GET search (agents) 2-25
2026-10-08 02:42:33,007 INFO o.a.j.t.JMeterThread: Thread started: POST tickets (intake) 1-12
2026-10-08 02:42:34,014 INFO o.a.j.t.JMeterThread: Thread is done: POST tickets (intake) 1-12
2026-10-08 02:42:34,014 INFO o.a.j.t.JMeterThread: Thread finished: POST tickets (intake) 1-12
2026-10-08 02:42:35,503 INFO o.a.j.t.JMeterThread: Thread started: GET search (agents) 2-26
2026-10-08 02:42:35,593 INFO o.a.j.t.JMeterThread: Thread is done: GET search (agents) 2-26
2026-10-08 02:42:35,593 INFO o.a.j.t.JMeterThread: Thread finished: GET search (agents) 2-26
2026-10-08 02:42:37,152 INFO o.a.j.t.JMeterThread: Thread started: GET search (agents) 2-27
2026-10-08 02:42:37,182 INFO o.a.j.t.JMeterThread: Thread is done: GET search (agents) 2-27
2026-10-08 02:42:37,182 INFO o.a.j.t.JMeterThread: Thread finished: GET search (agents) 2-27
2026-10-08 02:43:00,750 INFO o.a.j.t.JMeterThread: Thread started: GET search (agents) 2-28
2026-10-08 02:43:00,802 INFO o.a.j.r.Summariser: summary +      5 in 00:00:29 =    0.2/s Avg:   249 Min:    29 Max:  1006 Err:     0 (0.00%) Active: 1 Started: 40 Finished: 39
2026-10-08 02:43:00,802 INFO o.a.j.r.Summariser: summary =     40 in 00:05:02 =    0.1/s Avg:   558 Min:    17 Max:  2599 Err:     2 (5.00%)
2026-10-08 02:43:00,802 INFO o.a.j.t.JMeterThread: Thread is done: GET search (agents) 2-28
2026-10-08 02:43:00,802 INFO o.a.j.t.JMeterThread: Thread finished: GET search (agents) 2-28
2026-10-08 02:43:12,266 INFO o.a.j.t.JMeterThread: Thread started: GET search (agents) 2-29
2026-10-08 02:43:12,303 INFO o.a.j.t.JMeterThread: Thread is done: GET search (agents) 2-29
2026-10-08 02:43:12,303 INFO o.a.j.t.JMeterThread: Thread finished: GET search (agents) 2-29
2026-10-08 02:43:22,785 INFO o.a.j.t.JMeterThread: Thread started: POST tickets (intake) 1-13
2026-10-08 02:43:24,162 INFO o.a.j.t.JMeterThread: Thread is done: POST tickets (intake) 1-13
2026-10-08 02:43:24,162 INFO o.a.j.t.JMeterThread: Thread finished: POST tickets (intake) 1-13
2026-10-08 02:43:33,791 INFO o.a.j.t.JMeterThread: Thread started: GET search (agents) 2-30
2026-10-08 02:43:33,831 INFO o.a.j.r.Summariser: summary +      3 in 00:00:33 =    0.1/s Avg:   483 Min:    36 Max:  1375 Err:     1 (33.33%) Active: 1 Started: 43 Finished: 42
2026-10-08 02:43:33,832 INFO o.a.j.r.Summariser: summary =     43 in 00:05:35 =    0.1/s Avg:   553 Min:    17 Max:  2599 Err:     3 (6.98%)
2026-10-08 02:43:33,832 INFO o.a.j.t.JMeterThread: Thread is done: GET search (agents) 2-30
2026-10-08 02:43:33,832 INFO o.a.j.t.JMeterThread: Thread finished: GET search (agents) 2-30
2026-10-08 02:44:15,426 INFO o.a.j.t.JMeterThread: Thread started: GET search (agents) 2-31
2026-10-08 02:44:15,476 INFO o.a.j.t.JMeterThread: Thread is done: GET search (agents) 2-31
2026-10-08 02:44:15,476 INFO o.a.j.t.JMeterThread: Thread finished: GET search (agents) 2-31
2026-10-08 02:44:20,383 INFO o.a.j.t.JMeterThread: Thread started: GET search (agents) 2-32
2026-10-08 02:44:20,407 INFO o.a.j.t.JMeterThread: Thread is done: GET search (agents) 2-32
2026-10-08 02:44:20,407 INFO o.a.j.t.JMeterThread: Thread finished: GET search (agents) 2-32
2026-10-08 02:44:26,978 INFO o.a.j.t.JMeterThread: Thread started: POST tickets (intake) 1-14
2026-10-08 02:44:28,291 INFO o.a.j.t.JMeterThread: Thread is done: POST tickets (intake) 1-14
2026-10-08 02:44:28,292 INFO o.a.j.t.JMeterThread: Thread finished: POST tickets (intake) 1-14
2026-10-08 02:44:29,535 INFO o.a.j.t.JMeterThread: Thread started: GET search (agents) 2-33
2026-10-08 02:44:29,604 INFO o.a.j.t.JMeterThread: Thread is done: GET search (agents) 2-33
2026-10-08 02:44:29,604 INFO o.a.j.t.JMeterThread: Thread finished: GET search (agents) 2-33
2026-10-08 02:44:57,006 INFO o.a.j.t.JMeterThread: Thread started: GET search (agents) 2-34
2026-10-08 02:44:57,052 INFO o.a.j.t.JMeterThread: Thread is done: GET search (agents) 2-34
2026-10-08 02:44:57,052 INFO o.a.j.t.JMeterThread: Thread finished: GET search (agents) 2-34
2026-10-08 02:45:02,361 INFO o.a.j.t.JMeterThread: Thread started: GET search (agents) 2-35
2026-10-08 02:45:02,438 INFO o.a.j.r.Summariser: summary +      6 in 00:01:29 =    0.1/s Avg:   262 Min:    22 Max:  1312 Err:     0 (0.00%) Active: 1 Started: 49 Finished: 48
2026-10-08 02:45:02,438 INFO o.a.j.r.Summariser: summary =     49 in 00:07:04 =    0.1/s Avg:   517 Min:    17 Max:  2599 Err:     3 (6.12%)
2026-10-08 02:45:02,439 INFO o.a.j.t.JMeterThread: Thread is done: GET search (agents) 2-35
2026-10-08 02:45:02,439 INFO o.a.j.t.JMeterThread: Thread finished: GET search (agents) 2-35
2026-10-08 02:45:13,928 INFO o.a.j.t.JMeterThread: Thread started: GET search (agents) 2-36
2026-10-08 02:45:14,032 INFO o.a.j.t.JMeterThread: Thread is done: GET search (agents) 2-36
2026-10-08 02:45:14,032 INFO o.a.j.t.JMeterThread: Thread finished: GET search (agents) 2-36
2026-10-08 02:45:18,011 INFO o.a.j.t.JMeterThread: Thread started: POST tickets (intake) 1-15
2026-10-08 02:45:19,204 INFO o.a.j.t.JMeterThread: Thread is done: POST tickets (intake) 1-15
2026-10-08 02:45:19,204 INFO o.a.j.t.JMeterThread: Thread finished: POST tickets (intake) 1-15
2026-10-08 02:45:19,334 INFO o.a.j.t.JMeterThread: Thread started: GET search (agents) 2-37
2026-10-08 02:45:19,384 INFO o.a.j.t.JMeterThread: Thread is done: GET search (agents) 2-37
2026-10-08 02:45:19,384 INFO o.a.j.t.JMeterThread: Thread finished: GET search (agents) 2-37
2026-10-08 02:45:28,478 INFO o.a.j.t.JMeterThread: Thread started: GET search (agents) 2-38
2026-10-08 02:45:28,504 INFO o.a.j.t.JMeterThread: Thread is done: GET search (agents) 2-38
2026-10-08 02:45:28,504 INFO o.a.j.t.JMeterThread: Thread finished: GET search (agents) 2-38
2026-10-08 02:45:28,709 INFO o.a.j.t.JMeterThread: Thread started: GET search (agents) 2-39
2026-10-08 02:45:28,727 INFO o.a.j.t.JMeterThread: Thread is done: GET search (agents) 2-39
2026-10-08 02:45:28,727 INFO o.a.j.t.JMeterThread: Thread finished: GET search (agents) 2-39
2026-10-08 02:45:37,546 INFO o.a.j.t.JMeterThread: Thread started: POST tickets (intake) 1-16
2026-10-08 02:45:40,450 INFO o.a.j.t.JMeterThread: Thread is done: POST tickets (intake) 1-16
2026-10-08 02:45:40,451 INFO o.a.j.t.JMeterThread: Thread finished: POST tickets (intake) 1-16
2026-10-08 02:45:51,368 INFO o.a.j.t.JMeterThread: Thread started: GET search (agents) 2-40
2026-10-08 02:45:51,418 INFO o.a.j.t.JMeterThread: Thread is done: GET search (agents) 2-40
2026-10-08 02:45:51,418 INFO o.a.j.t.JMeterThread: Thread finished: GET search (agents) 2-40
2026-10-08 02:45:54,340 INFO o.a.j.t.JMeterThread: Thread started: GET search (agents) 2-41
2026-10-08 02:45:54,394 INFO o.a.j.t.JMeterThread: Thread is done: GET search (agents) 2-41
2026-10-08 02:45:54,394 INFO o.a.j.t.JMeterThread: Thread finished: GET search (agents) 2-41
2026-10-08 02:45:59,989 INFO o.a.j.t.JMeterThread: Thread started: GET search (agents) 2-42
2026-10-08 02:46:00,152 INFO o.a.j.r.Summariser: summary +      9 in 00:00:58 =    0.2/s Avg:   505 Min:    17 Max:  2903 Err:     0 (0.00%) Active: 1 Started: 58 Finished: 57
2026-10-08 02:46:00,152 INFO o.a.j.r.Summariser: summary =     58 in 00:08:01 =    0.1/s Avg:   515 Min:    17 Max:  2903 Err:     3 (5.17%)
2026-10-08 02:46:00,152 INFO o.a.j.t.JMeterThread: Thread is done: GET search (agents) 2-42
2026-10-08 02:46:00,152 INFO o.a.j.t.JMeterThread: Thread finished: GET search (agents) 2-42
2026-10-08 02:46:14,402 INFO o.a.j.t.JMeterThread: Thread started: GET search (agents) 2-43
2026-10-08 02:46:14,447 INFO o.a.j.t.JMeterThread: Thread is done: GET search (agents) 2-43
2026-10-08 02:46:14,447 INFO o.a.j.t.JMeterThread: Thread finished: GET search (agents) 2-43
2026-10-08 02:46:18,048 INFO o.a.j.t.JMeterThread: Thread started: POST tickets (intake) 1-17
2026-10-08 02:46:19,378 INFO o.a.j.t.JMeterThread: Thread is done: POST tickets (intake) 1-17
2026-10-08 02:46:19,378 INFO o.a.j.t.JMeterThread: Thread finished: POST tickets (intake) 1-17
2026-10-08 02:46:29,334 INFO o.a.j.t.JMeterThread: Thread started: GET search (agents) 2-44
2026-10-08 02:46:29,421 INFO o.a.j.t.JMeterThread: Thread is done: GET search (agents) 2-44
2026-10-08 02:46:29,421 INFO o.a.j.t.JMeterThread: Thread finished: GET search (agents) 2-44
2026-10-08 02:46:33,659 INFO o.a.j.t.JMeterThread: Thread started: GET search (agents) 2-45
2026-10-08 02:46:33,715 INFO o.a.j.r.Summariser: summary +      4 in 00:00:34 =    0.1/s Avg:   378 Min:    44 Max:  1329 Err:     0 (0.00%) Active: 1 Started: 62 Finished: 61
2026-10-08 02:46:33,716 INFO o.a.j.r.Summariser: summary =     62 in 00:08:35 =    0.1/s Avg:   506 Min:    17 Max:  2903 Err:     3 (4.84%)
2026-10-08 02:46:33,716 INFO o.a.j.t.JMeterThread: Thread is done: GET search (agents) 2-45
2026-10-08 02:46:33,716 INFO o.a.j.t.JMeterThread: Thread finished: GET search (agents) 2-45
2026-10-08 02:46:43,094 INFO o.a.j.t.JMeterThread: Thread started: POST tickets (intake) 1-18
2026-10-08 02:46:44,321 INFO o.a.j.t.JMeterThread: Thread is done: POST tickets (intake) 1-18
2026-10-08 02:46:44,321 INFO o.a.j.t.JMeterThread: Thread finished: POST tickets (intake) 1-18
2026-10-08 02:46:59,967 INFO o.a.j.t.JMeterThread: Thread started: GET search (agents) 2-46
2026-10-08 02:47:00,040 INFO o.a.j.r.Summariser: summary +      2 in 00:00:26 =    0.1/s Avg:   649 Min:    72 Max:  1227 Err:     0 (0.00%) Active: 1 Started: 64 Finished: 63
2026-10-08 02:47:00,040 INFO o.a.j.r.Summariser: summary =     64 in 00:09:01 =    0.1/s Avg:   511 Min:    17 Max:  2903 Err:     3 (4.69%)
2026-10-08 02:47:00,040 INFO o.a.j.t.JMeterThread: Thread is done: GET search (agents) 2-46
2026-10-08 02:47:00,040 INFO o.a.j.t.JMeterThread: Thread finished: GET search (agents) 2-46
2026-10-08 02:47:00,130 INFO o.a.j.t.JMeterThread: Thread started: POST tickets (intake) 1-19
2026-10-08 02:47:01,291 INFO o.a.j.t.JMeterThread: Thread is done: POST tickets (intake) 1-19
2026-10-08 02:47:01,291 INFO o.a.j.t.JMeterThread: Thread finished: POST tickets (intake) 1-19
2026-10-08 02:47:03,620 INFO o.a.j.t.JMeterThread: Thread started: GET search (agents) 2-47
2026-10-08 02:47:03,649 INFO o.a.j.t.JMeterThread: Thread is done: GET search (agents) 2-47
2026-10-08 02:47:03,649 INFO o.a.j.t.JMeterThread: Thread finished: GET search (agents) 2-47
2026-10-08 02:47:12,832 INFO o.a.j.t.JMeterThread: Thread started: GET search (agents) 2-48
2026-10-08 02:47:12,859 INFO o.a.j.t.JMeterThread: Thread is done: GET search (agents) 2-48
2026-10-08 02:47:12,859 INFO o.a.j.t.JMeterThread: Thread finished: GET search (agents) 2-48
2026-10-08 02:47:23,300 INFO o.a.j.t.JMeterThread: Thread started: GET search (agents) 2-49
2026-10-08 02:47:23,512 INFO o.a.j.t.JMeterThread: Thread is done: GET search (agents) 2-49
2026-10-08 02:47:23,512 INFO o.a.j.t.JMeterThread: Thread finished: GET search (agents) 2-49
2026-10-08 02:47:42,595 INFO o.a.j.t.JMeterThread: Thread started: GET search (agents) 2-50
2026-10-08 02:47:42,662 INFO o.a.j.t.JMeterThread: Thread is done: GET search (agents) 2-50
2026-10-08 02:47:42,662 INFO o.a.j.t.JMeterThread: Thread finished: GET search (agents) 2-50
2026-10-08 02:47:59,763 INFO o.a.j.t.JMeterThread: Thread started: GET search (agents) 2-51
2026-10-08 02:47:59,821 INFO o.a.j.t.JMeterThread: Thread is done: GET search (agents) 2-51
2026-10-08 02:47:59,821 INFO o.a.j.t.JMeterThread: Thread finished: GET search (agents) 2-51
2026-10-08 02:48:29,775 INFO o.a.j.t.JMeterThread: Thread started: GET search (agents) 2-52
2026-10-08 02:48:29,844 INFO o.a.j.t.JMeterThread: Thread is done: GET search (agents) 2-52
2026-10-08 02:48:29,844 INFO o.a.j.t.JMeterThread: Thread finished: GET search (agents) 2-52
2026-10-08 02:48:34,707 INFO o.a.j.t.JMeterThread: Thread started: POST tickets (intake) 1-20
2026-10-08 02:48:36,594 INFO o.a.j.t.JMeterThread: Thread is done: POST tickets (intake) 1-20
2026-10-08 02:48:36,594 INFO o.a.j.t.JMeterThread: Thread finished: POST tickets (intake) 1-20
2026-10-08 02:48:38,763 INFO o.a.j.t.JMeterThread: Thread started: GET search (agents) 2-53
2026-10-08 02:48:38,783 INFO o.a.j.t.JMeterThread: Thread is done: GET search (agents) 2-53
2026-10-08 02:48:38,783 INFO o.a.j.t.JMeterThread: Thread finished: GET search (agents) 2-53
2026-10-08 02:48:44,408 INFO o.a.j.t.JMeterThread: Thread started: GET search (agents) 2-54
2026-10-08 02:48:44,468 INFO o.a.j.t.JMeterThread: Thread is done: GET search (agents) 2-54
2026-10-08 02:48:44,468 INFO o.a.j.t.JMeterThread: Thread finished: GET search (agents) 2-54
2026-10-08 02:48:55,307 INFO o.a.j.t.JMeterThread: Thread started: GET search (agents) 2-55
2026-10-08 02:48:55,359 INFO o.a.j.t.JMeterThread: Thread is done: GET search (agents) 2-55
2026-10-08 02:48:55,360 INFO o.a.j.t.JMeterThread: Thread finished: GET search (agents) 2-55
2026-10-08 02:49:07,383 INFO o.a.j.t.JMeterThread: Thread started: POST tickets (intake) 1-21
2026-10-08 02:49:08,613 INFO o.a.j.t.JMeterThread: Thread is done: POST tickets (intake) 1-21
2026-10-08 02:49:08,613 INFO o.a.j.t.JMeterThread: Thread finished: POST tickets (intake) 1-21
2026-10-08 02:49:20,566 INFO o.a.j.t.JMeterThread: Thread started: GET search (agents) 2-56
2026-10-08 02:49:20,657 INFO o.a.j.t.JMeterThread: Thread is done: GET search (agents) 2-56
2026-10-08 02:49:20,657 INFO o.a.j.t.JMeterThread: Thread finished: GET search (agents) 2-56
2026-10-08 02:49:22,562 INFO o.a.j.t.JMeterThread: Thread started: GET search (agents) 2-57
2026-10-08 02:49:22,592 INFO o.a.j.t.JMeterThread: Thread is done: GET search (agents) 2-57
2026-10-08 02:49:22,592 INFO o.a.j.t.JMeterThread: Thread finished: GET search (agents) 2-57
2026-10-08 02:49:25,721 INFO o.a.j.t.JMeterThread: Thread started: GET search (agents) 2-58
2026-10-08 02:49:25,759 INFO o.a.j.t.JMeterThread: Thread is done: GET search (agents) 2-58
2026-10-08 02:49:25,759 INFO o.a.j.t.JMeterThread: Thread finished: GET search (agents) 2-58
2026-10-08 02:49:26,267 INFO o.a.j.t.JMeterThread: Thread started: GET search (agents) 2-59
2026-10-08 02:49:26,291 INFO o.a.j.t.JMeterThread: Thread is done: GET search (agents) 2-59
2026-10-08 02:49:26,291 INFO o.a.j.t.JMeterThread: Thread finished: GET search (agents) 2-59
2026-10-08 02:49:27,132 INFO o.a.j.t.JMeterThread: Thread started: GET search (agents) 2-60
2026-10-08 02:49:27,151 INFO o.a.j.t.JMeterThread: Thread is done: GET search (agents) 2-60
2026-10-08 02:49:27,151 INFO o.a.j.t.JMeterThread: Thread finished: GET search (agents) 2-60
2026-10-08 02:49:29,360 INFO o.a.j.t.JMeterThread: Thread started: POST tickets (intake) 1-22
2026-10-08 02:49:31,515 INFO o.a.j.r.Summariser: summary +     18 in 00:02:31 =    0.1/s Avg:   400 Min:    18 Max:  2154 Err:     0 (0.00%) Active: 1 Started: 82 Finished: 81
2026-10-08 02:49:31,515 INFO o.a.j.r.Summariser: summary =     82 in 00:11:33 =    0.1/s Avg:   486 Min:    17 Max:  2903 Err:     3 (3.66%)
2026-10-08 02:49:31,515 INFO o.a.j.t.JMeterThread: Thread is done: POST tickets (intake) 1-22
2026-10-08 02:49:31,515 INFO o.a.j.t.JMeterThread: Thread finished: POST tickets (intake) 1-22
2026-10-08 02:49:47,585 INFO o.a.j.t.JMeterThread: Thread started: GET search (agents) 2-61
2026-10-08 02:49:47,645 INFO o.a.j.t.JMeterThread: Thread is done: GET search (agents) 2-61
2026-10-08 02:49:47,645 INFO o.a.j.t.JMeterThread: Thread finished: GET search (agents) 2-61
2026-10-08 02:49:52,146 INFO o.a.j.t.JMeterThread: Thread started: POST tickets (intake) 1-23
2026-10-08 02:49:53,585 INFO o.a.j.t.JMeterThread: Thread is done: POST tickets (intake) 1-23
2026-10-08 02:49:53,585 INFO o.a.j.t.JMeterThread: Thread finished: POST tickets (intake) 1-23
2026-10-08 02:49:57,635 INFO o.a.j.t.JMeterThread: Thread started: POST tickets (intake) 1-24
2026-10-08 02:49:58,783 INFO o.a.j.t.JMeterThread: Thread is done: POST tickets (intake) 1-24
2026-10-08 02:49:58,783 INFO o.a.j.t.JMeterThread: Thread finished: POST tickets (intake) 1-24
2026-10-08 02:50:18,974 INFO o.a.j.t.JMeterThread: Thread started: GET search (agents) 2-62
2026-10-08 02:50:19,033 INFO o.a.j.t.JMeterThread: Thread is done: GET search (agents) 2-62
2026-10-08 02:50:19,033 INFO o.a.j.t.JMeterThread: Thread finished: GET search (agents) 2-62
2026-10-08 02:50:32,107 INFO o.a.j.t.JMeterThread: Thread started: GET search (agents) 2-63
2026-10-08 02:50:32,145 INFO o.a.j.r.Summariser: summary +      5 in 00:01:01 =    0.1/s Avg:   547 Min:    36 Max:  1438 Err:     0 (0.00%) Active: 1 Started: 87 Finished: 86
2026-10-08 02:50:32,145 INFO o.a.j.r.Summariser: summary =     87 in 00:12:33 =    0.1/s Avg:   490 Min:    17 Max:  2903 Err:     3 (3.45%)
2026-10-08 02:50:32,145 INFO o.a.j.t.JMeterThread: Thread is done: GET search (agents) 2-63
2026-10-08 02:50:32,145 INFO o.a.j.t.JMeterThread: Thread finished: GET search (agents) 2-63
2026-10-08 02:50:39,174 INFO o.a.j.t.JMeterThread: Thread started: GET search (agents) 2-64
2026-10-08 02:50:39,200 INFO o.a.j.t.JMeterThread: Thread is done: GET search (agents) 2-64
2026-10-08 02:50:39,200 INFO o.a.j.t.JMeterThread: Thread finished: GET search (agents) 2-64
2026-10-08 02:50:40,594 INFO o.a.j.t.JMeterThread: Thread started: POST tickets (intake) 1-25
2026-10-08 02:50:42,859 INFO o.a.j.t.JMeterThread: Thread is done: POST tickets (intake) 1-25
2026-10-08 02:50:42,860 INFO o.a.j.t.JMeterThread: Thread finished: POST tickets (intake) 1-25
2026-10-08 02:50:49,031 INFO o.a.j.t.JMeterThread: Thread started: GET search (agents) 2-65
2026-10-08 02:50:49,065 INFO o.a.j.t.JMeterThread: Thread is done: GET search (agents) 2-65
2026-10-08 02:50:49,065 INFO o.a.j.t.JMeterThread: Thread finished: GET search (agents) 2-65
2026-10-08 02:51:17,053 INFO o.a.j.t.JMeterThread: Thread started: GET search (agents) 2-66
2026-10-08 02:51:17,085 INFO o.a.j.t.JMeterThread: Thread is done: GET search (agents) 2-66
2026-10-08 02:51:17,085 INFO o.a.j.t.JMeterThread: Thread finished: GET search (agents) 2-66
2026-10-08 02:51:17,926 INFO o.a.j.t.JMeterThread: Thread started: GET search (agents) 2-67
2026-10-08 02:51:17,978 INFO o.a.j.t.JMeterThread: Thread is done: GET search (agents) 2-67
2026-10-08 02:51:17,979 INFO o.a.j.t.JMeterThread: Thread finished: GET search (agents) 2-67
2026-10-08 02:51:20,321 INFO o.a.j.t.JMeterThread: Thread started: GET search (agents) 2-68
2026-10-08 02:51:20,348 INFO o.a.j.t.JMeterThread: Thread is done: GET search (agents) 2-68
2026-10-08 02:51:20,348 INFO o.a.j.t.JMeterThread: Thread finished: GET search (agents) 2-68
2026-10-08 02:51:20,615 INFO o.a.j.t.JMeterThread: Thread started: GET search (agents) 2-69
2026-10-08 02:51:20,656 INFO o.a.j.t.JMeterThread: Thread is done: GET search (agents) 2-69
2026-10-08 02:51:20,657 INFO o.a.j.t.JMeterThread: Thread finished: GET search (agents) 2-69
2026-10-08 02:51:26,326 INFO o.a.j.t.JMeterThread: Thread started: GET search (agents) 2-70
2026-10-08 02:51:26,364 INFO o.a.j.t.JMeterThread: Thread is done: GET search (agents) 2-70
2026-10-08 02:51:26,364 INFO o.a.j.t.JMeterThread: Thread finished: GET search (agents) 2-70
2026-10-08 02:51:36,180 INFO o.a.j.t.JMeterThread: Thread started: GET search (agents) 2-71
2026-10-08 02:51:36,236 INFO o.a.j.t.JMeterThread: Thread is done: GET search (agents) 2-71
2026-10-08 02:51:36,236 INFO o.a.j.t.JMeterThread: Thread finished: GET search (agents) 2-71
2026-10-08 02:51:40,750 INFO o.a.j.t.JMeterThread: Thread started: GET search (agents) 2-72
2026-10-08 02:51:40,788 INFO o.a.j.t.JMeterThread: Thread is done: GET search (agents) 2-72
2026-10-08 02:51:40,788 INFO o.a.j.t.JMeterThread: Thread finished: GET search (agents) 2-72
2026-10-08 02:51:41,662 INFO o.a.j.t.JMeterThread: Thread started: POST tickets (intake) 1-26
2026-10-08 02:51:43,465 INFO o.a.j.t.JMeterThread: Thread is done: POST tickets (intake) 1-26
2026-10-08 02:51:43,465 INFO o.a.j.t.JMeterThread: Thread finished: POST tickets (intake) 1-26
2026-10-08 02:52:28,442 INFO o.a.j.t.JMeterThread: Thread started: GET search (agents) 2-73
2026-10-08 02:52:28,472 INFO o.a.j.t.JMeterThread: Thread is done: GET search (agents) 2-73
2026-10-08 02:52:28,472 INFO o.a.j.t.JMeterThread: Thread finished: GET search (agents) 2-73
2026-10-08 02:52:29,882 INFO o.a.j.t.JMeterThread: Thread started: POST tickets (intake) 1-27
2026-10-08 02:52:31,395 INFO o.a.j.t.JMeterThread: Thread started: GET search (agents) 2-74
2026-10-08 02:52:31,430 INFO o.a.j.r.Summariser: summary +     13 in 00:01:59 =    0.1/s Avg:   343 Min:    25 Max:  2265 Err:     1 (7.69%) Active: 2 Started: 101 Finished: 99
2026-10-08 02:52:31,431 INFO o.a.j.r.Summariser: summary =    100 in 00:14:33 =    0.1/s Avg:   471 Min:    17 Max:  2903 Err:     4 (4.00%)
2026-10-08 02:52:31,431 INFO o.a.j.t.JMeterThread: Thread is done: GET search (agents) 2-74
2026-10-08 02:52:31,431 INFO o.a.j.t.JMeterThread: Thread finished: GET search (agents) 2-74
2026-10-08 02:52:32,293 INFO o.a.j.t.JMeterThread: Thread started: GET search (agents) 2-75
2026-10-08 02:52:32,348 INFO o.a.j.t.JMeterThread: Thread is done: GET search (agents) 2-75
2026-10-08 02:52:32,348 INFO o.a.j.t.JMeterThread: Thread finished: GET search (agents) 2-75
2026-10-08 02:52:32,518 INFO o.a.j.t.JMeterThread: Thread is done: POST tickets (intake) 1-27
2026-10-08 02:52:32,518 INFO o.a.j.t.JMeterThread: Thread finished: POST tickets (intake) 1-27
2026-10-08 02:52:44,340 INFO o.a.j.t.JMeterThread: Thread started: GET search (agents) 2-76
2026-10-08 02:52:44,445 INFO o.a.j.t.JMeterThread: Thread is done: GET search (agents) 2-76
2026-10-08 02:52:44,445 INFO o.a.j.t.JMeterThread: Thread finished: GET search (agents) 2-76
2026-10-08 02:52:56,355 INFO o.a.j.t.JMeterThread: Thread started: GET search (agents) 2-77
2026-10-08 02:52:56,417 INFO o.a.j.t.JMeterThread: Thread is done: GET search (agents) 2-77
2026-10-08 02:52:56,417 INFO o.a.j.t.JMeterThread: Thread finished: GET search (agents) 2-77
2026-10-08 02:53:06,660 INFO o.a.j.t.JMeterThread: Thread started: GET search (agents) 2-78
2026-10-08 02:53:06,694 INFO o.a.j.t.JMeterThread: Thread is done: GET search (agents) 2-78
2026-10-08 02:53:06,694 INFO o.a.j.t.JMeterThread: Thread finished: GET search (agents) 2-78
2026-10-08 02:53:06,826 INFO o.a.j.t.JMeterThread: Thread started: GET search (agents) 2-79
2026-10-08 02:53:06,877 INFO o.a.j.t.JMeterThread: Thread is done: GET search (agents) 2-79
2026-10-08 02:53:06,877 INFO o.a.j.t.JMeterThread: Thread finished: GET search (agents) 2-79
2026-10-08 02:53:07,711 INFO o.a.j.t.JMeterThread: Thread started: GET search (agents) 2-80
2026-10-08 02:53:07,773 INFO o.a.j.t.JMeterThread: Thread is done: GET search (agents) 2-80
2026-10-08 02:53:07,773 INFO o.a.j.t.JMeterThread: Thread finished: GET search (agents) 2-80
2026-10-08 02:53:16,163 INFO o.a.j.t.JMeterThread: Thread started: POST tickets (intake) 1-28
2026-10-08 02:53:17,147 INFO o.a.j.t.JMeterThread: Thread is done: POST tickets (intake) 1-28
2026-10-08 02:53:17,147 INFO o.a.j.t.JMeterThread: Thread finished: POST tickets (intake) 1-28
2026-10-08 02:53:30,041 INFO o.a.j.t.JMeterThread: Thread started: GET search (agents) 2-81
2026-10-08 02:53:30,085 INFO o.a.j.r.Summariser: summary +      9 in 00:00:59 =    0.2/s Avg:   447 Min:    33 Max:  2635 Err:     0 (0.00%) Active: 1 Started: 109 Finished: 108
2026-10-08 02:53:30,086 INFO o.a.j.r.Summariser: summary =    109 in 00:15:31 =    0.1/s Avg:   469 Min:    17 Max:  2903 Err:     4 (3.67%)
2026-10-08 02:53:30,086 INFO o.a.j.t.JMeterThread: Thread is done: GET search (agents) 2-81
2026-10-08 02:53:30,086 INFO o.a.j.t.JMeterThread: Thread finished: GET search (agents) 2-81
2026-10-08 02:53:41,494 INFO o.a.j.t.JMeterThread: Thread started: GET search (agents) 2-82
2026-10-08 02:53:41,549 INFO o.a.j.t.JMeterThread: Thread is done: GET search (agents) 2-82
2026-10-08 02:53:41,549 INFO o.a.j.t.JMeterThread: Thread finished: GET search (agents) 2-82
2026-10-08 02:53:44,022 INFO o.a.j.t.JMeterThread: Thread started: GET search (agents) 2-83
2026-10-08 02:53:44,039 INFO o.a.j.t.JMeterThread: Thread is done: GET search (agents) 2-83
2026-10-08 02:53:44,039 INFO o.a.j.t.JMeterThread: Thread finished: GET search (agents) 2-83
2026-10-08 02:53:51,755 INFO o.a.j.t.JMeterThread: Thread started: GET search (agents) 2-84
2026-10-08 02:53:51,799 INFO o.a.j.t.JMeterThread: Thread is done: GET search (agents) 2-84
2026-10-08 02:53:51,799 INFO o.a.j.t.JMeterThread: Thread finished: GET search (agents) 2-84
2026-10-08 02:53:53,975 INFO o.a.j.t.JMeterThread: Thread started: GET search (agents) 2-85
2026-10-08 02:53:53,988 INFO o.a.j.t.JMeterThread: Thread is done: GET search (agents) 2-85
2026-10-08 02:53:53,988 INFO o.a.j.t.JMeterThread: Thread finished: GET search (agents) 2-85
2026-10-08 02:53:54,263 INFO o.a.j.t.JMeterThread: Thread started: GET search (agents) 2-86
2026-10-08 02:53:54,286 INFO o.a.j.t.JMeterThread: Thread is done: GET search (agents) 2-86
2026-10-08 02:53:54,286 INFO o.a.j.t.JMeterThread: Thread finished: GET search (agents) 2-86
2026-10-08 02:54:03,583 INFO o.a.j.t.JMeterThread: Thread started: POST tickets (intake) 1-29
2026-10-08 02:54:04,614 INFO o.a.j.r.Summariser: summary +      6 in 00:00:35 =    0.2/s Avg:   196 Min:    13 Max:  1029 Err:     0 (0.00%) Active: 1 Started: 115 Finished: 114
2026-10-08 02:54:04,614 INFO o.a.j.r.Summariser: summary =    115 in 00:16:06 =    0.1/s Avg:   455 Min:    13 Max:  2903 Err:     4 (3.48%)
2026-10-08 02:54:04,614 INFO o.a.j.t.JMeterThread: Thread is done: POST tickets (intake) 1-29
2026-10-08 02:54:04,614 INFO o.a.j.t.JMeterThread: Thread finished: POST tickets (intake) 1-29
2026-10-08 02:54:20,883 INFO o.a.j.t.JMeterThread: Thread started: POST tickets (intake) 1-30
2026-10-08 02:54:23,556 INFO o.a.j.t.JMeterThread: Thread is done: POST tickets (intake) 1-30
2026-10-08 02:54:23,557 INFO o.a.j.t.JMeterThread: Thread finished: POST tickets (intake) 1-30
2026-10-08 02:54:26,758 INFO o.a.j.t.JMeterThread: Thread started: GET search (agents) 2-87
2026-10-08 02:54:26,827 INFO o.a.j.t.JMeterThread: Thread is done: GET search (agents) 2-87
2026-10-08 02:54:26,827 INFO o.a.j.t.JMeterThread: Thread finished: GET search (agents) 2-87
2026-10-08 02:54:47,744 INFO o.a.j.t.JMeterThread: Thread started: GET search (agents) 2-88
2026-10-08 02:54:47,827 INFO o.a.j.t.JMeterThread: Thread is done: GET search (agents) 2-88
2026-10-08 02:54:47,827 INFO o.a.j.t.JMeterThread: Thread finished: GET search (agents) 2-88
2026-10-08 02:54:54,949 INFO o.a.j.t.JMeterThread: Thread started: GET search (agents) 2-89
2026-10-08 02:54:54,996 INFO o.a.j.t.JMeterThread: Thread is done: GET search (agents) 2-89
2026-10-08 02:54:54,996 INFO o.a.j.t.JMeterThread: Thread finished: GET search (agents) 2-89
2026-10-08 02:54:55,928 INFO o.a.j.t.JMeterThread: Thread started: POST tickets (intake) 1-31
2026-10-08 02:54:58,082 INFO o.a.j.t.JMeterThread: Thread is done: POST tickets (intake) 1-31
2026-10-08 02:54:58,082 INFO o.a.j.t.JMeterThread: Thread finished: POST tickets (intake) 1-31
2026-10-08 02:55:10,091 INFO o.a.j.t.JMeterThread: Thread started: GET search (agents) 2-90
2026-10-08 02:55:10,161 INFO o.a.j.t.JMeterThread: Thread is done: GET search (agents) 2-90
2026-10-08 02:55:10,161 INFO o.a.j.t.JMeterThread: Thread finished: GET search (agents) 2-90
2026-10-08 02:55:24,106 INFO o.a.j.t.JMeterThread: Thread started: GET search (agents) 2-91
2026-10-08 02:55:24,177 INFO o.a.j.t.JMeterThread: Thread is done: GET search (agents) 2-91
2026-10-08 02:55:24,177 INFO o.a.j.t.JMeterThread: Thread finished: GET search (agents) 2-91
2026-10-08 02:55:31,284 INFO o.a.j.t.JMeterThread: Thread started: GET search (agents) 2-92
2026-10-08 02:55:31,360 INFO o.a.j.r.Summariser: summary +      8 in 00:01:27 =    0.1/s Avg:   654 Min:    46 Max:  2672 Err:     0 (0.00%) Active: 1 Started: 123 Finished: 122
2026-10-08 02:55:31,360 INFO o.a.j.r.Summariser: summary =    123 in 00:17:32 =    0.1/s Avg:   468 Min:    13 Max:  2903 Err:     4 (3.25%)
2026-10-08 02:55:31,360 INFO o.a.j.t.JMeterThread: Thread is done: GET search (agents) 2-92
2026-10-08 02:55:31,360 INFO o.a.j.t.JMeterThread: Thread finished: GET search (agents) 2-92
2026-10-08 02:55:41,723 INFO o.a.j.t.JMeterThread: Thread started: POST tickets (intake) 1-32
2026-10-08 02:55:43,745 INFO o.a.j.t.JMeterThread: Thread is done: POST tickets (intake) 1-32
2026-10-08 02:55:43,746 INFO o.a.j.t.JMeterThread: Thread finished: POST tickets (intake) 1-32
2026-10-08 02:55:47,749 INFO o.a.j.t.JMeterThread: Thread started: GET search (agents) 2-93
2026-10-08 02:55:47,816 INFO o.a.j.t.JMeterThread: Thread is done: GET search (agents) 2-93
2026-10-08 02:55:47,816 INFO o.a.j.t.JMeterThread: Thread finished: GET search (agents) 2-93
2026-10-08 02:55:54,974 INFO o.a.j.t.JMeterThread: Thread started: GET search (agents) 2-94
2026-10-08 02:55:55,003 INFO o.a.j.t.JMeterThread: Thread is done: GET search (agents) 2-94
2026-10-08 02:55:55,003 INFO o.a.j.t.JMeterThread: Thread finished: GET search (agents) 2-94
2026-10-08 02:56:15,785 INFO o.a.j.t.JMeterThread: Thread started: GET search (agents) 2-95
2026-10-08 02:56:15,858 INFO o.a.j.t.JMeterThread: Thread is done: GET search (agents) 2-95
2026-10-08 02:56:15,858 INFO o.a.j.t.JMeterThread: Thread finished: GET search (agents) 2-95
2026-10-08 02:56:20,640 INFO o.a.j.t.JMeterThread: Thread started: GET search (agents) 2-96
2026-10-08 02:56:20,704 INFO o.a.j.t.JMeterThread: Thread is done: GET search (agents) 2-96
2026-10-08 02:56:20,704 INFO o.a.j.t.JMeterThread: Thread finished: GET search (agents) 2-96
2026-10-08 02:56:30,512 INFO o.a.j.t.JMeterThread: Thread started: GET search (agents) 2-97
2026-10-08 02:56:30,543 INFO o.a.j.r.Summariser: summary +      6 in 00:00:59 =    0.1/s Avg:   379 Min:    28 Max:  2021 Err:     0 (0.00%) Active: 1 Started: 129 Finished: 128
2026-10-08 02:56:30,543 INFO o.a.j.r.Summariser: summary =    129 in 00:18:32 =    0.1/s Avg:   463 Min:    13 Max:  2903 Err:     4 (3.10%)
2026-10-08 02:56:30,543 INFO o.a.j.t.JMeterThread: Thread is done: GET search (agents) 2-97
2026-10-08 02:56:30,543 INFO o.a.j.t.JMeterThread: Thread finished: GET search (agents) 2-97
2026-10-08 02:57:23,949 INFO o.a.j.t.JMeterThread: Thread started: GET search (agents) 2-98
2026-10-08 02:57:23,981 INFO o.a.j.t.JMeterThread: Thread is done: GET search (agents) 2-98
2026-10-08 02:57:23,981 INFO o.a.j.t.JMeterThread: Thread finished: GET search (agents) 2-98
2026-10-08 02:57:24,914 INFO o.a.j.t.JMeterThread: Thread started: GET search (agents) 2-99
2026-10-08 02:57:24,933 INFO o.a.j.t.JMeterThread: Thread is done: GET search (agents) 2-99
2026-10-08 02:57:24,933 INFO o.a.j.t.JMeterThread: Thread finished: GET search (agents) 2-99
2026-10-08 02:57:28,169 INFO o.a.j.t.JMeterThread: Thread started: GET search (agents) 2-100
2026-10-08 02:57:28,194 INFO o.a.j.t.JMeterThread: Thread is done: GET search (agents) 2-100
2026-10-08 02:57:28,194 INFO o.a.j.t.JMeterThread: Thread finished: GET search (agents) 2-100
2026-10-08 02:57:37,770 INFO o.a.j.t.JMeterThread: Thread started: GET search (agents) 2-101
2026-10-08 02:57:37,800 INFO o.a.j.t.JMeterThread: Thread is done: GET search (agents) 2-101
2026-10-08 02:57:37,800 INFO o.a.j.t.JMeterThread: Thread finished: GET search (agents) 2-101
2026-10-08 02:57:44,897 INFO o.a.j.t.JMeterThread: Thread started: GET search (agents) 2-102
2026-10-08 02:57:44,991 INFO o.a.j.t.JMeterThread: Thread is done: GET search (agents) 2-102
2026-10-08 02:57:44,991 INFO o.a.j.t.JMeterThread: Thread finished: GET search (agents) 2-102
2026-10-08 02:58:11,669 INFO o.a.j.t.JMeterThread: Thread started: GET search (agents) 2-103
2026-10-08 02:58:11,702 INFO o.a.j.t.JMeterThread: Thread is done: GET search (agents) 2-103
2026-10-08 02:58:11,702 INFO o.a.j.t.JMeterThread: Thread finished: GET search (agents) 2-103
2026-10-08 02:58:16,030 INFO o.a.j.t.JMeterThread: Thread started: GET search (agents) 2-104
2026-10-08 02:58:16,058 INFO o.a.j.t.JMeterThread: Thread is done: GET search (agents) 2-104
2026-10-08 02:58:16,058 INFO o.a.j.t.JMeterThread: Thread finished: GET search (agents) 2-104
2026-10-08 02:58:35,772 INFO o.a.j.t.JMeterThread: Thread started: POST tickets (intake) 1-33
2026-10-08 02:58:37,331 INFO o.a.j.t.JMeterThread: Thread is done: POST tickets (intake) 1-33
2026-10-08 02:58:37,331 INFO o.a.j.t.JMeterThread: Thread finished: POST tickets (intake) 1-33
2026-10-08 02:58:39,444 INFO o.a.j.t.JMeterThread: Thread started: POST tickets (intake) 1-34
2026-10-08 02:58:40,574 INFO o.a.j.t.JMeterThread: Thread is done: POST tickets (intake) 1-34
2026-10-08 02:58:40,574 INFO o.a.j.t.JMeterThread: Thread finished: POST tickets (intake) 1-34
2026-10-08 02:58:41,742 INFO o.a.j.t.JMeterThread: Thread started: GET search (agents) 2-105
2026-10-08 02:58:41,765 INFO o.a.j.t.JMeterThread: Thread is done: GET search (agents) 2-105
2026-10-08 02:58:41,765 INFO o.a.j.t.JMeterThread: Thread finished: GET search (agents) 2-105
2026-10-08 02:58:44,026 INFO o.a.j.t.JMeterThread: Thread started: GET search (agents) 2-106
2026-10-08 02:58:44,083 INFO o.a.j.t.JMeterThread: Thread is done: GET search (agents) 2-106
2026-10-08 02:58:44,083 INFO o.a.j.t.JMeterThread: Thread finished: GET search (agents) 2-106
2026-10-08 02:58:47,622 INFO o.a.j.t.JMeterThread: Thread started: GET search (agents) 2-107
2026-10-08 02:58:47,648 INFO o.a.j.t.JMeterThread: Thread is done: GET search (agents) 2-107
2026-10-08 02:58:47,648 INFO o.a.j.t.JMeterThread: Thread finished: GET search (agents) 2-107
2026-10-08 02:58:49,121 INFO o.a.j.t.JMeterThread: Thread started: POST tickets (intake) 1-35
2026-10-08 02:58:50,250 INFO o.a.j.t.JMeterThread: Thread is done: POST tickets (intake) 1-35
2026-10-08 02:58:50,250 INFO o.a.j.t.JMeterThread: Thread finished: POST tickets (intake) 1-35
2026-10-08 02:59:10,260 INFO o.a.j.t.JMeterThread: Thread started: GET search (agents) 2-108
2026-10-08 02:59:10,290 INFO o.a.j.t.JMeterThread: Thread is done: GET search (agents) 2-108
2026-10-08 02:59:10,290 INFO o.a.j.t.JMeterThread: Thread finished: GET search (agents) 2-108
2026-10-08 02:59:10,911 INFO o.a.j.t.JMeterThread: Thread started: POST tickets (intake) 1-36
2026-10-08 02:59:12,296 INFO o.a.j.t.JMeterThread: Thread is done: POST tickets (intake) 1-36
2026-10-08 02:59:12,297 INFO o.a.j.t.JMeterThread: Thread finished: POST tickets (intake) 1-36
2026-10-08 02:59:14,141 INFO o.a.j.t.JMeterThread: Thread started: GET search (agents) 2-109
2026-10-08 02:59:14,169 INFO o.a.j.t.JMeterThread: Thread is done: GET search (agents) 2-109
2026-10-08 02:59:14,169 INFO o.a.j.t.JMeterThread: Thread finished: GET search (agents) 2-109
2026-10-08 02:59:16,260 INFO o.a.j.t.JMeterThread: Thread started: POST tickets (intake) 1-37
2026-10-08 02:59:17,883 INFO o.a.j.t.JMeterThread: Thread started: GET search (agents) 2-110
2026-10-08 02:59:17,932 INFO o.a.j.t.JMeterThread: Thread is done: GET search (agents) 2-110
2026-10-08 02:59:17,932 INFO o.a.j.t.JMeterThread: Thread finished: GET search (agents) 2-110
2026-10-08 02:59:18,205 INFO o.a.j.t.JMeterThread: Thread is done: POST tickets (intake) 1-37
2026-10-08 02:59:18,205 INFO o.a.j.t.JMeterThread: Thread finished: POST tickets (intake) 1-37
2026-10-08 02:59:18,754 INFO o.a.j.t.JMeterThread: Thread started: GET search (agents) 2-111
2026-10-08 02:59:18,795 INFO o.a.j.t.JMeterThread: Thread is done: GET search (agents) 2-111
2026-10-08 02:59:18,795 INFO o.a.j.t.JMeterThread: Thread finished: GET search (agents) 2-111
2026-10-08 02:59:22,147 INFO o.a.j.t.JMeterThread: Thread started: GET search (agents) 2-112
2026-10-08 02:59:22,181 INFO o.a.j.t.JMeterThread: Thread is done: GET search (agents) 2-112
2026-10-08 02:59:22,181 INFO o.a.j.t.JMeterThread: Thread finished: GET search (agents) 2-112
2026-10-08 02:59:24,282 INFO o.a.j.t.o.EvenArrivalsRamp: Generating 0 events, beginRate = 0.0 / sec, endRate = 0.0 / sec, duration = 60.0 sec
2026-10-08 02:59:24,282 INFO o.a.j.t.JMeterThread: Thread started: POST tickets (intake) 1-38
2026-10-08 02:59:24,283 INFO o.a.j.t.o.OpenModelThreadGroup: There will be no more events, so will wait for 94 sec till the end of the schedule
2026-10-08 02:59:24,696 INFO o.a.j.t.JMeterThread: Thread started: GET search (agents) 2-113
2026-10-08 02:59:24,734 INFO o.a.j.t.JMeterThread: Thread is done: GET search (agents) 2-113
2026-10-08 02:59:24,734 INFO o.a.j.t.JMeterThread: Thread finished: GET search (agents) 2-113
2026-10-08 02:59:26,269 INFO o.a.j.t.JMeterThread: Thread is done: POST tickets (intake) 1-38
2026-10-08 02:59:26,269 INFO o.a.j.t.JMeterThread: Thread finished: POST tickets (intake) 1-38
2026-10-08 02:59:38,516 INFO o.a.j.t.JMeterThread: Thread started: GET search (agents) 2-114
2026-10-08 02:59:38,560 INFO o.a.j.t.JMeterThread: Thread is done: GET search (agents) 2-114
2026-10-08 02:59:38,560 INFO o.a.j.t.JMeterThread: Thread finished: GET search (agents) 2-114
2026-10-08 02:59:44,064 INFO o.a.j.t.o.EvenArrivalsRamp: Generating 0 events, beginRate = 0.0 / sec, endRate = 0.0 / sec, duration = 60.0 sec
2026-10-08 02:59:44,064 INFO o.a.j.t.JMeterThread: Thread started: GET search (agents) 2-115
2026-10-08 02:59:44,064 INFO o.a.j.t.o.OpenModelThreadGroup: There will be no more events, so will wait for 74 sec till the end of the schedule
2026-10-08 02:59:44,081 INFO o.a.j.t.JMeterThread: Thread is done: GET search (agents) 2-115
2026-10-08 02:59:44,081 INFO o.a.j.t.JMeterThread: Thread finished: GET search (agents) 2-115
2026-10-08 03:00:58,822 INFO o.a.j.t.o.OpenModelThreadGroup: There will be no more events, will shutdown the thread pool
2026-10-08 03:00:58,822 INFO o.a.j.t.o.OpenModelThreadGroup: There will be no more events, will shutdown the thread pool
2026-10-08 03:00:58,822 INFO o.a.j.t.o.OpenModelThreadGroup: Thread starting done
2026-10-08 03:00:58,822 INFO o.a.j.t.o.OpenModelThreadGroup: Thread starting done
2026-10-08 03:00:58,822 INFO o.a.j.e.StandardJMeterEngine: Notifying test listeners of end of test
2026-10-08 03:00:58,823 INFO o.a.j.s.FileServer: Close: C:/Users/Administrator/Documents/GitHub/ICT3113_Assignment_1/step5/data/search_terms.csv
2026-10-08 03:00:58,823 INFO o.a.j.s.FileServer: Close: C:/Users/Administrator/Documents/GitHub/ICT3113_Assignment_1/step5/data/tickets_load.tsv
2026-10-08 03:00:58,823 INFO o.a.j.r.Summariser: summary +     24 in 00:04:28 =    0.1/s Avg:   406 Min:    17 Max:  1986 Err:     2 (8.33%) Active: 0 Started: 153 Finished: 153
2026-10-08 03:00:58,824 INFO o.a.j.r.Summariser: summary =    153 in 00:23:00 =    0.1/s Avg:   454 Min:    13 Max:  2903 Err:     6 (3.92%)
