WARN StatusConsoleListener The use of package scanning to locate plugins is deprecated and will be removed in a future release
WARN StatusConsoleListener The use of package scanning to locate plugins is deprecated and will be removed in a future release
WARN StatusConsoleListener The use of package scanning to locate plugins is deprecated and will be removed in a future release
WARN StatusConsoleListener The use of package scanning to locate plugins is deprecated and will be removed in a future release
Creating summariser <summary>
Created the tree successfully using C:\Users\Administrator\Documents\GitHub\ICT3113_Assignment_1\step5\jmeter\ticket_triage.jmx
Starting standalone test @ 2026 Oct 8 07:44:58 SGT (1791416698815)
Waiting for possible Shutdown/StopTestNow/HeapDump/ThreadDump message on port 4445
summary +      4 in 00:00:35 =    0.1/s Avg:  2538 Min:    33 Max:  6224 Err:     0 (0.00%) Active: 1 Started: 4 Finished: 3
summary +      6 in 00:01:02 =    0.1/s Avg:    37 Min:    24 Max:    77 Err:     0 (0.00%) Active: 1 Started: 10 Finished: 9
summary =     10 in 00:01:37 =    0.1/s Avg:  1037 Min:    24 Max:  6224 Err:     0 (0.00%)
summary +      4 in 00:00:58 =    0.1/s Avg:    36 Min:    20 Max:    63 Err:     0 (0.00%) Active: 2 Started: 15 Finished: 13
summary =     14 in 00:02:35 =    0.1/s Avg:   751 Min:    20 Max:  6224 Err:     0 (0.00%)
summary +      7 in 00:00:57 =    0.1/s Avg:  4705 Min:    18 Max: 11612 Err:     0 (0.00%) Active: 1 Started: 21 Finished: 20
summary =     21 in 00:03:32 =    0.1/s Avg:  2069 Min:    18 Max: 11612 Err:     0 (0.00%)
summary +      5 in 00:01:02 =    0.1/s Avg:    54 Min:    42 Max:    80 Err:     0 (0.00%) Active: 1 Started: 26 Finished: 25
summary =     26 in 00:04:34 =    0.1/s Avg:  1682 Min:    18 Max: 11612 Err:     0 (0.00%)
summary +      3 in 00:00:28 =    0.1/s Avg:  2258 Min:    33 Max:  6681 Err:     0 (0.00%) Active: 1 Started: 29 Finished: 28
summary =     29 in 00:05:02 =    0.1/s Avg:  1741 Min:    18 Max: 11612 Err:     0 (0.00%)
summary +      2 in 00:00:33 =    0.1/s Avg:    18 Min:    12 Max:    24 Err:     0 (0.00%) Active: 1 Started: 31 Finished: 30
summary =     31 in 00:05:35 =    0.1/s Avg:  1630 Min:    12 Max: 11612 Err:     0 (0.00%)
summary +      4 in 00:00:57 =    0.1/s Avg:   876 Min:    20 Max:  3412 Err:     0 (0.00%) Active: 1 Started: 35 Finished: 34
summary =     35 in 00:06:32 =    0.1/s Avg:  1544 Min:    12 Max: 11612 Err:     0 (0.00%)
summary +      8 in 00:01:30 =    0.1/s Avg:  1508 Min:    16 Max:  6688 Err:     0 (0.00%) Active: 1 Started: 43 Finished: 42
summary =     43 in 00:08:01 =    0.1/s Avg:  1537 Min:    12 Max: 11612 Err:     0 (0.00%)
summary +      4 in 00:00:34 =    0.1/s Avg:  1994 Min:    21 Max:  7855 Err:     0 (0.00%) Active: 1 Started: 47 Finished: 46
summary =     47 in 00:08:35 =    0.1/s Avg:  1576 Min:    12 Max: 11612 Err:     0 (0.00%)
summary +      2 in 00:00:30 =    0.1/s Avg:  1333 Min:    41 Max:  2625 Err:     0 (0.00%) Active: 2 Started: 50 Finished: 48
summary =     49 in 00:09:05 =    0.1/s Avg:  1566 Min:    12 Max: 11612 Err:     0 (0.00%)
summary +     17 in 00:02:58 =    0.1/s Avg:  1523 Min:    23 Max: 10055 Err:     0 (0.00%) Active: 1 Started: 66 Finished: 65
summary =     66 in 00:12:03 =    0.1/s Avg:  1555 Min:    12 Max: 11612 Err:     0 (0.00%)
summary +     11 in 00:02:32 =    0.1/s Avg:   622 Min:    11 Max:  3352 Err:     0 (0.00%) Active: 1 Started: 77 Finished: 76
summary =     77 in 00:14:34 =    0.1/s Avg:  1422 Min:    11 Max: 11612 Err:     0 (0.00%)
summary +     17 in 00:02:58 =    0.1/s Avg:  1303 Min:    27 Max:  8394 Err:     0 (0.00%) Active: 1 Started: 94 Finished: 93
summary =     94 in 00:17:32 =    0.1/s Avg:  1400 Min:    11 Max: 11612 Err:     0 (0.00%)
summary +     15 in 00:03:31 =    0.1/s Avg:  2621 Min:    16 Max: 12983 Err:     0 (0.00%) Active: 1 Started: 109 Finished: 108
summary =    109 in 00:21:03 =    0.1/s Avg:  1568 Min:    11 Max: 12983 Err:     0 (0.00%)
summary +      9 in 00:01:57 =    0.1/s Avg:   907 Min:    16 Max:  4519 Err:     0 (0.00%) Active: 0 Started: 118 Finished: 118
summary =    118 in 00:23:00 =    0.1/s Avg:  1518 Min:    11 Max: 12983 Err:     0 (0.00%)
Tidying up ...    @ 2026 Oct 8 08:07:58 SGT (1791418078827)
... end of run
