2026-10-08 02:12:56,588 INFO o.a.j.u.JMeterUtils: Setting Locale to en_EN
2026-10-08 02:12:56,611 INFO o.a.j.JMeter: Loading user properties from: C:\tools\apache-jmeter-5.6.3\bin\user.properties
2026-10-08 02:12:56,612 INFO o.a.j.JMeter: Loading system properties from: C:\tools\apache-jmeter-5.6.3\bin\system.properties
2026-10-08 02:12:56,612 INFO o.a.j.JMeter: Loading additional properties from: C:\Users\Administrator\Documents\GitHub\ICT3113_Assignment_1\step5\results\gemma3-1b\peak\run3\run.properties
2026-10-08 02:12:56,620 INFO o.a.j.JMeter: Copyright (c) 1998-2024 The Apache Software Foundation
2026-10-08 02:12:56,621 INFO o.a.j.JMeter: Version 5.6.3
2026-10-08 02:12:56,621 INFO o.a.j.JMeter: java.version=17.0.20.1
2026-10-08 02:12:56,621 INFO o.a.j.JMeter: java.vm.name=OpenJDK 64-Bit Server VM
2026-10-08 02:12:56,621 INFO o.a.j.JMeter: os.name=Windows 10
2026-10-08 02:12:56,621 INFO o.a.j.JMeter: os.arch=amd64
2026-10-08 02:12:56,621 INFO o.a.j.JMeter: os.version=10.0
2026-10-08 02:12:56,621 INFO o.a.j.JMeter: file.encoding=Cp1252
2026-10-08 02:12:56,621 INFO o.a.j.JMeter: java.awt.headless=true
2026-10-08 02:12:56,621 INFO o.a.j.JMeter: Max memory     =1073741824
2026-10-08 02:12:56,621 INFO o.a.j.JMeter: Available Processors =12
2026-10-08 02:12:56,630 INFO o.a.j.JMeter: Default Locale=English (EN)
2026-10-08 02:12:56,631 INFO o.a.j.JMeter: JMeter  Locale=English (EN)
2026-10-08 02:12:56,631 INFO o.a.j.JMeter: JMeterHome=C:\tools\apache-jmeter-5.6.3
2026-10-08 02:12:56,631 INFO o.a.j.JMeter: user.dir  =C:\Users\Administrator\Documents\GitHub\ICT3113_Assignment_1
2026-10-08 02:12:56,631 INFO o.a.j.JMeter: PWD       =C:\Users\Administrator\Documents\GitHub\ICT3113_Assignment_1
2026-10-08 02:12:56,632 INFO o.a.j.JMeter: IP: 100.111.72.66 Name: ITEMERROR-MSI-WISP FullName: itemerror-msi-wisp.taile944e3.ts.net.
2026-10-08 02:12:56,644 INFO o.a.j.s.FileServer: Default base='C:\Users\Administrator\Documents\GitHub\ICT3113_Assignment_1'
2026-10-08 02:12:56,645 INFO o.a.j.s.FileServer: Set new base='C:\Users\Administrator\Documents\GitHub\ICT3113_Assignment_1\step5\jmeter'
2026-10-08 02:12:56,811 INFO o.a.j.s.SaveService: Testplan (JMX) version: 2.2. Testlog (JTL) version: 2.2
2026-10-08 02:12:56,832 INFO o.a.j.s.SaveService: Using SaveService properties version 5.0
2026-10-08 02:12:56,834 INFO o.a.j.s.SaveService: Using SaveService properties file encoding UTF-8
2026-10-08 02:12:56,836 INFO o.a.j.s.SaveService: Loading file: C:\Users\Administrator\Documents\GitHub\ICT3113_Assignment_1\step5\jmeter\ticket_triage.jmx
2026-10-08 02:12:56,879 INFO o.a.j.p.h.s.HTTPSamplerBase: Parser for text/html is org.apache.jmeter.protocol.http.parser.LagartoBasedHtmlParser
2026-10-08 02:12:56,880 INFO o.a.j.p.h.s.HTTPSamplerBase: Parser for application/xhtml+xml is org.apache.jmeter.protocol.http.parser.LagartoBasedHtmlParser
2026-10-08 02:12:56,880 INFO o.a.j.p.h.s.HTTPSamplerBase: Parser for application/xml is org.apache.jmeter.protocol.http.parser.LagartoBasedHtmlParser
2026-10-08 02:12:56,880 INFO o.a.j.p.h.s.HTTPSamplerBase: Parser for text/xml is org.apache.jmeter.protocol.http.parser.LagartoBasedHtmlParser
2026-10-08 02:12:56,880 INFO o.a.j.p.h.s.HTTPSamplerBase: Parser for text/vnd.wap.wml is org.apache.jmeter.protocol.http.parser.RegexpHTMLParser
2026-10-08 02:12:56,880 INFO o.a.j.p.h.s.HTTPSamplerBase: Parser for text/css is org.apache.jmeter.protocol.http.parser.CssParser
2026-10-08 02:12:56,895 INFO o.a.j.JMeter: Creating summariser <summary>
2026-10-08 02:12:56,909 INFO o.a.j.e.StandardJMeterEngine: Running the test!
2026-10-08 02:12:56,910 INFO o.a.j.s.SampleEvent: List of sample_variables: [reqid, row]
2026-10-08 02:12:56,910 INFO o.a.j.s.SampleEvent: List of sample_variables: [reqid, row]
2026-10-08 02:12:56,914 INFO o.a.j.e.u.CompoundVariable: Note: Function class names must contain the string: '.functions.'
2026-10-08 02:12:56,914 INFO o.a.j.e.u.CompoundVariable: Note: Function class names must not contain the string: '.gui.'
2026-10-08 02:12:56,971 INFO o.a.j.JMeter: Running test (1791396776971)
2026-10-08 02:12:56,985 INFO o.a.j.e.StandardJMeterEngine: Starting ThreadGroup: 1 : POST tickets (intake)
2026-10-08 02:12:56,985 INFO o.a.j.e.StandardJMeterEngine: Starting 0 threads for group POST tickets (intake).
2026-10-08 02:12:56,985 INFO o.a.j.e.StandardJMeterEngine: Thread will continue on error
2026-10-08 02:12:56,985 INFO o.a.j.t.o.OpenModelThreadGroup: Starting OpenModelThreadGroup#1 with schedule rate(81/hour) random_arrivals(22 min) pause(1 min)
2026-10-08 02:12:57,016 INFO o.a.j.e.StandardJMeterEngine: Starting ThreadGroup: 2 : GET search (agents)
2026-10-08 02:12:57,016 INFO o.a.j.e.StandardJMeterEngine: Starting 0 threads for group GET search (agents).
2026-10-08 02:12:57,016 INFO o.a.j.e.StandardJMeterEngine: Thread will continue on error
2026-10-08 02:12:57,016 INFO o.a.j.t.o.OpenModelThreadGroup: Starting OpenModelThreadGroup#2 with schedule rate(243/hour) random_arrivals(22 min) pause(1 min)
2026-10-08 02:12:57,016 INFO o.a.j.t.o.OpenModelThreadGroup: Thread starting init
2026-10-08 02:12:57,016 INFO o.a.j.e.StandardJMeterEngine: All thread groups have been started
2026-10-08 02:12:57,017 INFO o.a.j.t.o.OpenModelThreadGroup: Thread starting init
2026-10-08 02:12:57,019 INFO o.a.j.t.o.PoissonArrivalsRamp: Generating 29 events, beginRate = 0.0225 / sec, endRate = 0.0225 / sec, duration = 1320.0 sec
2026-10-08 02:12:57,019 INFO o.a.j.t.o.PoissonArrivalsRamp: Generating 89 events, beginRate = 0.0675 / sec, endRate = 0.0675 / sec, duration = 1320.0 sec
2026-10-08 02:13:05,946 INFO o.a.j.t.JMeterThread: Thread started: GET search (agents) 2-1
2026-10-08 02:13:05,983 INFO o.a.j.s.FileServer: Stored: C:/Users/Administrator/Documents/GitHub/ICT3113_Assignment_1/step5/data/search_terms.csv
2026-10-08 02:13:06,003 INFO o.a.j.p.h.s.HTTPHCAbstractImpl: Local host = ITEMERROR-MSI-WISP
2026-10-08 02:13:06,007 INFO o.a.j.p.h.s.HTTPHC4Impl: HTTP request retry count = 0
2026-10-08 02:13:06,008 INFO o.a.j.s.SampleResult: Note: Sample TimeStamps are START times
2026-10-08 02:13:06,008 INFO o.a.j.s.SampleResult: sampleresult.default.encoding is set to UTF-8
2026-10-08 02:13:06,008 INFO o.a.j.s.SampleResult: sampleresult.useNanoTime=true
2026-10-08 02:13:06,008 INFO o.a.j.s.SampleResult: sampleresult.nanoThreadSleep=5000
2026-10-08 02:13:06,132 INFO o.a.j.t.JMeterThread: Thread is done: GET search (agents) 2-1
2026-10-08 02:13:06,132 INFO o.a.j.t.JMeterThread: Thread finished: GET search (agents) 2-1
2026-10-08 02:13:10,521 INFO o.a.j.t.JMeterThread: Thread started: GET search (agents) 2-2
2026-10-08 02:13:10,606 INFO o.a.j.t.JMeterThread: Thread is done: GET search (agents) 2-2
2026-10-08 02:13:10,606 INFO o.a.j.t.JMeterThread: Thread finished: GET search (agents) 2-2
2026-10-08 02:13:30,483 INFO o.a.j.t.JMeterThread: Thread started: GET search (agents) 2-3
2026-10-08 02:13:30,513 INFO o.a.j.r.Summariser: summary +      3 in 00:00:34 =    0.1/s Avg:    62 Min:    28 Max:    84 Err:     0 (0.00%) Active: 1 Started: 3 Finished: 2
2026-10-08 02:13:30,514 INFO o.a.j.t.JMeterThread: Thread is done: GET search (agents) 2-3
2026-10-08 02:13:30,514 INFO o.a.j.t.JMeterThread: Thread finished: GET search (agents) 2-3
2026-10-08 02:13:36,276 INFO o.a.j.t.JMeterThread: Thread started: POST tickets (intake) 1-1
2026-10-08 02:13:36,276 INFO o.a.j.s.FileServer: Stored: C:/Users/Administrator/Documents/GitHub/ICT3113_Assignment_1/step5/data/tickets_load.tsv
2026-10-08 02:13:37,497 INFO o.a.j.t.JMeterThread: Thread is done: POST tickets (intake) 1-1
2026-10-08 02:13:37,497 INFO o.a.j.t.JMeterThread: Thread finished: POST tickets (intake) 1-1
2026-10-08 02:14:15,747 INFO o.a.j.t.JMeterThread: Thread started: GET search (agents) 2-4
2026-10-08 02:14:15,771 INFO o.a.j.t.JMeterThread: Thread is done: GET search (agents) 2-4
2026-10-08 02:14:15,771 INFO o.a.j.t.JMeterThread: Thread finished: GET search (agents) 2-4
2026-10-08 02:14:25,514 INFO o.a.j.t.JMeterThread: Thread started: POST tickets (intake) 1-2
2026-10-08 02:14:26,697 INFO o.a.j.t.JMeterThread: Thread started: GET search (agents) 2-5
2026-10-08 02:14:26,722 INFO o.a.j.t.JMeterThread: Thread is done: GET search (agents) 2-5
2026-10-08 02:14:26,722 INFO o.a.j.t.JMeterThread: Thread finished: GET search (agents) 2-5
2026-10-08 02:14:26,746 INFO o.a.j.t.JMeterThread: Thread is done: POST tickets (intake) 1-2
2026-10-08 02:14:26,747 INFO o.a.j.t.JMeterThread: Thread finished: POST tickets (intake) 1-2
2026-10-08 02:14:30,324 INFO o.a.j.t.JMeterThread: Thread started: GET search (agents) 2-6
2026-10-08 02:14:30,404 INFO o.a.j.r.Summariser: summary +      5 in 00:01:00 =    0.1/s Avg:   514 Min:    23 Max:  1230 Err:     0 (0.00%) Active: 1 Started: 8 Finished: 7
2026-10-08 02:14:30,404 INFO o.a.j.r.Summariser: summary =      8 in 00:01:33 =    0.1/s Avg:   344 Min:    23 Max:  1230 Err:     0 (0.00%)
2026-10-08 02:14:30,404 INFO o.a.j.t.JMeterThread: Thread is done: GET search (agents) 2-6
2026-10-08 02:14:30,404 INFO o.a.j.t.JMeterThread: Thread finished: GET search (agents) 2-6
2026-10-08 02:14:30,622 INFO o.a.j.t.JMeterThread: Thread started: POST tickets (intake) 1-3
2026-10-08 02:14:32,696 INFO o.a.j.t.JMeterThread: Thread is done: POST tickets (intake) 1-3
2026-10-08 02:14:32,696 INFO o.a.j.t.JMeterThread: Thread finished: POST tickets (intake) 1-3
2026-10-08 02:14:35,333 INFO o.a.j.t.JMeterThread: Thread started: GET search (agents) 2-7
2026-10-08 02:14:35,389 INFO o.a.j.t.JMeterThread: Thread is done: GET search (agents) 2-7
2026-10-08 02:14:35,389 INFO o.a.j.t.JMeterThread: Thread finished: GET search (agents) 2-7
2026-10-08 02:14:37,371 INFO o.a.j.t.JMeterThread: Thread started: GET search (agents) 2-8
2026-10-08 02:14:37,450 INFO o.a.j.t.JMeterThread: Thread is done: GET search (agents) 2-8
2026-10-08 02:14:37,450 INFO o.a.j.t.JMeterThread: Thread finished: GET search (agents) 2-8
2026-10-08 02:14:54,778 INFO o.a.j.t.JMeterThread: Thread started: GET search (agents) 2-9
2026-10-08 02:14:54,842 INFO o.a.j.t.JMeterThread: Thread is done: GET search (agents) 2-9
2026-10-08 02:14:54,842 INFO o.a.j.t.JMeterThread: Thread finished: GET search (agents) 2-9
2026-10-08 02:15:00,394 INFO o.a.j.t.JMeterThread: Thread started: POST tickets (intake) 1-4
2026-10-08 02:15:03,030 INFO o.a.j.r.Summariser: summary +      5 in 00:00:33 =    0.2/s Avg:   980 Min:    55 Max:  2634 Err:     1 (20.00%) Active: 1 Started: 13 Finished: 12
2026-10-08 02:15:03,030 INFO o.a.j.r.Summariser: summary =     13 in 00:02:06 =    0.1/s Avg:   589 Min:    23 Max:  2634 Err:     1 (7.69%)
2026-10-08 02:15:03,030 INFO o.a.j.t.JMeterThread: Thread is done: POST tickets (intake) 1-4
2026-10-08 02:15:03,030 INFO o.a.j.t.JMeterThread: Thread finished: POST tickets (intake) 1-4
2026-10-08 02:15:04,774 INFO o.a.j.t.JMeterThread: Thread started: GET search (agents) 2-10
2026-10-08 02:15:04,790 INFO o.a.j.t.JMeterThread: Thread is done: GET search (agents) 2-10
2026-10-08 02:15:04,790 INFO o.a.j.t.JMeterThread: Thread finished: GET search (agents) 2-10
2026-10-08 02:15:21,152 INFO o.a.j.t.JMeterThread: Thread started: GET search (agents) 2-11
2026-10-08 02:15:21,183 INFO o.a.j.t.JMeterThread: Thread is done: GET search (agents) 2-11
2026-10-08 02:15:21,183 INFO o.a.j.t.JMeterThread: Thread finished: GET search (agents) 2-11
2026-10-08 02:15:26,715 INFO o.a.j.t.JMeterThread: Thread started: GET search (agents) 2-12
2026-10-08 02:15:26,899 INFO o.a.j.t.JMeterThread: Thread is done: GET search (agents) 2-12
2026-10-08 02:15:26,899 INFO o.a.j.t.JMeterThread: Thread finished: GET search (agents) 2-12
2026-10-08 02:15:38,539 INFO o.a.j.t.JMeterThread: Thread started: GET search (agents) 2-13
2026-10-08 02:15:38,586 INFO o.a.j.t.JMeterThread: Thread is done: GET search (agents) 2-13
2026-10-08 02:15:38,586 INFO o.a.j.t.JMeterThread: Thread finished: GET search (agents) 2-13
2026-10-08 02:15:46,620 INFO o.a.j.t.JMeterThread: Thread started: GET search (agents) 2-14
2026-10-08 02:15:46,680 INFO o.a.j.t.JMeterThread: Thread is done: GET search (agents) 2-14
2026-10-08 02:15:46,680 INFO o.a.j.t.JMeterThread: Thread finished: GET search (agents) 2-14
2026-10-08 02:16:03,592 INFO o.a.j.t.JMeterThread: Thread started: GET search (agents) 2-15
2026-10-08 02:16:03,666 INFO o.a.j.r.Summariser: summary +      6 in 00:01:01 =    0.1/s Avg:    67 Min:    16 Max:   184 Err:     0 (0.00%) Active: 1 Started: 19 Finished: 18
2026-10-08 02:16:03,666 INFO o.a.j.r.Summariser: summary =     19 in 00:03:07 =    0.1/s Avg:   424 Min:    16 Max:  2634 Err:     1 (5.26%)
2026-10-08 02:16:03,666 INFO o.a.j.t.JMeterThread: Thread is done: GET search (agents) 2-15
2026-10-08 02:16:03,667 INFO o.a.j.t.JMeterThread: Thread finished: GET search (agents) 2-15
2026-10-08 02:16:10,067 INFO o.a.j.t.JMeterThread: Thread started: GET search (agents) 2-16
2026-10-08 02:16:10,121 INFO o.a.j.t.JMeterThread: Thread is done: GET search (agents) 2-16
2026-10-08 02:16:10,122 INFO o.a.j.t.JMeterThread: Thread finished: GET search (agents) 2-16
2026-10-08 02:16:17,615 INFO o.a.j.t.JMeterThread: Thread started: GET search (agents) 2-17
2026-10-08 02:16:17,633 INFO o.a.j.t.JMeterThread: Thread is done: GET search (agents) 2-17
2026-10-08 02:16:17,633 INFO o.a.j.t.JMeterThread: Thread finished: GET search (agents) 2-17
2026-10-08 02:16:18,523 INFO o.a.j.t.JMeterThread: Thread started: POST tickets (intake) 1-5
2026-10-08 02:16:19,526 INFO o.a.j.t.JMeterThread: Thread is done: POST tickets (intake) 1-5
2026-10-08 02:16:19,526 INFO o.a.j.t.JMeterThread: Thread finished: POST tickets (intake) 1-5
2026-10-08 02:16:25,710 INFO o.a.j.t.JMeterThread: Thread started: GET search (agents) 2-18
2026-10-08 02:16:25,724 INFO o.a.j.t.JMeterThread: Thread is done: GET search (agents) 2-18
2026-10-08 02:16:25,725 INFO o.a.j.t.JMeterThread: Thread finished: GET search (agents) 2-18
2026-10-08 02:16:26,053 INFO o.a.j.t.JMeterThread: Thread started: POST tickets (intake) 1-6
2026-10-08 02:16:27,548 INFO o.a.j.t.JMeterThread: Thread is done: POST tickets (intake) 1-6
2026-10-08 02:16:27,548 INFO o.a.j.t.JMeterThread: Thread finished: POST tickets (intake) 1-6
2026-10-08 02:16:29,678 INFO o.a.j.t.JMeterThread: Thread started: GET search (agents) 2-19
2026-10-08 02:16:29,708 INFO o.a.j.t.JMeterThread: Thread is done: GET search (agents) 2-19
2026-10-08 02:16:29,708 INFO o.a.j.t.JMeterThread: Thread finished: GET search (agents) 2-19
2026-10-08 02:16:37,195 INFO o.a.j.t.JMeterThread: Thread started: GET search (agents) 2-20
2026-10-08 02:16:37,263 INFO o.a.j.t.JMeterThread: Thread is done: GET search (agents) 2-20
2026-10-08 02:16:37,263 INFO o.a.j.t.JMeterThread: Thread finished: GET search (agents) 2-20
2026-10-08 02:16:40,307 INFO o.a.j.t.JMeterThread: Thread started: POST tickets (intake) 1-7
2026-10-08 02:16:42,297 INFO o.a.j.t.JMeterThread: Thread is done: POST tickets (intake) 1-7
2026-10-08 02:16:42,297 INFO o.a.j.t.JMeterThread: Thread finished: POST tickets (intake) 1-7
2026-10-08 02:16:59,758 INFO o.a.j.t.JMeterThread: Thread started: GET search (agents) 2-21
2026-10-08 02:16:59,782 INFO o.a.j.t.JMeterThread: Thread is done: GET search (agents) 2-21
2026-10-08 02:16:59,782 INFO o.a.j.t.JMeterThread: Thread finished: GET search (agents) 2-21
2026-10-08 02:17:43,246 INFO o.a.j.t.JMeterThread: Thread started: GET search (agents) 2-22
2026-10-08 02:17:43,324 INFO o.a.j.t.JMeterThread: Thread is done: GET search (agents) 2-22
2026-10-08 02:17:43,324 INFO o.a.j.t.JMeterThread: Thread finished: GET search (agents) 2-22
2026-10-08 02:17:56,997 INFO o.a.j.t.JMeterThread: Thread started: POST tickets (intake) 1-8
2026-10-08 02:17:57,351 INFO o.a.j.t.JMeterThread: Thread started: GET search (agents) 2-23
2026-10-08 02:17:57,386 INFO o.a.j.t.JMeterThread: Thread is done: GET search (agents) 2-23
2026-10-08 02:17:57,386 INFO o.a.j.t.JMeterThread: Thread finished: GET search (agents) 2-23
2026-10-08 02:17:58,363 INFO o.a.j.t.JMeterThread: Thread is done: POST tickets (intake) 1-8
2026-10-08 02:17:58,363 INFO o.a.j.t.JMeterThread: Thread finished: POST tickets (intake) 1-8
2026-10-08 02:18:12,824 INFO o.a.j.t.JMeterThread: Thread started: GET search (agents) 2-24
2026-10-08 02:18:12,923 INFO o.a.j.t.JMeterThread: Thread is done: GET search (agents) 2-24
2026-10-08 02:18:12,923 INFO o.a.j.t.JMeterThread: Thread finished: GET search (agents) 2-24
2026-10-08 02:18:24,797 INFO o.a.j.t.JMeterThread: Thread started: GET search (agents) 2-25
2026-10-08 02:18:24,871 INFO o.a.j.t.JMeterThread: Thread is done: GET search (agents) 2-25
2026-10-08 02:18:24,871 INFO o.a.j.t.JMeterThread: Thread finished: GET search (agents) 2-25
2026-10-08 02:18:31,584 INFO o.a.j.t.JMeterThread: Thread started: GET search (agents) 2-26
2026-10-08 02:18:31,661 INFO o.a.j.t.JMeterThread: Thread started: GET search (agents) 2-27
2026-10-08 02:18:31,676 INFO o.a.j.r.Summariser: summary +     15 in 00:02:28 =    0.1/s Avg:   427 Min:    13 Max:  1989 Err:     0 (0.00%) Active: 2 Started: 35 Finished: 33
2026-10-08 02:18:31,677 INFO o.a.j.r.Summariser: summary =     34 in 00:05:35 =    0.1/s Avg:   425 Min:    13 Max:  2634 Err:     1 (2.94%)
2026-10-08 02:18:31,677 INFO o.a.j.t.JMeterThread: Thread is done: GET search (agents) 2-26
2026-10-08 02:18:31,677 INFO o.a.j.t.JMeterThread: Thread finished: GET search (agents) 2-26
2026-10-08 02:18:31,678 INFO o.a.j.t.JMeterThread: Thread is done: GET search (agents) 2-27
2026-10-08 02:18:31,678 INFO o.a.j.t.JMeterThread: Thread finished: GET search (agents) 2-27
2026-10-08 02:18:32,346 INFO o.a.j.t.JMeterThread: Thread started: POST tickets (intake) 1-9
2026-10-08 02:18:34,408 INFO o.a.j.t.JMeterThread: Thread is done: POST tickets (intake) 1-9
2026-10-08 02:18:34,408 INFO o.a.j.t.JMeterThread: Thread finished: POST tickets (intake) 1-9
2026-10-08 02:18:36,896 INFO o.a.j.t.JMeterThread: Thread started: GET search (agents) 2-28
2026-10-08 02:18:36,964 INFO o.a.j.t.JMeterThread: Thread is done: GET search (agents) 2-28
2026-10-08 02:18:36,964 INFO o.a.j.t.JMeterThread: Thread finished: GET search (agents) 2-28
2026-10-08 02:19:03,177 INFO o.a.j.t.JMeterThread: Thread started: GET search (agents) 2-29
2026-10-08 02:19:03,214 INFO o.a.j.r.Summariser: summary +      4 in 00:00:32 =    0.1/s Avg:   544 Min:    16 Max:  2060 Err:     0 (0.00%) Active: 1 Started: 38 Finished: 37
2026-10-08 02:19:03,215 INFO o.a.j.r.Summariser: summary =     38 in 00:06:06 =    0.1/s Avg:   438 Min:    13 Max:  2634 Err:     1 (2.63%)
2026-10-08 02:19:03,215 INFO o.a.j.t.JMeterThread: Thread is done: GET search (agents) 2-29
2026-10-08 02:19:03,215 INFO o.a.j.t.JMeterThread: Thread finished: GET search (agents) 2-29
2026-10-08 02:19:15,089 INFO o.a.j.t.JMeterThread: Thread started: POST tickets (intake) 1-10
2026-10-08 02:19:16,919 INFO o.a.j.t.JMeterThread: Thread is done: POST tickets (intake) 1-10
2026-10-08 02:19:16,919 INFO o.a.j.t.JMeterThread: Thread finished: POST tickets (intake) 1-10
2026-10-08 02:19:59,032 INFO o.a.j.t.JMeterThread: Thread started: GET search (agents) 2-30
2026-10-08 02:19:59,117 INFO o.a.j.t.JMeterThread: Thread is done: GET search (agents) 2-30
2026-10-08 02:19:59,117 INFO o.a.j.t.JMeterThread: Thread finished: GET search (agents) 2-30
2026-10-08 02:20:04,125 INFO o.a.j.t.JMeterThread: Thread started: GET search (agents) 2-31
2026-10-08 02:20:04,199 INFO o.a.j.r.Summariser: summary +      3 in 00:01:01 =    0.0/s Avg:   662 Min:    73 Max:  1829 Err:     1 (33.33%) Active: 1 Started: 41 Finished: 40
2026-10-08 02:20:04,200 INFO o.a.j.r.Summariser: summary =     41 in 00:07:07 =    0.1/s Avg:   454 Min:    13 Max:  2634 Err:     2 (4.88%)
2026-10-08 02:20:04,200 INFO o.a.j.t.JMeterThread: Thread is done: GET search (agents) 2-31
2026-10-08 02:20:04,200 INFO o.a.j.t.JMeterThread: Thread finished: GET search (agents) 2-31
2026-10-08 02:20:06,797 INFO o.a.j.t.JMeterThread: Thread started: GET search (agents) 2-32
2026-10-08 02:20:06,821 INFO o.a.j.t.JMeterThread: Thread is done: GET search (agents) 2-32
2026-10-08 02:20:06,821 INFO o.a.j.t.JMeterThread: Thread finished: GET search (agents) 2-32
2026-10-08 02:20:47,242 INFO o.a.j.t.JMeterThread: Thread started: GET search (agents) 2-33
2026-10-08 02:20:47,256 INFO o.a.j.t.JMeterThread: Thread is done: GET search (agents) 2-33
2026-10-08 02:20:47,256 INFO o.a.j.t.JMeterThread: Thread finished: GET search (agents) 2-33
2026-10-08 02:20:55,778 INFO o.a.j.t.JMeterThread: Thread started: GET search (agents) 2-34
2026-10-08 02:20:55,849 INFO o.a.j.t.JMeterThread: Thread is done: GET search (agents) 2-34
2026-10-08 02:20:55,849 INFO o.a.j.t.JMeterThread: Thread finished: GET search (agents) 2-34
2026-10-08 02:20:59,818 INFO o.a.j.t.JMeterThread: Thread started: GET search (agents) 2-35
2026-10-08 02:20:59,901 INFO o.a.j.t.JMeterThread: Thread is done: GET search (agents) 2-35
2026-10-08 02:20:59,901 INFO o.a.j.t.JMeterThread: Thread finished: GET search (agents) 2-35
2026-10-08 02:21:11,610 INFO o.a.j.t.JMeterThread: Thread started: GET search (agents) 2-36
2026-10-08 02:21:11,715 INFO o.a.j.t.JMeterThread: Thread is done: GET search (agents) 2-36
2026-10-08 02:21:11,715 INFO o.a.j.t.JMeterThread: Thread finished: GET search (agents) 2-36
2026-10-08 02:21:15,770 INFO o.a.j.t.JMeterThread: Thread started: GET search (agents) 2-37
2026-10-08 02:21:15,793 INFO o.a.j.t.JMeterThread: Thread is done: GET search (agents) 2-37
2026-10-08 02:21:15,793 INFO o.a.j.t.JMeterThread: Thread finished: GET search (agents) 2-37
2026-10-08 02:21:24,789 INFO o.a.j.t.JMeterThread: Thread started: GET search (agents) 2-38
2026-10-08 02:21:24,833 INFO o.a.j.t.JMeterThread: Thread is done: GET search (agents) 2-38
2026-10-08 02:21:24,833 INFO o.a.j.t.JMeterThread: Thread finished: GET search (agents) 2-38
2026-10-08 02:21:30,700 INFO o.a.j.t.JMeterThread: Thread started: GET search (agents) 2-39
2026-10-08 02:21:30,743 INFO o.a.j.r.Summariser: summary +      8 in 00:01:27 =    0.1/s Avg:    49 Min:    12 Max:   103 Err:     0 (0.00%) Active: 1 Started: 49 Finished: 48
2026-10-08 02:21:30,744 INFO o.a.j.r.Summariser: summary =     49 in 00:08:34 =    0.1/s Avg:   388 Min:    12 Max:  2634 Err:     2 (4.08%)
2026-10-08 02:21:30,744 INFO o.a.j.t.JMeterThread: Thread is done: GET search (agents) 2-39
2026-10-08 02:21:30,744 INFO o.a.j.t.JMeterThread: Thread finished: GET search (agents) 2-39
2026-10-08 02:21:48,520 INFO o.a.j.t.JMeterThread: Thread started: GET search (agents) 2-40
2026-10-08 02:21:48,584 INFO o.a.j.t.JMeterThread: Thread is done: GET search (agents) 2-40
2026-10-08 02:21:48,584 INFO o.a.j.t.JMeterThread: Thread finished: GET search (agents) 2-40
2026-10-08 02:22:01,892 INFO o.a.j.t.JMeterThread: Thread started: POST tickets (intake) 1-11
2026-10-08 02:22:04,157 INFO o.a.j.r.Summariser: summary +      2 in 00:00:33 =    0.1/s Avg:  1162 Min:    63 Max:  2262 Err:     0 (0.00%) Active: 1 Started: 51 Finished: 50
2026-10-08 02:22:04,157 INFO o.a.j.r.Summariser: summary =     51 in 00:09:07 =    0.1/s Avg:   419 Min:    12 Max:  2634 Err:     2 (3.92%)
2026-10-08 02:22:04,157 INFO o.a.j.t.JMeterThread: Thread is done: POST tickets (intake) 1-11
2026-10-08 02:22:04,157 INFO o.a.j.t.JMeterThread: Thread finished: POST tickets (intake) 1-11
2026-10-08 02:22:42,190 INFO o.a.j.t.JMeterThread: Thread started: POST tickets (intake) 1-12
2026-10-08 02:22:43,257 INFO o.a.j.t.JMeterThread: Thread is done: POST tickets (intake) 1-12
2026-10-08 02:22:43,258 INFO o.a.j.t.JMeterThread: Thread finished: POST tickets (intake) 1-12
2026-10-08 02:22:48,662 INFO o.a.j.t.JMeterThread: Thread started: GET search (agents) 2-41
2026-10-08 02:22:48,700 INFO o.a.j.t.JMeterThread: Thread is done: GET search (agents) 2-41
2026-10-08 02:22:48,700 INFO o.a.j.t.JMeterThread: Thread finished: GET search (agents) 2-41
2026-10-08 02:23:30,456 INFO o.a.j.t.JMeterThread: Thread started: GET search (agents) 2-42
2026-10-08 02:23:30,575 INFO o.a.j.r.Summariser: summary +      3 in 00:01:26 =    0.0/s Avg:   406 Min:    34 Max:  1068 Err:     0 (0.00%) Active: 1 Started: 54 Finished: 53
2026-10-08 02:23:30,575 INFO o.a.j.r.Summariser: summary =     54 in 00:10:34 =    0.1/s Avg:   418 Min:    12 Max:  2634 Err:     2 (3.70%)
2026-10-08 02:23:30,575 INFO o.a.j.t.JMeterThread: Thread is done: GET search (agents) 2-42
2026-10-08 02:23:30,575 INFO o.a.j.t.JMeterThread: Thread finished: GET search (agents) 2-42
2026-10-08 02:23:34,303 INFO o.a.j.t.JMeterThread: Thread started: GET search (agents) 2-43
2026-10-08 02:23:34,382 INFO o.a.j.t.JMeterThread: Thread is done: GET search (agents) 2-43
2026-10-08 02:23:34,382 INFO o.a.j.t.JMeterThread: Thread finished: GET search (agents) 2-43
2026-10-08 02:23:37,817 INFO o.a.j.t.JMeterThread: Thread started: GET search (agents) 2-44
2026-10-08 02:23:37,843 INFO o.a.j.t.JMeterThread: Thread is done: GET search (agents) 2-44
2026-10-08 02:23:37,843 INFO o.a.j.t.JMeterThread: Thread finished: GET search (agents) 2-44
2026-10-08 02:23:40,356 INFO o.a.j.t.JMeterThread: Thread started: POST tickets (intake) 1-13
2026-10-08 02:23:41,721 INFO o.a.j.t.JMeterThread: Thread is done: POST tickets (intake) 1-13
2026-10-08 02:23:41,721 INFO o.a.j.t.JMeterThread: Thread finished: POST tickets (intake) 1-13
2026-10-08 02:23:50,320 INFO o.a.j.t.JMeterThread: Thread started: GET search (agents) 2-45
2026-10-08 02:23:50,338 INFO o.a.j.t.JMeterThread: Thread is done: GET search (agents) 2-45
2026-10-08 02:23:50,338 INFO o.a.j.t.JMeterThread: Thread finished: GET search (agents) 2-45
2026-10-08 02:24:23,693 INFO o.a.j.t.JMeterThread: Thread started: GET search (agents) 2-46
2026-10-08 02:24:23,853 INFO o.a.j.t.JMeterThread: Thread is done: GET search (agents) 2-46
2026-10-08 02:24:23,854 INFO o.a.j.t.JMeterThread: Thread finished: GET search (agents) 2-46
2026-10-08 02:24:34,813 INFO o.a.j.t.JMeterThread: Thread started: GET search (agents) 2-47
2026-10-08 02:24:34,887 INFO o.a.j.r.Summariser: summary +      6 in 00:01:04 =    0.1/s Avg:   285 Min:    17 Max:  1363 Err:     1 (16.67%) Active: 1 Started: 60 Finished: 59
2026-10-08 02:24:34,887 INFO o.a.j.r.Summariser: summary =     60 in 00:11:38 =    0.1/s Avg:   405 Min:    12 Max:  2634 Err:     3 (5.00%)
2026-10-08 02:24:34,888 INFO o.a.j.t.JMeterThread: Thread is done: GET search (agents) 2-47
2026-10-08 02:24:34,888 INFO o.a.j.t.JMeterThread: Thread finished: GET search (agents) 2-47
2026-10-08 02:24:39,420 INFO o.a.j.t.JMeterThread: Thread started: GET search (agents) 2-48
2026-10-08 02:24:39,501 INFO o.a.j.t.JMeterThread: Thread is done: GET search (agents) 2-48
2026-10-08 02:24:39,501 INFO o.a.j.t.JMeterThread: Thread finished: GET search (agents) 2-48
2026-10-08 02:24:44,113 INFO o.a.j.t.JMeterThread: Thread started: POST tickets (intake) 1-14
2026-10-08 02:24:45,405 INFO o.a.j.t.JMeterThread: Thread is done: POST tickets (intake) 1-14
2026-10-08 02:24:45,406 INFO o.a.j.t.JMeterThread: Thread finished: POST tickets (intake) 1-14
2026-10-08 02:24:49,703 INFO o.a.j.t.JMeterThread: Thread started: POST tickets (intake) 1-15
2026-10-08 02:24:50,757 INFO o.a.j.t.JMeterThread: Thread is done: POST tickets (intake) 1-15
2026-10-08 02:24:50,757 INFO o.a.j.t.JMeterThread: Thread finished: POST tickets (intake) 1-15
2026-10-08 02:25:01,710 INFO o.a.j.t.JMeterThread: Thread started: POST tickets (intake) 1-16
2026-10-08 02:25:04,667 INFO o.a.j.r.Summariser: summary +      4 in 00:00:30 =    0.1/s Avg:  1344 Min:    79 Max:  2956 Err:     0 (0.00%) Active: 1 Started: 64 Finished: 63
2026-10-08 02:25:04,668 INFO o.a.j.r.Summariser: summary =     64 in 00:12:08 =    0.1/s Avg:   463 Min:    12 Max:  2956 Err:     3 (4.69%)
2026-10-08 02:25:04,668 INFO o.a.j.t.JMeterThread: Thread is done: POST tickets (intake) 1-16
2026-10-08 02:25:04,668 INFO o.a.j.t.JMeterThread: Thread finished: POST tickets (intake) 1-16
2026-10-08 02:25:12,252 INFO o.a.j.t.JMeterThread: Thread started: GET search (agents) 2-49
2026-10-08 02:25:12,269 INFO o.a.j.t.JMeterThread: Thread is done: GET search (agents) 2-49
2026-10-08 02:25:12,269 INFO o.a.j.t.JMeterThread: Thread finished: GET search (agents) 2-49
2026-10-08 02:25:15,255 INFO o.a.j.t.JMeterThread: Thread started: GET search (agents) 2-50
2026-10-08 02:25:15,336 INFO o.a.j.t.JMeterThread: Thread is done: GET search (agents) 2-50
2026-10-08 02:25:15,336 INFO o.a.j.t.JMeterThread: Thread finished: GET search (agents) 2-50
2026-10-08 02:25:29,021 INFO o.a.j.t.JMeterThread: Thread started: GET search (agents) 2-51
2026-10-08 02:25:29,068 INFO o.a.j.t.JMeterThread: Thread is done: GET search (agents) 2-51
2026-10-08 02:25:29,068 INFO o.a.j.t.JMeterThread: Thread finished: GET search (agents) 2-51
2026-10-08 02:25:31,518 INFO o.a.j.t.JMeterThread: Thread started: POST tickets (intake) 1-17
2026-10-08 02:25:32,823 INFO o.a.j.r.Summariser: summary +      4 in 00:00:28 =    0.1/s Avg:   360 Min:    16 Max:  1303 Err:     0 (0.00%) Active: 1 Started: 68 Finished: 67
2026-10-08 02:25:32,823 INFO o.a.j.r.Summariser: summary =     68 in 00:12:36 =    0.1/s Avg:   457 Min:    12 Max:  2956 Err:     3 (4.41%)
2026-10-08 02:25:32,823 INFO o.a.j.t.JMeterThread: Thread is done: POST tickets (intake) 1-17
2026-10-08 02:25:32,823 INFO o.a.j.t.JMeterThread: Thread finished: POST tickets (intake) 1-17
2026-10-08 02:25:50,244 INFO o.a.j.t.JMeterThread: Thread started: GET search (agents) 2-52
2026-10-08 02:25:50,267 INFO o.a.j.t.JMeterThread: Thread is done: GET search (agents) 2-52
2026-10-08 02:25:50,267 INFO o.a.j.t.JMeterThread: Thread finished: GET search (agents) 2-52
2026-10-08 02:26:05,299 INFO o.a.j.t.JMeterThread: Thread started: GET search (agents) 2-53
2026-10-08 02:26:05,316 INFO o.a.j.r.Summariser: summary +      2 in 00:00:32 =    0.1/s Avg:    19 Min:    17 Max:    22 Err:     0 (0.00%) Active: 1 Started: 70 Finished: 69
2026-10-08 02:26:05,316 INFO o.a.j.r.Summariser: summary =     70 in 00:13:08 =    0.1/s Avg:   445 Min:    12 Max:  2956 Err:     3 (4.29%)
2026-10-08 02:26:05,316 INFO o.a.j.t.JMeterThread: Thread is done: GET search (agents) 2-53
2026-10-08 02:26:05,316 INFO o.a.j.t.JMeterThread: Thread finished: GET search (agents) 2-53
2026-10-08 02:26:25,293 INFO o.a.j.t.JMeterThread: Thread started: GET search (agents) 2-54
2026-10-08 02:26:25,370 INFO o.a.j.t.JMeterThread: Thread is done: GET search (agents) 2-54
2026-10-08 02:26:25,370 INFO o.a.j.t.JMeterThread: Thread finished: GET search (agents) 2-54
2026-10-08 02:26:40,126 INFO o.a.j.t.JMeterThread: Thread started: GET search (agents) 2-55
2026-10-08 02:26:40,207 INFO o.a.j.t.JMeterThread: Thread is done: GET search (agents) 2-55
2026-10-08 02:26:40,207 INFO o.a.j.t.JMeterThread: Thread finished: GET search (agents) 2-55
2026-10-08 02:26:41,597 INFO o.a.j.t.JMeterThread: Thread started: GET search (agents) 2-56
2026-10-08 02:26:41,661 INFO o.a.j.t.JMeterThread: Thread is done: GET search (agents) 2-56
2026-10-08 02:26:41,661 INFO o.a.j.t.JMeterThread: Thread finished: GET search (agents) 2-56
2026-10-08 02:26:44,375 INFO o.a.j.t.JMeterThread: Thread started: GET search (agents) 2-57
2026-10-08 02:26:44,416 INFO o.a.j.t.JMeterThread: Thread is done: GET search (agents) 2-57
2026-10-08 02:26:44,416 INFO o.a.j.t.JMeterThread: Thread finished: GET search (agents) 2-57
2026-10-08 02:26:54,069 INFO o.a.j.t.JMeterThread: Thread started: GET search (agents) 2-58
2026-10-08 02:26:54,144 INFO o.a.j.t.JMeterThread: Thread is done: GET search (agents) 2-58
2026-10-08 02:26:54,144 INFO o.a.j.t.JMeterThread: Thread finished: GET search (agents) 2-58
2026-10-08 02:27:25,785 INFO o.a.j.t.JMeterThread: Thread started: GET search (agents) 2-59
2026-10-08 02:27:25,801 INFO o.a.j.t.JMeterThread: Thread is done: GET search (agents) 2-59
2026-10-08 02:27:25,801 INFO o.a.j.t.JMeterThread: Thread finished: GET search (agents) 2-59
2026-10-08 02:27:28,535 INFO o.a.j.t.JMeterThread: Thread started: POST tickets (intake) 1-18
2026-10-08 02:27:29,688 INFO o.a.j.t.JMeterThread: Thread is done: POST tickets (intake) 1-18
2026-10-08 02:27:29,688 INFO o.a.j.t.JMeterThread: Thread finished: POST tickets (intake) 1-18
2026-10-08 02:28:05,821 INFO o.a.j.t.JMeterThread: Thread started: GET search (agents) 2-60
2026-10-08 02:28:05,842 INFO o.a.j.r.Summariser: summary +      8 in 00:02:01 =    0.1/s Avg:   190 Min:    14 Max:  1152 Err:     0 (0.00%) Active: 1 Started: 78 Finished: 77
2026-10-08 02:28:05,842 INFO o.a.j.r.Summariser: summary =     78 in 00:15:09 =    0.1/s Avg:   419 Min:    12 Max:  2956 Err:     3 (3.85%)
2026-10-08 02:28:05,842 INFO o.a.j.t.JMeterThread: Thread is done: GET search (agents) 2-60
2026-10-08 02:28:05,842 INFO o.a.j.t.JMeterThread: Thread finished: GET search (agents) 2-60
2026-10-08 02:28:08,741 INFO o.a.j.t.JMeterThread: Thread started: POST tickets (intake) 1-19
2026-10-08 02:28:09,916 INFO o.a.j.t.JMeterThread: Thread is done: POST tickets (intake) 1-19
2026-10-08 02:28:09,916 INFO o.a.j.t.JMeterThread: Thread finished: POST tickets (intake) 1-19
2026-10-08 02:28:32,816 INFO o.a.j.t.JMeterThread: Thread started: GET search (agents) 2-61
2026-10-08 02:28:32,869 INFO o.a.j.r.Summariser: summary +      2 in 00:00:27 =    0.1/s Avg:   612 Min:    51 Max:  1174 Err:     0 (0.00%) Active: 1 Started: 80 Finished: 79
2026-10-08 02:28:32,870 INFO o.a.j.r.Summariser: summary =     80 in 00:15:36 =    0.1/s Avg:   423 Min:    12 Max:  2956 Err:     3 (3.75%)
2026-10-08 02:28:32,870 INFO o.a.j.t.JMeterThread: Thread is done: GET search (agents) 2-61
2026-10-08 02:28:32,870 INFO o.a.j.t.JMeterThread: Thread finished: GET search (agents) 2-61
2026-10-08 02:28:39,524 INFO o.a.j.t.JMeterThread: Thread started: GET search (agents) 2-62
2026-10-08 02:28:39,649 INFO o.a.j.t.JMeterThread: Thread is done: GET search (agents) 2-62
2026-10-08 02:28:39,649 INFO o.a.j.t.JMeterThread: Thread finished: GET search (agents) 2-62
2026-10-08 02:28:50,086 INFO o.a.j.t.JMeterThread: Thread started: GET search (agents) 2-63
2026-10-08 02:28:50,111 INFO o.a.j.t.JMeterThread: Thread is done: GET search (agents) 2-63
2026-10-08 02:28:50,111 INFO o.a.j.t.JMeterThread: Thread finished: GET search (agents) 2-63
2026-10-08 02:29:01,909 INFO o.a.j.t.JMeterThread: Thread started: POST tickets (intake) 1-20
2026-10-08 02:29:03,685 INFO o.a.j.r.Summariser: summary +      3 in 00:00:31 =    0.1/s Avg:   640 Min:    23 Max:  1774 Err:     0 (0.00%) Active: 1 Started: 83 Finished: 82
2026-10-08 02:29:03,685 INFO o.a.j.r.Summariser: summary =     83 in 00:16:07 =    0.1/s Avg:   431 Min:    12 Max:  2956 Err:     3 (3.61%)
2026-10-08 02:29:03,685 INFO o.a.j.t.JMeterThread: Thread is done: POST tickets (intake) 1-20
2026-10-08 02:29:03,685 INFO o.a.j.t.JMeterThread: Thread finished: POST tickets (intake) 1-20
2026-10-08 02:29:19,898 INFO o.a.j.t.JMeterThread: Thread started: GET search (agents) 2-64
2026-10-08 02:29:19,976 INFO o.a.j.t.JMeterThread: Thread is done: GET search (agents) 2-64
2026-10-08 02:29:19,976 INFO o.a.j.t.JMeterThread: Thread finished: GET search (agents) 2-64
2026-10-08 02:29:27,544 INFO o.a.j.t.JMeterThread: Thread started: GET search (agents) 2-65
2026-10-08 02:29:27,561 INFO o.a.j.t.JMeterThread: Thread is done: GET search (agents) 2-65
2026-10-08 02:29:27,561 INFO o.a.j.t.JMeterThread: Thread finished: GET search (agents) 2-65
2026-10-08 02:29:37,346 INFO o.a.j.t.JMeterThread: Thread started: GET search (agents) 2-66
2026-10-08 02:29:37,405 INFO o.a.j.t.JMeterThread: Thread is done: GET search (agents) 2-66
2026-10-08 02:29:37,405 INFO o.a.j.t.JMeterThread: Thread finished: GET search (agents) 2-66
2026-10-08 02:29:44,524 INFO o.a.j.t.JMeterThread: Thread started: GET search (agents) 2-67
2026-10-08 02:29:44,548 INFO o.a.j.t.JMeterThread: Thread is done: GET search (agents) 2-67
2026-10-08 02:29:44,548 INFO o.a.j.t.JMeterThread: Thread finished: GET search (agents) 2-67
2026-10-08 02:29:50,892 INFO o.a.j.t.JMeterThread: Thread started: POST tickets (intake) 1-21
2026-10-08 02:29:52,234 INFO o.a.j.t.JMeterThread: Thread is done: POST tickets (intake) 1-21
2026-10-08 02:29:52,234 INFO o.a.j.t.JMeterThread: Thread finished: POST tickets (intake) 1-21
2026-10-08 02:29:52,268 INFO o.a.j.t.JMeterThread: Thread started: GET search (agents) 2-68
2026-10-08 02:29:52,327 INFO o.a.j.t.JMeterThread: Thread is done: GET search (agents) 2-68
2026-10-08 02:29:52,327 INFO o.a.j.t.JMeterThread: Thread finished: GET search (agents) 2-68
2026-10-08 02:29:56,435 INFO o.a.j.t.JMeterThread: Thread started: GET search (agents) 2-69
2026-10-08 02:29:56,529 INFO o.a.j.t.JMeterThread: Thread is done: GET search (agents) 2-69
2026-10-08 02:29:56,529 INFO o.a.j.t.JMeterThread: Thread finished: GET search (agents) 2-69
2026-10-08 02:30:01,358 INFO o.a.j.t.JMeterThread: Thread started: GET search (agents) 2-70
2026-10-08 02:30:01,397 INFO o.a.j.r.Summariser: summary +      8 in 00:00:58 =    0.1/s Avg:   213 Min:    16 Max:  1341 Err:     0 (0.00%) Active: 1 Started: 91 Finished: 90
2026-10-08 02:30:01,397 INFO o.a.j.r.Summariser: summary =     91 in 00:17:04 =    0.1/s Avg:   412 Min:    12 Max:  2956 Err:     3 (3.30%)
2026-10-08 02:30:01,397 INFO o.a.j.t.JMeterThread: Thread is done: GET search (agents) 2-70
2026-10-08 02:30:01,397 INFO o.a.j.t.JMeterThread: Thread finished: GET search (agents) 2-70
2026-10-08 02:30:41,724 INFO o.a.j.t.JMeterThread: Thread started: POST tickets (intake) 1-22
2026-10-08 02:30:42,959 INFO o.a.j.t.JMeterThread: Thread started: GET search (agents) 2-71
2026-10-08 02:30:43,091 INFO o.a.j.t.JMeterThread: Thread is done: GET search (agents) 2-71
2026-10-08 02:30:43,091 INFO o.a.j.t.JMeterThread: Thread finished: GET search (agents) 2-71
2026-10-08 02:30:43,976 INFO o.a.j.t.JMeterThread: Thread is done: POST tickets (intake) 1-22
2026-10-08 02:30:43,976 INFO o.a.j.t.JMeterThread: Thread finished: POST tickets (intake) 1-22
2026-10-08 02:30:47,657 INFO o.a.j.t.JMeterThread: Thread started: POST tickets (intake) 1-23
2026-10-08 02:30:48,165 INFO o.a.j.t.JMeterThread: Thread started: GET search (agents) 2-72
2026-10-08 02:30:48,249 INFO o.a.j.t.JMeterThread: Thread is done: GET search (agents) 2-72
2026-10-08 02:30:48,249 INFO o.a.j.t.JMeterThread: Thread finished: GET search (agents) 2-72
2026-10-08 02:30:48,848 INFO o.a.j.t.JMeterThread: Thread is done: POST tickets (intake) 1-23
2026-10-08 02:30:48,848 INFO o.a.j.t.JMeterThread: Thread finished: POST tickets (intake) 1-23
2026-10-08 02:30:49,720 INFO o.a.j.t.JMeterThread: Thread started: GET search (agents) 2-73
2026-10-08 02:30:49,787 INFO o.a.j.t.JMeterThread: Thread is done: GET search (agents) 2-73
2026-10-08 02:30:49,787 INFO o.a.j.t.JMeterThread: Thread finished: GET search (agents) 2-73
2026-10-08 02:31:37,585 INFO o.a.j.t.JMeterThread: Thread started: GET search (agents) 2-74
2026-10-08 02:31:37,605 INFO o.a.j.t.JMeterThread: Thread is done: GET search (agents) 2-74
2026-10-08 02:31:37,605 INFO o.a.j.t.JMeterThread: Thread finished: GET search (agents) 2-74
2026-10-08 02:31:49,661 INFO o.a.j.t.JMeterThread: Thread started: GET search (agents) 2-75
2026-10-08 02:31:49,687 INFO o.a.j.t.JMeterThread: Thread is done: GET search (agents) 2-75
2026-10-08 02:31:49,687 INFO o.a.j.t.JMeterThread: Thread finished: GET search (agents) 2-75
2026-10-08 02:31:51,178 INFO o.a.j.t.JMeterThread: Thread started: GET search (agents) 2-76
2026-10-08 02:31:51,213 INFO o.a.j.t.JMeterThread: Thread is done: GET search (agents) 2-76
2026-10-08 02:31:51,213 INFO o.a.j.t.JMeterThread: Thread finished: GET search (agents) 2-76
2026-10-08 02:31:58,107 INFO o.a.j.t.JMeterThread: Thread started: GET search (agents) 2-77
2026-10-08 02:31:58,204 INFO o.a.j.t.JMeterThread: Thread is done: GET search (agents) 2-77
2026-10-08 02:31:58,204 INFO o.a.j.t.JMeterThread: Thread finished: GET search (agents) 2-77
2026-10-08 02:32:15,262 INFO o.a.j.t.JMeterThread: Thread started: GET search (agents) 2-78
2026-10-08 02:32:15,281 INFO o.a.j.t.JMeterThread: Thread is done: GET search (agents) 2-78
2026-10-08 02:32:15,281 INFO o.a.j.t.JMeterThread: Thread finished: GET search (agents) 2-78
2026-10-08 02:32:32,518 INFO o.a.j.t.JMeterThread: Thread started: POST tickets (intake) 1-24
2026-10-08 02:32:33,739 INFO o.a.j.r.Summariser: summary +     11 in 00:02:32 =    0.1/s Avg:   466 Min:    18 Max:  2252 Err:     0 (0.00%) Active: 1 Started: 102 Finished: 101
2026-10-08 02:32:33,740 INFO o.a.j.r.Summariser: summary =    102 in 00:19:37 =    0.1/s Avg:   418 Min:    12 Max:  2956 Err:     3 (2.94%)
2026-10-08 02:32:33,740 INFO o.a.j.t.JMeterThread: Thread is done: POST tickets (intake) 1-24
2026-10-08 02:32:33,740 INFO o.a.j.t.JMeterThread: Thread finished: POST tickets (intake) 1-24
2026-10-08 02:32:45,237 INFO o.a.j.t.JMeterThread: Thread started: GET search (agents) 2-79
2026-10-08 02:32:45,278 INFO o.a.j.t.JMeterThread: Thread is done: GET search (agents) 2-79
2026-10-08 02:32:45,278 INFO o.a.j.t.JMeterThread: Thread finished: GET search (agents) 2-79
2026-10-08 02:32:55,065 INFO o.a.j.t.JMeterThread: Thread started: GET search (agents) 2-80
2026-10-08 02:32:55,117 INFO o.a.j.t.JMeterThread: Thread is done: GET search (agents) 2-80
2026-10-08 02:32:55,117 INFO o.a.j.t.JMeterThread: Thread finished: GET search (agents) 2-80
2026-10-08 02:32:58,480 INFO o.a.j.t.JMeterThread: Thread started: POST tickets (intake) 1-25
2026-10-08 02:33:00,557 INFO o.a.j.r.Summariser: summary +      3 in 00:00:27 =    0.1/s Avg:   722 Min:    40 Max:  2076 Err:     1 (33.33%) Active: 1 Started: 105 Finished: 104
2026-10-08 02:33:00,557 INFO o.a.j.r.Summariser: summary =    105 in 00:20:04 =    0.1/s Avg:   427 Min:    12 Max:  2956 Err:     4 (3.81%)
2026-10-08 02:33:00,557 INFO o.a.j.t.JMeterThread: Thread is done: POST tickets (intake) 1-25
2026-10-08 02:33:00,557 INFO o.a.j.t.JMeterThread: Thread finished: POST tickets (intake) 1-25
2026-10-08 02:33:06,114 INFO o.a.j.t.JMeterThread: Thread started: GET search (agents) 2-81
2026-10-08 02:33:06,171 INFO o.a.j.t.JMeterThread: Thread is done: GET search (agents) 2-81
2026-10-08 02:33:06,171 INFO o.a.j.t.JMeterThread: Thread finished: GET search (agents) 2-81
2026-10-08 02:33:39,666 INFO o.a.j.t.JMeterThread: Thread started: GET search (agents) 2-82
2026-10-08 02:33:39,754 INFO o.a.j.t.JMeterThread: Thread is done: GET search (agents) 2-82
2026-10-08 02:33:39,754 INFO o.a.j.t.JMeterThread: Thread finished: GET search (agents) 2-82
2026-10-08 02:33:41,898 INFO o.a.j.t.JMeterThread: Thread started: POST tickets (intake) 1-26
2026-10-08 02:33:43,687 INFO o.a.j.t.JMeterThread: Thread is done: POST tickets (intake) 1-26
2026-10-08 02:33:43,687 INFO o.a.j.t.JMeterThread: Thread finished: POST tickets (intake) 1-26
2026-10-08 02:33:44,862 INFO o.a.j.t.JMeterThread: Thread started: POST tickets (intake) 1-27
2026-10-08 02:33:47,556 INFO o.a.j.t.JMeterThread: Thread is done: POST tickets (intake) 1-27
2026-10-08 02:33:47,556 INFO o.a.j.t.JMeterThread: Thread finished: POST tickets (intake) 1-27
2026-10-08 02:33:51,175 INFO o.a.j.t.JMeterThread: Thread started: GET search (agents) 2-83
2026-10-08 02:33:51,240 INFO o.a.j.t.JMeterThread: Thread is done: GET search (agents) 2-83
2026-10-08 02:33:51,240 INFO o.a.j.t.JMeterThread: Thread finished: GET search (agents) 2-83
2026-10-08 02:34:10,845 INFO o.a.j.t.JMeterThread: Thread started: GET search (agents) 2-84
2026-10-08 02:34:10,893 INFO o.a.j.t.JMeterThread: Thread is done: GET search (agents) 2-84
2026-10-08 02:34:10,893 INFO o.a.j.t.JMeterThread: Thread finished: GET search (agents) 2-84
2026-10-08 02:34:15,640 INFO o.a.j.t.JMeterThread: Thread started: GET search (agents) 2-85
2026-10-08 02:34:15,743 INFO o.a.j.t.JMeterThread: Thread is done: GET search (agents) 2-85
2026-10-08 02:34:15,743 INFO o.a.j.t.JMeterThread: Thread finished: GET search (agents) 2-85
2026-10-08 02:34:27,228 INFO o.a.j.t.JMeterThread: Thread started: POST tickets (intake) 1-28
2026-10-08 02:34:28,052 INFO o.a.j.t.JMeterThread: Thread is done: POST tickets (intake) 1-28
2026-10-08 02:34:28,052 INFO o.a.j.t.JMeterThread: Thread finished: POST tickets (intake) 1-28
2026-10-08 02:34:34,941 INFO o.a.j.t.JMeterThread: Thread started: GET search (agents) 2-86
2026-10-08 02:34:34,988 INFO o.a.j.r.Summariser: summary +      9 in 00:01:34 =    0.1/s Avg:   633 Min:    45 Max:  2692 Err:     0 (0.00%) Active: 1 Started: 114 Finished: 113
2026-10-08 02:34:34,988 INFO o.a.j.r.Summariser: summary =    114 in 00:21:38 =    0.1/s Avg:   443 Min:    12 Max:  2956 Err:     4 (3.51%)
2026-10-08 02:34:34,988 INFO o.a.j.t.JMeterThread: Thread is done: GET search (agents) 2-86
2026-10-08 02:34:34,988 INFO o.a.j.t.JMeterThread: Thread finished: GET search (agents) 2-86
2026-10-08 02:34:36,739 INFO o.a.j.t.JMeterThread: Thread started: GET search (agents) 2-87
2026-10-08 02:34:36,801 INFO o.a.j.t.JMeterThread: Thread is done: GET search (agents) 2-87
2026-10-08 02:34:36,801 INFO o.a.j.t.JMeterThread: Thread finished: GET search (agents) 2-87
2026-10-08 02:34:51,845 INFO o.a.j.t.JMeterThread: Thread started: GET search (agents) 2-88
2026-10-08 02:34:51,890 INFO o.a.j.t.JMeterThread: Thread is done: GET search (agents) 2-88
2026-10-08 02:34:51,890 INFO o.a.j.t.JMeterThread: Thread finished: GET search (agents) 2-88
2026-10-08 02:34:54,071 INFO o.a.j.t.JMeterThread: Thread started: GET search (agents) 2-89
2026-10-08 02:34:54,071 INFO o.a.j.t.o.EvenArrivalsRamp: Generating 0 events, beginRate = 0.0 / sec, endRate = 0.0 / sec, duration = 60.0 sec
2026-10-08 02:34:54,071 INFO o.a.j.t.o.OpenModelThreadGroup: There will be no more events, so will wait for 62 sec till the end of the schedule
2026-10-08 02:34:54,206 INFO o.a.j.t.JMeterThread: Thread is done: GET search (agents) 2-89
2026-10-08 02:34:54,206 INFO o.a.j.t.JMeterThread: Thread finished: GET search (agents) 2-89
2026-10-08 02:34:55,786 INFO o.a.j.t.o.EvenArrivalsRamp: Generating 0 events, beginRate = 0.0 / sec, endRate = 0.0 / sec, duration = 60.0 sec
2026-10-08 02:34:55,786 INFO o.a.j.t.o.OpenModelThreadGroup: There will be no more events, so will wait for 61 sec till the end of the schedule
2026-10-08 02:34:55,786 INFO o.a.j.t.JMeterThread: Thread started: POST tickets (intake) 1-29
2026-10-08 02:34:57,046 INFO o.a.j.t.JMeterThread: Thread is done: POST tickets (intake) 1-29
2026-10-08 02:34:57,046 INFO o.a.j.t.JMeterThread: Thread finished: POST tickets (intake) 1-29
2026-10-08 02:35:56,914 INFO o.a.j.t.o.OpenModelThreadGroup: There will be no more events, will shutdown the thread pool
2026-10-08 02:35:56,914 INFO o.a.j.t.o.OpenModelThreadGroup: There will be no more events, will shutdown the thread pool
2026-10-08 02:35:56,914 INFO o.a.j.t.o.OpenModelThreadGroup: Thread starting done
2026-10-08 02:35:56,914 INFO o.a.j.t.o.OpenModelThreadGroup: Thread starting done
2026-10-08 02:35:56,915 INFO o.a.j.e.StandardJMeterEngine: Notifying test listeners of end of test
2026-10-08 02:35:56,915 INFO o.a.j.s.FileServer: Close: C:/Users/Administrator/Documents/GitHub/ICT3113_Assignment_1/step5/data/search_terms.csv
2026-10-08 02:35:56,915 INFO o.a.j.s.FileServer: Close: C:/Users/Administrator/Documents/GitHub/ICT3113_Assignment_1/step5/data/tickets_load.tsv
2026-10-08 02:35:56,916 INFO o.a.j.r.Summariser: summary +      4 in 00:01:22 =    0.0/s Avg:   374 Min:    45 Max:  1258 Err:     0 (0.00%) Active: 0 Started: 118 Finished: 118
2026-10-08 02:35:56,916 INFO o.a.j.r.Summariser: summary =    118 in 00:23:00 =    0.1/s Avg:   441 Min:    12 Max:  2956 Err:     4 (3.39%)
