WARN StatusConsoleListener The use of package scanning to locate plugins is deprecated and will be removed in a future release
WARN StatusConsoleListener The use of package scanning to locate plugins is deprecated and will be removed in a future release
WARN StatusConsoleListener The use of package scanning to locate plugins is deprecated and will be removed in a future release
WARN StatusConsoleListener The use of package scanning to locate plugins is deprecated and will be removed in a future release
Creating summariser <summary>
Created the tree successfully using C:\Users\Administrator\Documents\GitHub\ICT3113_Assignment_1\step5\jmeter\ticket_triage.jmx
Starting standalone test @ 2026 Oct 8 12:34:07 SGT (1791434047684)
Waiting for possible Shutdown/StopTestNow/HeapDump/ThreadDump message on port 4445
summary +      9 in 00:01:58 =    0.1/s Avg:  3267 Min:    33 Max: 15758 Err:     0 (0.00%) Active: 1 Started: 9 Finished: 8
summary +      9 in 00:03:30 =    0.0/s Avg:  2565 Min:    12 Max: 17701 Err:     0 (0.00%) Active: 1 Started: 18 Finished: 17
summary =     18 in 00:05:28 =    0.1/s Avg:  2916 Min:    12 Max: 17701 Err:     0 (0.00%)
summary +      9 in 00:05:25 =    0.0/s Avg:    44 Min:    18 Max:   131 Err:     0 (0.00%) Active: 1 Started: 27 Finished: 26
summary =     27 in 00:10:53 =    0.0/s Avg:  1959 Min:    12 Max: 17701 Err:     0 (0.00%)
summary +      5 in 00:01:35 =    0.1/s Avg:  7156 Min:    22 Max: 35418 Err:     0 (0.00%) Active: 1 Started: 32 Finished: 31
summary =     32 in 00:12:28 =    0.0/s Avg:  2771 Min:    12 Max: 35418 Err:     0 (0.00%)
summary +      5 in 00:03:25 =    0.0/s Avg:  3077 Min:    16 Max: 15255 Err:     0 (0.00%) Active: 1 Started: 37 Finished: 36
summary =     37 in 00:15:53 =    0.0/s Avg:  2812 Min:    12 Max: 35418 Err:     0 (0.00%)
summary +      2 in 00:00:30 =    0.1/s Avg:  2781 Min:    22 Max:  5541 Err:     0 (0.00%) Active: 1 Started: 39 Finished: 38
summary =     39 in 00:16:23 =    0.0/s Avg:  2811 Min:    12 Max: 35418 Err:     0 (0.00%)
summary +      6 in 00:01:30 =    0.1/s Avg:  2088 Min:    19 Max: 12273 Err:     0 (0.00%) Active: 3 Started: 47 Finished: 44
summary =     45 in 00:17:53 =    0.0/s Avg:  2714 Min:    12 Max: 35418 Err:     0 (0.00%)
summary +      4 in 00:01:00 =    0.1/s Avg:  6569 Min:    18 Max: 16851 Err:     0 (0.00%) Active: 1 Started: 49 Finished: 48
summary =     49 in 00:18:53 =    0.0/s Avg:  3029 Min:    12 Max: 35418 Err:     0 (0.00%)
summary +      3 in 00:01:05 =    0.0/s Avg:    16 Min:    15 Max:    18 Err:     0 (0.00%) Active: 1 Started: 52 Finished: 51
summary =     52 in 00:19:58 =    0.0/s Avg:  2855 Min:    12 Max: 35418 Err:     0 (0.00%)
summary +      4 in 00:00:56 =    0.1/s Avg:  1199 Min:    24 Max:  4697 Err:     0 (0.00%) Active: 2 Started: 57 Finished: 55
summary =     56 in 00:20:54 =    0.0/s Avg:  2737 Min:    12 Max: 35418 Err:     0 (0.00%)
summary +      5 in 00:01:01 =    0.1/s Avg:  3310 Min:    15 Max:  9453 Err:     0 (0.00%) Active: 1 Started: 61 Finished: 60
summary =     61 in 00:21:55 =    0.0/s Avg:  2784 Min:    12 Max: 35418 Err:     0 (0.00%)
summary +      1 in 00:01:05 =    0.0/s Avg:  5511 Min:  5511 Max:  5511 Err:     0 (0.00%) Active: 0 Started: 62 Finished: 62
summary =     62 in 00:23:00 =    0.0/s Avg:  2828 Min:    12 Max: 35418 Err:     0 (0.00%)
Tidying up ...    @ 2026 Oct 8 12:57:07 SGT (1791435427695)
... end of run
