WARN StatusConsoleListener The use of package scanning to locate plugins is deprecated and will be removed in a future release
WARN StatusConsoleListener The use of package scanning to locate plugins is deprecated and will be removed in a future release
WARN StatusConsoleListener The use of package scanning to locate plugins is deprecated and will be removed in a future release
WARN StatusConsoleListener The use of package scanning to locate plugins is deprecated and will be removed in a future release
Creating summariser <summary>
Created the tree successfully using C:\Users\Administrator\Documents\GitHub\ICT3113_Assignment_1\step5\jmeter\ticket_triage.jmx
Starting standalone test @ 2026 Oct 8 01:22:49 SGT (1791393769403)
Waiting for possible Shutdown/StopTestNow/HeapDump/ThreadDump message on port 4445
summary +      1 in 00:00:13 =    0.1/s Avg:  6168 Min:  6168 Max:  6168 Err:     0 (0.00%) Active: 2 Started: 2 Finished: 0
summary +     11 in 00:01:59 =    0.1/s Avg:   707 Min:    12 Max:  7332 Err:     0 (0.00%) Active: 1 Started: 12 Finished: 11
summary =     12 in 00:02:12 =    0.1/s Avg:  1162 Min:    12 Max:  7332 Err:     0 (0.00%)
summary +     18 in 00:03:01 =    0.1/s Avg:   696 Min:    13 Max:  4426 Err:     1 (5.56%) Active: 1 Started: 30 Finished: 29
summary =     30 in 00:05:13 =    0.1/s Avg:   882 Min:    12 Max:  7332 Err:     1 (3.33%)
summary +      7 in 00:02:02 =    0.1/s Avg:   438 Min:    11 Max:  2878 Err:     0 (0.00%) Active: 1 Started: 37 Finished: 36
summary =     37 in 00:07:15 =    0.1/s Avg:   798 Min:    11 Max:  7332 Err:     1 (2.70%)
summary +      7 in 00:01:01 =    0.1/s Avg:   860 Min:    41 Max:  4067 Err:     1 (14.29%) Active: 1 Started: 44 Finished: 43
summary =     44 in 00:08:16 =    0.1/s Avg:   808 Min:    11 Max:  7332 Err:     2 (4.55%)
summary +      7 in 00:00:58 =    0.1/s Avg:  1175 Min:    18 Max:  3841 Err:     1 (14.29%) Active: 1 Started: 51 Finished: 50
summary =     51 in 00:09:14 =    0.1/s Avg:   858 Min:    11 Max:  7332 Err:     3 (5.88%)
summary +      2 in 00:00:30 =    0.1/s Avg:    48 Min:    13 Max:    84 Err:     0 (0.00%) Active: 1 Started: 53 Finished: 52
summary =     53 in 00:09:44 =    0.1/s Avg:   828 Min:    11 Max:  7332 Err:     3 (5.66%)
summary +      5 in 00:01:02 =    0.1/s Avg:   318 Min:    15 Max:  1418 Err:     0 (0.00%) Active: 1 Started: 58 Finished: 57
summary =     58 in 00:10:46 =    0.1/s Avg:   784 Min:    11 Max:  7332 Err:     3 (5.17%)
summary +      2 in 00:00:27 =    0.1/s Avg:  2236 Min:    42 Max:  4430 Err:     0 (0.00%) Active: 1 Started: 60 Finished: 59
summary =     60 in 00:11:13 =    0.1/s Avg:   832 Min:    11 Max:  7332 Err:     3 (5.00%)
summary +      9 in 00:01:30 =    0.1/s Avg:   870 Min:    29 Max:  4892 Err:     0 (0.00%) Active: 1 Started: 69 Finished: 68
summary =     69 in 00:12:43 =    0.1/s Avg:   837 Min:    11 Max:  7332 Err:     3 (4.35%)
summary +      6 in 00:00:59 =    0.1/s Avg:    28 Min:    11 Max:    56 Err:     0 (0.00%) Active: 1 Started: 75 Finished: 74
summary =     75 in 00:13:42 =    0.1/s Avg:   772 Min:    11 Max:  7332 Err:     3 (4.00%)
summary +      3 in 00:01:04 =    0.0/s Avg:   460 Min:    13 Max:  1332 Err:     0 (0.00%) Active: 1 Started: 78 Finished: 77
summary =     78 in 00:14:45 =    0.1/s Avg:   760 Min:    11 Max:  7332 Err:     3 (3.85%)
summary +      5 in 00:00:57 =    0.1/s Avg:   405 Min:    20 Max:  1740 Err:     0 (0.00%) Active: 1 Started: 83 Finished: 82
summary =     83 in 00:15:43 =    0.1/s Avg:   739 Min:    11 Max:  7332 Err:     3 (3.61%)
summary +     10 in 00:01:29 =    0.1/s Avg:   513 Min:    23 Max:  2356 Err:     0 (0.00%) Active: 1 Started: 93 Finished: 92
summary =     93 in 00:17:11 =    0.1/s Avg:   715 Min:    11 Max:  7332 Err:     3 (3.23%)
summary +      2 in 00:00:33 =    0.1/s Avg:   675 Min:    83 Max:  1267 Err:     0 (0.00%) Active: 1 Started: 95 Finished: 94
summary =     95 in 00:17:44 =    0.1/s Avg:   714 Min:    11 Max:  7332 Err:     3 (3.16%)
summary +      6 in 00:02:02 =    0.0/s Avg:    44 Min:    12 Max:    78 Err:     0 (0.00%) Active: 1 Started: 101 Finished: 100
summary =    101 in 00:19:46 =    0.1/s Avg:   674 Min:    11 Max:  7332 Err:     3 (2.97%)
summary +      1 in 00:00:27 =    0.0/s Avg:    54 Min:    54 Max:    54 Err:     0 (0.00%) Active: 1 Started: 102 Finished: 101
summary =    102 in 00:20:13 =    0.1/s Avg:   668 Min:    11 Max:  7332 Err:     3 (2.94%)
summary +      3 in 00:00:30 =    0.1/s Avg:  1390 Min:    69 Max:  2157 Err:     1 (33.33%) Active: 1 Started: 105 Finished: 104
summary =    105 in 00:20:42 =    0.1/s Avg:   688 Min:    11 Max:  7332 Err:     4 (3.81%)
summary +      5 in 00:00:29 =    0.2/s Avg:   697 Min:    32 Max:  3090 Err:     0 (0.00%) Active: 1 Started: 110 Finished: 109
summary =    110 in 00:21:11 =    0.1/s Avg:   689 Min:    11 Max:  7332 Err:     4 (3.64%)
summary +      8 in 00:00:34 =    0.2/s Avg:   286 Min:    20 Max:  1194 Err:     0 (0.00%) Active: 1 Started: 118 Finished: 117
summary =    118 in 00:21:45 =    0.1/s Avg:   662 Min:    11 Max:  7332 Err:     4 (3.39%)
summary =    118 in 00:23:00 =    0.1/s Avg:   662 Min:    11 Max:  7332 Err:     4 (3.39%)
Tidying up ...    @ 2026 Oct 8 01:45:49 SGT (1791395149418)
... end of run
