2026-10-08 01:22:49,025 INFO o.a.j.u.JMeterUtils: Setting Locale to en_EN
2026-10-08 01:22:49,041 INFO o.a.j.JMeter: Loading user properties from: C:\tools\apache-jmeter-5.6.3\bin\user.properties
2026-10-08 01:22:49,041 INFO o.a.j.JMeter: Loading system properties from: C:\tools\apache-jmeter-5.6.3\bin\system.properties
2026-10-08 01:22:49,042 INFO o.a.j.JMeter: Loading additional properties from: C:\Users\Administrator\Documents\GitHub\ICT3113_Assignment_1\step5\results\gemma3-1b\peak\run1\run.properties
2026-10-08 01:22:49,048 INFO o.a.j.JMeter: Copyright (c) 1998-2024 The Apache Software Foundation
2026-10-08 01:22:49,048 INFO o.a.j.JMeter: Version 5.6.3
2026-10-08 01:22:49,048 INFO o.a.j.JMeter: java.version=17.0.20.1
2026-10-08 01:22:49,048 INFO o.a.j.JMeter: java.vm.name=OpenJDK 64-Bit Server VM
2026-10-08 01:22:49,049 INFO o.a.j.JMeter: os.name=Windows 10
2026-10-08 01:22:49,049 INFO o.a.j.JMeter: os.arch=amd64
2026-10-08 01:22:49,049 INFO o.a.j.JMeter: os.version=10.0
2026-10-08 01:22:49,049 INFO o.a.j.JMeter: file.encoding=Cp1252
2026-10-08 01:22:49,049 INFO o.a.j.JMeter: java.awt.headless=true
2026-10-08 01:22:49,049 INFO o.a.j.JMeter: Max memory     =1073741824
2026-10-08 01:22:49,049 INFO o.a.j.JMeter: Available Processors =12
2026-10-08 01:22:49,057 INFO o.a.j.JMeter: Default Locale=English (EN)
2026-10-08 01:22:49,057 INFO o.a.j.JMeter: JMeter  Locale=English (EN)
2026-10-08 01:22:49,057 INFO o.a.j.JMeter: JMeterHome=C:\tools\apache-jmeter-5.6.3
2026-10-08 01:22:49,058 INFO o.a.j.JMeter: user.dir  =C:\Users\Administrator\Documents\GitHub\ICT3113_Assignment_1
2026-10-08 01:22:49,058 INFO o.a.j.JMeter: PWD       =C:\Users\Administrator\Documents\GitHub\ICT3113_Assignment_1
2026-10-08 01:22:49,059 INFO o.a.j.JMeter: IP: 100.111.72.66 Name: ITEMERROR-MSI-WISP FullName: itemerror-msi-wisp.taile944e3.ts.net.
2026-10-08 01:22:49,071 INFO o.a.j.s.FileServer: Default base='C:\Users\Administrator\Documents\GitHub\ICT3113_Assignment_1'
2026-10-08 01:22:49,073 INFO o.a.j.s.FileServer: Set new base='C:\Users\Administrator\Documents\GitHub\ICT3113_Assignment_1\step5\jmeter'
2026-10-08 01:22:49,246 INFO o.a.j.s.SaveService: Testplan (JMX) version: 2.2. Testlog (JTL) version: 2.2
2026-10-08 01:22:49,271 INFO o.a.j.s.SaveService: Using SaveService properties version 5.0
2026-10-08 01:22:49,275 INFO o.a.j.s.SaveService: Using SaveService properties file encoding UTF-8
2026-10-08 01:22:49,279 INFO o.a.j.s.SaveService: Loading file: C:\Users\Administrator\Documents\GitHub\ICT3113_Assignment_1\step5\jmeter\ticket_triage.jmx
2026-10-08 01:22:49,362 INFO o.a.j.p.h.s.HTTPSamplerBase: Parser for text/html is org.apache.jmeter.protocol.http.parser.LagartoBasedHtmlParser
2026-10-08 01:22:49,362 INFO o.a.j.p.h.s.HTTPSamplerBase: Parser for application/xhtml+xml is org.apache.jmeter.protocol.http.parser.LagartoBasedHtmlParser
2026-10-08 01:22:49,362 INFO o.a.j.p.h.s.HTTPSamplerBase: Parser for application/xml is org.apache.jmeter.protocol.http.parser.LagartoBasedHtmlParser
2026-10-08 01:22:49,362 INFO o.a.j.p.h.s.HTTPSamplerBase: Parser for text/xml is org.apache.jmeter.protocol.http.parser.LagartoBasedHtmlParser
2026-10-08 01:22:49,362 INFO o.a.j.p.h.s.HTTPSamplerBase: Parser for text/vnd.wap.wml is org.apache.jmeter.protocol.http.parser.RegexpHTMLParser
2026-10-08 01:22:49,362 INFO o.a.j.p.h.s.HTTPSamplerBase: Parser for text/css is org.apache.jmeter.protocol.http.parser.CssParser
2026-10-08 01:22:49,389 INFO o.a.j.JMeter: Creating summariser <summary>
2026-10-08 01:22:49,413 INFO o.a.j.e.StandardJMeterEngine: Running the test!
2026-10-08 01:22:49,414 INFO o.a.j.s.SampleEvent: List of sample_variables: [reqid, row]
2026-10-08 01:22:49,415 INFO o.a.j.s.SampleEvent: List of sample_variables: [reqid, row]
2026-10-08 01:22:49,420 INFO o.a.j.e.u.CompoundVariable: Note: Function class names must contain the string: '.functions.'
2026-10-08 01:22:49,420 INFO o.a.j.e.u.CompoundVariable: Note: Function class names must not contain the string: '.gui.'
2026-10-08 01:22:49,490 INFO o.a.j.JMeter: Running test (1791393769490)
2026-10-08 01:22:49,504 INFO o.a.j.e.StandardJMeterEngine: Starting ThreadGroup: 1 : POST tickets (intake)
2026-10-08 01:22:49,505 INFO o.a.j.e.StandardJMeterEngine: Starting 0 threads for group POST tickets (intake).
2026-10-08 01:22:49,505 INFO o.a.j.e.StandardJMeterEngine: Thread will continue on error
2026-10-08 01:22:49,505 INFO o.a.j.t.o.OpenModelThreadGroup: Starting OpenModelThreadGroup#1 with schedule rate(81/hour) random_arrivals(22 min) pause(1 min)
2026-10-08 01:22:49,538 INFO o.a.j.e.StandardJMeterEngine: Starting ThreadGroup: 2 : GET search (agents)
2026-10-08 01:22:49,539 INFO o.a.j.e.StandardJMeterEngine: Starting 0 threads for group GET search (agents).
2026-10-08 01:22:49,539 INFO o.a.j.e.StandardJMeterEngine: Thread will continue on error
2026-10-08 01:22:49,539 INFO o.a.j.t.o.OpenModelThreadGroup: Starting OpenModelThreadGroup#2 with schedule rate(243/hour) random_arrivals(22 min) pause(1 min)
2026-10-08 01:22:49,539 INFO o.a.j.t.o.OpenModelThreadGroup: Thread starting init
2026-10-08 01:22:49,539 INFO o.a.j.e.StandardJMeterEngine: All thread groups have been started
2026-10-08 01:22:49,539 INFO o.a.j.t.o.OpenModelThreadGroup: Thread starting init
2026-10-08 01:22:49,542 INFO o.a.j.t.o.PoissonArrivalsRamp: Generating 29 events, beginRate = 0.0225 / sec, endRate = 0.0225 / sec, duration = 1320.0 sec
2026-10-08 01:22:49,542 INFO o.a.j.t.o.PoissonArrivalsRamp: Generating 89 events, beginRate = 0.0675 / sec, endRate = 0.0675 / sec, duration = 1320.0 sec
2026-10-08 01:22:56,082 INFO o.a.j.t.JMeterThread: Thread started: POST tickets (intake) 1-1
2026-10-08 01:22:56,124 INFO o.a.j.s.FileServer: Stored: C:/Users/Administrator/Documents/GitHub/ICT3113_Assignment_1/step5/data/tickets_load.tsv
2026-10-08 01:22:56,146 INFO o.a.j.p.h.s.HTTPHCAbstractImpl: Local host = ITEMERROR-MSI-WISP
2026-10-08 01:22:56,150 INFO o.a.j.p.h.s.HTTPHC4Impl: HTTP request retry count = 0
2026-10-08 01:22:56,151 INFO o.a.j.s.SampleResult: Note: Sample TimeStamps are START times
2026-10-08 01:22:56,151 INFO o.a.j.s.SampleResult: sampleresult.default.encoding is set to UTF-8
2026-10-08 01:22:56,151 INFO o.a.j.s.SampleResult: sampleresult.useNanoTime=true
2026-10-08 01:22:56,151 INFO o.a.j.s.SampleResult: sampleresult.nanoThreadSleep=5000
2026-10-08 01:22:57,495 INFO o.a.j.t.JMeterThread: Thread started: POST tickets (intake) 1-2
2026-10-08 01:23:02,376 INFO o.a.j.r.Summariser: summary +      1 in 00:00:13 =    0.1/s Avg:  6168 Min:  6168 Max:  6168 Err:     0 (0.00%) Active: 2 Started: 2 Finished: 0
2026-10-08 01:23:02,377 INFO o.a.j.t.JMeterThread: Thread is done: POST tickets (intake) 1-1
2026-10-08 01:23:02,377 INFO o.a.j.t.JMeterThread: Thread finished: POST tickets (intake) 1-1
2026-10-08 01:23:04,830 INFO o.a.j.t.JMeterThread: Thread is done: POST tickets (intake) 1-2
2026-10-08 01:23:04,830 INFO o.a.j.t.JMeterThread: Thread finished: POST tickets (intake) 1-2
2026-10-08 01:23:10,655 INFO o.a.j.t.JMeterThread: Thread started: GET search (agents) 2-1
2026-10-08 01:23:10,655 INFO o.a.j.s.FileServer: Stored: C:/Users/Administrator/Documents/GitHub/ICT3113_Assignment_1/step5/data/search_terms.csv
2026-10-08 01:23:10,739 INFO o.a.j.t.JMeterThread: Thread is done: GET search (agents) 2-1
2026-10-08 01:23:10,739 INFO o.a.j.t.JMeterThread: Thread finished: GET search (agents) 2-1
2026-10-08 01:23:23,962 INFO o.a.j.t.JMeterThread: Thread started: GET search (agents) 2-2
2026-10-08 01:23:24,017 INFO o.a.j.t.JMeterThread: Thread is done: GET search (agents) 2-2
2026-10-08 01:23:24,018 INFO o.a.j.t.JMeterThread: Thread finished: GET search (agents) 2-2
2026-10-08 01:23:40,503 INFO o.a.j.t.JMeterThread: Thread started: GET search (agents) 2-3
2026-10-08 01:23:40,538 INFO o.a.j.t.JMeterThread: Thread is done: GET search (agents) 2-3
2026-10-08 01:23:40,538 INFO o.a.j.t.JMeterThread: Thread finished: GET search (agents) 2-3
2026-10-08 01:23:41,685 INFO o.a.j.t.JMeterThread: Thread started: GET search (agents) 2-4
2026-10-08 01:23:41,698 INFO o.a.j.t.JMeterThread: Thread is done: GET search (agents) 2-4
2026-10-08 01:23:41,698 INFO o.a.j.t.JMeterThread: Thread finished: GET search (agents) 2-4
2026-10-08 01:23:45,068 INFO o.a.j.t.JMeterThread: Thread started: GET search (agents) 2-5
2026-10-08 01:23:45,133 INFO o.a.j.t.JMeterThread: Thread is done: GET search (agents) 2-5
2026-10-08 01:23:45,133 INFO o.a.j.t.JMeterThread: Thread finished: GET search (agents) 2-5
2026-10-08 01:24:17,244 INFO o.a.j.t.JMeterThread: Thread started: GET search (agents) 2-6
2026-10-08 01:24:17,292 INFO o.a.j.t.JMeterThread: Thread is done: GET search (agents) 2-6
2026-10-08 01:24:17,292 INFO o.a.j.t.JMeterThread: Thread finished: GET search (agents) 2-6
2026-10-08 01:24:17,392 INFO o.a.j.t.JMeterThread: Thread started: GET search (agents) 2-7
2026-10-08 01:24:17,425 INFO o.a.j.t.JMeterThread: Thread is done: GET search (agents) 2-7
2026-10-08 01:24:17,425 INFO o.a.j.t.JMeterThread: Thread finished: GET search (agents) 2-7
2026-10-08 01:24:26,125 INFO o.a.j.t.JMeterThread: Thread started: GET search (agents) 2-8
2026-10-08 01:24:26,171 INFO o.a.j.t.JMeterThread: Thread is done: GET search (agents) 2-8
2026-10-08 01:24:26,171 INFO o.a.j.t.JMeterThread: Thread finished: GET search (agents) 2-8
2026-10-08 01:24:59,319 INFO o.a.j.t.JMeterThread: Thread started: GET search (agents) 2-9
2026-10-08 01:24:59,377 INFO o.a.j.t.JMeterThread: Thread is done: GET search (agents) 2-9
2026-10-08 01:24:59,377 INFO o.a.j.t.JMeterThread: Thread finished: GET search (agents) 2-9
2026-10-08 01:25:01,829 INFO o.a.j.t.JMeterThread: Thread started: GET search (agents) 2-10
2026-10-08 01:25:01,852 INFO o.a.j.r.Summariser: summary +     11 in 00:01:59 =    0.1/s Avg:   707 Min:    12 Max:  7332 Err:     0 (0.00%) Active: 1 Started: 12 Finished: 11
2026-10-08 01:25:01,853 INFO o.a.j.r.Summariser: summary =     12 in 00:02:12 =    0.1/s Avg:  1162 Min:    12 Max:  7332 Err:     0 (0.00%)
2026-10-08 01:25:01,853 INFO o.a.j.t.JMeterThread: Thread is done: GET search (agents) 2-10
2026-10-08 01:25:01,853 INFO o.a.j.t.JMeterThread: Thread finished: GET search (agents) 2-10
2026-10-08 01:25:04,469 INFO o.a.j.t.JMeterThread: Thread started: GET search (agents) 2-11
2026-10-08 01:25:04,508 INFO o.a.j.t.JMeterThread: Thread is done: GET search (agents) 2-11
2026-10-08 01:25:04,508 INFO o.a.j.t.JMeterThread: Thread finished: GET search (agents) 2-11
2026-10-08 01:25:22,497 INFO o.a.j.t.JMeterThread: Thread started: POST tickets (intake) 1-3
2026-10-08 01:25:24,475 INFO o.a.j.t.JMeterThread: Thread started: GET search (agents) 2-12
2026-10-08 01:25:24,490 INFO o.a.j.t.JMeterThread: Thread is done: GET search (agents) 2-12
2026-10-08 01:25:24,490 INFO o.a.j.t.JMeterThread: Thread finished: GET search (agents) 2-12
2026-10-08 01:25:24,710 INFO o.a.j.t.JMeterThread: Thread is done: POST tickets (intake) 1-3
2026-10-08 01:25:24,710 INFO o.a.j.t.JMeterThread: Thread finished: POST tickets (intake) 1-3
2026-10-08 01:25:26,216 INFO o.a.j.t.JMeterThread: Thread started: GET search (agents) 2-13
2026-10-08 01:25:26,232 INFO o.a.j.t.JMeterThread: Thread is done: GET search (agents) 2-13
2026-10-08 01:25:26,232 INFO o.a.j.t.JMeterThread: Thread finished: GET search (agents) 2-13
2026-10-08 01:25:43,056 INFO o.a.j.t.JMeterThread: Thread started: GET search (agents) 2-14
2026-10-08 01:25:43,075 INFO o.a.j.t.JMeterThread: Thread is done: GET search (agents) 2-14
2026-10-08 01:25:43,075 INFO o.a.j.t.JMeterThread: Thread finished: GET search (agents) 2-14
2026-10-08 01:25:49,456 INFO o.a.j.t.JMeterThread: Thread started: GET search (agents) 2-15
2026-10-08 01:25:49,484 INFO o.a.j.t.JMeterThread: Thread is done: GET search (agents) 2-15
2026-10-08 01:25:49,484 INFO o.a.j.t.JMeterThread: Thread finished: GET search (agents) 2-15
2026-10-08 01:25:53,904 INFO o.a.j.t.JMeterThread: Thread started: POST tickets (intake) 1-4
2026-10-08 01:25:56,728 INFO o.a.j.t.JMeterThread: Thread is done: POST tickets (intake) 1-4
2026-10-08 01:25:56,729 INFO o.a.j.t.JMeterThread: Thread finished: POST tickets (intake) 1-4
2026-10-08 01:25:56,887 INFO o.a.j.t.JMeterThread: Thread started: POST tickets (intake) 1-5
2026-10-08 01:25:57,877 INFO o.a.j.t.JMeterThread: Thread is done: POST tickets (intake) 1-5
2026-10-08 01:25:57,878 INFO o.a.j.t.JMeterThread: Thread finished: POST tickets (intake) 1-5
2026-10-08 01:26:16,322 INFO o.a.j.t.JMeterThread: Thread started: POST tickets (intake) 1-6
2026-10-08 01:26:18,019 INFO o.a.j.t.JMeterThread: Thread is done: POST tickets (intake) 1-6
2026-10-08 01:26:18,019 INFO o.a.j.t.JMeterThread: Thread finished: POST tickets (intake) 1-6
2026-10-08 01:26:22,345 INFO o.a.j.t.JMeterThread: Thread started: GET search (agents) 2-16
2026-10-08 01:26:22,399 INFO o.a.j.t.JMeterThread: Thread is done: GET search (agents) 2-16
2026-10-08 01:26:22,399 INFO o.a.j.t.JMeterThread: Thread finished: GET search (agents) 2-16
2026-10-08 01:26:22,542 INFO o.a.j.t.JMeterThread: Thread started: GET search (agents) 2-17
2026-10-08 01:26:22,562 INFO o.a.j.t.JMeterThread: Thread is done: GET search (agents) 2-17
2026-10-08 01:26:22,563 INFO o.a.j.t.JMeterThread: Thread finished: GET search (agents) 2-17
2026-10-08 01:26:40,550 INFO o.a.j.t.JMeterThread: Thread started: GET search (agents) 2-18
2026-10-08 01:26:40,566 INFO o.a.j.t.JMeterThread: Thread is done: GET search (agents) 2-18
2026-10-08 01:26:40,566 INFO o.a.j.t.JMeterThread: Thread finished: GET search (agents) 2-18
2026-10-08 01:27:13,543 INFO o.a.j.t.JMeterThread: Thread started: GET search (agents) 2-19
2026-10-08 01:27:13,573 INFO o.a.j.t.JMeterThread: Thread is done: GET search (agents) 2-19
2026-10-08 01:27:13,573 INFO o.a.j.t.JMeterThread: Thread finished: GET search (agents) 2-19
2026-10-08 01:27:23,190 INFO o.a.j.t.JMeterThread: Thread started: GET search (agents) 2-20
2026-10-08 01:27:23,256 INFO o.a.j.t.JMeterThread: Thread is done: GET search (agents) 2-20
2026-10-08 01:27:23,256 INFO o.a.j.t.JMeterThread: Thread finished: GET search (agents) 2-20
2026-10-08 01:27:23,605 INFO o.a.j.t.JMeterThread: Thread started: POST tickets (intake) 1-7
2026-10-08 01:27:26,098 INFO o.a.j.t.JMeterThread: Thread started: GET search (agents) 2-21
2026-10-08 01:27:26,139 INFO o.a.j.t.JMeterThread: Thread is done: GET search (agents) 2-21
2026-10-08 01:27:26,139 INFO o.a.j.t.JMeterThread: Thread finished: GET search (agents) 2-21
2026-10-08 01:27:28,032 INFO o.a.j.t.JMeterThread: Thread is done: POST tickets (intake) 1-7
2026-10-08 01:27:28,032 INFO o.a.j.t.JMeterThread: Thread finished: POST tickets (intake) 1-7
2026-10-08 01:27:51,343 INFO o.a.j.t.JMeterThread: Thread started: GET search (agents) 2-22
2026-10-08 01:27:51,363 INFO o.a.j.t.JMeterThread: Thread is done: GET search (agents) 2-22
2026-10-08 01:27:51,363 INFO o.a.j.t.JMeterThread: Thread finished: GET search (agents) 2-22
2026-10-08 01:28:02,859 INFO o.a.j.t.JMeterThread: Thread started: GET search (agents) 2-23
2026-10-08 01:28:02,901 INFO o.a.j.r.Summariser: summary +     18 in 00:03:01 =    0.1/s Avg:   696 Min:    13 Max:  4426 Err:     1 (5.56%) Active: 1 Started: 30 Finished: 29
2026-10-08 01:28:02,901 INFO o.a.j.r.Summariser: summary =     30 in 00:05:13 =    0.1/s Avg:   882 Min:    12 Max:  7332 Err:     1 (3.33%)
2026-10-08 01:28:02,901 INFO o.a.j.t.JMeterThread: Thread is done: GET search (agents) 2-23
2026-10-08 01:28:02,901 INFO o.a.j.t.JMeterThread: Thread finished: GET search (agents) 2-23
2026-10-08 01:28:24,387 INFO o.a.j.t.JMeterThread: Thread started: GET search (agents) 2-24
2026-10-08 01:28:24,400 INFO o.a.j.t.JMeterThread: Thread is done: GET search (agents) 2-24
2026-10-08 01:28:24,400 INFO o.a.j.t.JMeterThread: Thread finished: GET search (agents) 2-24
2026-10-08 01:29:06,024 INFO o.a.j.t.JMeterThread: Thread started: GET search (agents) 2-25
2026-10-08 01:29:06,066 INFO o.a.j.t.JMeterThread: Thread is done: GET search (agents) 2-25
2026-10-08 01:29:06,066 INFO o.a.j.t.JMeterThread: Thread finished: GET search (agents) 2-25
2026-10-08 01:29:10,978 INFO o.a.j.t.JMeterThread: Thread started: GET search (agents) 2-26
2026-10-08 01:29:10,992 INFO o.a.j.t.JMeterThread: Thread is done: GET search (agents) 2-26
2026-10-08 01:29:10,992 INFO o.a.j.t.JMeterThread: Thread finished: GET search (agents) 2-26
2026-10-08 01:29:17,573 INFO o.a.j.t.JMeterThread: Thread started: POST tickets (intake) 1-8
2026-10-08 01:29:20,130 INFO o.a.j.t.JMeterThread: Thread started: GET search (agents) 2-27
2026-10-08 01:29:20,160 INFO o.a.j.t.JMeterThread: Thread is done: GET search (agents) 2-27
2026-10-08 01:29:20,160 INFO o.a.j.t.JMeterThread: Thread finished: GET search (agents) 2-27
2026-10-08 01:29:20,452 INFO o.a.j.t.JMeterThread: Thread is done: POST tickets (intake) 1-8
2026-10-08 01:29:20,452 INFO o.a.j.t.JMeterThread: Thread finished: POST tickets (intake) 1-8
2026-10-08 01:29:47,594 INFO o.a.j.t.JMeterThread: Thread started: GET search (agents) 2-28
2026-10-08 01:29:47,673 INFO o.a.j.t.JMeterThread: Thread is done: GET search (agents) 2-28
2026-10-08 01:29:47,673 INFO o.a.j.t.JMeterThread: Thread finished: GET search (agents) 2-28
2026-10-08 01:30:04,523 INFO o.a.j.t.JMeterThread: Thread started: GET search (agents) 2-29
2026-10-08 01:30:04,545 INFO o.a.j.r.Summariser: summary +      7 in 00:02:02 =    0.1/s Avg:   438 Min:    11 Max:  2878 Err:     0 (0.00%) Active: 1 Started: 37 Finished: 36
2026-10-08 01:30:04,545 INFO o.a.j.r.Summariser: summary =     37 in 00:07:15 =    0.1/s Avg:   798 Min:    11 Max:  7332 Err:     1 (2.70%)
2026-10-08 01:30:04,545 INFO o.a.j.t.JMeterThread: Thread is done: GET search (agents) 2-29
2026-10-08 01:30:04,545 INFO o.a.j.t.JMeterThread: Thread finished: GET search (agents) 2-29
2026-10-08 01:30:08,604 INFO o.a.j.t.JMeterThread: Thread started: POST tickets (intake) 1-9
2026-10-08 01:30:09,929 INFO o.a.j.t.JMeterThread: Thread started: GET search (agents) 2-30
2026-10-08 01:30:09,997 INFO o.a.j.t.JMeterThread: Thread is done: GET search (agents) 2-30
2026-10-08 01:30:09,998 INFO o.a.j.t.JMeterThread: Thread finished: GET search (agents) 2-30
2026-10-08 01:30:12,672 INFO o.a.j.t.JMeterThread: Thread is done: POST tickets (intake) 1-9
2026-10-08 01:30:12,672 INFO o.a.j.t.JMeterThread: Thread finished: POST tickets (intake) 1-9
2026-10-08 01:30:19,305 INFO o.a.j.t.JMeterThread: Thread started: GET search (agents) 2-31
2026-10-08 01:30:19,357 INFO o.a.j.t.JMeterThread: Thread is done: GET search (agents) 2-31
2026-10-08 01:30:19,357 INFO o.a.j.t.JMeterThread: Thread finished: GET search (agents) 2-31
2026-10-08 01:30:28,140 INFO o.a.j.t.JMeterThread: Thread started: POST tickets (intake) 1-10
2026-10-08 01:30:29,827 INFO o.a.j.t.JMeterThread: Thread is done: POST tickets (intake) 1-10
2026-10-08 01:30:29,827 INFO o.a.j.t.JMeterThread: Thread finished: POST tickets (intake) 1-10
2026-10-08 01:30:44,936 INFO o.a.j.t.JMeterThread: Thread started: GET search (agents) 2-32
2026-10-08 01:30:44,998 INFO o.a.j.t.JMeterThread: Thread is done: GET search (agents) 2-32
2026-10-08 01:30:44,998 INFO o.a.j.t.JMeterThread: Thread finished: GET search (agents) 2-32
2026-10-08 01:30:50,583 INFO o.a.j.t.JMeterThread: Thread started: GET search (agents) 2-33
2026-10-08 01:30:50,626 INFO o.a.j.t.JMeterThread: Thread is done: GET search (agents) 2-33
2026-10-08 01:30:50,626 INFO o.a.j.t.JMeterThread: Thread finished: GET search (agents) 2-33
2026-10-08 01:31:04,996 INFO o.a.j.t.JMeterThread: Thread started: GET search (agents) 2-34
2026-10-08 01:31:05,048 INFO o.a.j.r.Summariser: summary +      7 in 00:01:01 =    0.1/s Avg:   860 Min:    41 Max:  4067 Err:     1 (14.29%) Active: 1 Started: 44 Finished: 43
2026-10-08 01:31:05,049 INFO o.a.j.r.Summariser: summary =     44 in 00:08:16 =    0.1/s Avg:   808 Min:    11 Max:  7332 Err:     2 (4.55%)
2026-10-08 01:31:05,049 INFO o.a.j.t.JMeterThread: Thread is done: GET search (agents) 2-34
2026-10-08 01:31:05,049 INFO o.a.j.t.JMeterThread: Thread finished: GET search (agents) 2-34
2026-10-08 01:31:08,644 INFO o.a.j.t.JMeterThread: Thread started: POST tickets (intake) 1-11
2026-10-08 01:31:11,438 INFO o.a.j.t.JMeterThread: Thread is done: POST tickets (intake) 1-11
2026-10-08 01:31:11,438 INFO o.a.j.t.JMeterThread: Thread finished: POST tickets (intake) 1-11
2026-10-08 01:31:19,930 INFO o.a.j.t.JMeterThread: Thread started: GET search (agents) 2-35
2026-10-08 01:31:19,955 INFO o.a.j.t.JMeterThread: Thread is done: GET search (agents) 2-35
2026-10-08 01:31:19,955 INFO o.a.j.t.JMeterThread: Thread finished: GET search (agents) 2-35
2026-10-08 01:31:24,255 INFO o.a.j.t.JMeterThread: Thread started: GET search (agents) 2-36
2026-10-08 01:31:24,325 INFO o.a.j.t.JMeterThread: Thread is done: GET search (agents) 2-36
2026-10-08 01:31:24,326 INFO o.a.j.t.JMeterThread: Thread finished: GET search (agents) 2-36
2026-10-08 01:31:33,686 INFO o.a.j.t.JMeterThread: Thread started: POST tickets (intake) 1-12
2026-10-08 01:31:37,528 INFO o.a.j.t.JMeterThread: Thread is done: POST tickets (intake) 1-12
2026-10-08 01:31:37,528 INFO o.a.j.t.JMeterThread: Thread finished: POST tickets (intake) 1-12
2026-10-08 01:31:50,724 INFO o.a.j.t.JMeterThread: Thread started: POST tickets (intake) 1-13
2026-10-08 01:31:52,180 INFO o.a.j.t.JMeterThread: Thread is done: POST tickets (intake) 1-13
2026-10-08 01:31:52,180 INFO o.a.j.t.JMeterThread: Thread finished: POST tickets (intake) 1-13
2026-10-08 01:31:54,213 INFO o.a.j.t.JMeterThread: Thread started: GET search (agents) 2-37
2026-10-08 01:31:54,232 INFO o.a.j.t.JMeterThread: Thread is done: GET search (agents) 2-37
2026-10-08 01:31:54,232 INFO o.a.j.t.JMeterThread: Thread finished: GET search (agents) 2-37
2026-10-08 01:32:03,429 INFO o.a.j.t.JMeterThread: Thread started: GET search (agents) 2-38
2026-10-08 01:32:03,460 INFO o.a.j.r.Summariser: summary +      7 in 00:00:58 =    0.1/s Avg:  1175 Min:    18 Max:  3841 Err:     1 (14.29%) Active: 1 Started: 51 Finished: 50
2026-10-08 01:32:03,461 INFO o.a.j.r.Summariser: summary =     51 in 00:09:14 =    0.1/s Avg:   858 Min:    11 Max:  7332 Err:     3 (5.88%)
2026-10-08 01:32:03,461 INFO o.a.j.t.JMeterThread: Thread is done: GET search (agents) 2-38
2026-10-08 01:32:03,461 INFO o.a.j.t.JMeterThread: Thread finished: GET search (agents) 2-38
2026-10-08 01:32:13,895 INFO o.a.j.t.JMeterThread: Thread started: GET search (agents) 2-39
2026-10-08 01:32:13,910 INFO o.a.j.t.JMeterThread: Thread is done: GET search (agents) 2-39
2026-10-08 01:32:13,910 INFO o.a.j.t.JMeterThread: Thread finished: GET search (agents) 2-39
2026-10-08 01:32:33,188 INFO o.a.j.t.JMeterThread: Thread started: GET search (agents) 2-40
2026-10-08 01:32:33,273 INFO o.a.j.r.Summariser: summary +      2 in 00:00:30 =    0.1/s Avg:    48 Min:    13 Max:    84 Err:     0 (0.00%) Active: 1 Started: 53 Finished: 52
2026-10-08 01:32:33,273 INFO o.a.j.r.Summariser: summary =     53 in 00:09:44 =    0.1/s Avg:   828 Min:    11 Max:  7332 Err:     3 (5.66%)
2026-10-08 01:32:33,273 INFO o.a.j.t.JMeterThread: Thread is done: GET search (agents) 2-40
2026-10-08 01:32:33,274 INFO o.a.j.t.JMeterThread: Thread finished: GET search (agents) 2-40
2026-10-08 01:32:50,357 INFO o.a.j.t.JMeterThread: Thread started: GET search (agents) 2-41
2026-10-08 01:32:50,374 INFO o.a.j.t.JMeterThread: Thread is done: GET search (agents) 2-41
2026-10-08 01:32:50,374 INFO o.a.j.t.JMeterThread: Thread finished: GET search (agents) 2-41
2026-10-08 01:33:20,374 INFO o.a.j.t.JMeterThread: Thread started: GET search (agents) 2-42
2026-10-08 01:33:20,424 INFO o.a.j.t.JMeterThread: Thread is done: GET search (agents) 2-42
2026-10-08 01:33:20,424 INFO o.a.j.t.JMeterThread: Thread finished: GET search (agents) 2-42
2026-10-08 01:33:25,297 INFO o.a.j.t.JMeterThread: Thread started: POST tickets (intake) 1-14
2026-10-08 01:33:26,717 INFO o.a.j.t.JMeterThread: Thread is done: POST tickets (intake) 1-14
2026-10-08 01:33:26,717 INFO o.a.j.t.JMeterThread: Thread finished: POST tickets (intake) 1-14
2026-10-08 01:33:29,355 INFO o.a.j.t.JMeterThread: Thread started: GET search (agents) 2-43
2026-10-08 01:33:29,445 INFO o.a.j.t.JMeterThread: Thread is done: GET search (agents) 2-43
2026-10-08 01:33:29,445 INFO o.a.j.t.JMeterThread: Thread finished: GET search (agents) 2-43
2026-10-08 01:33:35,003 INFO o.a.j.t.JMeterThread: Thread started: GET search (agents) 2-44
2026-10-08 01:33:35,023 INFO o.a.j.r.Summariser: summary +      5 in 00:01:02 =    0.1/s Avg:   318 Min:    15 Max:  1418 Err:     0 (0.00%) Active: 1 Started: 58 Finished: 57
2026-10-08 01:33:35,023 INFO o.a.j.r.Summariser: summary =     58 in 00:10:46 =    0.1/s Avg:   784 Min:    11 Max:  7332 Err:     3 (5.17%)
2026-10-08 01:33:35,023 INFO o.a.j.t.JMeterThread: Thread is done: GET search (agents) 2-44
2026-10-08 01:33:35,023 INFO o.a.j.t.JMeterThread: Thread finished: GET search (agents) 2-44
2026-10-08 01:33:45,905 INFO o.a.j.t.JMeterThread: Thread started: GET search (agents) 2-45
2026-10-08 01:33:45,947 INFO o.a.j.t.JMeterThread: Thread is done: GET search (agents) 2-45
2026-10-08 01:33:45,947 INFO o.a.j.t.JMeterThread: Thread finished: GET search (agents) 2-45
2026-10-08 01:33:57,977 INFO o.a.j.t.JMeterThread: Thread started: POST tickets (intake) 1-15
2026-10-08 01:34:02,408 INFO o.a.j.r.Summariser: summary +      2 in 00:00:27 =    0.1/s Avg:  2236 Min:    42 Max:  4430 Err:     0 (0.00%) Active: 1 Started: 60 Finished: 59
2026-10-08 01:34:02,408 INFO o.a.j.r.Summariser: summary =     60 in 00:11:13 =    0.1/s Avg:   832 Min:    11 Max:  7332 Err:     3 (5.00%)
2026-10-08 01:34:02,409 INFO o.a.j.t.JMeterThread: Thread is done: POST tickets (intake) 1-15
2026-10-08 01:34:02,409 INFO o.a.j.t.JMeterThread: Thread finished: POST tickets (intake) 1-15
2026-10-08 01:34:13,159 INFO o.a.j.t.JMeterThread: Thread started: GET search (agents) 2-46
2026-10-08 01:34:13,189 INFO o.a.j.t.JMeterThread: Thread is done: GET search (agents) 2-46
2026-10-08 01:34:13,189 INFO o.a.j.t.JMeterThread: Thread finished: GET search (agents) 2-46
2026-10-08 01:34:16,319 INFO o.a.j.t.JMeterThread: Thread started: GET search (agents) 2-47
2026-10-08 01:34:16,355 INFO o.a.j.t.JMeterThread: Thread is done: GET search (agents) 2-47
2026-10-08 01:34:16,355 INFO o.a.j.t.JMeterThread: Thread finished: GET search (agents) 2-47
2026-10-08 01:34:16,861 INFO o.a.j.t.JMeterThread: Thread started: GET search (agents) 2-48
2026-10-08 01:34:16,906 INFO o.a.j.t.JMeterThread: Thread is done: GET search (agents) 2-48
2026-10-08 01:34:16,906 INFO o.a.j.t.JMeterThread: Thread finished: GET search (agents) 2-48
2026-10-08 01:34:17,728 INFO o.a.j.t.JMeterThread: Thread started: GET search (agents) 2-49
2026-10-08 01:34:17,791 INFO o.a.j.t.JMeterThread: Thread is done: GET search (agents) 2-49
2026-10-08 01:34:17,791 INFO o.a.j.t.JMeterThread: Thread finished: GET search (agents) 2-49
2026-10-08 01:34:19,955 INFO o.a.j.t.JMeterThread: Thread started: POST tickets (intake) 1-16
2026-10-08 01:34:24,848 INFO o.a.j.t.JMeterThread: Thread is done: POST tickets (intake) 1-16
2026-10-08 01:34:24,848 INFO o.a.j.t.JMeterThread: Thread finished: POST tickets (intake) 1-16
2026-10-08 01:34:48,231 INFO o.a.j.t.JMeterThread: Thread started: POST tickets (intake) 1-17
2026-10-08 01:34:49,558 INFO o.a.j.t.JMeterThread: Thread is done: POST tickets (intake) 1-17
2026-10-08 01:34:49,558 INFO o.a.j.t.JMeterThread: Thread finished: POST tickets (intake) 1-17
2026-10-08 01:35:09,568 INFO o.a.j.t.JMeterThread: Thread started: GET search (agents) 2-50
2026-10-08 01:35:09,607 INFO o.a.j.t.JMeterThread: Thread is done: GET search (agents) 2-50
2026-10-08 01:35:09,607 INFO o.a.j.t.JMeterThread: Thread finished: GET search (agents) 2-50
2026-10-08 01:35:29,769 INFO o.a.j.t.JMeterThread: Thread started: GET search (agents) 2-51
2026-10-08 01:35:29,814 INFO o.a.j.t.JMeterThread: Thread is done: GET search (agents) 2-51
2026-10-08 01:35:29,814 INFO o.a.j.t.JMeterThread: Thread finished: GET search (agents) 2-51
2026-10-08 01:35:31,190 INFO o.a.j.t.JMeterThread: Thread started: POST tickets (intake) 1-18
2026-10-08 01:35:32,557 INFO o.a.j.r.Summariser: summary +      9 in 00:01:30 =    0.1/s Avg:   870 Min:    29 Max:  4892 Err:     0 (0.00%) Active: 1 Started: 69 Finished: 68
2026-10-08 01:35:32,558 INFO o.a.j.r.Summariser: summary =     69 in 00:12:43 =    0.1/s Avg:   837 Min:    11 Max:  7332 Err:     3 (4.35%)
2026-10-08 01:35:32,558 INFO o.a.j.t.JMeterThread: Thread is done: POST tickets (intake) 1-18
2026-10-08 01:35:32,558 INFO o.a.j.t.JMeterThread: Thread finished: POST tickets (intake) 1-18
2026-10-08 01:35:39,626 INFO o.a.j.t.JMeterThread: Thread started: GET search (agents) 2-52
2026-10-08 01:35:39,643 INFO o.a.j.t.JMeterThread: Thread is done: GET search (agents) 2-52
2026-10-08 01:35:39,643 INFO o.a.j.t.JMeterThread: Thread finished: GET search (agents) 2-52
2026-10-08 01:36:07,649 INFO o.a.j.t.JMeterThread: Thread started: GET search (agents) 2-53
2026-10-08 01:36:07,662 INFO o.a.j.t.JMeterThread: Thread is done: GET search (agents) 2-53
2026-10-08 01:36:07,662 INFO o.a.j.t.JMeterThread: Thread finished: GET search (agents) 2-53
2026-10-08 01:36:11,209 INFO o.a.j.t.JMeterThread: Thread started: GET search (agents) 2-54
2026-10-08 01:36:11,240 INFO o.a.j.t.JMeterThread: Thread is done: GET search (agents) 2-54
2026-10-08 01:36:11,240 INFO o.a.j.t.JMeterThread: Thread finished: GET search (agents) 2-54
2026-10-08 01:36:16,922 INFO o.a.j.t.JMeterThread: Thread started: GET search (agents) 2-55
2026-10-08 01:36:16,979 INFO o.a.j.t.JMeterThread: Thread is done: GET search (agents) 2-55
2026-10-08 01:36:16,979 INFO o.a.j.t.JMeterThread: Thread finished: GET search (agents) 2-55
2026-10-08 01:36:26,775 INFO o.a.j.t.JMeterThread: Thread started: GET search (agents) 2-56
2026-10-08 01:36:26,820 INFO o.a.j.t.JMeterThread: Thread is done: GET search (agents) 2-56
2026-10-08 01:36:26,820 INFO o.a.j.t.JMeterThread: Thread finished: GET search (agents) 2-56
2026-10-08 01:36:31,345 INFO o.a.j.t.JMeterThread: Thread started: GET search (agents) 2-57
2026-10-08 01:36:31,358 INFO o.a.j.r.Summariser: summary +      6 in 00:00:59 =    0.1/s Avg:    28 Min:    11 Max:    56 Err:     0 (0.00%) Active: 1 Started: 75 Finished: 74
2026-10-08 01:36:31,358 INFO o.a.j.r.Summariser: summary =     75 in 00:13:42 =    0.1/s Avg:   772 Min:    11 Max:  7332 Err:     3 (4.00%)
2026-10-08 01:36:31,359 INFO o.a.j.t.JMeterThread: Thread is done: GET search (agents) 2-57
2026-10-08 01:36:31,359 INFO o.a.j.t.JMeterThread: Thread finished: GET search (agents) 2-57
2026-10-08 01:37:19,035 INFO o.a.j.t.JMeterThread: Thread started: GET search (agents) 2-58
2026-10-08 01:37:19,071 INFO o.a.j.t.JMeterThread: Thread is done: GET search (agents) 2-58
2026-10-08 01:37:19,071 INFO o.a.j.t.JMeterThread: Thread finished: GET search (agents) 2-58
2026-10-08 01:37:20,475 INFO o.a.j.t.JMeterThread: Thread started: POST tickets (intake) 1-19
2026-10-08 01:37:21,809 INFO o.a.j.t.JMeterThread: Thread is done: POST tickets (intake) 1-19
2026-10-08 01:37:21,809 INFO o.a.j.t.JMeterThread: Thread finished: POST tickets (intake) 1-19
2026-10-08 01:37:34,933 INFO o.a.j.t.JMeterThread: Thread started: GET search (agents) 2-59
2026-10-08 01:37:34,947 INFO o.a.j.r.Summariser: summary +      3 in 00:01:04 =    0.0/s Avg:   460 Min:    13 Max:  1332 Err:     0 (0.00%) Active: 1 Started: 78 Finished: 77
2026-10-08 01:37:34,948 INFO o.a.j.r.Summariser: summary =     78 in 00:14:45 =    0.1/s Avg:   760 Min:    11 Max:  7332 Err:     3 (3.85%)
2026-10-08 01:37:34,948 INFO o.a.j.t.JMeterThread: Thread is done: GET search (agents) 2-59
2026-10-08 01:37:34,948 INFO o.a.j.t.JMeterThread: Thread finished: GET search (agents) 2-59
2026-10-08 01:37:57,258 INFO o.a.j.t.JMeterThread: Thread started: GET search (agents) 2-60
2026-10-08 01:37:57,278 INFO o.a.j.t.JMeterThread: Thread is done: GET search (agents) 2-60
2026-10-08 01:37:57,279 INFO o.a.j.t.JMeterThread: Thread finished: GET search (agents) 2-60
2026-10-08 01:37:57,419 INFO o.a.j.t.JMeterThread: Thread started: GET search (agents) 2-61
2026-10-08 01:37:57,523 INFO o.a.j.t.JMeterThread: Thread is done: GET search (agents) 2-61
2026-10-08 01:37:57,523 INFO o.a.j.t.JMeterThread: Thread finished: GET search (agents) 2-61
2026-10-08 01:37:58,306 INFO o.a.j.t.JMeterThread: Thread started: GET search (agents) 2-62
2026-10-08 01:37:58,386 INFO o.a.j.t.JMeterThread: Thread is done: GET search (agents) 2-62
2026-10-08 01:37:58,386 INFO o.a.j.t.JMeterThread: Thread finished: GET search (agents) 2-62
2026-10-08 01:38:06,748 INFO o.a.j.t.JMeterThread: Thread started: POST tickets (intake) 1-20
2026-10-08 01:38:08,488 INFO o.a.j.t.JMeterThread: Thread is done: POST tickets (intake) 1-20
2026-10-08 01:38:08,488 INFO o.a.j.t.JMeterThread: Thread finished: POST tickets (intake) 1-20
2026-10-08 01:38:32,094 INFO o.a.j.t.JMeterThread: Thread started: GET search (agents) 2-63
2026-10-08 01:38:32,182 INFO o.a.j.r.Summariser: summary +      5 in 00:00:57 =    0.1/s Avg:   405 Min:    20 Max:  1740 Err:     0 (0.00%) Active: 1 Started: 83 Finished: 82
2026-10-08 01:38:32,182 INFO o.a.j.r.Summariser: summary =     83 in 00:15:43 =    0.1/s Avg:   739 Min:    11 Max:  7332 Err:     3 (3.61%)
2026-10-08 01:38:32,182 INFO o.a.j.t.JMeterThread: Thread is done: GET search (agents) 2-63
2026-10-08 01:38:32,182 INFO o.a.j.t.JMeterThread: Thread finished: GET search (agents) 2-63
2026-10-08 01:38:34,617 INFO o.a.j.t.JMeterThread: Thread started: GET search (agents) 2-64
2026-10-08 01:38:34,642 INFO o.a.j.t.JMeterThread: Thread is done: GET search (agents) 2-64
2026-10-08 01:38:34,642 INFO o.a.j.t.JMeterThread: Thread finished: GET search (agents) 2-64
2026-10-08 01:38:42,352 INFO o.a.j.t.JMeterThread: Thread started: GET search (agents) 2-65
2026-10-08 01:38:42,398 INFO o.a.j.t.JMeterThread: Thread is done: GET search (agents) 2-65
2026-10-08 01:38:42,398 INFO o.a.j.t.JMeterThread: Thread finished: GET search (agents) 2-65
2026-10-08 01:38:44,573 INFO o.a.j.t.JMeterThread: Thread started: GET search (agents) 2-66
2026-10-08 01:38:44,633 INFO o.a.j.t.JMeterThread: Thread is done: GET search (agents) 2-66
2026-10-08 01:38:44,633 INFO o.a.j.t.JMeterThread: Thread finished: GET search (agents) 2-66
2026-10-08 01:38:44,856 INFO o.a.j.t.JMeterThread: Thread started: GET search (agents) 2-67
2026-10-08 01:38:44,882 INFO o.a.j.t.JMeterThread: Thread is done: GET search (agents) 2-67
2026-10-08 01:38:44,882 INFO o.a.j.t.JMeterThread: Thread finished: GET search (agents) 2-67
2026-10-08 01:38:54,175 INFO o.a.j.t.JMeterThread: Thread started: POST tickets (intake) 1-21
2026-10-08 01:38:55,536 INFO o.a.j.t.JMeterThread: Thread is done: POST tickets (intake) 1-21
2026-10-08 01:38:55,537 INFO o.a.j.t.JMeterThread: Thread finished: POST tickets (intake) 1-21
2026-10-08 01:39:11,477 INFO o.a.j.t.JMeterThread: Thread started: POST tickets (intake) 1-22
2026-10-08 01:39:13,834 INFO o.a.j.t.JMeterThread: Thread is done: POST tickets (intake) 1-22
2026-10-08 01:39:13,834 INFO o.a.j.t.JMeterThread: Thread finished: POST tickets (intake) 1-22
2026-10-08 01:39:17,351 INFO o.a.j.t.JMeterThread: Thread started: GET search (agents) 2-68
2026-10-08 01:39:17,442 INFO o.a.j.t.JMeterThread: Thread is done: GET search (agents) 2-68
2026-10-08 01:39:17,443 INFO o.a.j.t.JMeterThread: Thread finished: GET search (agents) 2-68
2026-10-08 01:39:38,338 INFO o.a.j.t.JMeterThread: Thread started: GET search (agents) 2-69
2026-10-08 01:39:38,392 INFO o.a.j.t.JMeterThread: Thread is done: GET search (agents) 2-69
2026-10-08 01:39:38,393 INFO o.a.j.t.JMeterThread: Thread finished: GET search (agents) 2-69
2026-10-08 01:39:46,524 INFO o.a.j.t.JMeterThread: Thread started: POST tickets (intake) 1-23
2026-10-08 01:39:47,613 INFO o.a.j.t.JMeterThread: Thread is done: POST tickets (intake) 1-23
2026-10-08 01:39:47,613 INFO o.a.j.t.JMeterThread: Thread finished: POST tickets (intake) 1-23
2026-10-08 01:40:00,687 INFO o.a.j.t.JMeterThread: Thread started: GET search (agents) 2-70
2026-10-08 01:40:00,722 INFO o.a.j.r.Summariser: summary +     10 in 00:01:29 =    0.1/s Avg:   513 Min:    23 Max:  2356 Err:     0 (0.00%) Active: 1 Started: 93 Finished: 92
2026-10-08 01:40:00,723 INFO o.a.j.r.Summariser: summary =     93 in 00:17:11 =    0.1/s Avg:   715 Min:    11 Max:  7332 Err:     3 (3.23%)
2026-10-08 01:40:00,723 INFO o.a.j.t.JMeterThread: Thread is done: GET search (agents) 2-70
2026-10-08 01:40:00,723 INFO o.a.j.t.JMeterThread: Thread finished: GET search (agents) 2-70
2026-10-08 01:40:21,879 INFO o.a.j.t.JMeterThread: Thread started: GET search (agents) 2-71
2026-10-08 01:40:21,964 INFO o.a.j.t.JMeterThread: Thread is done: GET search (agents) 2-71
2026-10-08 01:40:21,964 INFO o.a.j.t.JMeterThread: Thread finished: GET search (agents) 2-71
2026-10-08 01:40:32,318 INFO o.a.j.t.JMeterThread: Thread started: POST tickets (intake) 1-24
2026-10-08 01:40:33,585 INFO o.a.j.r.Summariser: summary +      2 in 00:00:33 =    0.1/s Avg:   675 Min:    83 Max:  1267 Err:     0 (0.00%) Active: 1 Started: 95 Finished: 94
2026-10-08 01:40:33,585 INFO o.a.j.r.Summariser: summary =     95 in 00:17:44 =    0.1/s Avg:   714 Min:    11 Max:  7332 Err:     3 (3.16%)
2026-10-08 01:40:33,586 INFO o.a.j.t.JMeterThread: Thread is done: POST tickets (intake) 1-24
2026-10-08 01:40:33,586 INFO o.a.j.t.JMeterThread: Thread finished: POST tickets (intake) 1-24
2026-10-08 01:40:45,570 INFO o.a.j.t.JMeterThread: Thread started: GET search (agents) 2-72
2026-10-08 01:40:45,594 INFO o.a.j.t.JMeterThread: Thread is done: GET search (agents) 2-72
2026-10-08 01:40:45,594 INFO o.a.j.t.JMeterThread: Thread finished: GET search (agents) 2-72
2026-10-08 01:41:06,379 INFO o.a.j.t.JMeterThread: Thread started: GET search (agents) 2-73
2026-10-08 01:41:06,397 INFO o.a.j.t.JMeterThread: Thread is done: GET search (agents) 2-73
2026-10-08 01:41:06,397 INFO o.a.j.t.JMeterThread: Thread finished: GET search (agents) 2-73
2026-10-08 01:41:11,234 INFO o.a.j.t.JMeterThread: Thread started: GET search (agents) 2-74
2026-10-08 01:41:11,311 INFO o.a.j.t.JMeterThread: Thread is done: GET search (agents) 2-74
2026-10-08 01:41:11,311 INFO o.a.j.t.JMeterThread: Thread finished: GET search (agents) 2-74
2026-10-08 01:42:15,509 INFO o.a.j.t.JMeterThread: Thread started: GET search (agents) 2-75
2026-10-08 01:42:15,523 INFO o.a.j.t.JMeterThread: Thread is done: GET search (agents) 2-75
2026-10-08 01:42:15,523 INFO o.a.j.t.JMeterThread: Thread finished: GET search (agents) 2-75
2026-10-08 01:42:28,364 INFO o.a.j.t.JMeterThread: Thread started: GET search (agents) 2-76
2026-10-08 01:42:28,441 INFO o.a.j.t.JMeterThread: Thread is done: GET search (agents) 2-76
2026-10-08 01:42:28,441 INFO o.a.j.t.JMeterThread: Thread finished: GET search (agents) 2-76
2026-10-08 01:42:35,490 INFO o.a.j.t.JMeterThread: Thread started: GET search (agents) 2-77
2026-10-08 01:42:35,553 INFO o.a.j.r.Summariser: summary +      6 in 00:02:02 =    0.0/s Avg:    44 Min:    12 Max:    78 Err:     0 (0.00%) Active: 1 Started: 101 Finished: 100
2026-10-08 01:42:35,553 INFO o.a.j.r.Summariser: summary =    101 in 00:19:46 =    0.1/s Avg:   674 Min:    11 Max:  7332 Err:     3 (2.97%)
2026-10-08 01:42:35,554 INFO o.a.j.t.JMeterThread: Thread is done: GET search (agents) 2-77
2026-10-08 01:42:35,554 INFO o.a.j.t.JMeterThread: Thread finished: GET search (agents) 2-77
2026-10-08 01:43:02,263 INFO o.a.j.t.JMeterThread: Thread started: GET search (agents) 2-78
2026-10-08 01:43:02,319 INFO o.a.j.r.Summariser: summary +      1 in 00:00:27 =    0.0/s Avg:    54 Min:    54 Max:    54 Err:     0 (0.00%) Active: 1 Started: 102 Finished: 101
2026-10-08 01:43:02,319 INFO o.a.j.r.Summariser: summary =    102 in 00:20:13 =    0.1/s Avg:   668 Min:    11 Max:  7332 Err:     3 (2.94%)
2026-10-08 01:43:02,319 INFO o.a.j.t.JMeterThread: Thread is done: GET search (agents) 2-78
2026-10-08 01:43:02,319 INFO o.a.j.t.JMeterThread: Thread finished: GET search (agents) 2-78
2026-10-08 01:43:06,627 INFO o.a.j.t.JMeterThread: Thread started: GET search (agents) 2-79
2026-10-08 01:43:06,697 INFO o.a.j.t.JMeterThread: Thread is done: GET search (agents) 2-79
2026-10-08 01:43:06,697 INFO o.a.j.t.JMeterThread: Thread finished: GET search (agents) 2-79
2026-10-08 01:43:26,364 INFO o.a.j.t.JMeterThread: Thread started: POST tickets (intake) 1-25
2026-10-08 01:43:28,522 INFO o.a.j.t.JMeterThread: Thread is done: POST tickets (intake) 1-25
2026-10-08 01:43:28,523 INFO o.a.j.t.JMeterThread: Thread finished: POST tickets (intake) 1-25
2026-10-08 01:43:30,040 INFO o.a.j.t.JMeterThread: Thread started: POST tickets (intake) 1-26
2026-10-08 01:43:31,986 INFO o.a.j.r.Summariser: summary +      3 in 00:00:30 =    0.1/s Avg:  1390 Min:    69 Max:  2157 Err:     1 (33.33%) Active: 1 Started: 105 Finished: 104
2026-10-08 01:43:31,986 INFO o.a.j.r.Summariser: summary =    105 in 00:20:42 =    0.1/s Avg:   688 Min:    11 Max:  7332 Err:     4 (3.81%)
2026-10-08 01:43:31,987 INFO o.a.j.t.JMeterThread: Thread is done: POST tickets (intake) 1-26
2026-10-08 01:43:31,987 INFO o.a.j.t.JMeterThread: Thread finished: POST tickets (intake) 1-26
2026-10-08 01:43:32,335 INFO o.a.j.t.JMeterThread: Thread started: GET search (agents) 2-80
2026-10-08 01:43:32,544 INFO o.a.j.t.JMeterThread: Thread is done: GET search (agents) 2-80
2026-10-08 01:43:32,544 INFO o.a.j.t.JMeterThread: Thread finished: GET search (agents) 2-80
2026-10-08 01:43:34,621 INFO o.a.j.t.JMeterThread: Thread started: GET search (agents) 2-81
2026-10-08 01:43:34,681 INFO o.a.j.t.JMeterThread: Thread is done: GET search (agents) 2-81
2026-10-08 01:43:34,681 INFO o.a.j.t.JMeterThread: Thread finished: GET search (agents) 2-81
2026-10-08 01:43:38,218 INFO o.a.j.t.JMeterThread: Thread started: GET search (agents) 2-82
2026-10-08 01:43:38,319 INFO o.a.j.t.JMeterThread: Thread is done: GET search (agents) 2-82
2026-10-08 01:43:38,320 INFO o.a.j.t.JMeterThread: Thread finished: GET search (agents) 2-82
2026-10-08 01:43:39,714 INFO o.a.j.t.JMeterThread: Thread started: POST tickets (intake) 1-27
2026-10-08 01:43:42,804 INFO o.a.j.t.JMeterThread: Thread is done: POST tickets (intake) 1-27
2026-10-08 01:43:42,804 INFO o.a.j.t.JMeterThread: Thread finished: POST tickets (intake) 1-27
2026-10-08 01:44:00,856 INFO o.a.j.t.JMeterThread: Thread started: GET search (agents) 2-83
2026-10-08 01:44:00,889 INFO o.a.j.r.Summariser: summary +      5 in 00:00:29 =    0.2/s Avg:   697 Min:    32 Max:  3090 Err:     0 (0.00%) Active: 1 Started: 110 Finished: 109
2026-10-08 01:44:00,889 INFO o.a.j.r.Summariser: summary =    110 in 00:21:11 =    0.1/s Avg:   689 Min:    11 Max:  7332 Err:     4 (3.64%)
2026-10-08 01:44:00,889 INFO o.a.j.t.JMeterThread: Thread is done: GET search (agents) 2-83
2026-10-08 01:44:00,889 INFO o.a.j.t.JMeterThread: Thread finished: GET search (agents) 2-83
2026-10-08 01:44:01,508 INFO o.a.j.t.JMeterThread: Thread started: POST tickets (intake) 1-28
2026-10-08 01:44:02,404 INFO o.a.j.t.JMeterThread: Thread is done: POST tickets (intake) 1-28
2026-10-08 01:44:02,404 INFO o.a.j.t.JMeterThread: Thread finished: POST tickets (intake) 1-28
2026-10-08 01:44:06,855 INFO o.a.j.t.JMeterThread: Thread started: POST tickets (intake) 1-29
2026-10-08 01:44:06,855 INFO o.a.j.t.o.EvenArrivalsRamp: Generating 0 events, beginRate = 0.0 / sec, endRate = 0.0 / sec, duration = 60.0 sec
2026-10-08 01:44:06,855 INFO o.a.j.t.o.OpenModelThreadGroup: There will be no more events, so will wait for 102 sec till the end of the schedule
2026-10-08 01:44:08,048 INFO o.a.j.t.JMeterThread: Thread is done: POST tickets (intake) 1-29
2026-10-08 01:44:08,048 INFO o.a.j.t.JMeterThread: Thread finished: POST tickets (intake) 1-29
2026-10-08 01:44:08,475 INFO o.a.j.t.JMeterThread: Thread started: GET search (agents) 2-84
2026-10-08 01:44:08,528 INFO o.a.j.t.JMeterThread: Thread is done: GET search (agents) 2-84
2026-10-08 01:44:08,528 INFO o.a.j.t.JMeterThread: Thread finished: GET search (agents) 2-84
2026-10-08 01:44:09,348 INFO o.a.j.t.JMeterThread: Thread started: GET search (agents) 2-85
2026-10-08 01:44:09,380 INFO o.a.j.t.JMeterThread: Thread is done: GET search (agents) 2-85
2026-10-08 01:44:09,380 INFO o.a.j.t.JMeterThread: Thread finished: GET search (agents) 2-85
2026-10-08 01:44:12,745 INFO o.a.j.t.JMeterThread: Thread started: GET search (agents) 2-86
2026-10-08 01:44:12,769 INFO o.a.j.t.JMeterThread: Thread is done: GET search (agents) 2-86
2026-10-08 01:44:12,769 INFO o.a.j.t.JMeterThread: Thread finished: GET search (agents) 2-86
2026-10-08 01:44:15,291 INFO o.a.j.t.JMeterThread: Thread started: GET search (agents) 2-87
2026-10-08 01:44:15,328 INFO o.a.j.t.JMeterThread: Thread is done: GET search (agents) 2-87
2026-10-08 01:44:15,328 INFO o.a.j.t.JMeterThread: Thread finished: GET search (agents) 2-87
2026-10-08 01:44:29,111 INFO o.a.j.t.JMeterThread: Thread started: GET search (agents) 2-88
2026-10-08 01:44:29,149 INFO o.a.j.t.JMeterThread: Thread is done: GET search (agents) 2-88
2026-10-08 01:44:29,149 INFO o.a.j.t.JMeterThread: Thread finished: GET search (agents) 2-88
2026-10-08 01:44:34,656 INFO o.a.j.t.o.EvenArrivalsRamp: Generating 0 events, beginRate = 0.0 / sec, endRate = 0.0 / sec, duration = 60.0 sec
2026-10-08 01:44:34,656 INFO o.a.j.t.JMeterThread: Thread started: GET search (agents) 2-89
2026-10-08 01:44:34,656 INFO o.a.j.t.o.OpenModelThreadGroup: There will be no more events, so will wait for 74 sec till the end of the schedule
2026-10-08 01:44:34,677 INFO o.a.j.r.Summariser: summary +      8 in 00:00:34 =    0.2/s Avg:   286 Min:    20 Max:  1194 Err:     0 (0.00%) Active: 1 Started: 118 Finished: 117
2026-10-08 01:44:34,677 INFO o.a.j.r.Summariser: summary =    118 in 00:21:45 =    0.1/s Avg:   662 Min:    11 Max:  7332 Err:     4 (3.39%)
2026-10-08 01:44:34,677 INFO o.a.j.t.JMeterThread: Thread is done: GET search (agents) 2-89
2026-10-08 01:44:34,677 INFO o.a.j.t.JMeterThread: Thread finished: GET search (agents) 2-89
2026-10-08 01:45:49,416 INFO o.a.j.t.o.OpenModelThreadGroup: There will be no more events, will shutdown the thread pool
2026-10-08 01:45:49,416 INFO o.a.j.t.o.OpenModelThreadGroup: Thread starting done
2026-10-08 01:45:49,417 INFO o.a.j.t.o.OpenModelThreadGroup: There will be no more events, will shutdown the thread pool
2026-10-08 01:45:49,417 INFO o.a.j.t.o.OpenModelThreadGroup: Thread starting done
2026-10-08 01:45:49,417 INFO o.a.j.e.StandardJMeterEngine: Notifying test listeners of end of test
2026-10-08 01:45:49,417 INFO o.a.j.s.FileServer: Close: C:/Users/Administrator/Documents/GitHub/ICT3113_Assignment_1/step5/data/search_terms.csv
2026-10-08 01:45:49,417 INFO o.a.j.s.FileServer: Close: C:/Users/Administrator/Documents/GitHub/ICT3113_Assignment_1/step5/data/tickets_load.tsv
2026-10-08 01:45:49,417 INFO o.a.j.r.Summariser: summary =    118 in 00:23:00 =    0.1/s Avg:   662 Min:    11 Max:  7332 Err:     4 (3.39%)
