WARN StatusConsoleListener The use of package scanning to locate plugins is deprecated and will be removed in a future release
WARN StatusConsoleListener The use of package scanning to locate plugins is deprecated and will be removed in a future release
WARN StatusConsoleListener The use of package scanning to locate plugins is deprecated and will be removed in a future release
WARN StatusConsoleListener The use of package scanning to locate plugins is deprecated and will be removed in a future release
Creating summariser <summary>
Created the tree successfully using C:\Users\Administrator\Documents\GitHub\ICT3113_Assignment_1\step5\jmeter\ticket_triage.jmx
Starting standalone test @ 2026 Oct 8 14:39:16 SGT (1791441556725)
Waiting for possible Shutdown/StopTestNow/HeapDump/ThreadDump message on port 4445
summary +      6 in 00:00:45 =    0.1/s Avg:   120 Min:    34 Max:   278 Err:     0 (0.00%) Active: 3 Started: 8 Finished: 5
summary +      4 in 00:00:33 =    0.1/s Avg:  7432 Min:    58 Max: 12129 Err:     0 (0.00%) Active: 2 Started: 11 Finished: 9
summary =     10 in 00:01:17 =    0.1/s Avg:  3045 Min:    34 Max: 12129 Err:     0 (0.00%)
summary +      6 in 00:00:27 =    0.2/s Avg:  4741 Min:    22 Max: 22691 Err:     0 (0.00%) Active: 1 Started: 16 Finished: 15
summary =     16 in 00:01:44 =    0.2/s Avg:  3681 Min:    22 Max: 22691 Err:     0 (0.00%)
summary +     25 in 00:03:02 =    0.1/s Avg:  1250 Min:    14 Max: 15610 Err:     0 (0.00%) Active: 1 Started: 41 Finished: 40
summary =     41 in 00:04:46 =    0.1/s Avg:  2198 Min:    14 Max: 22691 Err:     0 (0.00%)
summary +      3 in 00:00:28 =    0.1/s Avg:  4134 Min:    29 Max: 12342 Err:     0 (0.00%) Active: 3 Started: 46 Finished: 43
summary =     44 in 00:05:13 =    0.1/s Avg:  2330 Min:    14 Max: 22691 Err:     0 (0.00%)
summary +      6 in 00:00:34 =    0.2/s Avg: 12774 Min:    23 Max: 34680 Err:     0 (0.00%) Active: 1 Started: 50 Finished: 49
summary =     50 in 00:05:47 =    0.1/s Avg:  3583 Min:    14 Max: 34680 Err:     0 (0.00%)
summary +      8 in 00:01:28 =    0.1/s Avg:   981 Min:    14 Max:  7321 Err:     0 (0.00%) Active: 1 Started: 58 Finished: 57
summary =     58 in 00:07:15 =    0.1/s Avg:  3224 Min:    14 Max: 34680 Err:     0 (0.00%)
summary +     17 in 00:03:33 =    0.1/s Avg:  1943 Min:    14 Max: 19674 Err:     0 (0.00%) Active: 1 Started: 75 Finished: 74
summary =     75 in 00:10:48 =    0.1/s Avg:  2934 Min:    14 Max: 34680 Err:     0 (0.00%)
summary +      6 in 00:00:55 =    0.1/s Avg:  1220 Min:    17 Max:  6986 Err:     0 (0.00%) Active: 1 Started: 81 Finished: 80
summary =     81 in 00:11:43 =    0.1/s Avg:  2807 Min:    14 Max: 34680 Err:     0 (0.00%)
summary +      8 in 00:00:34 =    0.2/s Avg:   810 Min:    46 Max:  5709 Err:     0 (0.00%) Active: 1 Started: 89 Finished: 88
summary =     89 in 00:12:17 =    0.1/s Avg:  2627 Min:    14 Max: 34680 Err:     0 (0.00%)
summary +      9 in 00:01:28 =    0.1/s Avg:  2657 Min:    11 Max: 11139 Err:     0 (0.00%) Active: 2 Started: 99 Finished: 97
summary =     98 in 00:13:45 =    0.1/s Avg:  2630 Min:    11 Max: 34680 Err:     0 (0.00%)
summary +      6 in 00:00:34 =    0.2/s Avg:  2539 Min:    25 Max: 14916 Err:     0 (0.00%) Active: 1 Started: 104 Finished: 103
summary =    104 in 00:14:19 =    0.1/s Avg:  2625 Min:    11 Max: 34680 Err:     0 (0.00%)
summary +      6 in 00:00:56 =    0.1/s Avg:  1017 Min:    17 Max:  5864 Err:     0 (0.00%) Active: 2 Started: 111 Finished: 109
summary =    110 in 00:15:15 =    0.1/s Avg:  2537 Min:    11 Max: 34680 Err:     0 (0.00%)
summary +      6 in 00:01:01 =    0.1/s Avg:  1533 Min:    21 Max:  9015 Err:     0 (0.00%) Active: 2 Started: 117 Finished: 115
summary =    116 in 00:16:16 =    0.1/s Avg:  2485 Min:    11 Max: 34680 Err:     0 (0.00%)
summary +     10 in 00:01:27 =    0.1/s Avg:  2332 Min:    14 Max: 13418 Err:     0 (0.00%) Active: 2 Started: 127 Finished: 125
summary =    126 in 00:17:44 =    0.1/s Avg:  2473 Min:    11 Max: 34680 Err:     0 (0.00%)
summary +      9 in 00:01:35 =    0.1/s Avg:  6389 Min:    12 Max: 28226 Err:     0 (0.00%) Active: 2 Started: 136 Finished: 134
summary =    135 in 00:19:19 =    0.1/s Avg:  2734 Min:    11 Max: 34680 Err:     0 (0.00%)
summary +     11 in 00:01:57 =    0.1/s Avg:  6203 Min:    23 Max: 40724 Err:     0 (0.00%) Active: 2 Started: 147 Finished: 145
summary =    146 in 00:21:16 =    0.1/s Avg:  2996 Min:    11 Max: 40724 Err:     0 (0.00%)
summary +      4 in 00:00:32 =    0.1/s Avg:  2950 Min:    23 Max:  6221 Err:     0 (0.00%) Active: 2 Started: 151 Finished: 149
summary =    150 in 00:21:48 =    0.1/s Avg:  2994 Min:    11 Max: 40724 Err:     0 (0.00%)
summary +      3 in 00:00:29 =    0.1/s Avg: 14389 Min:    45 Max: 24482 Err:     0 (0.00%) Active: 1 Started: 153 Finished: 152
summary =    153 in 00:22:16 =    0.1/s Avg:  3218 Min:    11 Max: 40724 Err:     0 (0.00%)
summary =    153 in 00:23:00 =    0.1/s Avg:  3218 Min:    11 Max: 40724 Err:     0 (0.00%)
Tidying up ...    @ 2026 Oct 8 15:02:16 SGT (1791442936738)
... end of run
