WARN StatusConsoleListener The use of package scanning to locate plugins is deprecated and will be removed in a future release
WARN StatusConsoleListener The use of package scanning to locate plugins is deprecated and will be removed in a future release
WARN StatusConsoleListener The use of package scanning to locate plugins is deprecated and will be removed in a future release
WARN StatusConsoleListener The use of package scanning to locate plugins is deprecated and will be removed in a future release
Creating summariser <summary>
Created the tree successfully using C:\Users\Administrator\Documents\GitHub\ICT3113_Assignment_1\step5\jmeter\ticket_triage.jmx
Starting standalone test @ 2026 Oct 8 00:07:43 SGT (1791389263218)
Waiting for possible Shutdown/StopTestNow/HeapDump/ThreadDump message on port 4445
summary +      2 in 00:00:51 =    0.0/s Avg:  1797 Min:    28 Max:  3567 Err:     0 (0.00%) Active: 1 Started: 2 Finished: 1
summary +     19 in 00:06:29 =    0.0/s Avg:   391 Min:    19 Max:  2535 Err:     1 (5.26%) Active: 1 Started: 21 Finished: 20
summary =     21 in 00:07:20 =    0.0/s Avg:   525 Min:    19 Max:  3567 Err:     1 (4.76%)
summary +     16 in 00:05:00 =    0.1/s Avg:   511 Min:    13 Max:  2034 Err:     0 (0.00%) Active: 1 Started: 37 Finished: 36
summary =     37 in 00:12:20 =    0.0/s Avg:   519 Min:    13 Max:  3567 Err:     1 (2.70%)
summary +      2 in 00:00:58 =    0.0/s Avg:    27 Min:    25 Max:    29 Err:     0 (0.00%) Active: 1 Started: 39 Finished: 38
summary =     39 in 00:13:18 =    0.0/s Avg:   494 Min:    13 Max:  3567 Err:     1 (2.56%)
summary +      9 in 00:04:59 =    0.0/s Avg:   245 Min:    20 Max:  1752 Err:     1 (11.11%) Active: 1 Started: 48 Finished: 47
summary =     48 in 00:18:17 =    0.0/s Avg:   447 Min:    13 Max:  3567 Err:     2 (4.17%)
summary +      6 in 00:02:32 =    0.0/s Avg:   600 Min:    52 Max:  2314 Err:     0 (0.00%) Active: 1 Started: 54 Finished: 53
summary =     54 in 00:20:49 =    0.0/s Avg:   464 Min:    13 Max:  3567 Err:     2 (3.70%)
summary +      3 in 00:00:30 =    0.1/s Avg:  1224 Min:  1148 Max:  1292 Err:     1 (33.33%) Active: 1 Started: 57 Finished: 56
summary =     57 in 00:21:19 =    0.0/s Avg:   504 Min:    13 Max:  3567 Err:     3 (5.26%)
summary +      5 in 00:01:41 =    0.0/s Avg:   112 Min:    45 Max:   226 Err:     0 (0.00%) Active: 0 Started: 62 Finished: 62
summary =     62 in 00:23:00 =    0.0/s Avg:   472 Min:    13 Max:  3567 Err:     3 (4.84%)
Tidying up ...    @ 2026 Oct 8 00:30:43 SGT (1791390643235)
... end of run
