2026-10-08 00:07:42,705 INFO o.a.j.u.JMeterUtils: Setting Locale to en_EN
2026-10-08 00:07:42,731 INFO o.a.j.JMeter: Loading user properties from: C:\tools\apache-jmeter-5.6.3\bin\user.properties
2026-10-08 00:07:42,733 INFO o.a.j.JMeter: Loading system properties from: C:\tools\apache-jmeter-5.6.3\bin\system.properties
2026-10-08 00:07:42,734 INFO o.a.j.JMeter: Loading additional properties from: C:\Users\Administrator\Documents\GitHub\ICT3113_Assignment_1\step5\results\gemma3-1b\average\run1\run.properties
2026-10-08 00:07:42,744 INFO o.a.j.JMeter: Copyright (c) 1998-2024 The Apache Software Foundation
2026-10-08 00:07:42,745 INFO o.a.j.JMeter: Version 5.6.3
2026-10-08 00:07:42,745 INFO o.a.j.JMeter: java.version=17.0.20.1
2026-10-08 00:07:42,745 INFO o.a.j.JMeter: java.vm.name=OpenJDK 64-Bit Server VM
2026-10-08 00:07:42,745 INFO o.a.j.JMeter: os.name=Windows 10
2026-10-08 00:07:42,745 INFO o.a.j.JMeter: os.arch=amd64
2026-10-08 00:07:42,745 INFO o.a.j.JMeter: os.version=10.0
2026-10-08 00:07:42,745 INFO o.a.j.JMeter: file.encoding=Cp1252
2026-10-08 00:07:42,745 INFO o.a.j.JMeter: java.awt.headless=true
2026-10-08 00:07:42,745 INFO o.a.j.JMeter: Max memory     =1073741824
2026-10-08 00:07:42,746 INFO o.a.j.JMeter: Available Processors =12
2026-10-08 00:07:42,761 INFO o.a.j.JMeter: Default Locale=English (EN)
2026-10-08 00:07:42,761 INFO o.a.j.JMeter: JMeter  Locale=English (EN)
2026-10-08 00:07:42,761 INFO o.a.j.JMeter: JMeterHome=C:\tools\apache-jmeter-5.6.3
2026-10-08 00:07:42,762 INFO o.a.j.JMeter: user.dir  =C:\Users\Administrator\Documents\GitHub\ICT3113_Assignment_1
2026-10-08 00:07:42,762 INFO o.a.j.JMeter: PWD       =C:\Users\Administrator\Documents\GitHub\ICT3113_Assignment_1
2026-10-08 00:07:42,763 INFO o.a.j.JMeter: IP: 100.111.72.66 Name: ITEMERROR-MSI-WISP FullName: itemerror-msi-wisp.taile944e3.ts.net.
2026-10-08 00:07:42,787 INFO o.a.j.s.FileServer: Default base='C:\Users\Administrator\Documents\GitHub\ICT3113_Assignment_1'
2026-10-08 00:07:42,790 INFO o.a.j.s.FileServer: Set new base='C:\Users\Administrator\Documents\GitHub\ICT3113_Assignment_1\step5\jmeter'
2026-10-08 00:07:43,027 INFO o.a.j.s.SaveService: Testplan (JMX) version: 2.2. Testlog (JTL) version: 2.2
2026-10-08 00:07:43,074 INFO o.a.j.s.SaveService: Using SaveService properties version 5.0
2026-10-08 00:07:43,080 INFO o.a.j.s.SaveService: Using SaveService properties file encoding UTF-8
2026-10-08 00:07:43,088 INFO o.a.j.s.SaveService: Loading file: C:\Users\Administrator\Documents\GitHub\ICT3113_Assignment_1\step5\jmeter\ticket_triage.jmx
2026-10-08 00:07:43,174 INFO o.a.j.p.h.s.HTTPSamplerBase: Parser for text/html is org.apache.jmeter.protocol.http.parser.LagartoBasedHtmlParser
2026-10-08 00:07:43,174 INFO o.a.j.p.h.s.HTTPSamplerBase: Parser for application/xhtml+xml is org.apache.jmeter.protocol.http.parser.LagartoBasedHtmlParser
2026-10-08 00:07:43,174 INFO o.a.j.p.h.s.HTTPSamplerBase: Parser for application/xml is org.apache.jmeter.protocol.http.parser.LagartoBasedHtmlParser
2026-10-08 00:07:43,174 INFO o.a.j.p.h.s.HTTPSamplerBase: Parser for text/xml is org.apache.jmeter.protocol.http.parser.LagartoBasedHtmlParser
2026-10-08 00:07:43,175 INFO o.a.j.p.h.s.HTTPSamplerBase: Parser for text/vnd.wap.wml is org.apache.jmeter.protocol.http.parser.RegexpHTMLParser
2026-10-08 00:07:43,175 INFO o.a.j.p.h.s.HTTPSamplerBase: Parser for text/css is org.apache.jmeter.protocol.http.parser.CssParser
2026-10-08 00:07:43,202 INFO o.a.j.JMeter: Creating summariser <summary>
2026-10-08 00:07:43,229 INFO o.a.j.e.StandardJMeterEngine: Running the test!
2026-10-08 00:07:43,230 INFO o.a.j.s.SampleEvent: List of sample_variables: [reqid, row]
2026-10-08 00:07:43,230 INFO o.a.j.s.SampleEvent: List of sample_variables: [reqid, row]
2026-10-08 00:07:43,235 INFO o.a.j.e.u.CompoundVariable: Note: Function class names must contain the string: '.functions.'
2026-10-08 00:07:43,235 INFO o.a.j.e.u.CompoundVariable: Note: Function class names must not contain the string: '.gui.'
2026-10-08 00:07:43,335 INFO o.a.j.JMeter: Running test (1791389263335)
2026-10-08 00:07:43,359 INFO o.a.j.e.StandardJMeterEngine: Starting ThreadGroup: 1 : POST tickets (intake)
2026-10-08 00:07:43,359 INFO o.a.j.e.StandardJMeterEngine: Starting 0 threads for group POST tickets (intake).
2026-10-08 00:07:43,359 INFO o.a.j.e.StandardJMeterEngine: Thread will continue on error
2026-10-08 00:07:43,360 INFO o.a.j.t.o.OpenModelThreadGroup: Starting OpenModelThreadGroup#1 with schedule rate(43/hour) random_arrivals(22 min) pause(1 min)
2026-10-08 00:07:43,414 INFO o.a.j.e.StandardJMeterEngine: Starting ThreadGroup: 2 : GET search (agents)
2026-10-08 00:07:43,414 INFO o.a.j.e.StandardJMeterEngine: Starting 0 threads for group GET search (agents).
2026-10-08 00:07:43,415 INFO o.a.j.e.StandardJMeterEngine: Thread will continue on error
2026-10-08 00:07:43,415 INFO o.a.j.t.o.OpenModelThreadGroup: Thread starting init
2026-10-08 00:07:43,415 INFO o.a.j.t.o.OpenModelThreadGroup: Starting OpenModelThreadGroup#2 with schedule rate(130/hour) random_arrivals(22 min) pause(1 min)
2026-10-08 00:07:43,415 INFO o.a.j.e.StandardJMeterEngine: All thread groups have been started
2026-10-08 00:07:43,416 INFO o.a.j.t.o.OpenModelThreadGroup: Thread starting init
2026-10-08 00:07:43,421 INFO o.a.j.t.o.PoissonArrivalsRamp: Generating 15 events, beginRate = 0.011944444444444445 / sec, endRate = 0.011944444444444445 / sec, duration = 1320.0 sec
2026-10-08 00:07:43,422 INFO o.a.j.t.o.PoissonArrivalsRamp: Generating 47 events, beginRate = 0.03611111111111111 / sec, endRate = 0.03611111111111111 / sec, duration = 1320.0 sec
2026-10-08 00:07:51,376 INFO o.a.j.t.JMeterThread: Thread started: POST tickets (intake) 1-1
2026-10-08 00:07:51,495 INFO o.a.j.s.FileServer: Stored: C:/Users/Administrator/Documents/GitHub/ICT3113_Assignment_1/step5/data/tickets_load.tsv
2026-10-08 00:07:51,553 INFO o.a.j.p.h.s.HTTPHCAbstractImpl: Local host = ITEMERROR-MSI-WISP
2026-10-08 00:07:51,566 INFO o.a.j.p.h.s.HTTPHC4Impl: HTTP request retry count = 0
2026-10-08 00:07:51,569 INFO o.a.j.s.SampleResult: Note: Sample TimeStamps are START times
2026-10-08 00:07:51,569 INFO o.a.j.s.SampleResult: sampleresult.default.encoding is set to UTF-8
2026-10-08 00:07:51,569 INFO o.a.j.s.SampleResult: sampleresult.useNanoTime=true
2026-10-08 00:07:51,569 INFO o.a.j.s.SampleResult: sampleresult.nanoThreadSleep=5000
2026-10-08 00:07:55,252 INFO o.a.j.t.JMeterThread: Thread is done: POST tickets (intake) 1-1
2026-10-08 00:07:55,252 INFO o.a.j.t.JMeterThread: Thread finished: POST tickets (intake) 1-1
2026-10-08 00:08:34,322 INFO o.a.j.t.JMeterThread: Thread started: GET search (agents) 2-1
2026-10-08 00:08:34,322 INFO o.a.j.s.FileServer: Stored: C:/Users/Administrator/Documents/GitHub/ICT3113_Assignment_1/step5/data/search_terms.csv
2026-10-08 00:08:34,354 INFO o.a.j.r.Summariser: summary +      2 in 00:00:51 =    0.0/s Avg:  1797 Min:    28 Max:  3567 Err:     0 (0.00%) Active: 1 Started: 2 Finished: 1
2026-10-08 00:08:34,354 INFO o.a.j.t.JMeterThread: Thread is done: GET search (agents) 2-1
2026-10-08 00:08:34,354 INFO o.a.j.t.JMeterThread: Thread finished: GET search (agents) 2-1
2026-10-08 00:08:35,500 INFO o.a.j.t.JMeterThread: Thread started: GET search (agents) 2-2
2026-10-08 00:08:35,523 INFO o.a.j.t.JMeterThread: Thread is done: GET search (agents) 2-2
2026-10-08 00:08:35,524 INFO o.a.j.t.JMeterThread: Thread finished: GET search (agents) 2-2
2026-10-08 00:08:38,886 INFO o.a.j.t.JMeterThread: Thread started: GET search (agents) 2-3
2026-10-08 00:08:38,910 INFO o.a.j.t.JMeterThread: Thread is done: GET search (agents) 2-3
2026-10-08 00:08:38,910 INFO o.a.j.t.JMeterThread: Thread finished: GET search (agents) 2-3
2026-10-08 00:09:11,059 INFO o.a.j.t.JMeterThread: Thread started: GET search (agents) 2-4
2026-10-08 00:09:11,122 INFO o.a.j.t.JMeterThread: Thread is done: GET search (agents) 2-4
2026-10-08 00:09:11,122 INFO o.a.j.t.JMeterThread: Thread finished: GET search (agents) 2-4
2026-10-08 00:09:19,943 INFO o.a.j.t.JMeterThread: Thread started: GET search (agents) 2-5
2026-10-08 00:09:19,964 INFO o.a.j.t.JMeterThread: Thread is done: GET search (agents) 2-5
2026-10-08 00:09:19,964 INFO o.a.j.t.JMeterThread: Thread finished: GET search (agents) 2-5
2026-10-08 00:09:58,285 INFO o.a.j.t.JMeterThread: Thread started: GET search (agents) 2-6
2026-10-08 00:09:58,323 INFO o.a.j.t.JMeterThread: Thread is done: GET search (agents) 2-6
2026-10-08 00:09:58,324 INFO o.a.j.t.JMeterThread: Thread finished: GET search (agents) 2-6
2026-10-08 00:10:16,311 INFO o.a.j.t.JMeterThread: Thread started: POST tickets (intake) 1-2
2026-10-08 00:10:17,678 INFO o.a.j.t.JMeterThread: Thread is done: POST tickets (intake) 1-2
2026-10-08 00:10:17,678 INFO o.a.j.t.JMeterThread: Thread finished: POST tickets (intake) 1-2
2026-10-08 00:10:18,293 INFO o.a.j.t.JMeterThread: Thread started: GET search (agents) 2-7
2026-10-08 00:10:18,319 INFO o.a.j.t.JMeterThread: Thread is done: GET search (agents) 2-7
2026-10-08 00:10:18,319 INFO o.a.j.t.JMeterThread: Thread finished: GET search (agents) 2-7
2026-10-08 00:10:20,031 INFO o.a.j.t.JMeterThread: Thread started: GET search (agents) 2-8
2026-10-08 00:10:20,086 INFO o.a.j.t.JMeterThread: Thread is done: GET search (agents) 2-8
2026-10-08 00:10:20,086 INFO o.a.j.t.JMeterThread: Thread finished: GET search (agents) 2-8
2026-10-08 00:10:36,872 INFO o.a.j.t.JMeterThread: Thread started: GET search (agents) 2-9
2026-10-08 00:10:36,925 INFO o.a.j.t.JMeterThread: Thread is done: GET search (agents) 2-9
2026-10-08 00:10:36,926 INFO o.a.j.t.JMeterThread: Thread finished: GET search (agents) 2-9
2026-10-08 00:10:43,277 INFO o.a.j.t.JMeterThread: Thread started: GET search (agents) 2-10
2026-10-08 00:10:43,308 INFO o.a.j.t.JMeterThread: Thread is done: GET search (agents) 2-10
2026-10-08 00:10:43,309 INFO o.a.j.t.JMeterThread: Thread finished: GET search (agents) 2-10
2026-10-08 00:12:07,359 INFO o.a.j.t.JMeterThread: Thread started: GET search (agents) 2-11
2026-10-08 00:12:07,379 INFO o.a.j.t.JMeterThread: Thread is done: GET search (agents) 2-11
2026-10-08 00:12:07,379 INFO o.a.j.t.JMeterThread: Thread finished: GET search (agents) 2-11
2026-10-08 00:12:17,007 INFO o.a.j.t.JMeterThread: Thread started: GET search (agents) 2-12
2026-10-08 00:12:17,073 INFO o.a.j.t.JMeterThread: Thread is done: GET search (agents) 2-12
2026-10-08 00:12:17,073 INFO o.a.j.t.JMeterThread: Thread finished: GET search (agents) 2-12
2026-10-08 00:12:17,418 INFO o.a.j.t.JMeterThread: Thread started: POST tickets (intake) 1-3
2026-10-08 00:12:19,355 INFO o.a.j.t.JMeterThread: Thread is done: POST tickets (intake) 1-3
2026-10-08 00:12:19,355 INFO o.a.j.t.JMeterThread: Thread finished: POST tickets (intake) 1-3
2026-10-08 00:12:19,916 INFO o.a.j.t.JMeterThread: Thread started: GET search (agents) 2-13
2026-10-08 00:12:19,985 INFO o.a.j.t.JMeterThread: Thread is done: GET search (agents) 2-13
2026-10-08 00:12:19,985 INFO o.a.j.t.JMeterThread: Thread finished: GET search (agents) 2-13
2026-10-08 00:12:56,677 INFO o.a.j.t.JMeterThread: Thread started: GET search (agents) 2-14
2026-10-08 00:12:56,724 INFO o.a.j.t.JMeterThread: Thread is done: GET search (agents) 2-14
2026-10-08 00:12:56,724 INFO o.a.j.t.JMeterThread: Thread finished: GET search (agents) 2-14
2026-10-08 00:14:11,389 INFO o.a.j.t.JMeterThread: Thread started: POST tickets (intake) 1-4
2026-10-08 00:14:13,926 INFO o.a.j.t.JMeterThread: Thread is done: POST tickets (intake) 1-4
2026-10-08 00:14:13,926 INFO o.a.j.t.JMeterThread: Thread finished: POST tickets (intake) 1-4
2026-10-08 00:14:13,947 INFO o.a.j.t.JMeterThread: Thread started: GET search (agents) 2-15
2026-10-08 00:14:13,975 INFO o.a.j.t.JMeterThread: Thread is done: GET search (agents) 2-15
2026-10-08 00:14:13,975 INFO o.a.j.t.JMeterThread: Thread finished: GET search (agents) 2-15
2026-10-08 00:14:41,408 INFO o.a.j.t.JMeterThread: Thread started: GET search (agents) 2-16
2026-10-08 00:14:41,474 INFO o.a.j.t.JMeterThread: Thread is done: GET search (agents) 2-16
2026-10-08 00:14:41,474 INFO o.a.j.t.JMeterThread: Thread finished: GET search (agents) 2-16
2026-10-08 00:15:02,420 INFO o.a.j.t.JMeterThread: Thread started: POST tickets (intake) 1-5
2026-10-08 00:15:03,419 INFO o.a.j.r.Summariser: summary +     19 in 00:06:29 =    0.0/s Avg:   391 Min:    19 Max:  2535 Err:     1 (5.26%) Active: 1 Started: 21 Finished: 20
2026-10-08 00:15:03,419 INFO o.a.j.r.Summariser: summary =     21 in 00:07:20 =    0.0/s Avg:   525 Min:    19 Max:  3567 Err:     1 (4.76%)
2026-10-08 00:15:03,420 INFO o.a.j.t.JMeterThread: Thread is done: POST tickets (intake) 1-5
2026-10-08 00:15:03,420 INFO o.a.j.t.JMeterThread: Thread finished: POST tickets (intake) 1-5
2026-10-08 00:15:21,958 INFO o.a.j.t.JMeterThread: Thread started: POST tickets (intake) 1-6
2026-10-08 00:15:23,766 INFO o.a.j.t.JMeterThread: Thread is done: POST tickets (intake) 1-6
2026-10-08 00:15:23,766 INFO o.a.j.t.JMeterThread: Thread finished: POST tickets (intake) 1-6
2026-10-08 00:15:44,399 INFO o.a.j.t.JMeterThread: Thread started: GET search (agents) 2-17
2026-10-08 00:15:44,435 INFO o.a.j.t.JMeterThread: Thread is done: GET search (agents) 2-17
2026-10-08 00:15:44,436 INFO o.a.j.t.JMeterThread: Thread finished: GET search (agents) 2-17
2026-10-08 00:15:58,812 INFO o.a.j.t.JMeterThread: Thread started: GET search (agents) 2-18
2026-10-08 00:15:58,926 INFO o.a.j.t.JMeterThread: Thread is done: GET search (agents) 2-18
2026-10-08 00:15:58,926 INFO o.a.j.t.JMeterThread: Thread finished: GET search (agents) 2-18
2026-10-08 00:16:18,071 INFO o.a.j.t.JMeterThread: Thread started: GET search (agents) 2-19
2026-10-08 00:16:18,380 INFO o.a.j.t.JMeterThread: Thread is done: GET search (agents) 2-19
2026-10-08 00:16:18,380 INFO o.a.j.t.JMeterThread: Thread finished: GET search (agents) 2-19
2026-10-08 00:16:27,504 INFO o.a.j.t.JMeterThread: Thread started: POST tickets (intake) 1-7
2026-10-08 00:16:29,497 INFO o.a.j.t.JMeterThread: Thread is done: POST tickets (intake) 1-7
2026-10-08 00:16:29,497 INFO o.a.j.t.JMeterThread: Thread finished: POST tickets (intake) 1-7
2026-10-08 00:16:44,543 INFO o.a.j.t.JMeterThread: Thread started: POST tickets (intake) 1-8
2026-10-08 00:16:45,926 INFO o.a.j.t.JMeterThread: Thread is done: POST tickets (intake) 1-8
2026-10-08 00:16:45,926 INFO o.a.j.t.JMeterThread: Thread finished: POST tickets (intake) 1-8
2026-10-08 00:16:48,030 INFO o.a.j.t.JMeterThread: Thread started: GET search (agents) 2-20
2026-10-08 00:16:48,058 INFO o.a.j.t.JMeterThread: Thread is done: GET search (agents) 2-20
2026-10-08 00:16:48,059 INFO o.a.j.t.JMeterThread: Thread finished: GET search (agents) 2-20
2026-10-08 00:16:57,246 INFO o.a.j.t.JMeterThread: Thread started: GET search (agents) 2-21
2026-10-08 00:16:57,261 INFO o.a.j.t.JMeterThread: Thread is done: GET search (agents) 2-21
2026-10-08 00:16:57,261 INFO o.a.j.t.JMeterThread: Thread finished: GET search (agents) 2-21
2026-10-08 00:17:27,004 INFO o.a.j.t.JMeterThread: Thread started: GET search (agents) 2-22
2026-10-08 00:17:27,097 INFO o.a.j.t.JMeterThread: Thread is done: GET search (agents) 2-22
2026-10-08 00:17:27,098 INFO o.a.j.t.JMeterThread: Thread finished: GET search (agents) 2-22
2026-10-08 00:17:44,173 INFO o.a.j.t.JMeterThread: Thread started: GET search (agents) 2-23
2026-10-08 00:17:44,198 INFO o.a.j.t.JMeterThread: Thread is done: GET search (agents) 2-23
2026-10-08 00:17:44,198 INFO o.a.j.t.JMeterThread: Thread finished: GET search (agents) 2-23
2026-10-08 00:18:14,188 INFO o.a.j.t.JMeterThread: Thread started: GET search (agents) 2-24
2026-10-08 00:18:14,210 INFO o.a.j.t.JMeterThread: Thread is done: GET search (agents) 2-24
2026-10-08 00:18:14,210 INFO o.a.j.t.JMeterThread: Thread finished: GET search (agents) 2-24
2026-10-08 00:18:23,172 INFO o.a.j.t.JMeterThread: Thread started: GET search (agents) 2-25
2026-10-08 00:18:23,319 INFO o.a.j.t.JMeterThread: Thread is done: GET search (agents) 2-25
2026-10-08 00:18:23,319 INFO o.a.j.t.JMeterThread: Thread finished: GET search (agents) 2-25
2026-10-08 00:18:51,793 INFO o.a.j.t.JMeterThread: Thread started: POST tickets (intake) 1-9
2026-10-08 00:18:53,828 INFO o.a.j.t.JMeterThread: Thread is done: POST tickets (intake) 1-9
2026-10-08 00:18:53,828 INFO o.a.j.t.JMeterThread: Thread finished: POST tickets (intake) 1-9
2026-10-08 00:19:10,133 INFO o.a.j.t.JMeterThread: Thread started: GET search (agents) 2-26
2026-10-08 00:19:10,219 INFO o.a.j.t.JMeterThread: Thread is done: GET search (agents) 2-26
2026-10-08 00:19:10,219 INFO o.a.j.t.JMeterThread: Thread finished: GET search (agents) 2-26
2026-10-08 00:19:11,542 INFO o.a.j.t.JMeterThread: Thread started: GET search (agents) 2-27
2026-10-08 00:19:11,572 INFO o.a.j.t.JMeterThread: Thread is done: GET search (agents) 2-27
2026-10-08 00:19:11,572 INFO o.a.j.t.JMeterThread: Thread finished: GET search (agents) 2-27
2026-10-08 00:20:03,385 INFO o.a.j.t.JMeterThread: Thread started: GET search (agents) 2-28
2026-10-08 00:20:03,473 INFO o.a.j.r.Summariser: summary +     16 in 00:05:00 =    0.1/s Avg:   511 Min:    13 Max:  2034 Err:     0 (0.00%) Active: 1 Started: 37 Finished: 36
2026-10-08 00:20:03,473 INFO o.a.j.r.Summariser: summary =     37 in 00:12:20 =    0.0/s Avg:   519 Min:    13 Max:  3567 Err:     1 (2.70%)
2026-10-08 00:20:03,473 INFO o.a.j.t.JMeterThread: Thread is done: GET search (agents) 2-28
2026-10-08 00:20:03,473 INFO o.a.j.t.JMeterThread: Thread finished: GET search (agents) 2-28
2026-10-08 00:20:23,585 INFO o.a.j.t.JMeterThread: Thread started: GET search (agents) 2-29
2026-10-08 00:20:23,612 INFO o.a.j.t.JMeterThread: Thread is done: GET search (agents) 2-29
2026-10-08 00:20:23,612 INFO o.a.j.t.JMeterThread: Thread finished: GET search (agents) 2-29
2026-10-08 00:21:01,464 INFO o.a.j.t.JMeterThread: Thread started: GET search (agents) 2-30
2026-10-08 00:21:01,494 INFO o.a.j.r.Summariser: summary +      2 in 00:00:58 =    0.0/s Avg:    27 Min:    25 Max:    29 Err:     0 (0.00%) Active: 1 Started: 39 Finished: 38
2026-10-08 00:21:01,494 INFO o.a.j.r.Summariser: summary =     39 in 00:13:18 =    0.0/s Avg:   494 Min:    13 Max:  3567 Err:     1 (2.56%)
2026-10-08 00:21:01,494 INFO o.a.j.t.JMeterThread: Thread is done: GET search (agents) 2-30
2026-10-08 00:21:01,494 INFO o.a.j.t.JMeterThread: Thread finished: GET search (agents) 2-30
2026-10-08 00:21:20,592 INFO o.a.j.t.JMeterThread: Thread started: GET search (agents) 2-31
2026-10-08 00:21:20,649 INFO o.a.j.t.JMeterThread: Thread is done: GET search (agents) 2-31
2026-10-08 00:21:20,649 INFO o.a.j.t.JMeterThread: Thread finished: GET search (agents) 2-31
2026-10-08 00:21:25,162 INFO o.a.j.t.JMeterThread: Thread started: GET search (agents) 2-32
2026-10-08 00:21:25,184 INFO o.a.j.t.JMeterThread: Thread is done: GET search (agents) 2-32
2026-10-08 00:21:25,185 INFO o.a.j.t.JMeterThread: Thread finished: GET search (agents) 2-32
2026-10-08 00:22:51,075 INFO o.a.j.t.JMeterThread: Thread started: GET search (agents) 2-33
2026-10-08 00:22:51,096 INFO o.a.j.t.JMeterThread: Thread is done: GET search (agents) 2-33
2026-10-08 00:22:51,096 INFO o.a.j.t.JMeterThread: Thread finished: GET search (agents) 2-33
2026-10-08 00:23:36,168 INFO o.a.j.t.JMeterThread: Thread started: GET search (agents) 2-34
2026-10-08 00:23:36,223 INFO o.a.j.t.JMeterThread: Thread is done: GET search (agents) 2-34
2026-10-08 00:23:36,223 INFO o.a.j.t.JMeterThread: Thread finished: GET search (agents) 2-34
2026-10-08 00:23:38,673 INFO o.a.j.t.JMeterThread: Thread started: GET search (agents) 2-35
2026-10-08 00:23:38,708 INFO o.a.j.t.JMeterThread: Thread is done: GET search (agents) 2-35
2026-10-08 00:23:38,708 INFO o.a.j.t.JMeterThread: Thread finished: GET search (agents) 2-35
2026-10-08 00:23:47,993 INFO o.a.j.t.JMeterThread: Thread started: POST tickets (intake) 1-10
2026-10-08 00:23:49,745 INFO o.a.j.t.JMeterThread: Thread is done: POST tickets (intake) 1-10
2026-10-08 00:23:49,745 INFO o.a.j.t.JMeterThread: Thread finished: POST tickets (intake) 1-10
2026-10-08 00:24:11,167 INFO o.a.j.t.JMeterThread: Thread started: GET search (agents) 2-36
2026-10-08 00:24:11,298 INFO o.a.j.t.JMeterThread: Thread is done: GET search (agents) 2-36
2026-10-08 00:24:11,298 INFO o.a.j.t.JMeterThread: Thread finished: GET search (agents) 2-36
2026-10-08 00:25:39,385 INFO o.a.j.t.JMeterThread: Thread started: GET search (agents) 2-37
2026-10-08 00:25:39,488 INFO o.a.j.t.JMeterThread: Thread is done: GET search (agents) 2-37
2026-10-08 00:25:39,488 INFO o.a.j.t.JMeterThread: Thread finished: GET search (agents) 2-37
2026-10-08 00:26:00,198 INFO o.a.j.t.JMeterThread: Thread started: GET search (agents) 2-38
2026-10-08 00:26:00,238 INFO o.a.j.r.Summariser: summary +      9 in 00:04:59 =    0.0/s Avg:   245 Min:    20 Max:  1752 Err:     1 (11.11%) Active: 1 Started: 48 Finished: 47
2026-10-08 00:26:00,238 INFO o.a.j.r.Summariser: summary =     48 in 00:18:17 =    0.0/s Avg:   447 Min:    13 Max:  3567 Err:     2 (4.17%)
2026-10-08 00:26:00,239 INFO o.a.j.t.JMeterThread: Thread is done: GET search (agents) 2-38
2026-10-08 00:26:00,239 INFO o.a.j.t.JMeterThread: Thread finished: GET search (agents) 2-38
2026-10-08 00:27:09,326 INFO o.a.j.t.JMeterThread: Thread started: GET search (agents) 2-39
2026-10-08 00:27:09,434 INFO o.a.j.t.JMeterThread: Thread is done: GET search (agents) 2-39
2026-10-08 00:27:09,434 INFO o.a.j.t.JMeterThread: Thread finished: GET search (agents) 2-39
2026-10-08 00:27:22,180 INFO o.a.j.t.JMeterThread: Thread started: GET search (agents) 2-40
2026-10-08 00:27:22,263 INFO o.a.j.t.JMeterThread: Thread is done: GET search (agents) 2-40
2026-10-08 00:27:22,263 INFO o.a.j.t.JMeterThread: Thread finished: GET search (agents) 2-40
2026-10-08 00:28:20,181 INFO o.a.j.t.JMeterThread: Thread started: POST tickets (intake) 1-11
2026-10-08 00:28:22,496 INFO o.a.j.t.JMeterThread: Thread is done: POST tickets (intake) 1-11
2026-10-08 00:28:22,496 INFO o.a.j.t.JMeterThread: Thread finished: POST tickets (intake) 1-11
2026-10-08 00:28:23,856 INFO o.a.j.t.JMeterThread: Thread started: POST tickets (intake) 1-12
2026-10-08 00:28:24,802 INFO o.a.j.t.JMeterThread: Thread is done: POST tickets (intake) 1-12
2026-10-08 00:28:24,802 INFO o.a.j.t.JMeterThread: Thread finished: POST tickets (intake) 1-12
2026-10-08 00:28:28,437 INFO o.a.j.t.JMeterThread: Thread started: GET search (agents) 2-41
2026-10-08 00:28:28,490 INFO o.a.j.t.JMeterThread: Thread is done: GET search (agents) 2-41
2026-10-08 00:28:28,490 INFO o.a.j.t.JMeterThread: Thread finished: GET search (agents) 2-41
2026-10-08 00:28:32,033 INFO o.a.j.t.JMeterThread: Thread started: GET search (agents) 2-42
2026-10-08 00:28:32,138 INFO o.a.j.r.Summariser: summary +      6 in 00:02:32 =    0.0/s Avg:   600 Min:    52 Max:  2314 Err:     0 (0.00%) Active: 1 Started: 54 Finished: 53
2026-10-08 00:28:32,138 INFO o.a.j.r.Summariser: summary =     54 in 00:20:49 =    0.0/s Avg:   464 Min:    13 Max:  3567 Err:     2 (3.70%)
2026-10-08 00:28:32,138 INFO o.a.j.t.JMeterThread: Thread is done: GET search (agents) 2-42
2026-10-08 00:28:32,138 INFO o.a.j.t.JMeterThread: Thread finished: GET search (agents) 2-42
2026-10-08 00:28:33,530 INFO o.a.j.t.JMeterThread: Thread started: POST tickets (intake) 1-13
2026-10-08 00:28:34,824 INFO o.a.j.t.JMeterThread: Thread is done: POST tickets (intake) 1-13
2026-10-08 00:28:34,824 INFO o.a.j.t.JMeterThread: Thread finished: POST tickets (intake) 1-13
2026-10-08 00:28:55,323 INFO o.a.j.t.JMeterThread: Thread started: POST tickets (intake) 1-14
2026-10-08 00:28:56,472 INFO o.a.j.t.JMeterThread: Thread is done: POST tickets (intake) 1-14
2026-10-08 00:28:56,472 INFO o.a.j.t.JMeterThread: Thread finished: POST tickets (intake) 1-14
2026-10-08 00:29:00,673 INFO o.a.j.t.o.EvenArrivalsRamp: Generating 0 events, beginRate = 0.0 / sec, endRate = 0.0 / sec, duration = 60.0 sec
2026-10-08 00:29:00,673 INFO o.a.j.t.JMeterThread: Thread started: POST tickets (intake) 1-15
2026-10-08 00:29:00,673 INFO o.a.j.t.o.OpenModelThreadGroup: There will be no more events, so will wait for 102 sec till the end of the schedule
2026-10-08 00:29:01,907 INFO o.a.j.r.Summariser: summary +      3 in 00:00:30 =    0.1/s Avg:  1224 Min:  1148 Max:  1292 Err:     1 (33.33%) Active: 1 Started: 57 Finished: 56
2026-10-08 00:29:01,907 INFO o.a.j.r.Summariser: summary =     57 in 00:21:19 =    0.0/s Avg:   504 Min:    13 Max:  3567 Err:     3 (5.26%)
2026-10-08 00:29:01,907 INFO o.a.j.t.JMeterThread: Thread is done: POST tickets (intake) 1-15
2026-10-08 00:29:01,907 INFO o.a.j.t.JMeterThread: Thread finished: POST tickets (intake) 1-15
2026-10-08 00:29:03,167 INFO o.a.j.t.JMeterThread: Thread started: GET search (agents) 2-43
2026-10-08 00:29:03,223 INFO o.a.j.t.JMeterThread: Thread is done: GET search (agents) 2-43
2026-10-08 00:29:03,223 INFO o.a.j.t.JMeterThread: Thread finished: GET search (agents) 2-43
2026-10-08 00:29:06,558 INFO o.a.j.t.JMeterThread: Thread started: GET search (agents) 2-44
2026-10-08 00:29:06,685 INFO o.a.j.t.JMeterThread: Thread is done: GET search (agents) 2-44
2026-10-08 00:29:06,685 INFO o.a.j.t.JMeterThread: Thread finished: GET search (agents) 2-44
2026-10-08 00:29:09,109 INFO o.a.j.t.JMeterThread: Thread started: GET search (agents) 2-45
2026-10-08 00:29:09,224 INFO o.a.j.t.JMeterThread: Thread is done: GET search (agents) 2-45
2026-10-08 00:29:09,224 INFO o.a.j.t.JMeterThread: Thread finished: GET search (agents) 2-45
2026-10-08 00:29:22,926 INFO o.a.j.t.JMeterThread: Thread started: GET search (agents) 2-46
2026-10-08 00:29:23,154 INFO o.a.j.t.JMeterThread: Thread is done: GET search (agents) 2-46
2026-10-08 00:29:23,154 INFO o.a.j.t.JMeterThread: Thread finished: GET search (agents) 2-46
2026-10-08 00:29:28,473 INFO o.a.j.t.o.EvenArrivalsRamp: Generating 0 events, beginRate = 0.0 / sec, endRate = 0.0 / sec, duration = 60.0 sec
2026-10-08 00:29:28,473 INFO o.a.j.t.o.OpenModelThreadGroup: There will be no more events, so will wait for 74 sec till the end of the schedule
2026-10-08 00:29:28,473 INFO o.a.j.t.JMeterThread: Thread started: GET search (agents) 2-47
2026-10-08 00:29:28,520 INFO o.a.j.t.JMeterThread: Thread is done: GET search (agents) 2-47
2026-10-08 00:29:28,520 INFO o.a.j.t.JMeterThread: Thread finished: GET search (agents) 2-47
2026-10-08 00:30:43,233 INFO o.a.j.t.o.OpenModelThreadGroup: There will be no more events, will shutdown the thread pool
2026-10-08 00:30:43,233 INFO o.a.j.t.o.OpenModelThreadGroup: Thread starting done
2026-10-08 00:30:43,235 INFO o.a.j.t.o.OpenModelThreadGroup: There will be no more events, will shutdown the thread pool
2026-10-08 00:30:43,235 INFO o.a.j.t.o.OpenModelThreadGroup: Thread starting done
2026-10-08 00:30:43,235 INFO o.a.j.e.StandardJMeterEngine: Notifying test listeners of end of test
2026-10-08 00:30:43,235 INFO o.a.j.s.FileServer: Close: C:/Users/Administrator/Documents/GitHub/ICT3113_Assignment_1/step5/data/search_terms.csv
2026-10-08 00:30:43,235 INFO o.a.j.s.FileServer: Close: C:/Users/Administrator/Documents/GitHub/ICT3113_Assignment_1/step5/data/tickets_load.tsv
2026-10-08 00:30:43,235 INFO o.a.j.r.Summariser: summary +      5 in 00:01:41 =    0.0/s Avg:   112 Min:    45 Max:   226 Err:     0 (0.00%) Active: 0 Started: 62 Finished: 62
2026-10-08 00:30:43,235 INFO o.a.j.r.Summariser: summary =     62 in 00:23:00 =    0.0/s Avg:   472 Min:    13 Max:  3567 Err:     3 (4.84%)
