2026-10-08 03:03:00,298 INFO o.a.j.u.JMeterUtils: Setting Locale to en_EN
2026-10-08 03:03:00,315 INFO o.a.j.JMeter: Loading user properties from: C:\tools\apache-jmeter-5.6.3\bin\user.properties
2026-10-08 03:03:00,315 INFO o.a.j.JMeter: Loading system properties from: C:\tools\apache-jmeter-5.6.3\bin\system.properties
2026-10-08 03:03:00,316 INFO o.a.j.JMeter: Loading additional properties from: C:\Users\Administrator\Documents\GitHub\ICT3113_Assignment_1\step5\results\gemma3-1b\headroom\run2\run.properties
2026-10-08 03:03:00,323 INFO o.a.j.JMeter: Copyright (c) 1998-2024 The Apache Software Foundation
2026-10-08 03:03:00,323 INFO o.a.j.JMeter: Version 5.6.3
2026-10-08 03:03:00,323 INFO o.a.j.JMeter: java.version=17.0.20.1
2026-10-08 03:03:00,323 INFO o.a.j.JMeter: java.vm.name=OpenJDK 64-Bit Server VM
2026-10-08 03:03:00,324 INFO o.a.j.JMeter: os.name=Windows 10
2026-10-08 03:03:00,324 INFO o.a.j.JMeter: os.arch=amd64
2026-10-08 03:03:00,324 INFO o.a.j.JMeter: os.version=10.0
2026-10-08 03:03:00,324 INFO o.a.j.JMeter: file.encoding=Cp1252
2026-10-08 03:03:00,324 INFO o.a.j.JMeter: java.awt.headless=true
2026-10-08 03:03:00,324 INFO o.a.j.JMeter: Max memory     =1073741824
2026-10-08 03:03:00,324 INFO o.a.j.JMeter: Available Processors =12
2026-10-08 03:03:00,332 INFO o.a.j.JMeter: Default Locale=English (EN)
2026-10-08 03:03:00,332 INFO o.a.j.JMeter: JMeter  Locale=English (EN)
2026-10-08 03:03:00,332 INFO o.a.j.JMeter: JMeterHome=C:\tools\apache-jmeter-5.6.3
2026-10-08 03:03:00,332 INFO o.a.j.JMeter: user.dir  =C:\Users\Administrator\Documents\GitHub\ICT3113_Assignment_1
2026-10-08 03:03:00,333 INFO o.a.j.JMeter: PWD       =C:\Users\Administrator\Documents\GitHub\ICT3113_Assignment_1
2026-10-08 03:03:00,334 INFO o.a.j.JMeter: IP: 100.111.72.66 Name: ITEMERROR-MSI-WISP FullName: itemerror-msi-wisp.taile944e3.ts.net.
2026-10-08 03:03:00,344 INFO o.a.j.s.FileServer: Default base='C:\Users\Administrator\Documents\GitHub\ICT3113_Assignment_1'
2026-10-08 03:03:00,346 INFO o.a.j.s.FileServer: Set new base='C:\Users\Administrator\Documents\GitHub\ICT3113_Assignment_1\step5\jmeter'
2026-10-08 03:03:00,523 INFO o.a.j.s.SaveService: Testplan (JMX) version: 2.2. Testlog (JTL) version: 2.2
2026-10-08 03:03:00,546 INFO o.a.j.s.SaveService: Using SaveService properties version 5.0
2026-10-08 03:03:00,549 INFO o.a.j.s.SaveService: Using SaveService properties file encoding UTF-8
2026-10-08 03:03:00,551 INFO o.a.j.s.SaveService: Loading file: C:\Users\Administrator\Documents\GitHub\ICT3113_Assignment_1\step5\jmeter\ticket_triage.jmx
2026-10-08 03:03:00,603 INFO o.a.j.p.h.s.HTTPSamplerBase: Parser for text/html is org.apache.jmeter.protocol.http.parser.LagartoBasedHtmlParser
2026-10-08 03:03:00,603 INFO o.a.j.p.h.s.HTTPSamplerBase: Parser for application/xhtml+xml is org.apache.jmeter.protocol.http.parser.LagartoBasedHtmlParser
2026-10-08 03:03:00,603 INFO o.a.j.p.h.s.HTTPSamplerBase: Parser for application/xml is org.apache.jmeter.protocol.http.parser.LagartoBasedHtmlParser
2026-10-08 03:03:00,603 INFO o.a.j.p.h.s.HTTPSamplerBase: Parser for text/xml is org.apache.jmeter.protocol.http.parser.LagartoBasedHtmlParser
2026-10-08 03:03:00,603 INFO o.a.j.p.h.s.HTTPSamplerBase: Parser for text/vnd.wap.wml is org.apache.jmeter.protocol.http.parser.RegexpHTMLParser
2026-10-08 03:03:00,603 INFO o.a.j.p.h.s.HTTPSamplerBase: Parser for text/css is org.apache.jmeter.protocol.http.parser.CssParser
2026-10-08 03:03:00,622 INFO o.a.j.JMeter: Creating summariser <summary>
2026-10-08 03:03:00,638 INFO o.a.j.e.StandardJMeterEngine: Running the test!
2026-10-08 03:03:00,639 INFO o.a.j.s.SampleEvent: List of sample_variables: [reqid, row]
2026-10-08 03:03:00,639 INFO o.a.j.s.SampleEvent: List of sample_variables: [reqid, row]
2026-10-08 03:03:00,642 INFO o.a.j.e.u.CompoundVariable: Note: Function class names must contain the string: '.functions.'
2026-10-08 03:03:00,642 INFO o.a.j.e.u.CompoundVariable: Note: Function class names must not contain the string: '.gui.'
2026-10-08 03:03:00,706 INFO o.a.j.JMeter: Running test (1791399780706)
2026-10-08 03:03:00,720 INFO o.a.j.e.StandardJMeterEngine: Starting ThreadGroup: 1 : POST tickets (intake)
2026-10-08 03:03:00,720 INFO o.a.j.e.StandardJMeterEngine: Starting 0 threads for group POST tickets (intake).
2026-10-08 03:03:00,720 INFO o.a.j.e.StandardJMeterEngine: Thread will continue on error
2026-10-08 03:03:00,720 INFO o.a.j.t.o.OpenModelThreadGroup: Starting OpenModelThreadGroup#1 with schedule rate(105/hour) random_arrivals(22 min) pause(1 min)
2026-10-08 03:03:00,752 INFO o.a.j.e.StandardJMeterEngine: Starting ThreadGroup: 2 : GET search (agents)
2026-10-08 03:03:00,752 INFO o.a.j.e.StandardJMeterEngine: Starting 0 threads for group GET search (agents).
2026-10-08 03:03:00,752 INFO o.a.j.e.StandardJMeterEngine: Thread will continue on error
2026-10-08 03:03:00,752 INFO o.a.j.t.o.OpenModelThreadGroup: Starting OpenModelThreadGroup#2 with schedule rate(316/hour) random_arrivals(22 min) pause(1 min)
2026-10-08 03:03:00,752 INFO o.a.j.t.o.OpenModelThreadGroup: Thread starting init
2026-10-08 03:03:00,753 INFO o.a.j.e.StandardJMeterEngine: All thread groups have been started
2026-10-08 03:03:00,753 INFO o.a.j.t.o.OpenModelThreadGroup: Thread starting init
2026-10-08 03:03:00,756 INFO o.a.j.t.o.PoissonArrivalsRamp: Generating 38 events, beginRate = 0.029166666666666667 / sec, endRate = 0.029166666666666667 / sec, duration = 1320.0 sec
2026-10-08 03:03:00,756 INFO o.a.j.t.o.PoissonArrivalsRamp: Generating 115 events, beginRate = 0.08777777777777777 / sec, endRate = 0.08777777777777777 / sec, duration = 1320.0 sec
2026-10-08 03:03:06,995 INFO o.a.j.t.JMeterThread: Thread started: GET search (agents) 2-1
2026-10-08 03:03:07,030 INFO o.a.j.s.FileServer: Stored: C:/Users/Administrator/Documents/GitHub/ICT3113_Assignment_1/step5/data/search_terms.csv
2026-10-08 03:03:07,049 INFO o.a.j.p.h.s.HTTPHCAbstractImpl: Local host = ITEMERROR-MSI-WISP
2026-10-08 03:03:07,053 INFO o.a.j.p.h.s.HTTPHC4Impl: HTTP request retry count = 0
2026-10-08 03:03:07,054 INFO o.a.j.s.SampleResult: Note: Sample TimeStamps are START times
2026-10-08 03:03:07,054 INFO o.a.j.s.SampleResult: sampleresult.default.encoding is set to UTF-8
2026-10-08 03:03:07,054 INFO o.a.j.s.SampleResult: sampleresult.useNanoTime=true
2026-10-08 03:03:07,054 INFO o.a.j.s.SampleResult: sampleresult.nanoThreadSleep=5000
2026-10-08 03:03:07,156 INFO o.a.j.t.JMeterThread: Thread is done: GET search (agents) 2-1
2026-10-08 03:03:07,156 INFO o.a.j.t.JMeterThread: Thread finished: GET search (agents) 2-1
2026-10-08 03:03:09,215 INFO o.a.j.t.JMeterThread: Thread started: GET search (agents) 2-2
2026-10-08 03:03:09,299 INFO o.a.j.t.JMeterThread: Thread is done: GET search (agents) 2-2
2026-10-08 03:03:09,299 INFO o.a.j.t.JMeterThread: Thread finished: GET search (agents) 2-2
2026-10-08 03:03:31,764 INFO o.a.j.t.JMeterThread: Thread started: GET search (agents) 2-3
2026-10-08 03:03:31,822 INFO o.a.j.r.Summariser: summary +      3 in 00:00:31 =    0.1/s Avg:    63 Min:    53 Max:    83 Err:     0 (0.00%) Active: 1 Started: 3 Finished: 2
2026-10-08 03:03:31,823 INFO o.a.j.t.JMeterThread: Thread is done: GET search (agents) 2-3
2026-10-08 03:03:31,823 INFO o.a.j.t.JMeterThread: Thread finished: GET search (agents) 2-3
2026-10-08 03:03:32,950 INFO o.a.j.t.JMeterThread: Thread started: GET search (agents) 2-4
2026-10-08 03:03:32,992 INFO o.a.j.t.JMeterThread: Thread is done: GET search (agents) 2-4
2026-10-08 03:03:32,992 INFO o.a.j.t.JMeterThread: Thread finished: GET search (agents) 2-4
2026-10-08 03:03:40,917 INFO o.a.j.t.JMeterThread: Thread started: POST tickets (intake) 1-1
2026-10-08 03:03:40,918 INFO o.a.j.s.FileServer: Stored: C:/Users/Administrator/Documents/GitHub/ICT3113_Assignment_1/step5/data/tickets_load.tsv
2026-10-08 03:03:42,313 INFO o.a.j.t.JMeterThread: Thread is done: POST tickets (intake) 1-1
2026-10-08 03:03:42,314 INFO o.a.j.t.JMeterThread: Thread finished: POST tickets (intake) 1-1
2026-10-08 03:03:43,748 INFO o.a.j.t.JMeterThread: Thread started: GET search (agents) 2-5
2026-10-08 03:03:43,772 INFO o.a.j.t.JMeterThread: Thread is done: GET search (agents) 2-5
2026-10-08 03:03:43,772 INFO o.a.j.t.JMeterThread: Thread finished: GET search (agents) 2-5
2026-10-08 03:03:43,889 INFO o.a.j.t.JMeterThread: Thread started: POST tickets (intake) 1-2
2026-10-08 03:03:45,037 INFO o.a.j.t.JMeterThread: Thread started: GET search (agents) 2-6
2026-10-08 03:03:45,129 INFO o.a.j.t.JMeterThread: Thread is done: GET search (agents) 2-6
2026-10-08 03:03:45,129 INFO o.a.j.t.JMeterThread: Thread finished: GET search (agents) 2-6
2026-10-08 03:03:45,335 INFO o.a.j.t.JMeterThread: Thread is done: POST tickets (intake) 1-2
2026-10-08 03:03:45,335 INFO o.a.j.t.JMeterThread: Thread finished: POST tickets (intake) 1-2
2026-10-08 03:04:05,865 INFO o.a.j.t.JMeterThread: Thread started: POST tickets (intake) 1-3
2026-10-08 03:04:07,918 INFO o.a.j.t.JMeterThread: Thread is done: POST tickets (intake) 1-3
2026-10-08 03:04:07,918 INFO o.a.j.t.JMeterThread: Thread finished: POST tickets (intake) 1-3
2026-10-08 03:04:11,782 INFO o.a.j.t.JMeterThread: Thread started: GET search (agents) 2-7
2026-10-08 03:04:11,831 INFO o.a.j.t.JMeterThread: Thread is done: GET search (agents) 2-7
2026-10-08 03:04:11,831 INFO o.a.j.t.JMeterThread: Thread finished: GET search (agents) 2-7
2026-10-08 03:04:15,547 INFO o.a.j.t.JMeterThread: Thread started: POST tickets (intake) 1-4
2026-10-08 03:04:18,217 INFO o.a.j.t.JMeterThread: Thread is done: POST tickets (intake) 1-4
2026-10-08 03:04:18,217 INFO o.a.j.t.JMeterThread: Thread finished: POST tickets (intake) 1-4
2026-10-08 03:04:25,130 INFO o.a.j.t.JMeterThread: Thread started: GET search (agents) 2-8
2026-10-08 03:04:25,176 INFO o.a.j.t.JMeterThread: Thread is done: GET search (agents) 2-8
2026-10-08 03:04:25,176 INFO o.a.j.t.JMeterThread: Thread finished: GET search (agents) 2-8
2026-10-08 03:04:26,377 INFO o.a.j.t.JMeterThread: Thread started: GET search (agents) 2-9
2026-10-08 03:04:26,399 INFO o.a.j.t.JMeterThread: Thread is done: GET search (agents) 2-9
2026-10-08 03:04:26,400 INFO o.a.j.t.JMeterThread: Thread finished: GET search (agents) 2-9
2026-10-08 03:04:33,432 INFO o.a.j.t.JMeterThread: Thread started: GET search (agents) 2-10
2026-10-08 03:04:33,466 INFO o.a.j.r.Summariser: summary +     11 in 00:01:02 =    0.2/s Avg:   714 Min:    21 Max:  2668 Err:     1 (9.09%) Active: 1 Started: 14 Finished: 13
2026-10-08 03:04:33,466 INFO o.a.j.r.Summariser: summary =     14 in 00:01:33 =    0.2/s Avg:   574 Min:    21 Max:  2668 Err:     1 (7.14%)
2026-10-08 03:04:33,467 INFO o.a.j.t.JMeterThread: Thread is done: GET search (agents) 2-10
2026-10-08 03:04:33,467 INFO o.a.j.t.JMeterThread: Thread finished: GET search (agents) 2-10
2026-10-08 03:04:37,111 INFO o.a.j.t.JMeterThread: Thread started: GET search (agents) 2-11
2026-10-08 03:04:37,157 INFO o.a.j.t.JMeterThread: Thread is done: GET search (agents) 2-11
2026-10-08 03:04:37,157 INFO o.a.j.t.JMeterThread: Thread finished: GET search (agents) 2-11
2026-10-08 03:04:39,373 INFO o.a.j.t.JMeterThread: Thread started: POST tickets (intake) 1-5
2026-10-08 03:04:40,382 INFO o.a.j.t.JMeterThread: Thread is done: POST tickets (intake) 1-5
2026-10-08 03:04:40,382 INFO o.a.j.t.JMeterThread: Thread finished: POST tickets (intake) 1-5
2026-10-08 03:04:45,873 INFO o.a.j.t.JMeterThread: Thread started: GET search (agents) 2-12
2026-10-08 03:04:45,932 INFO o.a.j.t.JMeterThread: Thread is done: GET search (agents) 2-12
2026-10-08 03:04:45,932 INFO o.a.j.t.JMeterThread: Thread finished: GET search (agents) 2-12
2026-10-08 03:04:49,430 INFO o.a.j.t.JMeterThread: Thread started: GET search (agents) 2-13
2026-10-08 03:04:49,449 INFO o.a.j.t.JMeterThread: Thread is done: GET search (agents) 2-13
2026-10-08 03:04:49,449 INFO o.a.j.t.JMeterThread: Thread finished: GET search (agents) 2-13
2026-10-08 03:04:58,841 INFO o.a.j.t.JMeterThread: Thread started: GET search (agents) 2-14
2026-10-08 03:04:58,878 INFO o.a.j.t.JMeterThread: Thread is done: GET search (agents) 2-14
2026-10-08 03:04:58,878 INFO o.a.j.t.JMeterThread: Thread finished: GET search (agents) 2-14
2026-10-08 03:05:08,172 INFO o.a.j.t.JMeterThread: Thread started: GET search (agents) 2-15
2026-10-08 03:05:08,200 INFO o.a.j.t.JMeterThread: Thread is done: GET search (agents) 2-15
2026-10-08 03:05:08,200 INFO o.a.j.t.JMeterThread: Thread finished: GET search (agents) 2-15
2026-10-08 03:05:08,259 INFO o.a.j.t.JMeterThread: Thread started: GET search (agents) 2-16
2026-10-08 03:05:08,381 INFO o.a.j.t.JMeterThread: Thread is done: GET search (agents) 2-16
2026-10-08 03:05:08,381 INFO o.a.j.t.JMeterThread: Thread finished: GET search (agents) 2-16
2026-10-08 03:05:08,748 INFO o.a.j.t.JMeterThread: Thread started: GET search (agents) 2-17
2026-10-08 03:05:08,784 INFO o.a.j.t.JMeterThread: Thread is done: GET search (agents) 2-17
2026-10-08 03:05:08,784 INFO o.a.j.t.JMeterThread: Thread finished: GET search (agents) 2-17
2026-10-08 03:05:21,949 INFO o.a.j.t.JMeterThread: Thread started: GET search (agents) 2-18
2026-10-08 03:05:21,996 INFO o.a.j.t.JMeterThread: Thread is done: GET search (agents) 2-18
2026-10-08 03:05:21,996 INFO o.a.j.t.JMeterThread: Thread finished: GET search (agents) 2-18
2026-10-08 03:05:22,639 INFO o.a.j.t.JMeterThread: Thread started: POST tickets (intake) 1-6
2026-10-08 03:05:24,200 INFO o.a.j.t.JMeterThread: Thread is done: POST tickets (intake) 1-6
2026-10-08 03:05:24,200 INFO o.a.j.t.JMeterThread: Thread finished: POST tickets (intake) 1-6
2026-10-08 03:05:25,020 INFO o.a.j.t.JMeterThread: Thread started: GET search (agents) 2-19
2026-10-08 03:05:25,061 INFO o.a.j.t.JMeterThread: Thread is done: GET search (agents) 2-19
2026-10-08 03:05:25,061 INFO o.a.j.t.JMeterThread: Thread finished: GET search (agents) 2-19
2026-10-08 03:05:38,419 INFO o.a.j.t.JMeterThread: Thread started: GET search (agents) 2-20
2026-10-08 03:05:38,462 INFO o.a.j.t.JMeterThread: Thread is done: GET search (agents) 2-20
2026-10-08 03:05:38,462 INFO o.a.j.t.JMeterThread: Thread finished: GET search (agents) 2-20
2026-10-08 03:05:43,956 INFO o.a.j.t.JMeterThread: Thread started: POST tickets (intake) 1-7
2026-10-08 03:05:46,017 INFO o.a.j.t.JMeterThread: Thread is done: POST tickets (intake) 1-7
2026-10-08 03:05:46,017 INFO o.a.j.t.JMeterThread: Thread finished: POST tickets (intake) 1-7
2026-10-08 03:05:51,707 INFO o.a.j.t.JMeterThread: Thread started: GET search (agents) 2-21
2026-10-08 03:05:51,780 INFO o.a.j.t.JMeterThread: Thread is done: GET search (agents) 2-21
2026-10-08 03:05:51,781 INFO o.a.j.t.JMeterThread: Thread finished: GET search (agents) 2-21
2026-10-08 03:05:53,398 INFO o.a.j.t.JMeterThread: Thread started: GET search (agents) 2-22
2026-10-08 03:05:53,442 INFO o.a.j.t.JMeterThread: Thread is done: GET search (agents) 2-22
2026-10-08 03:05:53,442 INFO o.a.j.t.JMeterThread: Thread finished: GET search (agents) 2-22
2026-10-08 03:05:56,908 INFO o.a.j.t.JMeterThread: Thread started: GET search (agents) 2-23
2026-10-08 03:05:56,927 INFO o.a.j.t.JMeterThread: Thread is done: GET search (agents) 2-23
2026-10-08 03:05:56,927 INFO o.a.j.t.JMeterThread: Thread finished: GET search (agents) 2-23
2026-10-08 03:06:00,405 INFO o.a.j.t.JMeterThread: Thread started: GET search (agents) 2-24
2026-10-08 03:06:00,425 INFO o.a.j.r.Summariser: summary +     17 in 00:01:27 =    0.2/s Avg:   308 Min:    17 Max:  2059 Err:     0 (0.00%) Active: 1 Started: 31 Finished: 30
2026-10-08 03:06:00,425 INFO o.a.j.r.Summariser: summary =     31 in 00:03:00 =    0.2/s Avg:   428 Min:    17 Max:  2668 Err:     1 (3.23%)
2026-10-08 03:06:00,426 INFO o.a.j.t.JMeterThread: Thread is done: GET search (agents) 2-24
2026-10-08 03:06:00,426 INFO o.a.j.t.JMeterThread: Thread finished: GET search (agents) 2-24
2026-10-08 03:06:09,576 INFO o.a.j.t.JMeterThread: Thread started: GET search (agents) 2-25
2026-10-08 03:06:09,636 INFO o.a.j.t.JMeterThread: Thread is done: GET search (agents) 2-25
2026-10-08 03:06:09,636 INFO o.a.j.t.JMeterThread: Thread finished: GET search (agents) 2-25
2026-10-08 03:06:20,615 INFO o.a.j.t.JMeterThread: Thread started: GET search (agents) 2-26
2026-10-08 03:06:20,702 INFO o.a.j.t.JMeterThread: Thread is done: GET search (agents) 2-26
2026-10-08 03:06:20,702 INFO o.a.j.t.JMeterThread: Thread finished: GET search (agents) 2-26
2026-10-08 03:06:21,932 INFO o.a.j.t.JMeterThread: Thread started: GET search (agents) 2-27
2026-10-08 03:06:22,004 INFO o.a.j.t.JMeterThread: Thread is done: GET search (agents) 2-27
2026-10-08 03:06:22,004 INFO o.a.j.t.JMeterThread: Thread finished: GET search (agents) 2-27
2026-10-08 03:06:22,848 INFO o.a.j.t.JMeterThread: Thread started: POST tickets (intake) 1-8
2026-10-08 03:06:24,182 INFO o.a.j.t.JMeterThread: Thread is done: POST tickets (intake) 1-8
2026-10-08 03:06:24,182 INFO o.a.j.t.JMeterThread: Thread finished: POST tickets (intake) 1-8
2026-10-08 03:06:38,054 INFO o.a.j.t.JMeterThread: Thread started: GET search (agents) 2-28
2026-10-08 03:06:38,079 INFO o.a.j.t.JMeterThread: Thread is done: GET search (agents) 2-28
2026-10-08 03:06:38,079 INFO o.a.j.t.JMeterThread: Thread finished: GET search (agents) 2-28
2026-10-08 03:06:41,796 INFO o.a.j.t.JMeterThread: Thread started: GET search (agents) 2-29
2026-10-08 03:06:41,863 INFO o.a.j.t.JMeterThread: Thread is done: GET search (agents) 2-29
2026-10-08 03:06:41,863 INFO o.a.j.t.JMeterThread: Thread finished: GET search (agents) 2-29
2026-10-08 03:06:42,325 INFO o.a.j.t.JMeterThread: Thread started: GET search (agents) 2-30
2026-10-08 03:06:42,357 INFO o.a.j.t.JMeterThread: Thread is done: GET search (agents) 2-30
2026-10-08 03:06:42,357 INFO o.a.j.t.JMeterThread: Thread finished: GET search (agents) 2-30
2026-10-08 03:07:32,638 INFO o.a.j.t.JMeterThread: Thread started: GET search (agents) 2-31
2026-10-08 03:07:32,678 INFO o.a.j.r.Summariser: summary +      8 in 00:01:32 =    0.1/s Avg:   213 Min:    23 Max:  1332 Err:     0 (0.00%) Active: 1 Started: 39 Finished: 38
2026-10-08 03:07:32,678 INFO o.a.j.r.Summariser: summary =     39 in 00:04:32 =    0.1/s Avg:   384 Min:    17 Max:  2668 Err:     1 (2.56%)
2026-10-08 03:07:32,678 INFO o.a.j.t.JMeterThread: Thread is done: GET search (agents) 2-31
2026-10-08 03:07:32,679 INFO o.a.j.t.JMeterThread: Thread finished: GET search (agents) 2-31
2026-10-08 03:07:42,964 INFO o.a.j.t.JMeterThread: Thread started: GET search (agents) 2-32
2026-10-08 03:07:42,983 INFO o.a.j.t.JMeterThread: Thread is done: GET search (agents) 2-32
2026-10-08 03:07:42,983 INFO o.a.j.t.JMeterThread: Thread finished: GET search (agents) 2-32
2026-10-08 03:07:46,510 INFO o.a.j.t.JMeterThread: Thread started: GET search (agents) 2-33
2026-10-08 03:07:46,568 INFO o.a.j.t.JMeterThread: Thread is done: GET search (agents) 2-33
2026-10-08 03:07:46,568 INFO o.a.j.t.JMeterThread: Thread finished: GET search (agents) 2-33
2026-10-08 03:07:58,726 INFO o.a.j.t.JMeterThread: Thread started: GET search (agents) 2-34
2026-10-08 03:07:58,775 INFO o.a.j.t.JMeterThread: Thread is done: GET search (agents) 2-34
2026-10-08 03:07:58,775 INFO o.a.j.t.JMeterThread: Thread finished: GET search (agents) 2-34
2026-10-08 03:08:01,812 INFO o.a.j.t.JMeterThread: Thread started: POST tickets (intake) 1-9
2026-10-08 03:08:02,490 INFO o.a.j.t.JMeterThread: Thread started: POST tickets (intake) 1-10
2026-10-08 03:08:03,893 INFO o.a.j.r.Summariser: summary +      4 in 00:00:31 =    0.1/s Avg:   550 Min:    18 Max:  2078 Err:     0 (0.00%) Active: 2 Started: 44 Finished: 42
2026-10-08 03:08:03,893 INFO o.a.j.r.Summariser: summary =     43 in 00:05:03 =    0.1/s Avg:   399 Min:    17 Max:  2668 Err:     1 (2.33%)
2026-10-08 03:08:03,893 INFO o.a.j.t.JMeterThread: Thread is done: POST tickets (intake) 1-9
2026-10-08 03:08:03,893 INFO o.a.j.t.JMeterThread: Thread finished: POST tickets (intake) 1-9
2026-10-08 03:08:04,782 INFO o.a.j.t.JMeterThread: Thread started: GET search (agents) 2-35
2026-10-08 03:08:04,820 INFO o.a.j.t.JMeterThread: Thread is done: GET search (agents) 2-35
2026-10-08 03:08:04,820 INFO o.a.j.t.JMeterThread: Thread finished: GET search (agents) 2-35
2026-10-08 03:08:05,748 INFO o.a.j.t.JMeterThread: Thread is done: POST tickets (intake) 1-10
2026-10-08 03:08:05,749 INFO o.a.j.t.JMeterThread: Thread finished: POST tickets (intake) 1-10
2026-10-08 03:08:07,706 INFO o.a.j.t.JMeterThread: Thread started: POST tickets (intake) 1-11
2026-10-08 03:08:09,781 INFO o.a.j.t.JMeterThread: Thread is done: POST tickets (intake) 1-11
2026-10-08 03:08:09,781 INFO o.a.j.t.JMeterThread: Thread finished: POST tickets (intake) 1-11
2026-10-08 03:08:27,498 INFO o.a.j.t.JMeterThread: Thread started: POST tickets (intake) 1-12
2026-10-08 03:08:28,452 INFO o.a.j.t.JMeterThread: Thread is done: POST tickets (intake) 1-12
2026-10-08 03:08:28,452 INFO o.a.j.t.JMeterThread: Thread finished: POST tickets (intake) 1-12
2026-10-08 03:08:32,435 INFO o.a.j.t.JMeterThread: Thread started: GET search (agents) 2-36
2026-10-08 03:08:32,480 INFO o.a.j.r.Summariser: summary +      5 in 00:00:29 =    0.2/s Avg:  1272 Min:    37 Max:  3257 Err:     1 (20.00%) Active: 1 Started: 48 Finished: 47
2026-10-08 03:08:32,480 INFO o.a.j.r.Summariser: summary =     48 in 00:05:32 =    0.1/s Avg:   490 Min:    17 Max:  3257 Err:     2 (4.17%)
2026-10-08 03:08:32,480 INFO o.a.j.t.JMeterThread: Thread is done: GET search (agents) 2-36
2026-10-08 03:08:32,481 INFO o.a.j.t.JMeterThread: Thread finished: GET search (agents) 2-36
2026-10-08 03:08:34,008 INFO o.a.j.t.JMeterThread: Thread started: GET search (agents) 2-37
2026-10-08 03:08:34,024 INFO o.a.j.t.JMeterThread: Thread is done: GET search (agents) 2-37
2026-10-08 03:08:34,024 INFO o.a.j.t.JMeterThread: Thread finished: GET search (agents) 2-37
2026-10-08 03:08:37,296 INFO o.a.j.t.JMeterThread: Thread started: GET search (agents) 2-38
2026-10-08 03:08:37,362 INFO o.a.j.t.JMeterThread: Thread is done: GET search (agents) 2-38
2026-10-08 03:08:37,362 INFO o.a.j.t.JMeterThread: Thread finished: GET search (agents) 2-38
2026-10-08 03:08:52,855 INFO o.a.j.t.JMeterThread: Thread started: POST tickets (intake) 1-13
2026-10-08 03:08:54,399 INFO o.a.j.t.JMeterThread: Thread is done: POST tickets (intake) 1-13
2026-10-08 03:08:54,399 INFO o.a.j.t.JMeterThread: Thread finished: POST tickets (intake) 1-13
2026-10-08 03:09:06,678 INFO o.a.j.t.JMeterThread: Thread started: GET search (agents) 2-39
2026-10-08 03:09:06,799 INFO o.a.j.t.JMeterThread: Thread is done: GET search (agents) 2-39
2026-10-08 03:09:06,799 INFO o.a.j.t.JMeterThread: Thread finished: GET search (agents) 2-39
2026-10-08 03:09:20,794 INFO o.a.j.t.JMeterThread: Thread started: GET search (agents) 2-40
2026-10-08 03:09:20,817 INFO o.a.j.t.JMeterThread: Thread is done: GET search (agents) 2-40
2026-10-08 03:09:20,817 INFO o.a.j.t.JMeterThread: Thread finished: GET search (agents) 2-40
2026-10-08 03:09:23,806 INFO o.a.j.t.JMeterThread: Thread started: GET search (agents) 2-41
2026-10-08 03:09:23,991 INFO o.a.j.t.JMeterThread: Thread is done: GET search (agents) 2-41
2026-10-08 03:09:23,991 INFO o.a.j.t.JMeterThread: Thread finished: GET search (agents) 2-41
2026-10-08 03:10:05,023 INFO o.a.j.t.JMeterThread: Thread started: GET search (agents) 2-42
2026-10-08 03:10:05,102 INFO o.a.j.r.Summariser: summary +      7 in 00:01:33 =    0.1/s Avg:   289 Min:    16 Max:  1542 Err:     1 (14.29%) Active: 1 Started: 55 Finished: 54
2026-10-08 03:10:05,102 INFO o.a.j.r.Summariser: summary =     55 in 00:07:04 =    0.1/s Avg:   465 Min:    16 Max:  3257 Err:     3 (5.45%)
2026-10-08 03:10:05,102 INFO o.a.j.t.JMeterThread: Thread is done: GET search (agents) 2-42
2026-10-08 03:10:05,102 INFO o.a.j.t.JMeterThread: Thread finished: GET search (agents) 2-42
2026-10-08 03:10:05,362 INFO o.a.j.t.JMeterThread: Thread started: GET search (agents) 2-43
2026-10-08 03:10:05,412 INFO o.a.j.t.JMeterThread: Thread is done: GET search (agents) 2-43
2026-10-08 03:10:05,412 INFO o.a.j.t.JMeterThread: Thread finished: GET search (agents) 2-43
2026-10-08 03:10:10,867 INFO o.a.j.t.JMeterThread: Thread started: GET search (agents) 2-44
2026-10-08 03:10:10,895 INFO o.a.j.t.JMeterThread: Thread is done: GET search (agents) 2-44
2026-10-08 03:10:10,895 INFO o.a.j.t.JMeterThread: Thread finished: GET search (agents) 2-44
2026-10-08 03:10:15,765 INFO o.a.j.t.JMeterThread: Thread started: GET search (agents) 2-45
2026-10-08 03:10:15,802 INFO o.a.j.t.JMeterThread: Thread is done: GET search (agents) 2-45
2026-10-08 03:10:15,802 INFO o.a.j.t.JMeterThread: Thread finished: GET search (agents) 2-45
2026-10-08 03:10:17,586 INFO o.a.j.t.JMeterThread: Thread started: GET search (agents) 2-46
2026-10-08 03:10:17,637 INFO o.a.j.t.JMeterThread: Thread is done: GET search (agents) 2-46
2026-10-08 03:10:17,637 INFO o.a.j.t.JMeterThread: Thread finished: GET search (agents) 2-46
2026-10-08 03:10:40,795 INFO o.a.j.t.JMeterThread: Thread started: GET search (agents) 2-47
2026-10-08 03:10:40,885 INFO o.a.j.t.JMeterThread: Thread is done: GET search (agents) 2-47
2026-10-08 03:10:40,885 INFO o.a.j.t.JMeterThread: Thread finished: GET search (agents) 2-47
2026-10-08 03:10:42,647 INFO o.a.j.t.JMeterThread: Thread started: GET search (agents) 2-48
2026-10-08 03:10:42,712 INFO o.a.j.t.JMeterThread: Thread is done: GET search (agents) 2-48
2026-10-08 03:10:42,712 INFO o.a.j.t.JMeterThread: Thread finished: GET search (agents) 2-48
2026-10-08 03:10:45,794 INFO o.a.j.t.JMeterThread: Thread started: POST tickets (intake) 1-14
2026-10-08 03:10:47,121 INFO o.a.j.t.JMeterThread: Thread is done: POST tickets (intake) 1-14
2026-10-08 03:10:47,121 INFO o.a.j.t.JMeterThread: Thread finished: POST tickets (intake) 1-14
2026-10-08 03:11:21,385 INFO o.a.j.t.JMeterThread: Thread started: GET search (agents) 2-49
2026-10-08 03:11:21,443 INFO o.a.j.t.JMeterThread: Thread is done: GET search (agents) 2-49
2026-10-08 03:11:21,443 INFO o.a.j.t.JMeterThread: Thread finished: GET search (agents) 2-49
2026-10-08 03:11:23,951 INFO o.a.j.t.JMeterThread: Thread started: GET search (agents) 2-50
2026-10-08 03:11:24,102 INFO o.a.j.t.JMeterThread: Thread is done: GET search (agents) 2-50
2026-10-08 03:11:24,102 INFO o.a.j.t.JMeterThread: Thread finished: GET search (agents) 2-50
2026-10-08 03:11:32,117 INFO o.a.j.t.JMeterThread: Thread started: GET search (agents) 2-51
2026-10-08 03:11:32,188 INFO o.a.j.r.Summariser: summary +     10 in 00:01:27 =    0.1/s Avg:   191 Min:    27 Max:  1326 Err:     0 (0.00%) Active: 1 Started: 65 Finished: 64
2026-10-08 03:11:32,188 INFO o.a.j.r.Summariser: summary =     65 in 00:08:31 =    0.1/s Avg:   423 Min:    16 Max:  3257 Err:     3 (4.62%)
2026-10-08 03:11:32,188 INFO o.a.j.t.JMeterThread: Thread is done: GET search (agents) 2-51
2026-10-08 03:11:32,188 INFO o.a.j.t.JMeterThread: Thread finished: GET search (agents) 2-51
2026-10-08 03:11:40,985 INFO o.a.j.t.JMeterThread: Thread started: GET search (agents) 2-52
2026-10-08 03:11:41,006 INFO o.a.j.t.JMeterThread: Thread is done: GET search (agents) 2-52
2026-10-08 03:11:41,006 INFO o.a.j.t.JMeterThread: Thread finished: GET search (agents) 2-52
2026-10-08 03:11:41,316 INFO o.a.j.t.JMeterThread: Thread started: GET search (agents) 2-53
2026-10-08 03:11:41,402 INFO o.a.j.t.JMeterThread: Thread is done: GET search (agents) 2-53
2026-10-08 03:11:41,403 INFO o.a.j.t.JMeterThread: Thread finished: GET search (agents) 2-53
2026-10-08 03:11:59,577 INFO o.a.j.t.JMeterThread: Thread started: POST tickets (intake) 1-15
2026-10-08 03:12:00,798 INFO o.a.j.r.Summariser: summary +      3 in 00:00:29 =    0.1/s Avg:   442 Min:    21 Max:  1219 Err:     0 (0.00%) Active: 1 Started: 68 Finished: 67
2026-10-08 03:12:00,798 INFO o.a.j.r.Summariser: summary =     68 in 00:09:00 =    0.1/s Avg:   423 Min:    16 Max:  3257 Err:     3 (4.41%)
2026-10-08 03:12:00,798 INFO o.a.j.t.JMeterThread: Thread is done: POST tickets (intake) 1-15
2026-10-08 03:12:00,798 INFO o.a.j.t.JMeterThread: Thread finished: POST tickets (intake) 1-15
2026-10-08 03:12:04,976 INFO o.a.j.t.JMeterThread: Thread started: GET search (agents) 2-54
2026-10-08 03:12:05,050 INFO o.a.j.t.JMeterThread: Thread is done: GET search (agents) 2-54
2026-10-08 03:12:05,050 INFO o.a.j.t.JMeterThread: Thread finished: GET search (agents) 2-54
2026-10-08 03:12:10,781 INFO o.a.j.t.JMeterThread: Thread started: GET search (agents) 2-55
2026-10-08 03:12:10,802 INFO o.a.j.t.JMeterThread: Thread is done: GET search (agents) 2-55
2026-10-08 03:12:10,803 INFO o.a.j.t.JMeterThread: Thread finished: GET search (agents) 2-55
2026-10-08 03:12:52,406 INFO o.a.j.t.JMeterThread: Thread started: GET search (agents) 2-56
2026-10-08 03:12:52,531 INFO o.a.j.t.JMeterThread: Thread is done: GET search (agents) 2-56
2026-10-08 03:12:52,531 INFO o.a.j.t.JMeterThread: Thread finished: GET search (agents) 2-56
2026-10-08 03:12:54,760 INFO o.a.j.t.JMeterThread: Thread started: GET search (agents) 2-57
2026-10-08 03:12:54,820 INFO o.a.j.t.JMeterThread: Thread is done: GET search (agents) 2-57
2026-10-08 03:12:54,820 INFO o.a.j.t.JMeterThread: Thread finished: GET search (agents) 2-57
2026-10-08 03:13:20,374 INFO o.a.j.t.JMeterThread: Thread started: GET search (agents) 2-58
2026-10-08 03:13:20,419 INFO o.a.j.t.JMeterThread: Thread is done: GET search (agents) 2-58
2026-10-08 03:13:20,419 INFO o.a.j.t.JMeterThread: Thread finished: GET search (agents) 2-58
2026-10-08 03:13:28,940 INFO o.a.j.t.JMeterThread: Thread started: POST tickets (intake) 1-16
2026-10-08 03:13:30,083 INFO o.a.j.t.JMeterThread: Thread started: GET search (agents) 2-59
2026-10-08 03:13:30,129 INFO o.a.j.r.Summariser: summary +      6 in 00:01:29 =    0.1/s Avg:    60 Min:    20 Max:   123 Err:     0 (0.00%) Active: 2 Started: 75 Finished: 73
2026-10-08 03:13:30,129 INFO o.a.j.r.Summariser: summary =     74 in 00:10:29 =    0.1/s Avg:   394 Min:    16 Max:  3257 Err:     3 (4.05%)
2026-10-08 03:13:30,129 INFO o.a.j.t.JMeterThread: Thread is done: GET search (agents) 2-59
2026-10-08 03:13:30,129 INFO o.a.j.t.JMeterThread: Thread finished: GET search (agents) 2-59
2026-10-08 03:13:31,769 INFO o.a.j.t.JMeterThread: Thread is done: POST tickets (intake) 1-16
2026-10-08 03:13:31,769 INFO o.a.j.t.JMeterThread: Thread finished: POST tickets (intake) 1-16
2026-10-08 03:13:56,447 INFO o.a.j.t.JMeterThread: Thread started: POST tickets (intake) 1-17
2026-10-08 03:13:57,906 INFO o.a.j.t.JMeterThread: Thread is done: POST tickets (intake) 1-17
2026-10-08 03:13:57,906 INFO o.a.j.t.JMeterThread: Thread finished: POST tickets (intake) 1-17
2026-10-08 03:14:01,168 INFO o.a.j.t.JMeterThread: Thread started: GET search (agents) 2-60
2026-10-08 03:14:01,195 INFO o.a.j.r.Summariser: summary +      3 in 00:00:31 =    0.1/s Avg:  1437 Min:    27 Max:  2827 Err:     0 (0.00%) Active: 1 Started: 77 Finished: 76
2026-10-08 03:14:01,196 INFO o.a.j.r.Summariser: summary =     77 in 00:11:00 =    0.1/s Avg:   435 Min:    16 Max:  3257 Err:     3 (3.90%)
2026-10-08 03:14:01,196 INFO o.a.j.t.JMeterThread: Thread is done: GET search (agents) 2-60
2026-10-08 03:14:01,196 INFO o.a.j.t.JMeterThread: Thread finished: GET search (agents) 2-60
2026-10-08 03:14:23,060 INFO o.a.j.t.JMeterThread: Thread started: GET search (agents) 2-61
2026-10-08 03:14:23,134 INFO o.a.j.t.JMeterThread: Thread is done: GET search (agents) 2-61
2026-10-08 03:14:23,134 INFO o.a.j.t.JMeterThread: Thread finished: GET search (agents) 2-61
2026-10-08 03:14:32,070 INFO o.a.j.t.JMeterThread: Thread started: GET search (agents) 2-62
2026-10-08 03:14:32,157 INFO o.a.j.r.Summariser: summary +      2 in 00:00:31 =    0.1/s Avg:    80 Min:    73 Max:    87 Err:     0 (0.00%) Active: 1 Started: 79 Finished: 78
2026-10-08 03:14:32,157 INFO o.a.j.r.Summariser: summary =     79 in 00:11:31 =    0.1/s Avg:   426 Min:    16 Max:  3257 Err:     3 (3.80%)
2026-10-08 03:14:32,158 INFO o.a.j.t.JMeterThread: Thread is done: GET search (agents) 2-62
2026-10-08 03:14:32,158 INFO o.a.j.t.JMeterThread: Thread finished: GET search (agents) 2-62
2026-10-08 03:14:35,705 INFO o.a.j.t.JMeterThread: Thread started: GET search (agents) 2-63
2026-10-08 03:14:35,743 INFO o.a.j.t.JMeterThread: Thread is done: GET search (agents) 2-63
2026-10-08 03:14:35,743 INFO o.a.j.t.JMeterThread: Thread finished: GET search (agents) 2-63
2026-10-08 03:14:44,045 INFO o.a.j.t.JMeterThread: Thread started: GET search (agents) 2-64
2026-10-08 03:14:44,101 INFO o.a.j.t.JMeterThread: Thread is done: GET search (agents) 2-64
2026-10-08 03:14:44,101 INFO o.a.j.t.JMeterThread: Thread finished: GET search (agents) 2-64
2026-10-08 03:14:44,941 INFO o.a.j.t.JMeterThread: Thread started: GET search (agents) 2-65
2026-10-08 03:14:44,995 INFO o.a.j.t.JMeterThread: Thread is done: GET search (agents) 2-65
2026-10-08 03:14:44,995 INFO o.a.j.t.JMeterThread: Thread finished: GET search (agents) 2-65
2026-10-08 03:14:45,373 INFO o.a.j.t.JMeterThread: Thread started: GET search (agents) 2-66
2026-10-08 03:14:45,562 INFO o.a.j.t.JMeterThread: Thread is done: GET search (agents) 2-66
2026-10-08 03:14:45,562 INFO o.a.j.t.JMeterThread: Thread finished: GET search (agents) 2-66
2026-10-08 03:14:56,696 INFO o.a.j.t.JMeterThread: Thread started: GET search (agents) 2-67
2026-10-08 03:14:56,803 INFO o.a.j.t.JMeterThread: Thread is done: GET search (agents) 2-67
2026-10-08 03:14:56,803 INFO o.a.j.t.JMeterThread: Thread finished: GET search (agents) 2-67
2026-10-08 03:14:58,936 INFO o.a.j.t.JMeterThread: Thread started: GET search (agents) 2-68
2026-10-08 03:14:58,961 INFO o.a.j.t.JMeterThread: Thread is done: GET search (agents) 2-68
2026-10-08 03:14:58,961 INFO o.a.j.t.JMeterThread: Thread finished: GET search (agents) 2-68
2026-10-08 03:14:59,245 INFO o.a.j.t.JMeterThread: Thread started: GET search (agents) 2-69
2026-10-08 03:14:59,282 INFO o.a.j.t.JMeterThread: Thread is done: GET search (agents) 2-69
2026-10-08 03:14:59,282 INFO o.a.j.t.JMeterThread: Thread finished: GET search (agents) 2-69
2026-10-08 03:15:01,179 INFO o.a.j.t.JMeterThread: Thread started: GET search (agents) 2-70
2026-10-08 03:15:01,200 INFO o.a.j.r.Summariser: summary +      8 in 00:00:29 =    0.3/s Avg:    64 Min:    19 Max:   188 Err:     0 (0.00%) Active: 1 Started: 87 Finished: 86
2026-10-08 03:15:01,200 INFO o.a.j.r.Summariser: summary =     87 in 00:12:00 =    0.1/s Avg:   392 Min:    16 Max:  3257 Err:     3 (3.45%)
2026-10-08 03:15:01,200 INFO o.a.j.t.JMeterThread: Thread is done: GET search (agents) 2-70
2026-10-08 03:15:01,200 INFO o.a.j.t.JMeterThread: Thread finished: GET search (agents) 2-70
2026-10-08 03:15:11,583 INFO o.a.j.t.JMeterThread: Thread started: GET search (agents) 2-71
2026-10-08 03:15:11,716 INFO o.a.j.t.JMeterThread: Thread is done: GET search (agents) 2-71
2026-10-08 03:15:11,716 INFO o.a.j.t.JMeterThread: Thread finished: GET search (agents) 2-71
2026-10-08 03:15:12,459 INFO o.a.j.t.JMeterThread: Thread started: POST tickets (intake) 1-18
2026-10-08 03:15:13,771 INFO o.a.j.t.JMeterThread: Thread is done: POST tickets (intake) 1-18
2026-10-08 03:15:13,771 INFO o.a.j.t.JMeterThread: Thread finished: POST tickets (intake) 1-18
2026-10-08 03:15:22,409 INFO o.a.j.t.JMeterThread: Thread started: POST tickets (intake) 1-19
2026-10-08 03:15:23,739 INFO o.a.j.t.JMeterThread: Thread is done: POST tickets (intake) 1-19
2026-10-08 03:15:23,739 INFO o.a.j.t.JMeterThread: Thread finished: POST tickets (intake) 1-19
2026-10-08 03:15:24,673 INFO o.a.j.t.JMeterThread: Thread started: GET search (agents) 2-72
2026-10-08 03:15:24,739 INFO o.a.j.t.JMeterThread: Thread is done: GET search (agents) 2-72
2026-10-08 03:15:24,740 INFO o.a.j.t.JMeterThread: Thread finished: GET search (agents) 2-72
2026-10-08 03:15:37,528 INFO o.a.j.t.JMeterThread: Thread started: GET search (agents) 2-73
2026-10-08 03:15:37,545 INFO o.a.j.t.JMeterThread: Thread is done: GET search (agents) 2-73
2026-10-08 03:15:37,545 INFO o.a.j.t.JMeterThread: Thread finished: GET search (agents) 2-73
2026-10-08 03:15:42,518 INFO o.a.j.t.JMeterThread: Thread started: GET search (agents) 2-74
2026-10-08 03:15:42,595 INFO o.a.j.t.JMeterThread: Thread is done: GET search (agents) 2-74
2026-10-08 03:15:42,595 INFO o.a.j.t.JMeterThread: Thread finished: GET search (agents) 2-74
2026-10-08 03:15:49,240 INFO o.a.j.t.JMeterThread: Thread started: POST tickets (intake) 1-20
2026-10-08 03:15:50,874 INFO o.a.j.t.JMeterThread: Thread is done: POST tickets (intake) 1-20
2026-10-08 03:15:50,874 INFO o.a.j.t.JMeterThread: Thread finished: POST tickets (intake) 1-20
2026-10-08 03:16:05,041 INFO o.a.j.t.JMeterThread: Thread started: GET search (agents) 2-75
2026-10-08 03:16:05,125 INFO o.a.j.r.Summariser: summary +      8 in 00:01:04 =    0.1/s Avg:   580 Min:    17 Max:  1632 Err:     0 (0.00%) Active: 1 Started: 95 Finished: 94
2026-10-08 03:16:05,126 INFO o.a.j.r.Summariser: summary =     95 in 00:13:04 =    0.1/s Avg:   408 Min:    16 Max:  3257 Err:     3 (3.16%)
2026-10-08 03:16:05,126 INFO o.a.j.t.JMeterThread: Thread is done: GET search (agents) 2-75
2026-10-08 03:16:05,126 INFO o.a.j.t.JMeterThread: Thread finished: GET search (agents) 2-75
2026-10-08 03:16:08,982 INFO o.a.j.t.JMeterThread: Thread started: GET search (agents) 2-76
2026-10-08 03:16:09,061 INFO o.a.j.t.JMeterThread: Thread is done: GET search (agents) 2-76
2026-10-08 03:16:09,061 INFO o.a.j.t.JMeterThread: Thread finished: GET search (agents) 2-76
2026-10-08 03:16:24,387 INFO o.a.j.t.JMeterThread: Thread started: POST tickets (intake) 1-21
2026-10-08 03:16:25,658 INFO o.a.j.t.JMeterThread: Thread is done: POST tickets (intake) 1-21
2026-10-08 03:16:25,658 INFO o.a.j.t.JMeterThread: Thread finished: POST tickets (intake) 1-21
2026-10-08 03:16:34,609 INFO o.a.j.t.JMeterThread: Thread started: POST tickets (intake) 1-22
2026-10-08 03:16:36,945 INFO o.a.j.t.JMeterThread: Thread is done: POST tickets (intake) 1-22
2026-10-08 03:16:36,945 INFO o.a.j.t.JMeterThread: Thread finished: POST tickets (intake) 1-22
2026-10-08 03:16:45,836 INFO o.a.j.t.JMeterThread: Thread started: GET search (agents) 2-77
2026-10-08 03:16:45,854 INFO o.a.j.t.JMeterThread: Thread is done: GET search (agents) 2-77
2026-10-08 03:16:45,854 INFO o.a.j.t.JMeterThread: Thread finished: GET search (agents) 2-77
2026-10-08 03:16:55,755 INFO o.a.j.t.JMeterThread: Thread started: GET search (agents) 2-78
2026-10-08 03:16:55,800 INFO o.a.j.t.JMeterThread: Thread is done: GET search (agents) 2-78
2026-10-08 03:16:55,800 INFO o.a.j.t.JMeterThread: Thread finished: GET search (agents) 2-78
2026-10-08 03:17:02,174 INFO o.a.j.t.JMeterThread: Thread started: GET search (agents) 2-79
2026-10-08 03:17:02,267 INFO o.a.j.r.Summariser: summary +      6 in 00:00:57 =    0.1/s Avg:   639 Min:    16 Max:  2336 Err:     0 (0.00%) Active: 1 Started: 101 Finished: 100
2026-10-08 03:17:02,267 INFO o.a.j.r.Summariser: summary =    101 in 00:14:02 =    0.1/s Avg:   422 Min:    16 Max:  3257 Err:     3 (2.97%)
2026-10-08 03:17:02,267 INFO o.a.j.t.JMeterThread: Thread is done: GET search (agents) 2-79
2026-10-08 03:17:02,267 INFO o.a.j.t.JMeterThread: Thread finished: GET search (agents) 2-79
2026-10-08 03:17:10,641 INFO o.a.j.t.JMeterThread: Thread started: GET search (agents) 2-80
2026-10-08 03:17:10,677 INFO o.a.j.t.JMeterThread: Thread is done: GET search (agents) 2-80
2026-10-08 03:17:10,677 INFO o.a.j.t.JMeterThread: Thread finished: GET search (agents) 2-80
2026-10-08 03:17:13,730 INFO o.a.j.t.JMeterThread: Thread started: GET search (agents) 2-81
2026-10-08 03:17:13,759 INFO o.a.j.t.JMeterThread: Thread is done: GET search (agents) 2-81
2026-10-08 03:17:13,760 INFO o.a.j.t.JMeterThread: Thread finished: GET search (agents) 2-81
2026-10-08 03:17:19,612 INFO o.a.j.t.JMeterThread: Thread started: GET search (agents) 2-82
2026-10-08 03:17:19,756 INFO o.a.j.t.JMeterThread: Thread is done: GET search (agents) 2-82
2026-10-08 03:17:19,756 INFO o.a.j.t.JMeterThread: Thread finished: GET search (agents) 2-82
2026-10-08 03:17:28,941 INFO o.a.j.t.JMeterThread: Thread started: GET search (agents) 2-83
2026-10-08 03:17:28,970 INFO o.a.j.t.JMeterThread: Thread is done: GET search (agents) 2-83
2026-10-08 03:17:28,970 INFO o.a.j.t.JMeterThread: Thread finished: GET search (agents) 2-83
2026-10-08 03:17:38,716 INFO o.a.j.t.JMeterThread: Thread started: GET search (agents) 2-84
2026-10-08 03:17:38,770 INFO o.a.j.t.JMeterThread: Thread is done: GET search (agents) 2-84
2026-10-08 03:17:38,770 INFO o.a.j.t.JMeterThread: Thread finished: GET search (agents) 2-84
2026-10-08 03:17:57,740 INFO o.a.j.t.JMeterThread: Thread started: GET search (agents) 2-85
2026-10-08 03:17:57,793 INFO o.a.j.t.JMeterThread: Thread is done: GET search (agents) 2-85
2026-10-08 03:17:57,793 INFO o.a.j.t.JMeterThread: Thread finished: GET search (agents) 2-85
2026-10-08 03:18:09,846 INFO o.a.j.t.JMeterThread: Thread started: GET search (agents) 2-86
2026-10-08 03:18:09,927 INFO o.a.j.t.JMeterThread: Thread is done: GET search (agents) 2-86
2026-10-08 03:18:09,927 INFO o.a.j.t.JMeterThread: Thread finished: GET search (agents) 2-86
2026-10-08 03:18:10,116 INFO o.a.j.t.JMeterThread: Thread started: POST tickets (intake) 1-23
2026-10-08 03:18:10,205 INFO o.a.j.t.JMeterThread: Thread started: GET search (agents) 2-87
2026-10-08 03:18:10,227 INFO o.a.j.t.JMeterThread: Thread is done: GET search (agents) 2-87
2026-10-08 03:18:10,227 INFO o.a.j.t.JMeterThread: Thread finished: GET search (agents) 2-87
2026-10-08 03:18:11,182 INFO o.a.j.t.JMeterThread: Thread is done: POST tickets (intake) 1-23
2026-10-08 03:18:11,182 INFO o.a.j.t.JMeterThread: Thread finished: POST tickets (intake) 1-23
2026-10-08 03:18:13,626 INFO o.a.j.t.JMeterThread: Thread started: POST tickets (intake) 1-24
2026-10-08 03:18:14,808 INFO o.a.j.t.JMeterThread: Thread is done: POST tickets (intake) 1-24
2026-10-08 03:18:14,808 INFO o.a.j.t.JMeterThread: Thread finished: POST tickets (intake) 1-24
2026-10-08 03:18:24,858 INFO o.a.j.t.JMeterThread: Thread started: GET search (agents) 2-88
2026-10-08 03:18:24,903 INFO o.a.j.t.JMeterThread: Thread is done: GET search (agents) 2-88
2026-10-08 03:18:24,903 INFO o.a.j.t.JMeterThread: Thread finished: GET search (agents) 2-88
2026-10-08 03:18:40,336 INFO o.a.j.t.JMeterThread: Thread started: GET search (agents) 2-89
2026-10-08 03:18:40,372 INFO o.a.j.t.JMeterThread: Thread is done: GET search (agents) 2-89
2026-10-08 03:18:40,372 INFO o.a.j.t.JMeterThread: Thread finished: GET search (agents) 2-89
2026-10-08 03:18:53,677 INFO o.a.j.t.JMeterThread: Thread started: GET search (agents) 2-90
2026-10-08 03:18:53,721 INFO o.a.j.t.JMeterThread: Thread is done: GET search (agents) 2-90
2026-10-08 03:18:53,721 INFO o.a.j.t.JMeterThread: Thread finished: GET search (agents) 2-90
2026-10-08 03:18:53,929 INFO o.a.j.t.JMeterThread: Thread started: GET search (agents) 2-91
2026-10-08 03:18:53,996 INFO o.a.j.t.JMeterThread: Thread is done: GET search (agents) 2-91
2026-10-08 03:18:53,996 INFO o.a.j.t.JMeterThread: Thread finished: GET search (agents) 2-91
2026-10-08 03:19:05,755 INFO o.a.j.t.JMeterThread: Thread started: POST tickets (intake) 1-25
2026-10-08 03:19:08,265 INFO o.a.j.t.JMeterThread: Thread is done: POST tickets (intake) 1-25
2026-10-08 03:19:08,265 INFO o.a.j.t.JMeterThread: Thread finished: POST tickets (intake) 1-25
2026-10-08 03:19:16,942 INFO o.a.j.t.JMeterThread: Thread started: GET search (agents) 2-92
2026-10-08 03:19:16,977 INFO o.a.j.t.JMeterThread: Thread is done: GET search (agents) 2-92
2026-10-08 03:19:16,977 INFO o.a.j.t.JMeterThread: Thread finished: GET search (agents) 2-92
2026-10-08 03:19:21,609 INFO o.a.j.t.JMeterThread: Thread started: POST tickets (intake) 1-26
2026-10-08 03:19:23,222 INFO o.a.j.t.JMeterThread: Thread is done: POST tickets (intake) 1-26
2026-10-08 03:19:23,222 INFO o.a.j.t.JMeterThread: Thread finished: POST tickets (intake) 1-26
2026-10-08 03:19:30,483 INFO o.a.j.t.JMeterThread: Thread started: GET search (agents) 2-93
2026-10-08 03:19:30,511 INFO o.a.j.r.Summariser: summary +     18 in 00:02:28 =    0.1/s Avg:   392 Min:    21 Max:  2510 Err:     1 (5.56%) Active: 1 Started: 119 Finished: 118
2026-10-08 03:19:30,512 INFO o.a.j.r.Summariser: summary =    119 in 00:16:30 =    0.1/s Avg:   417 Min:    16 Max:  3257 Err:     4 (3.36%)
2026-10-08 03:19:30,512 INFO o.a.j.t.JMeterThread: Thread is done: GET search (agents) 2-93
2026-10-08 03:19:30,512 INFO o.a.j.t.JMeterThread: Thread finished: GET search (agents) 2-93
2026-10-08 03:19:41,098 INFO o.a.j.t.JMeterThread: Thread started: GET search (agents) 2-94
2026-10-08 03:19:41,157 INFO o.a.j.t.JMeterThread: Thread is done: GET search (agents) 2-94
2026-10-08 03:19:41,157 INFO o.a.j.t.JMeterThread: Thread finished: GET search (agents) 2-94
2026-10-08 03:19:58,450 INFO o.a.j.t.JMeterThread: Thread started: GET search (agents) 2-95
2026-10-08 03:19:58,516 INFO o.a.j.t.JMeterThread: Thread is done: GET search (agents) 2-95
2026-10-08 03:19:58,516 INFO o.a.j.t.JMeterThread: Thread finished: GET search (agents) 2-95
2026-10-08 03:20:00,281 INFO o.a.j.t.JMeterThread: Thread started: GET search (agents) 2-96
2026-10-08 03:20:00,373 INFO o.a.j.r.Summariser: summary +      3 in 00:00:30 =    0.1/s Avg:    71 Min:    58 Max:    90 Err:     0 (0.00%) Active: 1 Started: 122 Finished: 121
2026-10-08 03:20:00,373 INFO o.a.j.r.Summariser: summary =    122 in 00:17:00 =    0.1/s Avg:   409 Min:    16 Max:  3257 Err:     4 (3.28%)
2026-10-08 03:20:00,373 INFO o.a.j.t.JMeterThread: Thread is done: GET search (agents) 2-96
2026-10-08 03:20:00,373 INFO o.a.j.t.JMeterThread: Thread finished: GET search (agents) 2-96
2026-10-08 03:20:23,831 INFO o.a.j.t.JMeterThread: Thread started: GET search (agents) 2-97
2026-10-08 03:20:23,847 INFO o.a.j.t.JMeterThread: Thread is done: GET search (agents) 2-97
2026-10-08 03:20:23,847 INFO o.a.j.t.JMeterThread: Thread finished: GET search (agents) 2-97
2026-10-08 03:20:24,351 INFO o.a.j.t.JMeterThread: Thread started: GET search (agents) 2-98
2026-10-08 03:20:24,533 INFO o.a.j.t.JMeterThread: Thread is done: GET search (agents) 2-98
2026-10-08 03:20:24,533 INFO o.a.j.t.JMeterThread: Thread finished: GET search (agents) 2-98
2026-10-08 03:20:33,547 INFO o.a.j.t.JMeterThread: Thread started: POST tickets (intake) 1-27
2026-10-08 03:20:36,304 INFO o.a.j.t.JMeterThread: Thread is done: POST tickets (intake) 1-27
2026-10-08 03:20:36,304 INFO o.a.j.t.JMeterThread: Thread finished: POST tickets (intake) 1-27
2026-10-08 03:20:39,798 INFO o.a.j.t.JMeterThread: Thread started: GET search (agents) 2-99
2026-10-08 03:20:39,852 INFO o.a.j.t.JMeterThread: Thread is done: GET search (agents) 2-99
2026-10-08 03:20:39,852 INFO o.a.j.t.JMeterThread: Thread finished: GET search (agents) 2-99
2026-10-08 03:20:44,424 INFO o.a.j.t.JMeterThread: Thread started: GET search (agents) 2-100
2026-10-08 03:20:44,500 INFO o.a.j.t.JMeterThread: Thread is done: GET search (agents) 2-100
2026-10-08 03:20:44,501 INFO o.a.j.t.JMeterThread: Thread finished: GET search (agents) 2-100
2026-10-08 03:20:50,186 INFO o.a.j.t.JMeterThread: Thread started: GET search (agents) 2-101
2026-10-08 03:20:50,230 INFO o.a.j.t.JMeterThread: Thread is done: GET search (agents) 2-101
2026-10-08 03:20:50,230 INFO o.a.j.t.JMeterThread: Thread finished: GET search (agents) 2-101
2026-10-08 03:21:28,597 INFO o.a.j.t.JMeterThread: Thread started: POST tickets (intake) 1-28
2026-10-08 03:21:29,437 INFO o.a.j.t.JMeterThread: Thread is done: POST tickets (intake) 1-28
2026-10-08 03:21:29,437 INFO o.a.j.t.JMeterThread: Thread finished: POST tickets (intake) 1-28
2026-10-08 03:21:44,282 INFO o.a.j.t.JMeterThread: Thread started: POST tickets (intake) 1-29
2026-10-08 03:21:44,872 INFO o.a.j.t.JMeterThread: Thread started: POST tickets (intake) 1-30
2026-10-08 03:21:45,435 INFO o.a.j.t.JMeterThread: Thread is done: POST tickets (intake) 1-29
2026-10-08 03:21:45,435 INFO o.a.j.t.JMeterThread: Thread finished: POST tickets (intake) 1-29
2026-10-08 03:21:48,225 INFO o.a.j.t.JMeterThread: Thread is done: POST tickets (intake) 1-30
2026-10-08 03:21:48,225 INFO o.a.j.t.JMeterThread: Thread finished: POST tickets (intake) 1-30
2026-10-08 03:21:50,412 INFO o.a.j.t.JMeterThread: Thread started: GET search (agents) 2-102
2026-10-08 03:21:50,456 INFO o.a.j.t.JMeterThread: Thread is done: GET search (agents) 2-102
2026-10-08 03:21:50,456 INFO o.a.j.t.JMeterThread: Thread finished: GET search (agents) 2-102
2026-10-08 03:21:52,045 INFO o.a.j.t.JMeterThread: Thread started: POST tickets (intake) 1-31
2026-10-08 03:21:54,090 INFO o.a.j.t.JMeterThread: Thread is done: POST tickets (intake) 1-31
2026-10-08 03:21:54,090 INFO o.a.j.t.JMeterThread: Thread finished: POST tickets (intake) 1-31
2026-10-08 03:22:09,275 INFO o.a.j.t.JMeterThread: Thread started: GET search (agents) 2-103
2026-10-08 03:22:09,343 INFO o.a.j.t.JMeterThread: Thread is done: GET search (agents) 2-103
2026-10-08 03:22:09,343 INFO o.a.j.t.JMeterThread: Thread finished: GET search (agents) 2-103
2026-10-08 03:22:11,571 INFO o.a.j.t.JMeterThread: Thread started: GET search (agents) 2-104
2026-10-08 03:22:11,586 INFO o.a.j.t.JMeterThread: Thread is done: GET search (agents) 2-104
2026-10-08 03:22:11,586 INFO o.a.j.t.JMeterThread: Thread finished: GET search (agents) 2-104
2026-10-08 03:22:19,849 INFO o.a.j.t.JMeterThread: Thread started: GET search (agents) 2-105
2026-10-08 03:22:19,891 INFO o.a.j.t.JMeterThread: Thread is done: GET search (agents) 2-105
2026-10-08 03:22:19,891 INFO o.a.j.t.JMeterThread: Thread finished: GET search (agents) 2-105
2026-10-08 03:22:35,266 INFO o.a.j.t.JMeterThread: Thread started: GET search (agents) 2-106
2026-10-08 03:22:35,304 INFO o.a.j.r.Summariser: summary +     15 in 00:02:35 =    0.1/s Avg:   714 Min:    14 Max:  3351 Err:     0 (0.00%) Active: 1 Started: 137 Finished: 136
2026-10-08 03:22:35,305 INFO o.a.j.r.Summariser: summary =    137 in 00:19:35 =    0.1/s Avg:   442 Min:    14 Max:  3351 Err:     4 (2.92%)
2026-10-08 03:22:35,305 INFO o.a.j.t.JMeterThread: Thread is done: GET search (agents) 2-106
2026-10-08 03:22:35,305 INFO o.a.j.t.JMeterThread: Thread finished: GET search (agents) 2-106
2026-10-08 03:22:50,552 INFO o.a.j.t.JMeterThread: Thread started: POST tickets (intake) 1-32
2026-10-08 03:22:52,551 INFO o.a.j.t.JMeterThread: Thread is done: POST tickets (intake) 1-32
2026-10-08 03:22:52,551 INFO o.a.j.t.JMeterThread: Thread finished: POST tickets (intake) 1-32
2026-10-08 03:22:55,689 INFO o.a.j.t.JMeterThread: Thread started: GET search (agents) 2-107
2026-10-08 03:22:55,712 INFO o.a.j.t.JMeterThread: Thread is done: GET search (agents) 2-107
2026-10-08 03:22:55,712 INFO o.a.j.t.JMeterThread: Thread finished: GET search (agents) 2-107
2026-10-08 03:23:31,755 INFO o.a.j.t.JMeterThread: Thread started: POST tickets (intake) 1-33
2026-10-08 03:23:33,302 INFO o.a.j.r.Summariser: summary +      3 in 00:00:58 =    0.1/s Avg:  1188 Min:    22 Max:  1998 Err:     1 (33.33%) Active: 1 Started: 140 Finished: 139
2026-10-08 03:23:33,302 INFO o.a.j.r.Summariser: summary =    140 in 00:20:33 =    0.1/s Avg:   458 Min:    14 Max:  3351 Err:     5 (3.57%)
2026-10-08 03:23:33,302 INFO o.a.j.t.JMeterThread: Thread is done: POST tickets (intake) 1-33
2026-10-08 03:23:33,302 INFO o.a.j.t.JMeterThread: Thread finished: POST tickets (intake) 1-33
2026-10-08 03:23:36,805 INFO o.a.j.t.JMeterThread: Thread started: GET search (agents) 2-108
2026-10-08 03:23:36,828 INFO o.a.j.t.JMeterThread: Thread is done: GET search (agents) 2-108
2026-10-08 03:23:36,828 INFO o.a.j.t.JMeterThread: Thread finished: GET search (agents) 2-108
2026-10-08 03:23:53,106 INFO o.a.j.t.JMeterThread: Thread started: GET search (agents) 2-109
2026-10-08 03:23:53,154 INFO o.a.j.t.JMeterThread: Thread is done: GET search (agents) 2-109
2026-10-08 03:23:53,154 INFO o.a.j.t.JMeterThread: Thread finished: GET search (agents) 2-109
2026-10-08 03:23:54,093 INFO o.a.j.t.JMeterThread: Thread started: POST tickets (intake) 1-34
2026-10-08 03:23:55,378 INFO o.a.j.t.JMeterThread: Thread is done: POST tickets (intake) 1-34
2026-10-08 03:23:55,378 INFO o.a.j.t.JMeterThread: Thread finished: POST tickets (intake) 1-34
2026-10-08 03:24:02,986 INFO o.a.j.t.JMeterThread: Thread started: GET search (agents) 2-110
2026-10-08 03:24:03,008 INFO o.a.j.r.Summariser: summary +      4 in 00:00:30 =    0.1/s Avg:   344 Min:    21 Max:  1285 Err:     1 (25.00%) Active: 1 Started: 144 Finished: 143
2026-10-08 03:24:03,008 INFO o.a.j.r.Summariser: summary =    144 in 00:21:02 =    0.1/s Avg:   455 Min:    14 Max:  3351 Err:     6 (4.17%)
2026-10-08 03:24:03,008 INFO o.a.j.t.JMeterThread: Thread is done: GET search (agents) 2-110
2026-10-08 03:24:03,008 INFO o.a.j.t.JMeterThread: Thread finished: GET search (agents) 2-110
2026-10-08 03:24:04,266 INFO o.a.j.t.JMeterThread: Thread started: GET search (agents) 2-111
2026-10-08 03:24:04,296 INFO o.a.j.t.JMeterThread: Thread is done: GET search (agents) 2-111
2026-10-08 03:24:04,296 INFO o.a.j.t.JMeterThread: Thread finished: GET search (agents) 2-111
2026-10-08 03:24:13,017 INFO o.a.j.t.JMeterThread: Thread started: POST tickets (intake) 1-35
2026-10-08 03:24:14,305 INFO o.a.j.t.JMeterThread: Thread is done: POST tickets (intake) 1-35
2026-10-08 03:24:14,305 INFO o.a.j.t.JMeterThread: Thread finished: POST tickets (intake) 1-35
2026-10-08 03:24:16,550 INFO o.a.j.t.JMeterThread: Thread started: GET search (agents) 2-112
2026-10-08 03:24:16,583 INFO o.a.j.t.JMeterThread: Thread is done: GET search (agents) 2-112
2026-10-08 03:24:16,583 INFO o.a.j.t.JMeterThread: Thread finished: GET search (agents) 2-112
2026-10-08 03:24:17,641 INFO o.a.j.t.JMeterThread: Thread started: GET search (agents) 2-113
2026-10-08 03:24:17,693 INFO o.a.j.t.JMeterThread: Thread is done: GET search (agents) 2-113
2026-10-08 03:24:17,693 INFO o.a.j.t.JMeterThread: Thread finished: GET search (agents) 2-113
2026-10-08 03:24:40,074 INFO o.a.j.t.JMeterThread: Thread started: GET search (agents) 2-114
2026-10-08 03:24:40,129 INFO o.a.j.t.JMeterThread: Thread is done: GET search (agents) 2-114
2026-10-08 03:24:40,129 INFO o.a.j.t.JMeterThread: Thread finished: GET search (agents) 2-114
2026-10-08 03:24:42,001 INFO o.a.j.t.JMeterThread: Thread started: POST tickets (intake) 1-36
2026-10-08 03:24:43,443 INFO o.a.j.t.JMeterThread: Thread is done: POST tickets (intake) 1-36
2026-10-08 03:24:43,443 INFO o.a.j.t.JMeterThread: Thread finished: POST tickets (intake) 1-36
2026-10-08 03:24:44,038 INFO o.a.j.t.JMeterThread: Thread started: POST tickets (intake) 1-37
2026-10-08 03:24:45,810 INFO o.a.j.t.JMeterThread: Thread is done: POST tickets (intake) 1-37
2026-10-08 03:24:45,810 INFO o.a.j.t.JMeterThread: Thread finished: POST tickets (intake) 1-37
2026-10-08 03:24:52,307 INFO o.a.j.t.o.EvenArrivalsRamp: Generating 0 events, beginRate = 0.0 / sec, endRate = 0.0 / sec, duration = 60.0 sec
2026-10-08 03:24:52,307 INFO o.a.j.t.JMeterThread: Thread started: POST tickets (intake) 1-38
2026-10-08 03:24:52,307 INFO o.a.j.t.o.OpenModelThreadGroup: There will be no more events, so will wait for 68 sec till the end of the schedule
2026-10-08 03:24:54,187 INFO o.a.j.t.JMeterThread: Thread is done: POST tickets (intake) 1-38
2026-10-08 03:24:54,188 INFO o.a.j.t.JMeterThread: Thread finished: POST tickets (intake) 1-38
2026-10-08 03:24:55,992 INFO o.a.j.t.o.EvenArrivalsRamp: Generating 0 events, beginRate = 0.0 / sec, endRate = 0.0 / sec, duration = 60.0 sec
2026-10-08 03:24:55,992 INFO o.a.j.t.JMeterThread: Thread started: GET search (agents) 2-115
2026-10-08 03:24:55,992 INFO o.a.j.t.o.OpenModelThreadGroup: There will be no more events, so will wait for 64 sec till the end of the schedule
2026-10-08 03:24:56,032 INFO o.a.j.t.JMeterThread: Thread is done: GET search (agents) 2-115
2026-10-08 03:24:56,032 INFO o.a.j.t.JMeterThread: Thread finished: GET search (agents) 2-115
2026-10-08 03:26:00,640 INFO o.a.j.t.o.OpenModelThreadGroup: There will be no more events, will shutdown the thread pool
2026-10-08 03:26:00,640 INFO o.a.j.t.o.OpenModelThreadGroup: Thread starting done
2026-10-08 03:26:00,644 INFO o.a.j.t.o.OpenModelThreadGroup: There will be no more events, will shutdown the thread pool
2026-10-08 03:26:00,644 INFO o.a.j.t.o.OpenModelThreadGroup: Thread starting done
2026-10-08 03:26:00,644 INFO o.a.j.e.StandardJMeterEngine: Notifying test listeners of end of test
2026-10-08 03:26:00,644 INFO o.a.j.s.FileServer: Close: C:/Users/Administrator/Documents/GitHub/ICT3113_Assignment_1/step5/data/search_terms.csv
2026-10-08 03:26:00,644 INFO o.a.j.s.FileServer: Close: C:/Users/Administrator/Documents/GitHub/ICT3113_Assignment_1/step5/data/tickets_load.tsv
2026-10-08 03:26:00,645 INFO o.a.j.r.Summariser: summary +      9 in 00:01:58 =    0.1/s Avg:   731 Min:    29 Max:  1879 Err:     0 (0.00%) Active: 0 Started: 153 Finished: 153
2026-10-08 03:26:00,645 INFO o.a.j.r.Summariser: summary =    153 in 00:23:00 =    0.1/s Avg:   471 Min:    14 Max:  3351 Err:     6 (3.92%)
